08-01 12:06:50.613  2570  2570 W ResourceType: No known package when getting name for resource number 0x9c010201
08-01 12:06:50.613  2570  2570 W ResourceType: No known package when getting name for resource number 0x9c010301
08-01 12:06:50.613  2570  2570 W ResourceType: No known package when getting name for resource number 0x9c010002
08-01 12:06:50.613  2570  2570 W ResourceType: No known package when getting name for resource number 0x9c010102
08-01 12:06:50.614  2570  2570 W ResourceType: No known package when getting name for resource number 0x9c010202
08-01 12:06:50.614  2570  2570 W ResourceType: No known package when getting name for resource number 0x9c010302
08-01 12:06:50.614  2570  2570 W ResourceType: No known package when getting name for resource number 0x9c010003
08-01 12:06:50.614  2570  2570 W ResourceType: No known package when getting name for resource number 0x9c010103
08-01 12:06:50.614  2570  2570 W ResourceType: No known package when getting name for resource number 0x9c010203
08-01 12:06:50.615  2570  2570 W ResourceType: No known package when getting name for resource number 0x9c010303
08-01 12:06:50.615  2570  2570 W ResourceType: No known package when getting name for resource number 0x9c010004
08-01 12:06:50.616  2570  2570 W ResourceType: No known package when getting name for resource number 0x9c010104
08-01 12:06:50.616  2570  2570 W ResourceType: No known package when getting name for resource number 0x9c010204
08-01 12:06:50.617  2570  2570 W ResourceType: No known package when getting name for resource number 0x9c010304
08-01 12:06:50.619  2570  2570 W ResourceType: No known package when getting name for resource number 0x9c020000
08-01 12:06:50.620  2570  2570 W ResourceType: No known package when getting name for resource number 0x9c020100
08-01 12:06:50.621  2570  2570 W ResourceType: No known package when getting name for resource number 0x9c020200
08-01 12:06:50.621  2570  2570 W ResourceType: No known package when getting name for resource number 0x9c020300
08-01 12:06:50.622  2570  2570 W ResourceType: No known package when getting name for resource number 0x9c020001
08-01 12:06:50.622  2570  2570 W ResourceType: No known package when getting name for resource number 0x9c020101
08-01 12:06:50.623  2570  2570 W ResourceType: No known package when getting name for resource number 0x9c020201
08-01 12:06:50.627  1886  2035 I AppBlackWhitelist: Standby database changed!
08-01 12:06:50.629  2570  2570 W ResourceType: No known package when getting name for resource number 0x9c010000
08-01 12:06:50.630  2570  2570 W ResourceType: No known package when getting name for resource number 0x9c010100
08-01 12:06:50.630  2570  2570 W ResourceType: No known package when getting name for resource number 0x9c010200
08-01 12:06:50.630  2570  2570 W ResourceType: No known package when getting name for resource number 0x9c010300
08-01 12:06:50.630  2570  2570 W ResourceType: No known package when getting name for resource number 0x9c010001
08-01 12:06:50.630  2570  2570 W ResourceType: No known package when getting name for resource number 0x9c010101
08-01 12:06:50.631  2570  2570 W ResourceType: No known package when getting name for resource number 0x9c010201
08-01 12:06:50.631  2570  2570 W ResourceType: No known package when getting name for resource number 0x9c010301
08-01 12:06:50.631  2570  2570 W ResourceType: No known package when getting name for resource number 0x9c010002
08-01 12:06:50.631  2570  2570 W ResourceType: No known package when getting name for resource number 0x9c010102
08-01 12:06:50.631  2570  2570 W ResourceType: No known package when getting name for resource number 0x9c010202
08-01 12:06:50.631  2570  2570 W ResourceType: No known package when getting name for resource number 0x9c010302
08-01 12:06:50.631  2570  2570 W ResourceType: No known package when getting name for resource number 0x9c010003
08-01 12:06:50.631  2570  2570 W ResourceType: No known package when getting name for resource number 0x9c010103
08-01 12:06:50.632  2570  2570 W ResourceType: No known package when getting name for resource number 0x9c010203
08-01 12:06:50.632  2570  2570 W ResourceType: No known package when getting name for resource number 0x9c010303
08-01 12:06:50.632  2570  2570 W ResourceType: No known package when getting name for resource number 0x9c010004
08-01 12:06:50.632  1886  2035 I AppBlackWhitelist: Standby database changed!
08-01 12:06:50.632  2570  2570 W ResourceType: No known package when getting name for resource number 0x9c010104
08-01 12:06:50.632  2570  2570 W ResourceType: No known package when getting name for resource number 0x9c010204
08-01 12:06:50.632  2570  2570 W ResourceType: No known package when getting name for resource number 0x9c010304
08-01 12:06:50.633  2570  2570 W ResourceType: No known package when getting name for resource number 0x9c020000
08-01 12:06:50.634  2570  2570 W ResourceType: No known package when getting name for resource number 0x9c020100
08-01 12:06:50.634  2570  2570 W ResourceType: No known package when getting name for resource number 0x9c020200
08-01 12:06:50.634  2570  2570 W ResourceType: No known package when getting name for resource number 0x9c020300
08-01 12:06:50.635  2570  2570 W ResourceType: No known package when getting name for resource number 0x9c020001
08-01 12:06:50.635  2570  2570 W ResourceType: No known package when getting name for resource number 0x9c020101
08-01 12:06:50.635  2570  2570 W ResourceType: No known package when getting name for resource number 0x9c020201
08-01 12:06:50.641 18850 18850 I HwCust  : Constructor found for class android.net.HwCustConnectivityManagerImpl
08-01 12:06:50.641 18850 18850 D HwCust  : Create obj success use class android.net.HwCustConnectivityManagerImpl
08-01 12:06:50.641  2570  2570 W ResourceType: No known package when getting name for resource number 0x9c010000
08-01 12:06:50.642  2570  2570 W ResourceType: No known package when getting name for resource number 0x9c010100
08-01 12:06:50.642  2570  2570 W ResourceType: No known package when getting name for resource number 0x9c010200
08-01 12:06:50.642  2570  2570 W ResourceType: No known package when getting name for resource number 0x9c010300
08-01 12:06:50.642  2570  2570 W ResourceType: No known package when getting name for resource number 0x9c010001
08-01 12:06:50.642  2570  2570 W ResourceType: No known package when getting name for resource number 0x9c010101
08-01 12:06:50.643  2570  2570 W ResourceType: No known package when getting name for resource number 0x9c010201
08-01 12:06:50.643  2570  2570 W ResourceType: No known package when getting name for resource number 0x9c010301
08-01 12:06:50.643  2570  2570 W ResourceType: No known package when getting name for resource number 0x9c010002
08-01 12:06:50.643  2570  2570 W ResourceType: No known package when getting name for resource number 0x9c010102
08-01 12:06:50.644  2570  2570 W ResourceType: No known package when getting name for resource number 0x9c010202
08-01 12:06:50.644  2570  2570 W ResourceType: No known package when getting name for resource number 0x9c010302
08-01 12:06:50.644  2570  2570 W ResourceType: No known package when getting name for resource number 0x9c010003
08-01 12:06:50.644  2570  2570 W ResourceType: No known package when getting name for resource number 0x9c010103
08-01 12:06:50.644  2570  2570 W ResourceType: No known package when getting name for resource number 0x9c010203
08-01 12:06:50.645  2570  2570 W ResourceType: No known package when getting name for resource number 0x9c010303
08-01 12:06:50.645  2570  2570 W ResourceType: No known package when getting name for resource number 0x9c010004
08-01 12:06:50.646  2570  2570 W ResourceType: No known package when getting name for resource number 0x9c010104
08-01 12:06:50.646  2570  2570 W ResourceType: No known package when getting name for resource number 0x9c010204
08-01 12:06:50.646 18765 18859 W Settings: mValues not put! needsGenerationTracker: true currentGeneration: -1 name: sms_default_application value: com.android.mms
08-01 12:06:50.647  2570  2570 W ResourceType: No known package when getting name for resource number 0x9c010304
08-01 12:06:50.648  2570  2570 W ResourceType: No known package when getting name for resource number 0x9c020000
08-01 12:06:50.648  2570  2570 W ResourceType: No known package when getting name for resource number 0x9c020100
08-01 12:06:50.648  2570  2570 W ResourceType: No known package when getting name for resource number 0x9c020200
08-01 12:06:50.649  2570  2570 W ResourceType: No known package when getting name for resource number 0x9c020300
08-01 12:06:50.650  2570  2570 W ResourceType: No known package when getting name for resource number 0x9c020001
08-01 12:06:50.650  2570  2570 W ResourceType: No known package when getting name for resource number 0x9c020101
08-01 12:06:50.650  2570  2570 W ResourceType: No known package when getting name for resource number 0x9c020201
08-01 12:06:50.657  2570  2570 W ResourceType: No known package when getting name for resource number 0x9c010000
08-01 12:06:50.658  2570  2570 W ResourceType: No known package when getting name for resource number 0x9c010100
08-01 12:06:50.658  2570  2570 W ResourceType: No known package when getting name for resource number 0x9c010200
08-01 12:06:50.659  2570  2570 W ResourceType: No known package when getting name for resource number 0x9c010300
08-01 12:06:50.660  2570  2570 W ResourceType: No known package when getting name for resource number 0x9c010001
08-01 12:06:50.660  2570  2570 W ResourceType: No known package when getting name for resource number 0x9c010101
08-01 12:06:50.660  2570  2570 W ResourceType: No known package when getting name for resource number 0x9c010201
08-01 12:06:50.661  2570  2570 W ResourceType: No known package when getting name for resource number 0x9c010301
08-01 12:06:50.661  2570  2570 W ResourceType: No known package when getting name for resource number 0x9c010002
08-01 12:06:50.661  2570  2570 W ResourceType: No known package when getting name for resource number 0x9c010102
08-01 12:06:50.662  2570  2570 W ResourceType: No known package when getting name for resource number 0x9c010202
08-01 12:06:50.662  2570  2570 W ResourceType: No known package when getting name for resource number 0x9c010302
08-01 12:06:50.662  2570  2570 W ResourceType: No known package when getting name for resource number 0x9c010003
08-01 12:06:50.662  2570  2570 W ResourceType: No known package when getting name for resource number 0x9c010103
08-01 12:06:50.663  2570  2570 W ResourceType: No known package when getting name for resource number 0x9c010203
08-01 12:06:50.663  2570  2570 W ResourceType: No known package when getting name for resource number 0x9c010303
08-01 12:06:50.663  2570  2570 W ResourceType: No known package when getting name for resource number 0x9c010004
08-01 12:06:50.664  2570  2570 W ResourceType: No known package when getting name for resource number 0x9c010104
08-01 12:06:50.664  2570  2570 W ResourceType: No known package when getting name for resource number 0x9c010204
08-01 12:06:50.665  2570  2570 W ResourceType: No known package when getting name for resource number 0x9c010304
08-01 12:06:50.666  2570  2570 W ResourceType: No known package when getting name for resource number 0x9c020000
08-01 12:06:50.666  1455  3474 W HSM     : AbsRecommendQuery:queryRecommendData get a invalid cursor, maybe no matched result exist!
08-01 12:06:50.667  2570  2570 W ResourceType: No known package when getting name for resource number 0x9c020100
08-01 12:06:50.667  2570  2570 W ResourceType: No known package when getting name for resource number 0x9c020200
08-01 12:06:50.667  2570  2570 W ResourceType: No known package when getting name for resource number 0x9c020300
08-01 12:06:50.668  2570  2570 W ResourceType: No known package when getting name for resource number 0x9c020001
08-01 12:06:50.668  2570  2570 W ResourceType: No known package when getting name for resource number 0x9c020101
08-01 12:06:50.669  2570  2570 W ResourceType: No known package when getting name for resource number 0x9c020201
08-01 12:06:50.670 18765 18859 E HSM     : InstallPermissionHelper:error getRecommendItemList Exception
08-01 12:06:50.680  1147  1157 D ConnectivityService: listenForNetwork for uid/pid:10096/18850 NetworkRequest [ LISTEN id=135, [ Capabilities: INTERNET&NOT_RESTRICTED&TRUSTED&NOT_VPN&FOREGROUND] ]
08-01 12:06:50.681  1455 18909 D HsmJoinRequest: doPostRequest finally closeOutputStream!
08-01 12:06:50.681  1147  1359 D ConnectivityService: rematching NetworkAgentInfo [WIFI () - 135]
08-01 12:06:50.681  1147  1359 D ConnectivityService:  network has: [ Transports: WIFI Capabilities: NOT_METERED&INTERNET&NOT_RESTRICTED&TRUSTED&NOT_VPN&VALIDATED&FOREGROUND LinkUpBandwidth>=1048576Kbps LinkDnBandwidth>=1048576Kbps SignalStrength: -54]
08-01 12:06:50.681  1147  1359 D ConnectivityService: Network NetworkAgentInfo [WIFI () - 135] was already satisfying request 4. No change.
08-01 12:06:50.681  1147  1359 D ConnectivityService: Network NetworkAgentInfo [WIFI () - 135] was already satisfying request 3. No change.
08-01 12:06:50.681  1147  1359 D ConnectivityService: Network NetworkAgentInfo [WIFI () - 135] was already satisfying request 1. No change.
08-01 12:06:50.692  2570  2570 W ResourceType: No known package when getting name for resource number 0x9c010000
08-01 12:06:50.692  1147 16179 W ActivityManager: Sending non-protected broadcast PACKAGE_ADDED_OR_REMOVED from system 18765:com.huawei.systemmanager/1000 pkg com.huawei.systemmanager
08-01 12:06:50.693  2570  2570 W ResourceType: No known package when getting name for resource number 0x9c010100
08-01 12:06:50.694  2570  2570 W ResourceType: No known package when getting name for resource number 0x9c010200
08-01 12:06:50.694  2570  2570 W ResourceType: No known package when getting name for resource number 0x9c010300
08-01 12:06:50.695  2570  2570 W ResourceType: No known package when getting name for resource number 0x9c010001
08-01 12:06:50.695  2570  2570 W ResourceType: No known package when getting name for resource number 0x9c010101
08-01 12:06:50.696  2570  2570 W ResourceType: No known package when getting name for resource number 0x9c010201
08-01 12:06:50.696  2570  2570 W ResourceType: No known package when getting name for resource number 0x9c010301
08-01 12:06:50.696  2570  2570 W ResourceType: No known package when getting name for resource number 0x9c010002
08-01 12:06:50.697  2570  2570 W ResourceType: No known package when getting name for resource number 0x9c010102
08-01 12:06:50.697  2570  2570 W ResourceType: No known package when getting name for resource number 0x9c010202
08-01 12:06:50.697 27577 27577 W HwKeyguardDragHelper: AnimationBlocked
08-01 12:06:50.697  2570  2570 W ResourceType: No known package when getting name for resource number 0x9c010202
08-01 12:06:50.698  2570  2570 W ResourceType: No known package when getting name for resource number 0x9c010302
08-01 12:06:50.698  2570  2570 W ResourceType: No known package when getting name for resource number 0x9c010003
08-01 12:06:50.699  2570  2570 W ResourceType: No known package when getting name for resource number 0x9c010103
08-01 12:06:50.699  2570  2570 W ResourceType: No known package when getting name for resource number 0x9c010203
08-01 12:06:50.700  2570  2570 W ResourceType: No known package when getting name for resource number 0x9c010303
08-01 12:06:50.700  2570  2570 W ResourceType: No known package when getting name for resource number 0x9c010004
08-01 12:06:50.700  2570  2570 W ResourceType: No known package when getting name for resource number 0x9c010104
08-01 12:06:50.701  2570  2570 W ResourceType: No known package when getting name for resource number 0x9c010204
08-01 12:06:50.701  2570  2570 W ResourceType: No known package when getting name for resource number 0x9c010304
08-01 12:06:50.702  2570  2570 W ResourceType: No known package when getting name for resource number 0x9c020000
08-01 12:06:50.702  2570  2570 W ResourceType: No known package when getting name for resource number 0x9c020100
08-01 12:06:50.703  2570  2570 W ResourceType: No known package when getting name for resource number 0x9c020200
08-01 12:06:50.703  2570  2570 W ResourceType: No known package when getting name for resource number 0x9c020300
08-01 12:06:50.704  2570  2570 W ResourceType: No known package when getting name for resource number 0x9c020001
08-01 12:06:50.704  2570  2570 W ResourceType: No known package when getting name for resource number 0x9c020101
08-01 12:06:50.705  2570  2570 W ResourceType: No known package when getting name for resource number 0x9c020201
08-01 12:06:50.711  2570  2570 W ResourceType: No known package when getting name for resource number 0x9c010000
08-01 12:06:50.711  2570  2570 W ResourceType: No known package when getting name for resource number 0x9c010100
08-01 12:06:50.712  2570  2570 W ResourceType: No known package when getting name for resource number 0x9c010200
08-01 12:06:50.712  2570  2570 W ResourceType: No known package when getting name for resource number 0x9c010300
08-01 12:06:50.713  2570  2570 W ResourceType: No known package when getting name for resource number 0x9c010001
08-01 12:06:50.713  2570  2570 W ResourceType: No known package when getting name for resource number 0x9c010101
08-01 12:06:50.714  2570  2570 W ResourceType: No known package when getting name for resource number 0x9c010201
08-01 12:06:50.714  2570  2570 W ResourceType: No known package when getting name for resource number 0x9c010301
08-01 12:06:50.714  2570  2570 W ResourceType: No known package when getting name for resource number 0x9c010002
08-01 12:06:50.715  2570  2570 W ResourceType: No known package when getting name for resource number 0x9c010102
08-01 12:06:50.715  2570  2570 W ResourceType: No known package when getting name for resource number 0x9c010202
08-01 12:06:50.716  2570  2570 W ResourceType: No known package when getting name for resource number 0x9c010302
08-01 12:06:50.716  2570  2570 W ResourceType: No known package when getting name for resource number 0x9c010003
08-01 12:06:50.717  2570  2570 W ResourceType: No known package when getting name for resource number 0x9c010103
08-01 12:06:50.717  2570  2570 W ResourceType: No known package when getting name for resource number 0x9c010203
08-01 12:06:50.717  2570  2570 W ResourceType: No known package when getting name for resource number 0x9c010303
08-01 12:06:50.718  2570  2570 W ResourceType: No known package when getting name for resource number 0x9c010004
08-01 12:06:50.718  2570  2570 W ResourceType: No known package when getting name for resource number 0x9c010104
08-01 12:06:50.719  2570  2570 W ResourceType: No known package when getting name for resource number 0x9c010204
08-01 12:06:50.720  2570  2570 W ResourceType: No known package when getting name for resource number 0x9c010304
08-01 12:06:50.721  2570  2570 W ResourceType: No known package when getting name for resource number 0x9c020000
08-01 12:06:50.721  2570  2570 W ResourceType: No known package when getting name for resource number 0x9c020100
08-01 12:06:50.722  2570  2570 W ResourceType: No known package when getting name for resource number 0x9c020200
08-01 12:06:50.722  2570  2570 W ResourceType: No known package when getting name for resource number 0x9c020300
08-01 12:06:50.722  2570  2570 W ResourceType: No known package when getting name for resource number 0x9c020001
08-01 12:06:50.723  2570  2570 W ResourceType: No known package when getting name for resource number 0x9c020101
08-01 12:06:50.723  2570  2570 W ResourceType: No known package when getting name for resource number 0x9c020201
08-01 12:06:50.727  1147  1156 I zygote64: Background concurrent copying GC freed 19044(2MB) AllocSpace objects, 157(313MB) LOS objects, 10% free, 194MB/218MB, paused 1.748ms total 658.778ms
08-01 12:06:50.727  1147  1175 I zygote64: WaitForGcToComplete blocked for 278.134ms for cause Alloc
08-01 12:06:50.727  1147  1175 I zygote64: Starting a blocking GC Alloc
08-01 12:06:50.731  2570  2570 W ResourceType: No known package when getting name for resource number 0x9c010000
08-01 12:06:50.732  2570  2570 W ResourceType: No known package when getting name for resource number 0x9c010100
08-01 12:06:50.733  2570  2570 W ResourceType: No known package when getting name for resource number 0x9c010200
08-01 12:06:50.734  2570  2570 W ResourceType: No known package when getting name for resource number 0x9c010300
08-01 12:06:50.734  2570  2570 W ResourceType: No known package when getting name for resource number 0x9c010001
08-01 12:06:50.735  2570  2570 W ResourceType: No known package when getting name for resource number 0x9c010101
08-01 12:06:50.736  2570  2570 W ResourceType: No known package when getting name for resource number 0x9c010201
08-01 12:06:50.736  2570  2570 W ResourceType: No known package when getting name for resource number 0x9c010301
08-01 12:06:50.737  2570  2570 W ResourceType: No known package when getting name for resource number 0x9c010002
08-01 12:06:50.737  2570  2570 W ResourceType: No known package when getting name for resource number 0x9c010102
08-01 12:06:50.738  2570  2570 W ResourceType: No known package when getting name for resource number 0x9c010202
08-01 12:06:50.738  2570  2570 W ResourceType: No known package when getting name for resource number 0x9c010302
08-01 12:06:50.739  2570  2570 W ResourceType: No known package when getting name for resource number 0x9c010003
08-01 12:06:50.740  2570  2570 W ResourceType: No known package when getting name for resource number 0x9c010103
08-01 12:06:50.740  2570  2570 W ResourceType: No known package when getting name for resource number 0x9c010203
08-01 12:06:50.741  2570  2570 W ResourceType: No known package when getting name for resource number 0x9c010303
08-01 12:06:50.741  2570  2570 W ResourceType: No known package when getting name for resource number 0x9c010004
08-01 12:06:50.742  2570  2570 W ResourceType: No known package when getting name for resource number 0x9c010104
08-01 12:06:50.743  2570  2570 W ResourceType: No known package when getting name for resource number 0x9c010204
08-01 12:06:50.743  2570  2570 W ResourceType: No known package when getting name for resource number 0x9c010304
08-01 12:06:50.745  2570  2570 W ResourceType: No known package when getting name for resource number 0x9c020000
08-01 12:06:50.745  2570  2570 W ResourceType: No known package when getting name for resource number 0x9c020100
08-01 12:06:50.746  2570  2570 W ResourceType: No known package when getting name for resource number 0x9c020200
08-01 12:06:50.746  2570  2570 W ResourceType: No known package when getting name for resource number 0x9c020300
08-01 12:06:50.747  2570  2570 W ResourceType: No known package when getting name for resource number 0x9c020001
08-01 12:06:50.747  2570  2570 W ResourceType: No known package when getting name for resource number 0x9c020101
08-01 12:06:50.748  2570  2570 W ResourceType: No known package when getting name for resource number 0x9c020201
08-01 12:06:50.754  2570  2570 W ResourceType: No known package when getting name for resource number 0x9c010000
08-01 12:06:50.755  2570  2570 W ResourceType: No known package when getting name for resource number 0x9c010100
08-01 12:06:50.755  2570  2570 W ResourceType: No known package when getting name for resource number 0x9c010200
08-01 12:06:50.756  2570  2570 W ResourceType: No known package when getting name for resource number 0x9c010300
08-01 12:06:50.756  2570  2570 W ResourceType: No known package when getting name for resource number 0x9c010001
08-01 12:06:50.757  2570  2570 W ResourceType: No known package when getting name for resource number 0x9c010101
08-01 12:06:50.757  2570  2570 W ResourceType: No known package when getting name for resource number 0x9c010201
08-01 12:06:50.757  2570  2570 W ResourceType: No known package when getting name for resource number 0x9c010301
08-01 12:06:50.758  2570  2570 W ResourceType: No known package when getting name for resource number 0x9c010002
08-01 12:06:50.758  2570  2570 W ResourceType: No known package when getting name for resource number 0x9c010102
08-01 12:06:50.758  2570  2570 W ResourceType: No known package when getting name for resource number 0x9c010202
08-01 12:06:50.758  2570  2570 W ResourceType: No known package when getting name for resource number 0x9c010302
08-01 12:06:50.759  2570  2570 W ResourceType: No known package when getting name for resource number 0x9c010003
08-01 12:06:50.760  2570  2570 W ResourceType: No known package when getting name for resource number 0x9c010103
08-01 12:06:50.760  2570  2570 W ResourceType: No known package when getting name for resource number 0x9c010203
08-01 12:06:50.761  2570  2570 W ResourceType: No known package when getting name for resource number 0x9c010303
08-01 12:06:50.761  2570  2570 W ResourceType: No known package when getting name for resource number 0x9c010004
08-01 12:06:50.761  2570  2570 W ResourceType: No known package when getting name for resource number 0x9c010104
08-01 12:06:50.762  2570  2570 W ResourceType: No known package when getting name for resource number 0x9c010204
08-01 12:06:50.762  2570  2570 W ResourceType: No known package when getting name for resource number 0x9c010304
08-01 12:06:50.764  2570  2570 W ResourceType: No known package when getting name for resource number 0x9c020000
08-01 12:06:50.764  2570  2570 W ResourceType: No known package when getting name for resource number 0x9c020100
08-01 12:06:50.765  2570  2570 W ResourceType: No known package when getting name for resource number 0x9c020200
08-01 12:06:50.766  2570  2570 W ResourceType: No known package when getting name for resource number 0x9c020300
08-01 12:06:50.767  2570  2570 W ResourceType: No known package when getting name for resource number 0x9c020001
08-01 12:06:50.767  2570  2570 W ResourceType: No known package when getting name for resource number 0x9c020101
08-01 12:06:50.768  2570  2570 W ResourceType: No known package when getting name for resource number 0x9c020201
08-01 12:06:50.774  2570  2570 W ResourceType: No known package when getting name for resource number 0x9c010000
08-01 12:06:50.775 27577 27577 I PhoneStatusBar: updateNotificationShade: total=226, active=225
08-01 12:06:50.775  2570  2570 W ResourceType: No known package when getting name for resource number 0x9c010100
08-01 12:06:50.775 27577 27577 W PhoneStatusBar: updateNotificationShade hasFaceDT: false; Detected:false
08-01 12:06:50.776  2570  2570 W ResourceType: No known package when getting name for resource number 0x9c010200
08-01 12:06:50.776  2570  2570 W ResourceType: No known package when getting name for resource number 0x9c010300
08-01 12:06:50.776  2570  2570 W ResourceType: No known package when getting name for resource number 0x9c010001
08-01 12:06:50.777  2570  2570 W ResourceType: No known package when getting name for resource number 0x9c010101
08-01 12:06:50.777  2570  2570 W ResourceType: No known package when getting name for resource number 0x9c010201
08-01 12:06:50.777  2570  2570 W ResourceType: No known package when getting name for resource number 0x9c010301
08-01 12:06:50.778  2570  2570 W ResourceType: No known package when getting name for resource number 0x9c010002
08-01 12:06:50.778  2570  2570 W ResourceType: No known package when getting name for resource number 0x9c010102
08-01 12:06:50.778  2570  2570 W ResourceType: No known package when getting name for resource number 0x9c010202
08-01 12:06:50.779  2570  2570 W ResourceType: No known package when getting name for resource number 0x9c010302
08-01 12:06:50.779 27577 27577 V PhoneStatusBar: mStackScroller size:24,activeCount:225, childCnt:28
08-01 12:06:50.779  2570  2570 W ResourceType: No known package when getting name for resource number 0x9c010003
08-01 12:06:50.780  2570  2570 W ResourceType: No known package when getting name for resource number 0x9c010103
08-01 12:06:50.780  2570  2570 W ResourceType: No known package when getting name for resource number 0x9c010203
08-01 12:06:50.781  2570  2570 W ResourceType: No known package when getting name for resource number 0x9c010303
08-01 12:06:50.782  2570  2570 W ResourceType: No known package when getting name for resource number 0x9c010004
08-01 12:06:50.783  2570  2570 W ResourceType: No known package when getting name for resource number 0x9c010104
08-01 12:06:50.784  2570  2570 W ResourceType: No known package when getting name for resource number 0x9c010204
08-01 12:06:50.784  2570  2570 W ResourceType: No known package when getting name for resource number 0x9c010304
08-01 12:06:50.786  2570  2570 W ResourceType: No known package when getting name for resource number 0x9c020000
08-01 12:06:50.787  2570  2570 W ResourceType: No known package when getting name for resource number 0x9c020100
08-01 12:06:50.788  2570  2570 W ResourceType: No known package when getting name for resource number 0x9c020200
08-01 12:06:50.789  2570  2570 W ResourceType: No known package when getting name for resource number 0x9c020300
08-01 12:06:50.790  2570  2570 W ResourceType: No known package when getting name for resource number 0x9c020001
08-01 12:06:50.790  2570  2570 W ResourceType: No known package when getting name for resource number 0x9c020101
08-01 12:06:50.791  2570  2570 W ResourceType: No known package when getting name for resource number 0x9c020201
08-01 12:06:50.802  1455 18909 D HsmJoinRequest: Release wakeLock now
08-01 12:06:50.803  1455 18909 D AbsServerRequest: response :{"resultcode":"20000","pollingCycle":"3"}
08-01 12:06:50.803  1455 18909 V ServerRequestHelper: checkServerResponseCode: NO_NEED_UPDATE
08-01 12:06:50.803  1455 18909 D AbsServerRequest: HsmRainbowConst.BREAK_ON_SUCCESS
08-01 12:06:50.803  1455 18909 D AbsServerRequest: processResponse result:true
08-01 12:06:50.803  1455 18909 D AbsServerRequest: doRequest
08-01 12:06:50.803  1455 18909 D AbsServerRequest: doRequest:0
08-01 12:06:50.803  1455 18909 D AbsServerRequest: RequestUrl: https://cloudsafe.hicloud.com/servicesupport/cloudsafe/getRecApkRight.do
08-01 12:06:50.803  1455 18909 I AbsServerRequest: RequestType: REQUEST_POST:REQUEST_POST
08-01 12:06:50.803  1455 18909 D HsmJoinRequest: https request.
08-01 12:06:50.805  1455 18909 D HsmJoinRequest: doPostRequest openConnection already!
08-01 12:06:50.806  1455 18909 D HsmJoinRequest: setRequestProperty jsonObject already!
08-01 12:06:50.809  1455 18909 D HsmJoinRequest: Get wakeLock now
08-01 12:06:50.830  2570  2570 W ResourceType: No known package when getting name for resource number 0x9c010000
08-01 12:06:50.831  2570  2570 W ResourceType: No known package when getting name for resource number 0x9c010100
08-01 12:06:50.832  2570  2570 W ResourceType: No known package when getting name for resource number 0x9c010200
08-01 12:06:50.833  2570  2570 W ResourceType: No known package when getting name for resource number 0x9c010300
08-01 12:06:50.833  2570  2570 W ResourceType: No known package when getting name for resource number 0x9c010001
08-01 12:06:50.834  2570  2570 W ResourceType: No known package when getting name for resource number 0x9c010101
08-01 12:06:50.834  2570  2570 W ResourceType: No known package when getting name for resource number 0x9c010201
08-01 12:06:50.835  2570  2570 W ResourceType: No known package when getting name for resource number 0x9c010301
08-01 12:06:50.835  2570  2570 W ResourceType: No known package when getting name for resource number 0x9c010002
08-01 12:06:50.836  2570  2570 W ResourceType: No known package when getting name for resource number 0x9c010102
08-01 12:06:50.837  2570  2570 W ResourceType: No known package when getting name for resource number 0x9c010202
08-01 12:06:50.838  2570  2570 W ResourceType: No known package when getting name for resource number 0x9c010302
08-01 12:06:50.838  1886  2035 I AppBlackWhitelist: start refresh apps, unShown pkgs:[com.huawei.appmarket, com.huawei.bd, com.huawei.bone, com.huawei.camera, com.huawei.lbs, com.huawei.logupload, com.huawei.parentcontrol, com.tencent.mm, com.hicloud.android.clone, com.amap.android.ams, com.huawei.rcsserviceapplication, com.huawei.android.pushagent, com.huawei.synergy, com.huawei.nearby]
08-01 12:06:50.838  1886  2035 I AppBlackWhitelist: cannot care cloud config mm...
08-01 12:06:50.838  2570  2570 W ResourceType: No known package when getting name for resource number 0x9c010003
08-01 12:06:50.839  2570  2570 W ResourceType: No known package when getting name for resource number 0x9c010103
08-01 12:06:50.840  2570  2570 W ResourceType: No known package when getting name for resource number 0x9c010203
08-01 12:06:50.840  2570  2570 W ResourceType: No known package when getting name for resource number 0x9c010303
08-01 12:06:50.841  2570  2570 W ResourceType: No known package when getting name for resource number 0x9c010004
08-01 12:06:50.841  2570  2570 W ResourceType: No known package when getting name for resource number 0x9c010104
08-01 12:06:50.841  2570  2570 W ResourceType: No known package when getting name for resource number 0x9c010204
08-01 12:06:50.842  2570  2570 W ResourceType: No known package when getting name for resource number 0x9c010304
08-01 12:06:50.843  1886  2035 I AppManager: remove keep alive pkg : com.pingan.carowner
08-01 12:06:50.843  1886  2035 I AppManager: remove keep alive pkg : com.endomondo.android
08-01 12:06:50.843  1886  2035 I AppBlackWhitelist: Standby protected apps: [com.android.email, com.android.mediacenter, com.baidu.input_huawei, com.baidu.searchbox, com.huawei.android.hwouc, com.huawei.gamebox, com.huawei.geofence, com.huawei.health, com.huawei.hilink.framework, com.huawei.KoBackup, com.huawei.phonediagnose, com.huawei.screenrecorder, com.huawei.wallet, com.vmall.client, com.tencent.mm, com.tencent.mobileqq, com.huawei.hiviewtunnel]
08-01 12:06:50.843  1886  2035 I AppBlackWhitelist: Standby unprotected apps: [com.android.browser, com.android.gallery3d, com.huawei.fans, com.huawei.hidisk, com.huawei.vdrive, com.Qunar, com.autonavi.minimap, com.achievo.vipshop, cn.wps.moffice_eng, com.huawei.android.airsharing, com.unionpay.tsmbleuniteservice, com.huawei.remoteassistant, com.huawei.smarthome, com.android.hwmirror, com.nuance.swype.emui, com.sina.weibo, com.huawei.android.tips, com.huawei.hwireader, com.stupeflix.replay, com.jingdong.app.mall, com.taobao.taobao, com.sankuai.meituan, com.huawei.hiskytone, com.huawei.lives, com.huawei.compass, com.huawei.hwvplayer.youku, com.ss.android.article.news, com.wandoujia.phoenix2.usbproxy, com.wandoujia.phoenix2, com.netease.cloudmusic, com.kugou.android, cn.kuwo.player, fm.xiami.main, com.tencent.qqmusic, com.tencent.qqpim, tv.silkwave.csclient, com.pachira.tsp.assist, cn.kuwo.kwmusiccar, com.baidu.BaiduMap, com.tencent.news, io.appium.unlock, com.tencent.android.qqdownloader, com.dev47apps.droidcam, com.baidu.appsearch, com.mpo.dmc, me.zuichu.dlnasreen, com.bubblesoft.android.bubbleupnp, com.rightware.kanzi.projectdemocar, com.rightware.kanzi.xmldatasource, com.rightware.kanzi.androiddatafeeder, com.baidu.carlife, com.ibimuyu.lockscreen, com.github.uiautomator, com.github.uiautomator.test, io.appium.uiautomator2.server, io.appium.uiautomator2.server.test, com.alipay.hulu, jp.co.cyberagent.stf.rotationwatcher, com.netease.open.pocoservice, com.netease.open.pocoservice.test, io.appium.settings]
08-01 12:06:50.843  2570  2570 W ResourceType: No known package when getting name for resource number 0x9c020000
08-01 12:06:50.843  1886  2035 I AppBlackWhitelist: not enable, don't chg doze list
08-01 12:06:50.844  2570  2570 W ResourceType: No known package when getting name for resource number 0x9c020100
08-01 12:06:50.844  2570  2570 W ResourceType: No known package when getting name for resource number 0x9c020200
08-01 12:06:50.845  2570  2570 W ResourceType: No known package when getting name for resource number 0x9c020300
08-01 12:06:50.845  2570  2570 W ResourceType: No known package when getting name for resource number 0x9c020001
08-01 12:06:50.846  2570  2570 W ResourceType: No known package when getting name for resource number 0x9c020101
08-01 12:06:50.846  2570  2570 W ResourceType: No known package when getting name for resource number 0x9c020201
08-01 12:06:50.853  2570  2570 W ResourceType: No known package when getting name for resource number 0x9c010000
08-01 12:06:50.853  2570  2570 W ResourceType: No known package when getting name for resource number 0x9c010100
08-01 12:06:50.854  2570  2570 W ResourceType: No known package when getting name for resource number 0x9c010200
08-01 12:06:50.855  2570  2570 W ResourceType: No known package when getting name for resource number 0x9c010300
08-01 12:06:50.855  2570  2570 W ResourceType: No known package when getting name for resource number 0x9c010001
08-01 12:06:50.856  2570  2570 W ResourceType: No known package when getting name for resource number 0x9c010101
08-01 12:06:50.857  2570  2570 W ResourceType: No known package when getting name for resource number 0x9c010201
08-01 12:06:50.857 18850 18850 I zygote64: Rejecting re-init on previously-failed class java.lang.Class<com.huawei.appgallery.foundation.deviceinfo.HwFoldDisplayModeListener>: java.lang.NoClassDefFoundError: Failed resolution of: Lcom/huawei/android/fsm/HwFoldScreenManagerEx$FoldDisplayModeListener;
08-01 12:06:50.857 18850 18850 I zygote64:   at java.lang.Object java.lang.Class.newInstance() (Class.java:-2)
08-01 12:06:50.857 18850 18850 I zygote64:   at android.app.Application android.app.Instrumentation.newApplication(java.lang.Class, android.content.Context) (Instrumentation.java:1104)
08-01 12:06:50.857 18850 18850 I zygote64:   at android.app.Application android.app.Instrumentation.newApplication(java.lang.ClassLoader, java.lang.String, android.content.Context) (Instrumentation.java:1089)
08-01 12:06:50.857 18850 18850 I zygote64:   at android.app.Application android.app.LoadedApk.makeApplication(boolean, android.app.Instrumentation) (LoadedApk.java:1036)
08-01 12:06:50.857 18850 18850 I zygote64:   at void android.app.ActivityThread.handleBindApplication(android.app.ActivityThread$AppBindData) (ActivityThread.java:6491)
08-01 12:06:50.857 18850 18850 I zygote64:   at void android.app.ActivityThread.-wrap2(android.app.ActivityThread, android.app.ActivityThread$AppBindData) (ActivityThread.java:-1)
08-01 12:06:50.857 18850 18850 I zygote64:   at void android.app.ActivityThread$H.handleMessage(android.os.Message) (ActivityThread.java:1963)
08-01 12:06:50.857 18850 18850 I zygote64:   at void android.os.Handler.dispatchMessage(android.os.Message) (Handler.java:108)
08-01 12:06:50.857 18850 18850 I zygote64:   at void android.os.Looper.loop() (Looper.java:166)
08-01 12:06:50.857 18850 18850 I zygote64:   at void android.app.ActivityThread.main(java.lang.String[]) (ActivityThread.java:7425)
08-01 12:06:50.857 18850 18850 I zygote64:   at java.lang.Object java.lang.reflect.Method.invoke(java.lang.Object, java.lang.Object[]) (Method.java:-2)
08-01 12:06:50.857 18850 18850 I zygote64:   at void com.android.internal.os.Zygote$MethodAndArgsCaller.run() (Zygote.java:245)
08-01 12:06:50.857 18850 18850 I zygote64:   at void com.android.internal.os.ZygoteInit.main(java.lang.String[]) (ZygoteInit.java:921)
08-01 12:06:50.857 18850 18850 I zygote64: Caused by: java.lang.ClassNotFoundException: Didn't find class "com.huawei.android.fsm.HwFoldScreenManagerEx$FoldDisplayModeListener" on path: DexPathList[[zip file "/data/app/com.huawei.gamebox-H-S5H-PUONHJ0FMPO28a2A==/base.apk"],nativeLibraryDirectories=[/data/app/com.huawei.gamebox-H-S5H-PUONHJ0FMPO28a2A==/lib/arm64, /data/app/com.huawei.gamebox-H-S5H-PUONHJ0FMPO28a2A==/base.apk!/lib/arm64-v8a, /system/lib64, /vendor/lib64, /product/lib64, /system/lib64, /vendor/lib64, /product/lib64]]
08-01 12:06:50.857 18850 18850 I zygote64:   at java.lang.Class dalvik.system.BaseDexClassLoader.findClass(java.lang.String) (BaseDexClassLoader.java:93)
08-01 12:06:50.857 18850 18850 I zygote64:   at java.lang.Class java.lang.ClassLoader.loadClass(java.lang.String, boolean) (ClassLoader.java:379)
08-01 12:06:50.857 18850 18850 I zygote64:   at java.lang.Class java.lang.ClassLoader.loadClass(java.lang.String) (ClassLoader.java:312)
08-01 12:06:50.857 18850 18850 I zygote64:   at java.lang.Object java.lang.Class.newInstance() (Class.java:-2)
08-01 12:06:50.857 18850 18850 I zygote64:   at android.app.Application android.app.Instrumentation.newApplication(java.lang.Class, android.content.Context) (Instrumentation.java:1104)
08-01 12:06:50.857 18850 18850 I zygote64:   at android.app.Application android.app.Instrumentation.newApplication(java.lang.ClassLoader, java.lang.String, android.content.Context) (Instrumentation.java:1089)
08-01 12:06:50.857 18850 18850 I zygote64:   at android.app.Application android.app.LoadedApk.makeApplication(boolean, android.app.Instrumentation) (LoadedApk.java:1036)
08-01 12:06:50.857 18850 18850 I zygote64:   at void android.app.ActivityThread.handleBindApplication(android.app.ActivityThread$AppBindData) (ActivityThread.java:6491)
08-01 12:06:50.857 18850 18850 I zygote64:   at void android.app.ActivityThread.-wrap2(android.app.ActivityThread, android.app.ActivityThread$AppBindData) (ActivityThread.java:-1)
08-01 12:06:50.857 18850 18850 I zygote64:   at void android.app.ActivityThread$H.handleMessage(android.os.Message) (ActivityThread.java:1963)
08-01 12:06:50.857 18850 18850 I zygote64:   at void android.os.Handler.dispatchMessage(android.os.Message) (Handler.java:108)
08-01 12:06:50.857 18850 18850 I zygote64:   at void android.os.Looper.loop() (Looper.java:166)
08-01 12:06:50.857 18850 18850 I zygote64:   at void android.app.ActivityThread.main(java.lang.String[]) (ActivityThread.java:7425)
08-01 12:06:50.857 18850 18850 I zygote64:   at java.lang.Object java.lang.reflect.Method.invoke(java.lang.Object, java.lang.Object[]) (Method.java:-2)
08-01 12:06:50.857 18850 18850 I zygote64:   at void com.android.internal.os.Zygote$MethodAndArgsCaller.run() (Zygote.java:245)
08-01 12:06:50.857 18850 18850 I zygote64:   at void com.android.internal.os.ZygoteInit.main(java.lang.String[]) (ZygoteInit.java:921)
08-01 12:06:50.857 18850 18850 I zygote64:
08-01 12:06:50.857  2570  2570 W ResourceType: No known package when getting name for resource number 0x9c010301
08-01 12:06:50.858 18850 18850 I zygote64: Rejecting re-init on previously-failed class java.lang.Class<com.huawei.appgallery.foundation.deviceinfo.HwFoldDisplayModeListener>: java.lang.NoClassDefFoundError: Failed resolution of: Lcom/huawei/android/fsm/HwFoldScreenManagerEx$FoldDisplayModeListener;
08-01 12:06:50.858 18850 18850 I zygote64:   at java.lang.Object java.lang.Class.newInstance() (Class.java:-2)
08-01 12:06:50.858 18850 18850 I zygote64:   at android.app.Application android.app.Instrumentation.newApplication(java.lang.Class, android.content.Context) (Instrumentation.java:1104)
08-01 12:06:50.858 18850 18850 I zygote64:   at android.app.Application android.app.Instrumentation.newApplication(java.lang.ClassLoader, java.lang.String, android.content.Context) (Instrumentation.java:1089)
08-01 12:06:50.858 18850 18850 I zygote64:   at android.app.Application android.app.LoadedApk.makeApplication(boolean, android.app.Instrumentation) (LoadedApk.java:1036)
08-01 12:06:50.858 18850 18850 I zygote64:   at void android.app.ActivityThread.handleBindApplication(android.app.ActivityThread$AppBindData) (ActivityThread.java:6491)
08-01 12:06:50.858 18850 18850 I zygote64:   at void android.app.ActivityThread.-wrap2(android.app.ActivityThread, android.app.ActivityThread$AppBindData) (ActivityThread.java:-1)
08-01 12:06:50.858  2570  2570 W ResourceType: No known package when getting name for resource number 0x9c010002
08-01 12:06:50.858 18850 18850 I zygote64:   at void android.app.ActivityThread$H.handleMessage(android.os.Message) (ActivityThread.java:1963)
08-01 12:06:50.858 18850 18850 I zygote64:   at void android.os.Handler.dispatchMessage(android.os.Message) (Handler.java:108)
08-01 12:06:50.858 18850 18850 I zygote64:   at void android.os.Looper.loop() (Looper.java:166)
08-01 12:06:50.858 18850 18850 I zygote64:   at void android.app.ActivityThread.main(java.lang.String[]) (ActivityThread.java:7425)
08-01 12:06:50.858 18850 18850 I zygote64:   at java.lang.Object java.lang.reflect.Method.invoke(java.lang.Object, java.lang.Object[]) (Method.java:-2)
08-01 12:06:50.858 18850 18850 I zygote64:   at void com.android.internal.os.Zygote$MethodAndArgsCaller.run() (Zygote.java:245)
08-01 12:06:50.858 18850 18850 I zygote64:   at void com.android.internal.os.ZygoteInit.main(java.lang.String[]) (ZygoteInit.java:921)
08-01 12:06:50.858 18850 18850 I zygote64: Caused by: java.lang.ClassNotFoundException: Didn't find class "com.huawei.android.fsm.HwFoldScreenManagerEx$FoldDisplayModeListener" on path: DexPathList[[zip file "/data/app/com.huawei.gamebox-H-S5H-PUONHJ0FMPO28a2A==/base.apk"],nativeLibraryDirectories=[/data/app/com.huawei.gamebox-H-S5H-PUONHJ0FMPO28a2A==/lib/arm64, /data/app/com.huawei.gamebox-H-S5H-PUONHJ0FMPO28a2A==/base.apk!/lib/arm64-v8a, /system/lib64, /vendor/lib64, /product/lib64, /system/lib64, /vendor/lib64, /product/lib64]]
08-01 12:06:50.858 18850 18850 I zygote64:   at java.lang.Class dalvik.system.BaseDexClassLoader.findClass(java.lang.String) (BaseDexClassLoader.java:93)
08-01 12:06:50.858 18850 18850 I zygote64:   at java.lang.Class java.lang.ClassLoader.loadClass(java.lang.String, boolean) (ClassLoader.java:379)
08-01 12:06:50.858 18850 18850 I zygote64:   at java.lang.Class java.lang.ClassLoader.loadClass(java.lang.String) (ClassLoader.java:312)
08-01 12:06:50.858 18850 18850 I zygote64:   at java.lang.Object java.lang.Class.newInstance() (Class.java:-2)
08-01 12:06:50.858 18850 18850 I zygote64:   at android.app.Application android.app.Instrumentation.newApplication(java.lang.Class, android.content.Context) (Instrumentation.java:1104)
08-01 12:06:50.858 18850 18850 I zygote64:   at android.app.Application android.app.Instrumentation.newApplication(java.lang.ClassLoader, java.lang.String, android.content.Context) (Instrumentation.java:1089)
08-01 12:06:50.858 18850 18850 I zygote64:   at android.app.Application android.app.LoadedApk.makeApplication(boolean, android.app.Instrumentation) (LoadedApk.java:1036)
08-01 12:06:50.858 18850 18850 I zygote64:   at void android.app.ActivityThread.handleBindApplication(android.app.ActivityThread$AppBindData) (ActivityThread.java:6491)
08-01 12:06:50.858 18850 18850 I zygote64:   at void android.app.ActivityThread.-wrap2(android.app.ActivityThread, android.app.ActivityThread$AppBindData) (ActivityThread.java:-1)
08-01 12:06:50.858 18850 18850 I zygote64:   at void android.app.ActivityThread$H.handleMessage(android.os.Message) (ActivityThread.java:1963)
08-01 12:06:50.858 18850 18850 I zygote64:   at void android.os.Handler.dispatchMessage(android.os.Message) (Handler.java:108)
08-01 12:06:50.858 18850 18850 I zygote64:   at void android.os.Looper.loop() (Looper.java:166)
08-01 12:06:50.858 18850 18850 I zygote64:   at void android.app.ActivityThread.main(java.lang.String[]) (ActivityThread.java:7425)
08-01 12:06:50.858 18850 18850 I zygote64:   at java.lang.Object java.lang.reflect.Method.invoke(java.lang.Object, java.lang.Object[]) (Method.java:-2)
08-01 12:06:50.858 18850 18850 I zygote64:   at void com.android.internal.os.Zygote$MethodAndArgsCaller.run() (Zygote.java:245)
08-01 12:06:50.858 18850 18850 I zygote64:   at void com.android.internal.os.ZygoteInit.main(java.lang.String[]) (ZygoteInit.java:921)
08-01 12:06:50.858 18850 18850 I zygote64:
08-01 12:06:50.858  2570  2570 W ResourceType: No known package when getting name for resource number 0x9c010102
08-01 12:06:50.860  2570  2570 W ResourceType: No known package when getting name for resource number 0x9c010202
08-01 12:06:50.860  2570  2570 W ResourceType: No known package when getting name for resource number 0x9c010302
08-01 12:06:50.861  2570  2570 W ResourceType: No known package when getting name for resource number 0x9c010003
08-01 12:06:50.862  2570  2570 W ResourceType: No known package when getting name for resource number 0x9c010103
08-01 12:06:50.863  2570  2570 W ResourceType: No known package when getting name for resource number 0x9c010203
08-01 12:06:50.864  2570  2570 W ResourceType: No known package when getting name for resource number 0x9c010303
08-01 12:06:50.864  1455 18909 D HsmOpenSSLSocketFactory: enter setEnableSafeCipherSuites
08-01 12:06:50.864  2570  2570 W ResourceType: No known package when getting name for resource number 0x9c010004
08-01 12:06:50.865  2570  2570 W ResourceType: No known package when getting name for resource number 0x9c010104
08-01 12:06:50.865  2570  2570 W ResourceType: No known package when getting name for resource number 0x9c010204
08-01 12:06:50.866 18850 18898 W HiGame.HwFoldScreenDeviceUtils: main{1} <<< WARN >>> isFoldable Throwablejava.lang.NoClassDefFoundError: Failed resolution of: Lcom/huawei/android/fsm/HwFoldScreenManagerEx;
08-01 12:06:50.866  2570  2570 W ResourceType: No known package when getting name for resource number 0x9c010304
08-01 12:06:50.868  2570  2570 W ResourceType: No known package when getting name for resource number 0x9c020000
08-01 12:06:50.870 18850 18850 E Minikin : Could not get cmap table size!
08-01 12:06:50.870  2570  2570 W ResourceType: No known package when getting name for resource number 0x9c020100
08-01 12:06:50.870  2570  2570 W ResourceType: No known package when getting name for resource number 0x9c020200
08-01 12:06:50.871  2570  2570 W ResourceType: No known package when getting name for resource number 0x9c020300
