08-01 12:06:51.874  2570  2570 W ResourceType: No known package when getting name for resource number 0x9c010002
08-01 12:06:51.874  2570  2570 W ResourceType: No known package when getting name for resource number 0x9c010102
08-01 12:06:51.875  2570  2570 W ResourceType: No known package when getting name for resource number 0x9c010202
08-01 12:06:51.875  2570  2570 W ResourceType: No known package when getting name for resource number 0x9c010302
08-01 12:06:51.875  2570  2570 W ResourceType: No known package when getting name for resource number 0x9c010003
08-01 12:06:51.875  2570  2570 W ResourceType: No known package when getting name for resource number 0x9c010103
08-01 12:06:51.875  2570  2570 W ResourceType: No known package when getting name for resource number 0x9c010203
08-01 12:06:51.876  2570  2570 W ResourceType: No known package when getting name for resource number 0x9c010303
08-01 12:06:51.876  2570  2570 W ResourceType: No known package when getting name for resource number 0x9c010004
08-01 12:06:51.876 18707 18737 V SQLiteDatabase: triggerBuildingIndex(): invalid id, return.
08-01 12:06:51.876  2570  2570 W ResourceType: No known package when getting name for resource number 0x9c010104
08-01 12:06:51.876  2570  2570 W ResourceType: No known package when getting name for resource number 0x9c010204
08-01 12:06:51.876  2570  2570 W ResourceType: No known package when getting name for resource number 0x9c010304
08-01 12:06:51.877  2570  2570 W ResourceType: No known package when getting name for resource number 0x9c020000
08-01 12:06:51.877  2570  2570 W ResourceType: No known package when getting name for resource number 0x9c020100
08-01 12:06:51.877  2570  2570 W ResourceType: No known package when getting name for resource number 0x9c020200
08-01 12:06:51.877  2570  2570 W ResourceType: No known package when getting name for resource number 0x9c020300
08-01 12:06:51.877  2570  2570 W ResourceType: No known package when getting name for resource number 0x9c020001
08-01 12:06:51.877  2570  2570 W ResourceType: No known package when getting name for resource number 0x9c020101
08-01 12:06:51.878  2570  2570 W ResourceType: No known package when getting name for resource number 0x9c020201
08-01 12:06:51.882 18707 18737 V SQLiteDatabase: triggerBuildingIndex(): invalid id, return.
08-01 12:06:51.882  2570  2570 W ResourceType: No known package when getting name for resource number 0x9c010000
08-01 12:06:51.882  2570  2570 W ResourceType: No known package when getting name for resource number 0x9c010100
08-01 12:06:51.883  2570  2570 W ResourceType: No known package when getting name for resource number 0x9c010200
08-01 12:06:51.883  2570  2570 W ResourceType: No known package when getting name for resource number 0x9c010300
08-01 12:06:51.883  2570  2570 W ResourceType: No known package when getting name for resource number 0x9c010001
08-01 12:06:51.883  2570  2570 W ResourceType: No known package when getting name for resource number 0x9c010101
08-01 12:06:51.883  2570  2570 W ResourceType: No known package when getting name for resource number 0x9c010201
08-01 12:06:51.883  2570  2570 W ResourceType: No known package when getting name for resource number 0x9c010301
08-01 12:06:51.883 18707 18737 V SQLiteDatabase: triggerBuildingIndex(): invalid id, return.
08-01 12:06:51.883  2570  2570 W ResourceType: No known package when getting name for resource number 0x9c010002
08-01 12:06:51.884  2570  2570 W ResourceType: No known package when getting name for resource number 0x9c010102
08-01 12:06:51.884  2570  2570 W ResourceType: No known package when getting name for resource number 0x9c010202
08-01 12:06:51.884  2570  2570 W ResourceType: No known package when getting name for resource number 0x9c010302
08-01 12:06:51.884  2570  2570 W ResourceType: No known package when getting name for resource number 0x9c010003
08-01 12:06:51.884  2570  2570 W ResourceType: No known package when getting name for resource number 0x9c010103
08-01 12:06:51.885  2570  2570 W ResourceType: No known package when getting name for resource number 0x9c010203
08-01 12:06:51.885  2570  2570 W ResourceType: No known package when getting name for resource number 0x9c010303
08-01 12:06:51.885  2570  2570 W ResourceType: No known package when getting name for resource number 0x9c010004
08-01 12:06:51.885  2570  2570 W ResourceType: No known package when getting name for resource number 0x9c010104
08-01 12:06:51.885  2570  2570 W ResourceType: No known package when getting name for resource number 0x9c010204
08-01 12:06:51.885  2570  2570 W ResourceType: No known package when getting name for resource number 0x9c010304
08-01 12:06:51.886  2570  2570 W ResourceType: No known package when getting name for resource number 0x9c020000
08-01 12:06:51.886  2570  2570 W ResourceType: No known package when getting name for resource number 0x9c020100
08-01 12:06:51.886  2570  2570 W ResourceType: No known package when getting name for resource number 0x9c020200
08-01 12:06:51.887  2570  2570 W ResourceType: No known package when getting name for resource number 0x9c020300
08-01 12:06:51.887  2570  2570 W ResourceType: No known package when getting name for resource number 0x9c020001
08-01 12:06:51.887  2570  2570 W ResourceType: No known package when getting name for resource number 0x9c020101
08-01 12:06:51.887  2570  2570 W ResourceType: No known package when getting name for resource number 0x9c020201
08-01 12:06:51.888 18707 18737 I HwCust  : Constructor found for class com.android.settings.HwCustFaqCustomImpl
08-01 12:06:51.888 18707 18737 D HwCust  : Create obj success use class com.android.settings.HwCustFaqCustomImpl
08-01 12:06:51.892  2570  2570 W ResourceType: No known package when getting name for resource number 0x9c010000
08-01 12:06:51.892  2570  2570 W ResourceType: No known package when getting name for resource number 0x9c010100
08-01 12:06:51.892  2570  2570 W ResourceType: No known package when getting name for resource number 0x9c010200
08-01 12:06:51.892  2570  2570 W ResourceType: No known package when getting name for resource number 0x9c010300
08-01 12:06:51.892  2570  2570 W ResourceType: No known package when getting name for resource number 0x9c010001
08-01 12:06:51.893  2570  2570 W ResourceType: No known package when getting name for resource number 0x9c010101
08-01 12:06:51.893  2570  2570 W ResourceType: No known package when getting name for resource number 0x9c010201
08-01 12:06:51.893  2570  2570 W ResourceType: No known package when getting name for resource number 0x9c010301
08-01 12:06:51.893  2570  2570 W ResourceType: No known package when getting name for resource number 0x9c010002
08-01 12:06:51.893  2570  2570 W ResourceType: No known package when getting name for resource number 0x9c010102
08-01 12:06:51.893  2570  2570 W ResourceType: No known package when getting name for resource number 0x9c010202
08-01 12:06:51.893  2570  2570 W ResourceType: No known package when getting name for resource number 0x9c010302
08-01 12:06:51.894  2570  2570 W ResourceType: No known package when getting name for resource number 0x9c010003
08-01 12:06:51.894  2570  2570 W ResourceType: No known package when getting name for resource number 0x9c010103
08-01 12:06:51.894  2570  2570 W ResourceType: No known package when getting name for resource number 0x9c010203
08-01 12:06:51.894  2570  2570 W ResourceType: No known package when getting name for resource number 0x9c010303
08-01 12:06:51.894  2570  2570 W ResourceType: No known package when getting name for resource number 0x9c010004
08-01 12:06:51.895  2570  2570 W ResourceType: No known package when getting name for resource number 0x9c010104
08-01 12:06:51.895  2570  2570 W ResourceType: No known package when getting name for resource number 0x9c010204
08-01 12:06:51.895  2570  2570 W ResourceType: No known package when getting name for resource number 0x9c010304
08-01 12:06:51.896  2570  2570 W ResourceType: No known package when getting name for resource number 0x9c020000
08-01 12:06:51.896  2570  2570 W ResourceType: No known package when getting name for resource number 0x9c020100
08-01 12:06:51.896  1147  1171 I Bluetooth_framework: BluetoothManagerService:Added callback: android.bluetooth.IBluetoothManagerCallback$Stub$Proxy@3004631:true pid = 18707
08-01 12:06:51.896  2570  2570 W ResourceType: No known package when getting name for resource number 0x9c020200
08-01 12:06:51.896  2570  2570 W ResourceType: No known package when getting name for resource number 0x9c020300
08-01 12:06:51.896  2570  2570 W ResourceType: No known package when getting name for resource number 0x9c020001
08-01 12:06:51.896  2570  2570 W ResourceType: No known package when getting name for resource number 0x9c020101
08-01 12:06:51.896  2570  2570 W ResourceType: No known package when getting name for resource number 0x9c020201
08-01 12:06:51.898 18707 18737 I BluetoothEventManager: AdapterStateChangedHandler isSetttingsSetupbt: 0 scanMode: 20
08-01 12:06:51.901  2570  2570 W ResourceType: No known package when getting name for resource number 0x9c010000
08-01 12:06:51.902  2570  2570 W ResourceType: No known package when getting name for resource number 0x9c010100
08-01 12:06:51.902  1147  1171 I Bluetooth_framework: BluetoothManagerService:Added state change callback: android.bluetooth.IBluetoothStateChangeCallback$Stub$Proxy@84a18a2:true pid = 18707
08-01 12:06:51.902  2570  2570 W ResourceType: No known package when getting name for resource number 0x9c010200
08-01 12:06:51.902  2570  2570 W ResourceType: No known package when getting name for resource number 0x9c010300
08-01 12:06:51.902  2570  2570 W ResourceType: No known package when getting name for resource number 0x9c010001
08-01 12:06:51.902  2570  2570 W ResourceType: No known package when getting name for resource number 0x9c010101
08-01 12:06:51.902  2570  2570 W ResourceType: No known package when getting name for resource number 0x9c010201
08-01 12:06:51.903  1147  1506 I Bluetooth_framework: BluetoothManagerService:Trying to bind to profile: 1, while Bluetooth was disabled
08-01 12:06:51.903  2570  2570 W ResourceType: No known package when getting name for resource number 0x9c010301
08-01 12:06:51.903  2570  2570 W ResourceType: No known package when getting name for resource number 0x9c010002
08-01 12:06:51.903 18707 18737 D BluetoothEventManager: getHeadset Service SUCC
08-01 12:06:51.903  2570  2570 W ResourceType: No known package when getting name for resource number 0x9c010102
08-01 12:06:51.903  2570  2570 W ResourceType: No known package when getting name for resource number 0x9c010202
08-01 12:06:51.903  2570  2570 W ResourceType: No known package when getting name for resource number 0x9c010302
08-01 12:06:51.903  2570  2570 W ResourceType: No known package when getting name for resource number 0x9c010003
08-01 12:06:51.903  2570  2570 W ResourceType: No known package when getting name for resource number 0x9c010103
08-01 12:06:51.903  2570  2570 W ResourceType: No known package when getting name for resource number 0x9c010203
08-01 12:06:51.904  2570  2570 W ResourceType: No known package when getting name for resource number 0x9c010303
08-01 12:06:51.904  2570  2570 W ResourceType: No known package when getting name for resource number 0x9c010004
08-01 12:06:51.904  2570  2570 W ResourceType: No known package when getting name for resource number 0x9c010104
08-01 12:06:51.904  2570  2570 W ResourceType: No known package when getting name for resource number 0x9c010204
08-01 12:06:51.904  2570  2570 W ResourceType: No known package when getting name for resource number 0x9c010304
08-01 12:06:51.905  2570  2570 W ResourceType: No known package when getting name for resource number 0x9c020000
08-01 12:06:51.905  2570  2570 W ResourceType: No known package when getting name for resource number 0x9c020100
08-01 12:06:51.905  2570  2570 W ResourceType: No known package when getting name for resource number 0x9c020200
08-01 12:06:51.906  2570  2570 W ResourceType: No known package when getting name for resource number 0x9c020300
08-01 12:06:51.906  2570  2570 W ResourceType: No known package when getting name for resource number 0x9c020001
08-01 12:06:51.906  2570  2570 W ResourceType: No known package when getting name for resource number 0x9c020101
08-01 12:06:51.906  2570  2570 W ResourceType: No known package when getting name for resource number 0x9c020201
08-01 12:06:51.906  1147  1171 I Bluetooth_framework: BluetoothManagerService:Added state change callback: android.bluetooth.IBluetoothStateChangeCallback$Stub$Proxy@795a4f0:true pid = 18707
08-01 12:06:51.911  1147  1171 I Bluetooth_framework: BluetoothManagerService:Added state change callback: android.bluetooth.IBluetoothStateChangeCallback$Stub$Proxy@1c8201c:true pid = 18707
08-01 12:06:51.911  2570  2570 W ResourceType: No known package when getting name for resource number 0x9c010000
08-01 12:06:51.911  2570  2570 W ResourceType: No known package when getting name for resource number 0x9c010100
08-01 12:06:51.911  2570  2570 W ResourceType: No known package when getting name for resource number 0x9c010200
08-01 12:06:51.911  2570  2570 W ResourceType: No known package when getting name for resource number 0x9c010300
08-01 12:06:51.911  2570  2570 W ResourceType: No known package when getting name for resource number 0x9c010001
08-01 12:06:51.911  2570  2570 W ResourceType: No known package when getting name for resource number 0x9c010101
08-01 12:06:51.912  2570  2570 W ResourceType: No known package when getting name for resource number 0x9c010201
08-01 12:06:51.912  2570  2570 W ResourceType: No known package when getting name for resource number 0x9c010301
08-01 12:06:51.912  2570  2570 W ResourceType: No known package when getting name for resource number 0x9c010002
08-01 12:06:51.912  2570  2570 W ResourceType: No known package when getting name for resource number 0x9c010102
08-01 12:06:51.912  2570  2570 W ResourceType: No known package when getting name for resource number 0x9c010202
08-01 12:06:51.912  2570  2570 W ResourceType: No known package when getting name for resource number 0x9c010302
08-01 12:06:51.912  2570  2570 W ResourceType: No known package when getting name for resource number 0x9c010003
08-01 12:06:51.913  2570  2570 W ResourceType: No known package when getting name for resource number 0x9c010103
08-01 12:06:51.913  2570  2570 W ResourceType: No known package when getting name for resource number 0x9c010203
08-01 12:06:51.913  2570  2570 W ResourceType: No known package when getting name for resource number 0x9c010303
08-01 12:06:51.913  2570  2570 W ResourceType: No known package when getting name for resource number 0x9c010004
08-01 12:06:51.913  2570  2570 W ResourceType: No known package when getting name for resource number 0x9c010104
08-01 12:06:51.913  2570  2570 W ResourceType: No known package when getting name for resource number 0x9c010204
08-01 12:06:51.914  2570  2570 W ResourceType: No known package when getting name for resource number 0x9c010304
08-01 12:06:51.914 18707 18737 I Bluetooth_stlib: LocalBluetoothProfileManager:Adding local MAP profile
08-01 12:06:51.914  2570  2570 W ResourceType: No known package when getting name for resource number 0x9c020000
08-01 12:06:51.915  2570  2570 W ResourceType: No known package when getting name for resource number 0x9c020100
08-01 12:06:51.915  2570  2570 W ResourceType: No known package when getting name for resource number 0x9c020200
08-01 12:06:51.915  2570  2570 W ResourceType: No known package when getting name for resource number 0x9c020300
08-01 12:06:51.915  2570  2570 W ResourceType: No known package when getting name for resource number 0x9c020001
08-01 12:06:51.915  2570  2570 W ResourceType: No known package when getting name for resource number 0x9c020101
08-01 12:06:51.915  2570  2570 W ResourceType: No known package when getting name for resource number 0x9c020201
08-01 12:06:51.916 18707 18737 D BluetoothMap: Create BluetoothMap proxy object
08-01 12:06:51.917  1147  1171 I Bluetooth_framework: BluetoothManagerService:Added state change callback: android.bluetooth.IBluetoothStateChangeCallback$Stub$Proxy@5452208:true pid = 18707
08-01 12:06:51.920  2570  2570 W ResourceType: No known package when getting name for resource number 0x9c010000
08-01 12:06:51.920  2570  2570 W ResourceType: No known package when getting name for resource number 0x9c010100
08-01 12:06:51.920  2570  2570 W ResourceType: No known package when getting name for resource number 0x9c010200
08-01 12:06:51.921  2570  2570 W ResourceType: No known package when getting name for resource number 0x9c010300
08-01 12:06:51.921  2570  2570 W ResourceType: No known package when getting name for resource number 0x9c010001
08-01 12:06:51.921  2570  2570 W ResourceType: No known package when getting name for resource number 0x9c010101
08-01 12:06:51.921  2570  2570 W ResourceType: No known package when getting name for resource number 0x9c010201
08-01 12:06:51.921  1147  1171 I Bluetooth_framework: BluetoothManagerService:Added state change callback: android.bluetooth.IBluetoothStateChangeCallback$Stub$Proxy@80e56b4:true pid = 18707
08-01 12:06:51.921  2570  2570 W ResourceType: No known package when getting name for resource number 0x9c010301
08-01 12:06:51.921  2570  2570 W ResourceType: No known package when getting name for resource number 0x9c010002
08-01 12:06:51.921  2570  2570 W ResourceType: No known package when getting name for resource number 0x9c010102
08-01 12:06:51.921  2570  2570 W ResourceType: No known package when getting name for resource number 0x9c010202
08-01 12:06:51.922  2570  2570 W ResourceType: No known package when getting name for resource number 0x9c010302
08-01 12:06:51.922  2570  2570 W ResourceType: No known package when getting name for resource number 0x9c010003
08-01 12:06:51.922  2570  2570 W ResourceType: No known package when getting name for resource number 0x9c010103
08-01 12:06:51.922  2570  2570 W ResourceType: No known package when getting name for resource number 0x9c010203
08-01 12:06:51.922  2570  2570 W ResourceType: No known package when getting name for resource number 0x9c010303
08-01 12:06:51.922  2570  2570 W ResourceType: No known package when getting name for resource number 0x9c010004
08-01 12:06:51.923  2570  2570 W ResourceType: No known package when getting name for resource number 0x9c010104
08-01 12:06:51.923  2570  2570 W ResourceType: No known package when getting name for resource number 0x9c010204
08-01 12:06:51.923  2570  2570 W ResourceType: No known package when getting name for resource number 0x9c010304
08-01 12:06:51.923  2570  2570 W ResourceType: No known package when getting name for resource number 0x9c020000
08-01 12:06:51.924  2570  2570 W ResourceType: No known package when getting name for resource number 0x9c020100
08-01 12:06:51.924  2570  2570 W ResourceType: No known package when getting name for resource number 0x9c020200
08-01 12:06:51.924  2570  2570 W ResourceType: No known package when getting name for resource number 0x9c020300
08-01 12:06:51.924  2570  2570 W ResourceType: No known package when getting name for resource number 0x9c020001
08-01 12:06:51.924 18707 18737 I Bluetooth_stlib: LocalBluetoothProfileManager:LocalBluetoothProfileManager construction complete
08-01 12:06:51.924  2570  2570 W ResourceType: No known package when getting name for resource number 0x9c020101
08-01 12:06:51.925  2570  2570 W ResourceType: No known package when getting name for resource number 0x9c020201
08-01 12:06:51.929  2570  2570 W ResourceType: No known package when getting name for resource number 0x9c010000
08-01 12:06:51.930  2570  2570 W ResourceType: No known package when getting name for resource number 0x9c010100
08-01 12:06:51.930  2570  2570 W ResourceType: No known package when getting name for resource number 0x9c010200
08-01 12:06:51.930  2570  2570 W ResourceType: No known package when getting name for resource number 0x9c010300
08-01 12:06:51.930  2570  2570 W ResourceType: No known package when getting name for resource number 0x9c010001
08-01 12:06:51.930  2570  2570 W ResourceType: No known package when getting name for resource number 0x9c010101
08-01 12:06:51.930  2570  2570 W ResourceType: No known package when getting name for resource number 0x9c010201
08-01 12:06:51.930  2570  2570 W ResourceType: No known package when getting name for resource number 0x9c010301
08-01 12:06:51.931  2570  2570 W ResourceType: No known package when getting name for resource number 0x9c010002
08-01 12:06:51.931  2570  2570 W ResourceType: No known package when getting name for resource number 0x9c010102
08-01 12:06:51.931  2570  2570 W ResourceType: No known package when getting name for resource number 0x9c010202
08-01 12:06:51.931  2570  2570 W ResourceType: No known package when getting name for resource number 0x9c010302
08-01 12:06:51.931  2570  2570 W ResourceType: No known package when getting name for resource number 0x9c010003
08-01 12:06:51.931  2570  2570 W ResourceType: No known package when getting name for resource number 0x9c010103
08-01 12:06:51.931  2570  2570 W ResourceType: No known package when getting name for resource number 0x9c010203
08-01 12:06:51.932  2570  2570 W ResourceType: No known package when getting name for resource number 0x9c010303
08-01 12:06:51.932  2570  2570 W ResourceType: No known package when getting name for resource number 0x9c010004
08-01 12:06:51.932  2570  2570 W ResourceType: No known package when getting name for resource number 0x9c010104
08-01 12:06:51.932  2570  2570 W ResourceType: No known package when getting name for resource number 0x9c010204
08-01 12:06:51.932  2570  2570 W ResourceType: No known package when getting name for resource number 0x9c010304
08-01 12:06:51.933  2570  2570 W ResourceType: No known package when getting name for resource number 0x9c020000
08-01 12:06:51.933  2570  2570 W ResourceType: No known package when getting name for resource number 0x9c020100
08-01 12:06:51.933  2570  2570 W ResourceType: No known package when getting name for resource number 0x9c020200
08-01 12:06:51.934  2570  2570 W ResourceType: No known package when getting name for resource number 0x9c020300
08-01 12:06:51.934  2570  2570 W ResourceType: No known package when getting name for resource number 0x9c020001
08-01 12:06:51.934  2570  2570 W ResourceType: No known package when getting name for resource number 0x9c020101
08-01 12:06:51.934  2570  2570 W ResourceType: No known package when getting name for resource number 0x9c020201
08-01 12:06:51.938 18707 18737 V SQLiteDatabase: triggerBuildingIndex(): invalid id, return.
08-01 12:06:51.938 18707 18737 D HwCust  : Create obj success use class com.android.settings.search.HwCustSearchIndexProviderImpl
08-01 12:06:51.938  2570  2570 W ResourceType: No known package when getting name for resource number 0x9c010000
08-01 12:06:51.939  2570  2570 W ResourceType: No known package when getting name for resource number 0x9c010100
08-01 12:06:51.939  2570  2570 W ResourceType: No known package when getting name for resource number 0x9c010200
08-01 12:06:51.939  2570  2570 W ResourceType: No known package when getting name for resource number 0x9c010300
08-01 12:06:51.940  2570  2570 W ResourceType: No known package when getting name for resource number 0x9c010001
08-01 12:06:51.940  2570  2570 W ResourceType: No known package when getting name for resource number 0x9c010101
08-01 12:06:51.940  2570  2570 W ResourceType: No known package when getting name for resource number 0x9c010201
08-01 12:06:51.940  2570  2570 W ResourceType: No known package when getting name for resource number 0x9c010301
08-01 12:06:51.940  2570  2570 W ResourceType: No known package when getting name for resource number 0x9c010002
08-01 12:06:51.940  2570  2570 W ResourceType: No known package when getting name for resource number 0x9c010102
08-01 12:06:51.940  2570  2570 W ResourceType: No known package when getting name for resource number 0x9c010202
08-01 12:06:51.941  2570  2570 W ResourceType: No known package when getting name for resource number 0x9c010302
08-01 12:06:51.941  2570  2570 W ResourceType: No known package when getting name for resource number 0x9c010003
08-01 12:06:51.941  2570  2570 W ResourceType: No known package when getting name for resource number 0x9c010103
08-01 12:06:51.941  2570  2570 W ResourceType: No known package when getting name for resource number 0x9c010203
08-01 12:06:51.941  2570  2570 W ResourceType: No known package when getting name for resource number 0x9c010303
08-01 12:06:51.941  2570  2570 W ResourceType: No known package when getting name for resource number 0x9c010004
08-01 12:06:51.941  2570  2570 W ResourceType: No known package when getting name for resource number 0x9c010104
08-01 12:06:51.942  2570  2570 W ResourceType: No known package when getting name for resource number 0x9c010204
08-01 12:06:51.942  2570  2570 W ResourceType: No known package when getting name for resource number 0x9c010304
08-01 12:06:51.942  2570  2570 W ResourceType: No known package when getting name for resource number 0x9c020000
08-01 12:06:51.943  2570  2570 W ResourceType: No known package when getting name for resource number 0x9c020100
08-01 12:06:51.943  2570  2570 W ResourceType: No known package when getting name for resource number 0x9c020200
08-01 12:06:51.943  2570  2570 W ResourceType: No known package when getting name for resource number 0x9c020300
08-01 12:06:51.943  2570  2570 W ResourceType: No known package when getting name for resource number 0x9c020001
08-01 12:06:51.943 18707 18737 E TAG     : can't find packeage com.ctc.epush!android.content.pm.PackageManager$NameNotFoundException: com.ctc.epush
08-01 12:06:51.943  2570  2570 W ResourceType: No known package when getting name for resource number 0x9c020101
08-01 12:06:51.943  2570  2570 W ResourceType: No known package when getting name for resource number 0x9c020201
08-01 12:06:51.947 18707 18737 I HwCust  : Constructor found for class com.android.settings.deviceinfo.HwCustTelecInfoImpl
08-01 12:06:51.947 18707 18737 D HwCust  : Create obj success use class com.android.settings.deviceinfo.HwCustTelecInfoImpl
08-01 12:06:51.948  2570  2570 W ResourceType: No known package when getting name for resource number 0x9c010000
08-01 12:06:51.948  2570  2570 W ResourceType: No known package when getting name for resource number 0x9c010100
08-01 12:06:51.948  2570  2570 W ResourceType: No known package when getting name for resource number 0x9c010200
08-01 12:06:51.948  2570  2570 W ResourceType: No known package when getting name for resource number 0x9c010300
08-01 12:06:51.948  2570  2570 W ResourceType: No known package when getting name for resource number 0x9c010001
08-01 12:06:51.948  2570  2570 W ResourceType: No known package when getting name for resource number 0x9c010101
08-01 12:06:51.949  2570  2570 W ResourceType: No known package when getting name for resource number 0x9c010201
08-01 12:06:51.949  2570  2570 W ResourceType: No known package when getting name for resource number 0x9c010301
08-01 12:06:51.949  2570  2570 W ResourceType: No known package when getting name for resource number 0x9c010002
08-01 12:06:51.950  2570  2570 W ResourceType: No known package when getting name for resource number 0x9c010102
08-01 12:06:51.950  2570  2570 W ResourceType: No known package when getting name for resource number 0x9c010202
08-01 12:06:51.950 18707 18737 V SQLiteDatabase: triggerBuildingIndex(): invalid id, return.
08-01 12:06:51.950  2570  2570 W ResourceType: No known package when getting name for resource number 0x9c010202
08-01 12:06:51.950  2570  2570 W ResourceType: No known package when getting name for resource number 0x9c010302
08-01 12:06:51.950  2570  2570 W ResourceType: No known package when getting name for resource number 0x9c010003
08-01 12:06:51.950  2570  2570 W ResourceType: No known package when getting name for resource number 0x9c010103
08-01 12:06:51.950  2570  2570 W ResourceType: No known package when getting name for resource number 0x9c010203
08-01 12:06:51.950  2570  2570 W ResourceType: No known package when getting name for resource number 0x9c010303
08-01 12:06:51.951  2570  2570 W ResourceType: No known package when getting name for resource number 0x9c010004
08-01 12:06:51.951  2570  2570 W ResourceType: No known package when getting name for resource number 0x9c010104
08-01 12:06:51.951  2570  2570 W ResourceType: No known package when getting name for resource number 0x9c010204
08-01 12:06:51.951  2570  2570 W ResourceType: No known package when getting name for resource number 0x9c010304
08-01 12:06:51.952  2570  2570 W ResourceType: No known package when getting name for resource number 0x9c020000
08-01 12:06:51.952  2570  2570 W ResourceType: No known package when getting name for resource number 0x9c020100
08-01 12:06:51.952  2570  2570 W ResourceType: No known package when getting name for resource number 0x9c020200
08-01 12:06:51.952  2570  2570 W ResourceType: No known package when getting name for resource number 0x9c020300
08-01 12:06:51.952  2570  2570 W ResourceType: No known package when getting name for resource number 0x9c020001
08-01 12:06:51.952  2570  2570 W ResourceType: No known package when getting name for resource number 0x9c020101
08-01 12:06:51.953  2570  2570 W ResourceType: No known package when getting name for resource number 0x9c020201
08-01 12:06:51.957  2570  2570 W ResourceType: No known package when getting name for resource number 0x9c010000
08-01 12:06:51.957 18707 18737 V SQLiteDatabase: triggerBuildingIndex(): invalid id, return.
08-01 12:06:51.957  2570  2570 W ResourceType: No known package when getting name for resource number 0x9c010100
08-01 12:06:51.957 18765 18947 W ContextImpl: Calling a method in the system process without a qualified user: android.app.ContextImpl.startService:1656 android.content.ContextWrapper.startService:644 tmsdk.common.TMSDKContext.start:153 tmsdk.common.TMSDKContext.access$000:0 tmsdk.common.TMSDKContext$1.run:0
08-01 12:06:51.958  2570  2570 W ResourceType: No known package when getting name for resource number 0x9c010200
08-01 12:06:51.958  2570  2570 W ResourceType: No known package when getting name for resource number 0x9c010300
08-01 12:06:51.958  2570  2570 W ResourceType: No known package when getting name for resource number 0x9c010001
08-01 12:06:51.958  2570  2570 W ResourceType: No known package when getting name for resource number 0x9c010101
08-01 12:06:51.958  2570  2570 W ResourceType: No known package when getting name for resource number 0x9c010201
08-01 12:06:51.958  2570  2570 W ResourceType: No known package when getting name for resource number 0x9c010301
08-01 12:06:51.958  2570  2570 W ResourceType: No known package when getting name for resource number 0x9c010002
08-01 12:06:51.958  2570  2570 W ResourceType: No known package when getting name for resource number 0x9c010102
08-01 12:06:51.959  2570  2570 W ResourceType: No known package when getting name for resource number 0x9c010202
08-01 12:06:51.959  2570  2570 W ResourceType: No known package when getting name for resource number 0x9c010302
08-01 12:06:51.959  2570  2570 W ResourceType: No known package when getting name for resource number 0x9c010003
08-01 12:06:51.959 18707 18737 V SQLiteDatabase: triggerBuildingIndex(): invalid id, return.
08-01 12:06:51.960  2570  2570 W ResourceType: No known package when getting name for resource number 0x9c010103
08-01 12:06:51.960  2570  2570 W ResourceType: No known package when getting name for resource number 0x9c010203
08-01 12:06:51.960  2570  2570 W ResourceType: No known package when getting name for resource number 0x9c010303
08-01 12:06:51.960  2570  2570 W ResourceType: No known package when getting name for resource number 0x9c010004
08-01 12:06:51.960  2570  2570 W ResourceType: No known package when getting name for resource number 0x9c010104
08-01 12:06:51.960  2570  2570 W ResourceType: No known package when getting name for resource number 0x9c010204
08-01 12:06:51.961  2570  2570 W ResourceType: No known package when getting name for resource number 0x9c010304
08-01 12:06:51.961  2570  2570 W ResourceType: No known package when getting name for resource number 0x9c020000
08-01 12:06:51.961  2570  2570 W ResourceType: No known package when getting name for resource number 0x9c020100
08-01 12:06:51.961  2570  2570 W ResourceType: No known package when getting name for resource number 0x9c020200
08-01 12:06:51.962  2570  2570 W ResourceType: No known package when getting name for resource number 0x9c020300
08-01 12:06:51.962  2570  2570 W ResourceType: No known package when getting name for resource number 0x9c020001
08-01 12:06:51.962  2570  2570 W ResourceType: No known package when getting name for resource number 0x9c020101
08-01 12:06:51.962  2570  2570 W ResourceType: No known package when getting name for resource number 0x9c020201
08-01 12:06:51.965 18707 18737 V SQLiteDatabase: triggerBuildingIndex(): invalid id, return.
08-01 12:06:51.966  2570  2570 W ResourceType: No known package when getting name for resource number 0x9c010000
08-01 12:06:51.967  2570  2570 W ResourceType: No known package when getting name for resource number 0x9c010100
08-01 12:06:51.967  2570  2570 W ResourceType: No known package when getting name for resource number 0x9c010200
08-01 12:06:51.967  2570  2570 W ResourceType: No known package when getting name for resource number 0x9c010300
08-01 12:06:51.967  2570  2570 W ResourceType: No known package when getting name for resource number 0x9c010001
08-01 12:06:51.967  2570  2570 W ResourceType: No known package when getting name for resource number 0x9c010101
08-01 12:06:51.968  2570  2570 W ResourceType: No known package when getting name for resource number 0x9c010201
08-01 12:06:51.968  2570  2570 W ResourceType: No known package when getting name for resource number 0x9c010301
08-01 12:06:51.968 18707 18737 V SQLiteDatabase: triggerBuildingIndex(): invalid id, return.
08-01 12:06:51.968  2570  2570 W ResourceType: No known package when getting name for resource number 0x9c010002
08-01 12:06:51.968  2570  2570 W ResourceType: No known package when getting name for resource number 0x9c010102
08-01 12:06:51.968  2570  2570 W ResourceType: No known package when getting name for resource number 0x9c010202
08-01 12:06:51.968  2570  2570 W ResourceType: No known package when getting name for resource number 0x9c010302
08-01 12:06:51.968  2570  2570 W ResourceType: No known package when getting name for resource number 0x9c010003
08-01 12:06:51.968  2570  2570 W ResourceType: No known package when getting name for resource number 0x9c010103
08-01 12:06:51.969  2570  2570 W ResourceType: No known package when getting name for resource number 0x9c010203
08-01 12:06:51.969  2570  2570 W ResourceType: No known package when getting name for resource number 0x9c010303
08-01 12:06:51.969  2570  2570 W ResourceType: No known package when getting name for resource number 0x9c010004
08-01 12:06:51.970  2570  2570 W ResourceType: No known package when getting name for resource number 0x9c010104
08-01 12:06:51.970  2570  2570 W ResourceType: No known package when getting name for resource number 0x9c010204
08-01 12:06:51.970 18707 18737 V SQLiteDatabase: triggerBuildingIndex(): invalid id, return.
08-01 12:06:51.970  2570  2570 W ResourceType: No known package when getting name for resource number 0x9c010304
08-01 12:06:51.970  2570  2570 W ResourceType: No known package when getting name for resource number 0x9c020000
08-01 12:06:51.971  2570  2570 W ResourceType: No known package when getting name for resource number 0x9c020100
08-01 12:06:51.971  2570  2570 W ResourceType: No known package when getting name for resource number 0x9c020200
08-01 12:06:51.971  2570  2570 W ResourceType: No known package when getting name for resource number 0x9c020300
08-01 12:06:51.971  2570  2570 W ResourceType: No known package when getting name for resource number 0x9c020001
08-01 12:06:51.971  2570  2570 W ResourceType: No known package when getting name for resource number 0x9c020101
08-01 12:06:51.971  2570  2570 W ResourceType: No known package when getting name for resource number 0x9c020201
08-01 12:06:51.976  2570  2570 W ResourceType: No known package when getting name for resource number 0x9c010000
08-01 12:06:51.976  2570  2570 W ResourceType: No known package when getting name for resource number 0x9c010100
08-01 12:06:51.977  2570  2570 W ResourceType: No known package when getting name for resource number 0x9c010200
08-01 12:06:51.977  2570  2570 W ResourceType: No known package when getting name for resource number 0x9c010300
08-01 12:06:51.977  2570  2570 W ResourceType: No known package when getting name for resource number 0x9c010001
08-01 12:06:51.977  2570  2570 W ResourceType: No known package when getting name for resource number 0x9c010101
08-01 12:06:51.977  2570  2570 W ResourceType: No known package when getting name for resource number 0x9c010201
08-01 12:06:51.977  2570  2570 W ResourceType: No known package when getting name for resource number 0x9c010301
08-01 12:06:51.978  2570  2570 W ResourceType: No known package when getting name for resource number 0x9c010002
08-01 12:06:51.978  2570  2570 W ResourceType: No known package when getting name for resource number 0x9c010102
08-01 12:06:51.978  2570  2570 W ResourceType: No known package when getting name for resource number 0x9c010202
08-01 12:06:51.978  2570  2570 W ResourceType: No known package when getting name for resource number 0x9c010302
08-01 12:06:51.978  2570  2570 W ResourceType: No known package when getting name for resource number 0x9c010003
08-01 12:06:51.978  2570  2570 W ResourceType: No known package when getting name for resource number 0x9c010103
08-01 12:06:51.978  2570  2570 W ResourceType: No known package when getting name for resource number 0x9c010203
08-01 12:06:51.979  2570  2570 W ResourceType: No known package when getting name for resource number 0x9c010303
08-01 12:06:51.979  2570  2570 W ResourceType: No known package when getting name for resource number 0x9c010004
08-01 12:06:51.979  2570  2570 W ResourceType: No known package when getting name for resource number 0x9c010104
08-01 12:06:51.979  2570  2570 W ResourceType: No known package when getting name for resource number 0x9c010204
08-01 12:06:51.980  2570  2570 W ResourceType: No known package when getting name for resource number 0x9c010304
08-01 12:06:51.980  2570  2570 W ResourceType: No known package when getting name for resource number 0x9c020000
08-01 12:06:51.980  2570  2570 W ResourceType: No known package when getting name for resource number 0x9c020100
08-01 12:06:51.981  2570  2570 W ResourceType: No known package when getting name for resource number 0x9c020200
08-01 12:06:51.981  2570  2570 W ResourceType: No known package when getting name for resource number 0x9c020300
08-01 12:06:51.981  2570  2570 W ResourceType: No known package when getting name for resource number 0x9c020001
08-01 12:06:51.981  2570  2570 W ResourceType: No known package when getting name for resource number 0x9c020101
08-01 12:06:51.981  2570  2570 W ResourceType: No known package when getting name for resource number 0x9c020201
08-01 12:06:51.981 18707 18737 V SQLiteDatabase: triggerBuildingIndex(): invalid id, return.
08-01 12:06:51.981  2570  2570 W ResourceType: No known package when getting name for resource number 0x9c020201
08-01 12:06:51.985 18707 18737 D ParentControl: ParentControl status is 0
08-01 12:06:51.986 18707 18737 I Settings: isNeedSkipFuction: setupNotDone = false, deviceProvisioned = true, userSetupComplete = true, FRPRestricted = false, needSkipFuction = false
08-01 12:06:51.986  2570  2570 W ResourceType: No known package when getting name for resource number 0x9c010000
08-01 12:06:51.986  2570  2570 W ResourceType: No known package when getting name for resource number 0x9c010100
08-01 12:06:51.986  2570  2570 W ResourceType: No known package when getting name for resource number 0x9c010200
08-01 12:06:51.986  2570  2570 W ResourceType: No known package when getting name for resource number 0x9c010300
08-01 12:06:51.986  2570  2570 W ResourceType: No known package when getting name for resource number 0x9c010001
08-01 12:06:51.987 18707 18737 D ParentControl: ParentControl status is 0
08-01 12:06:51.987 18707 18737 D ParentControl: ParentControl status is 0
08-01 12:06:51.987  2570  2570 W ResourceType: No known package when getting name for resource number 0x9c010101
08-01 12:06:51.987  2570  2570 W ResourceType: No known package when getting name for resource number 0x9c010201
08-01 12:06:51.987  2570  2570 W ResourceType: No known package when getting name for resource number 0x9c010301
08-01 12:06:51.987  2570  2570 W ResourceType: No known package when getting name for resource number 0x9c010002
08-01 12:06:51.987  2570  2570 W ResourceType: No known package when getting name for resource number 0x9c010102
08-01 12:06:51.987  2570  2570 W ResourceType: No known package when getting name for resource number 0x9c010202
08-01 12:06:51.987  2570  2570 W ResourceType: No known package when getting name for resource number 0x9c010302
08-01 12:06:51.987  2570  2570 W ResourceType: No known package when getting name for resource number 0x9c010003
08-01 12:06:51.988  2570  2570 W ResourceType: No known package when getting name for resource number 0x9c010103
08-01 12:06:51.988 18707 18737 I Sdencryption: SdEncryptionUtils - isFeatureAvailable = true
08-01 12:06:51.988  2570  2570 W ResourceType: No known package when getting name for resource number 0x9c010203
08-01 12:06:51.988  2570  2570 W ResourceType: No known package when getting name for resource number 0x9c010303
08-01 12:06:51.988  2570  2570 W ResourceType: No known package when getting name for resource number 0x9c010004
08-01 12:06:51.988  2570  2570 W ResourceType: No known package when getting name for resource number 0x9c010104
08-01 12:06:51.988  2570  2570 W ResourceType: No known package when getting name for resource number 0x9c010204
08-01 12:06:51.988  2570  2570 W ResourceType: No known package when getting name for resource number 0x9c010304
08-01 12:06:51.989  2570  2570 W ResourceType: No known package when getting name for resource number 0x9c020000
08-01 12:06:51.990  2570  2570 W ResourceType: No known package when getting name for resource number 0x9c020100
08-01 12:06:51.990  2570  2570 W ResourceType: No known package when getting name for resource number 0x9c020200
08-01 12:06:51.990  2570  2570 W ResourceType: No known package when getting name for resource number 0x9c020300
08-01 12:06:51.990  2570  2570 W ResourceType: No known package when getting name for resource number 0x9c020001
08-01 12:06:51.990 18765 18947 W zygote64: Class tmsdkobf.ks failed lock verification and will run slower.
08-01 12:06:51.990  2570  2570 W ResourceType: No known package when getting name for resource number 0x9c020101
08-01 12:06:51.990  2570  2570 W ResourceType: No known package when getting name for resource number 0x9c020201
08-01 12:06:51.992   432   460 D VoldCmdListener: sdlock poll
08-01 12:06:51.992   432   460 I         : poll
08-01 12:06:51.992   432   460 E         : failed to get lockable path
08-01 12:06:51.994  1147  1506 E VoldConnector: NDC server error throw NativeDaemonFailureException
08-01 12:06:51.995  1147  1506 E HwSdLockService: Unexpected response code = 406
08-01 12:06:51.995 18707 18737 I SdCardLockUtils: isPasswordProtected() sdcard state: -1, retVal: false
08-01 12:06:51.996  2570  2570 W ResourceType: No known package when getting name for resource number 0x9c010000
08-01 12:06:51.996  2570  2570 W ResourceType: No known package when getting name for resource number 0x9c010100
08-01 12:06:51.996  2570  2570 W ResourceType: No known package when getting name for resource number 0x9c010200
08-01 12:06:51.997 18765 18947 W zygote64: Class tmsdk.bg.creator.ManagerCreatorB failed lock verification and will run slower.
08-01 12:06:51.997  2570  2570 W ResourceType: No known package when getting name for resource number 0x9c010300
08-01 12:06:51.997  2570  2570 W ResourceType: No known package when getting name for resource number 0x9c010001
08-01 12:06:51.997  2570  2570 W ResourceType: No known package when getting name for resource number 0x9c010101
08-01 12:06:51.997  2570  2570 W ResourceType: No known package when getting name for resource number 0x9c010201
08-01 12:06:51.997  2570  2570 W ResourceType: No known package when getting name for resource number 0x9c010301
08-01 12:06:51.997  2570  2570 W ResourceType: No known package when getting name for resource number 0x9c010002
08-01 12:06:51.997   432   460 D VoldCmdListener: sdlock poll
08-01 12:06:51.997   432   460 I         : poll
08-01 12:06:51.997   432   460 E         : failed to get lockable path
08-01 12:06:51.997  2570  2570 W ResourceType: No known package when getting name for resource number 0x9c010102
08-01 12:06:51.997   432   460 E         : failed to get lockable path
08-01 12:06:51.998  2570  2570 W ResourceType: No known package when getting name for resource number 0x9c010202
08-01 12:06:51.998  2570  2570 W ResourceType: No known package when getting name for resource number 0x9c010302
08-01 12:06:51.998  2570  2570 W ResourceType: No known package when getting name for resource number 0x9c010003
08-01 12:06:51.998  2570  2570 W ResourceType: No known package when getting name for resource number 0x9c010103
08-01 12:06:51.998  2570  2570 W ResourceType: No known package when getting name for resource number 0x9c010203
08-01 12:06:51.999  2570  2570 W ResourceType: No known package when getting name for resource number 0x9c010303
08-01 12:06:51.999  1147  1506 E VoldConnector: NDC server error throw NativeDaemonFailureException
08-01 12:06:51.999  2570  2570 W ResourceType: No known package when getting name for resource number 0x9c010004
08-01 12:06:51.999  1147  1506 E HwSdLockService: Unexpected response code = 406
08-01 12:06:52.000  2570  2570 W ResourceType: No known package when getting name for resource number 0x9c010104
08-01 12:06:52.000  2570  2570 W ResourceType: No known package when getting name for resource number 0x9c010204
08-01 12:06:52.000  2570  2570 W ResourceType: No known package when getting name for resource number 0x9c010304
08-01 12:06:52.000  2570  2570 W ResourceType: No known package when getting name for resource number 0x9c020000
08-01 12:06:52.001  2570  2570 W ResourceType: No known package when getting name for resource number 0x9c020100
08-01 12:06:52.001 18707 18737 D BiometricManager: fpm.isHardwareDetected() = true
08-01 12:06:52.001  2570  2570 W ResourceType: No known package when getting name for resource number 0x9c020200
08-01 12:06:52.001  2570  2570 W ResourceType: No known package when getting name for resource number 0x9c020300
08-01 12:06:52.001  2570  2570 W ResourceType: No known package when getting name for resource number 0x9c020001
08-01 12:06:52.001  2570  2570 W ResourceType: No known package when getting name for resource number 0x9c020101
08-01 12:06:52.001  2570  2570 W ResourceType: No known package when getting name for resource number 0x9c020201
08-01 12:06:52.002 18707 18737 D ParentControl: ParentControl status is 0
08-01 12:06:52.003 18707 18737 I Settings: isNeedSkipFuction: setupNotDone = false, deviceProvisioned = true, userSetupComplete = true, FRPRestricted = false, needSkipFuction = false
08-01 12:06:52.003 18707 18737 D ParentControl: ParentControl status is 0
08-01 12:06:52.003 18707 18737 D ParentControl: ParentControl status is 0
08-01 12:06:52.004 18707 18737 I Settings: isNeedSkipFuction: setupNotDone = false, deviceProvisioned = true, userSetupComplete = true, FRPRestricted = false, needSkipFuction = false
08-01 12:06:52.006  2570  2570 W ResourceType: No known package when getting name for resource number 0x9c010000
08-01 12:06:52.007  2570  2570 W ResourceType: No known package when getting name for resource number 0x9c010100
08-01 12:06:52.007  2570  2570 W ResourceType: No known package when getting name for resource number 0x9c010200
08-01 12:06:52.007  2570  2570 W ResourceType: No known package when getting name for resource number 0x9c010300
08-01 12:06:52.007  2570  2570 W ResourceType: No known package when getting name for resource number 0x9c010001
08-01 12:06:52.007  2570  2570 W ResourceType: No known package when getting name for resource number 0x9c010101
08-01 12:06:52.007  2570  2570 W ResourceType: No known package when getting name for resource number 0x9c010201
08-01 12:06:52.007  2570  2570 W ResourceType: No known package when getting name for resource number 0x9c010301
08-01 12:06:52.007  2570  2570 W ResourceType: No known package when getting name for resource number 0x9c010002
08-01 12:06:52.008  2570  2570 W ResourceType: No known package when getting name for resource number 0x9c010102
08-01 12:06:52.008  2570  2570 W ResourceType: No known package when getting name for resource number 0x9c010202
08-01 12:06:52.008  2570  2570 W ResourceType: No known package when getting name for resource number 0x9c010302
08-01 12:06:52.008  2570  2570 W ResourceType: No known package when getting name for resource number 0x9c010003
08-01 12:06:52.008  2570  2570 W ResourceType: No known package when getting name for resource number 0x9c010103
08-01 12:06:52.008  2570  2570 W ResourceType: No known package when getting name for resource number 0x9c010203
