08-01 12:06:52.154  2570  2570 W ResourceType: No known package when getting name for resource number 0x9c020000
08-01 12:06:52.154  2570  2570 W ResourceType: No known package when getting name for resource number 0x9c020100
08-01 12:06:52.155  2570  2570 W ResourceType: No known package when getting name for resource number 0x9c020200
08-01 12:06:52.155 18707 18737 V SQLiteDatabase: triggerBuildingIndex(): invalid id, return.
08-01 12:06:52.155  2570  2570 W ResourceType: No known package when getting name for resource number 0x9c020300
08-01 12:06:52.155  2570  2570 W ResourceType: No known package when getting name for resource number 0x9c020001
08-01 12:06:52.155  2570  2570 W ResourceType: No known package when getting name for resource number 0x9c020101
08-01 12:06:52.156  2570  2570 W ResourceType: No known package when getting name for resource number 0x9c020201
08-01 12:06:52.156 18707 18737 V SQLiteDatabase: triggerBuildingIndex(): invalid id, return.
08-01 12:06:52.157 18707 18737 I chatty  : uid=1000(system) AsyncTask #4 identical 1 line
08-01 12:06:52.158 18707 18737 V SQLiteDatabase: triggerBuildingIndex(): invalid id, return.
08-01 12:06:52.160  2570  2570 W ResourceType: No known package when getting name for resource number 0x9c010000
08-01 12:06:52.160 18707 18737 I Utils   : enabledInPad = false,isPcCastMode = false
08-01 12:06:52.160  2570  2570 W ResourceType: No known package when getting name for resource number 0x9c010100
08-01 12:06:52.161  2570  2570 W ResourceType: No known package when getting name for resource number 0x9c010200
08-01 12:06:52.161  2570  2570 W ResourceType: No known package when getting name for resource number 0x9c010300
08-01 12:06:52.161  2570  2570 W ResourceType: No known package when getting name for resource number 0x9c010001
08-01 12:06:52.161  2570  2570 W ResourceType: No known package when getting name for resource number 0x9c010101
08-01 12:06:52.161  2570  2570 W ResourceType: No known package when getting name for resource number 0x9c010201
08-01 12:06:52.162  2570  2570 W ResourceType: No known package when getting name for resource number 0x9c010301
08-01 12:06:52.162  2570  2570 W ResourceType: No known package when getting name for resource number 0x9c010002
08-01 12:06:52.162  2570  2570 W ResourceType: No known package when getting name for resource number 0x9c010102
08-01 12:06:52.162  2570  2570 W ResourceType: No known package when getting name for resource number 0x9c010202
08-01 12:06:52.162  2570  2570 W ResourceType: No known package when getting name for resource number 0x9c010302
08-01 12:06:52.162 18707 18737 I Utils   : enabledInPad = false,isPcCastMode = false
08-01 12:06:52.163  2570  2570 W ResourceType: No known package when getting name for resource number 0x9c010003
08-01 12:06:52.163  2570  2570 W ResourceType: No known package when getting name for resource number 0x9c010103
08-01 12:06:52.163  2570  2570 W ResourceType: No known package when getting name for resource number 0x9c010203
08-01 12:06:52.163  2570  2570 W ResourceType: No known package when getting name for resource number 0x9c010303
08-01 12:06:52.163  2570  2570 W ResourceType: No known package when getting name for resource number 0x9c010004
08-01 12:06:52.164  2570  2570 W ResourceType: No known package when getting name for resource number 0x9c010104
08-01 12:06:52.164  2570  2570 W ResourceType: No known package when getting name for resource number 0x9c010204
08-01 12:06:52.164  2570  2570 W ResourceType: No known package when getting name for resource number 0x9c010304
08-01 12:06:52.165 18707 18737 I Utils   : enabledInPad = false,isPcCastMode = false
08-01 12:06:52.165  2570  2570 W ResourceType: No known package when getting name for resource number 0x9c020000
08-01 12:06:52.165  2570  2570 W ResourceType: No known package when getting name for resource number 0x9c020100
08-01 12:06:52.165  2570  2570 W ResourceType: No known package when getting name for resource number 0x9c020200
08-01 12:06:52.165  2570  2570 W ResourceType: No known package when getting name for resource number 0x9c020300
08-01 12:06:52.165  2570  2570 W ResourceType: No known package when getting name for resource number 0x9c020001
08-01 12:06:52.166  2570  2570 W ResourceType: No known package when getting name for resource number 0x9c020101
08-01 12:06:52.166  2570  2570 W ResourceType: No known package when getting name for resource number 0x9c020201
08-01 12:06:52.167  1072  1096 I OAM     : [check_file_size:505]/data/log/hi110x/bfg_log/bfg_log_1 log file beyond size=10240Byte, creat new file
08-01 12:06:52.167  1072  1096 I OAM     : [rename_old_file:210]rename_old_file
08-01 12:06:52.167  1072  1096 I OAM     :
08-01 12:06:52.168 18707 18737 I Utils   : enabledInPad = false,isPcCastMode = false
08-01 12:06:52.171  2570  2570 W ResourceType: No known package when getting name for resource number 0x9c010000
08-01 12:06:52.171  2570  2570 W ResourceType: No known package when getting name for resource number 0x9c010100
08-01 12:06:52.171  2570  2570 W ResourceType: No known package when getting name for resource number 0x9c010200
08-01 12:06:52.172  2570  2570 W ResourceType: No known package when getting name for resource number 0x9c010300
08-01 12:06:52.172  2570  2570 W ResourceType: No known package when getting name for resource number 0x9c010001
08-01 12:06:52.172  2570  2570 W ResourceType: No known package when getting name for resource number 0x9c010101
08-01 12:06:52.172  2570  2570 W ResourceType: No known package when getting name for resource number 0x9c010201
08-01 12:06:52.172 18707 18737 V SQLiteDatabase: triggerBuildingIndex(): invalid id, return.
08-01 12:06:52.172  2570  2570 W ResourceType: No known package when getting name for resource number 0x9c010301
08-01 12:06:52.172  2570  2570 W ResourceType: No known package when getting name for resource number 0x9c010002
08-01 12:06:52.172  2570  2570 W ResourceType: No known package when getting name for resource number 0x9c010102
08-01 12:06:52.173  2570  2570 W ResourceType: No known package when getting name for resource number 0x9c010202
08-01 12:06:52.173  2570  2570 W ResourceType: No known package when getting name for resource number 0x9c010302
08-01 12:06:52.173  2570  2570 W ResourceType: No known package when getting name for resource number 0x9c010003
08-01 12:06:52.173  2570  2570 W ResourceType: No known package when getting name for resource number 0x9c010103
08-01 12:06:52.173  2570  2570 W ResourceType: No known package when getting name for resource number 0x9c010203
08-01 12:06:52.173  2570  2570 W ResourceType: No known package when getting name for resource number 0x9c010303
08-01 12:06:52.173  2570  2570 W ResourceType: No known package when getting name for resource number 0x9c010004
08-01 12:06:52.174  2570  2570 W ResourceType: No known package when getting name for resource number 0x9c010104
08-01 12:06:52.174  2570  2570 W ResourceType: No known package when getting name for resource number 0x9c010204
08-01 12:06:52.174  2570  2570 W ResourceType: No known package when getting name for resource number 0x9c010304
08-01 12:06:52.174  2570  2570 W ResourceType: No known package when getting name for resource number 0x9c020000
08-01 12:06:52.175  2570  2570 W ResourceType: No known package when getting name for resource number 0x9c020100
08-01 12:06:52.175  2570  2570 W ResourceType: No known package when getting name for resource number 0x9c020200
08-01 12:06:52.175  2570  2570 W ResourceType: No known package when getting name for resource number 0x9c020300
08-01 12:06:52.175  2570  2570 W ResourceType: No known package when getting name for resource number 0x9c020001
08-01 12:06:52.175  2570  2570 W ResourceType: No known package when getting name for resource number 0x9c020101
08-01 12:06:52.175  2570  2570 W ResourceType: No known package when getting name for resource number 0x9c020201
08-01 12:06:52.178 18707 18737 D Index   : Cannot find field 'SEARCH_INDEX_DATA_PROVIDER'
08-01 12:06:52.180  2570  2570 W ResourceType: No known package when getting name for resource number 0x9c010000
08-01 12:06:52.180  2570  2570 W ResourceType: No known package when getting name for resource number 0x9c010100
08-01 12:06:52.180  2570  2570 W ResourceType: No known package when getting name for resource number 0x9c010200
08-01 12:06:52.180  2570  2570 W ResourceType: No known package when getting name for resource number 0x9c010300
08-01 12:06:52.180  2570  2570 W ResourceType: No known package when getting name for resource number 0x9c010001
08-01 12:06:52.181  2570  2570 W ResourceType: No known package when getting name for resource number 0x9c010101
08-01 12:06:52.181  2570  2570 W ResourceType: No known package when getting name for resource number 0x9c010201
08-01 12:06:52.181  2570  2570 W ResourceType: No known package when getting name for resource number 0x9c010301
08-01 12:06:52.181  2570  2570 W ResourceType: No known package when getting name for resource number 0x9c010002
08-01 12:06:52.181 18707 18737 D ParentControl: ParentControl status is 0
08-01 12:06:52.181  2570  2570 W ResourceType: No known package when getting name for resource number 0x9c010102
08-01 12:06:52.181  2570  2570 W ResourceType: No known package when getting name for resource number 0x9c010202
08-01 12:06:52.181  2570  2570 W ResourceType: No known package when getting name for resource number 0x9c010302
08-01 12:06:52.181  2570  2570 W ResourceType: No known package when getting name for resource number 0x9c010003
08-01 12:06:52.182  2570  2570 W ResourceType: No known package when getting name for resource number 0x9c010103
08-01 12:06:52.182 18707 18737 I Utils   : enabledInPad = false,isPcCastMode = false
08-01 12:06:52.182  2570  2570 W ResourceType: No known package when getting name for resource number 0x9c010203
08-01 12:06:52.182  2570  2570 W ResourceType: No known package when getting name for resource number 0x9c010303
08-01 12:06:52.182  2570  2570 W ResourceType: No known package when getting name for resource number 0x9c010004
08-01 12:06:52.182  2570  2570 W ResourceType: No known package when getting name for resource number 0x9c010104
08-01 12:06:52.182  2570  2570 W ResourceType: No known package when getting name for resource number 0x9c010204
08-01 12:06:52.182  2570  2570 W ResourceType: No known package when getting name for resource number 0x9c010304
08-01 12:06:52.183  2570  2570 W ResourceType: No known package when getting name for resource number 0x9c020000
08-01 12:06:52.183  2570  2570 W ResourceType: No known package when getting name for resource number 0x9c020100
08-01 12:06:52.183 18707 18737 V SQLiteDatabase: triggerBuildingIndex(): invalid id, return.
08-01 12:06:52.183  2570  2570 W ResourceType: No known package when getting name for resource number 0x9c020200
08-01 12:06:52.184  2570  2570 W ResourceType: No known package when getting name for resource number 0x9c020300
08-01 12:06:52.184  2570  2570 W ResourceType: No known package when getting name for resource number 0x9c020001
08-01 12:06:52.184  2570  2570 W ResourceType: No known package when getting name for resource number 0x9c020101
08-01 12:06:52.184  2570  2570 W ResourceType: No known package when getting name for resource number 0x9c020201
08-01 12:06:52.186 18707 18737 V SQLiteDatabase: triggerBuildingIndex(): invalid id, return.
08-01 12:06:52.187 18707 18737 V SQLiteDatabase: triggerBuildingIndex(): invalid id, return.
08-01 12:06:52.188  2570  2570 W ResourceType: No known package when getting name for resource number 0x9c010000
08-01 12:06:52.189  2570  2570 W ResourceType: No known package when getting name for resource number 0x9c010100
08-01 12:06:52.189  2570  2570 W ResourceType: No known package when getting name for resource number 0x9c010200
08-01 12:06:52.189  2570  2570 W ResourceType: No known package when getting name for resource number 0x9c010300
08-01 12:06:52.189  2570  2570 W ResourceType: No known package when getting name for resource number 0x9c010001
08-01 12:06:52.189  2570  2570 W ResourceType: No known package when getting name for resource number 0x9c010101
08-01 12:06:52.189  2570  2570 W ResourceType: No known package when getting name for resource number 0x9c010201
08-01 12:06:52.190  2570  2570 W ResourceType: No known package when getting name for resource number 0x9c010301
08-01 12:06:52.190  2570  2570 W ResourceType: No known package when getting name for resource number 0x9c010002
08-01 12:06:52.190  2570  2570 W ResourceType: No known package when getting name for resource number 0x9c010102
08-01 12:06:52.190  2570  2570 W ResourceType: No known package when getting name for resource number 0x9c010202
08-01 12:06:52.190  2570  2570 W ResourceType: No known package when getting name for resource number 0x9c010302
08-01 12:06:52.190  2570  2570 W ResourceType: No known package when getting name for resource number 0x9c010003
08-01 12:06:52.190  2570  2570 W ResourceType: No known package when getting name for resource number 0x9c010103
08-01 12:06:52.190  2570  2570 W ResourceType: No known package when getting name for resource number 0x9c010203
08-01 12:06:52.191  2570  2570 W ResourceType: No known package when getting name for resource number 0x9c010303
08-01 12:06:52.191  2570  2570 W ResourceType: No known package when getting name for resource number 0x9c010004
08-01 12:06:52.191  2570  2570 W ResourceType: No known package when getting name for resource number 0x9c010104
08-01 12:06:52.191  2570  2570 W ResourceType: No known package when getting name for resource number 0x9c010204
08-01 12:06:52.191  2570  2570 W ResourceType: No known package when getting name for resource number 0x9c010304
08-01 12:06:52.192  2570  2570 W ResourceType: No known package when getting name for resource number 0x9c020000
08-01 12:06:52.192  2570  2570 W ResourceType: No known package when getting name for resource number 0x9c020100
08-01 12:06:52.192  2570  2570 W ResourceType: No known package when getting name for resource number 0x9c020200
08-01 12:06:52.192  2570  2570 W ResourceType: No known package when getting name for resource number 0x9c020300
08-01 12:06:52.192  2570  2570 W ResourceType: No known package when getting name for resource number 0x9c020001
08-01 12:06:52.193 18707 18737 V SQLiteDatabase: triggerBuildingIndex(): invalid id, return.
08-01 12:06:52.193  2570  2570 W ResourceType: No known package when getting name for resource number 0x9c020101
08-01 12:06:52.193  2570  2570 W ResourceType: No known package when getting name for resource number 0x9c020201
08-01 12:06:52.195 18707 18737 V SQLiteDatabase: triggerBuildingIndex(): invalid id, return.
08-01 12:06:52.197  2570  2570 W ResourceType: No known package when getting name for resource number 0x9c010000
08-01 12:06:52.197  2570  2570 W ResourceType: No known package when getting name for resource number 0x9c010100
08-01 12:06:52.197  2570  2570 W ResourceType: No known package when getting name for resource number 0x9c010200
08-01 12:06:52.198  2570  2570 W ResourceType: No known package when getting name for resource number 0x9c010300
08-01 12:06:52.198  2570  2570 W ResourceType: No known package when getting name for resource number 0x9c010001
08-01 12:06:52.198  2570  2570 W ResourceType: No known package when getting name for resource number 0x9c010101
08-01 12:06:52.198  2570  2570 W ResourceType: No known package when getting name for resource number 0x9c010201
08-01 12:06:52.198  2570  2570 W ResourceType: No known package when getting name for resource number 0x9c010301
08-01 12:06:52.198  2570  2570 W ResourceType: No known package when getting name for resource number 0x9c010002
08-01 12:06:52.198  2570  2570 W ResourceType: No known package when getting name for resource number 0x9c010102
08-01 12:06:52.199  2570  2570 W ResourceType: No known package when getting name for resource number 0x9c010202
08-01 12:06:52.199  2570  2570 W ResourceType: No known package when getting name for resource number 0x9c010302
08-01 12:06:52.199  2570  2570 W ResourceType: No known package when getting name for resource number 0x9c010003
08-01 12:06:52.199  2570  2570 W ResourceType: No known package when getting name for resource number 0x9c010103
08-01 12:06:52.199  2570  2570 W ResourceType: No known package when getting name for resource number 0x9c010203
08-01 12:06:52.199  2570  2570 W ResourceType: No known package when getting name for resource number 0x9c010303
08-01 12:06:52.200  2570  2570 W ResourceType: No known package when getting name for resource number 0x9c010004
08-01 12:06:52.200  2570  2570 W ResourceType: No known package when getting name for resource number 0x9c010104
08-01 12:06:52.200  2570  2570 W ResourceType: No known package when getting name for resource number 0x9c010204
08-01 12:06:52.200  2570  2570 W ResourceType: No known package when getting name for resource number 0x9c010304
08-01 12:06:52.201  2570  2570 W ResourceType: No known package when getting name for resource number 0x9c020000
08-01 12:06:52.201  2570  2570 W ResourceType: No known package when getting name for resource number 0x9c020100
08-01 12:06:52.201  2570  2570 W ResourceType: No known package when getting name for resource number 0x9c020200
08-01 12:06:52.201  2570  2570 W ResourceType: No known package when getting name for resource number 0x9c020300
08-01 12:06:52.201  2570  2570 W ResourceType: No known package when getting name for resource number 0x9c020001
08-01 12:06:52.201  2570  2570 W ResourceType: No known package when getting name for resource number 0x9c020101
08-01 12:06:52.201  2570  2570 W ResourceType: No known package when getting name for resource number 0x9c020201
08-01 12:06:52.202 18707 18737 V SQLiteDatabase: triggerBuildingIndex(): invalid id, return.
08-01 12:06:52.206  2570  2570 W ResourceType: No known package when getting name for resource number 0x9c010000
08-01 12:06:52.206  2570  2570 W ResourceType: No known package when getting name for resource number 0x9c010100
08-01 12:06:52.207  2570  2570 W ResourceType: No known package when getting name for resource number 0x9c010200
08-01 12:06:52.207  2570  2570 W ResourceType: No known package when getting name for resource number 0x9c010300
08-01 12:06:52.207 18707 18737 V SQLiteDatabase: triggerBuildingIndex(): invalid id, return.
08-01 12:06:52.207  2570  2570 W ResourceType: No known package when getting name for resource number 0x9c010300
08-01 12:06:52.207  2570  2570 W ResourceType: No known package when getting name for resource number 0x9c010001
08-01 12:06:52.207  2570  2570 W ResourceType: No known package when getting name for resource number 0x9c010101
08-01 12:06:52.207  2570  2570 W ResourceType: No known package when getting name for resource number 0x9c010201
08-01 12:06:52.207  2570  2570 W ResourceType: No known package when getting name for resource number 0x9c010301
08-01 12:06:52.207  2570  2570 W ResourceType: No known package when getting name for resource number 0x9c010002
08-01 12:06:52.207  2570  2570 W ResourceType: No known package when getting name for resource number 0x9c010102
08-01 12:06:52.208  2570  2570 W ResourceType: No known package when getting name for resource number 0x9c010202
08-01 12:06:52.208  2570  2570 W ResourceType: No known package when getting name for resource number 0x9c010302
08-01 12:06:52.208  2570  2570 W ResourceType: No known package when getting name for resource number 0x9c010003
08-01 12:06:52.208  2570  2570 W ResourceType: No known package when getting name for resource number 0x9c010103
08-01 12:06:52.208  2570  2570 W ResourceType: No known package when getting name for resource number 0x9c010203
08-01 12:06:52.208  2570  2570 W ResourceType: No known package when getting name for resource number 0x9c010303
08-01 12:06:52.208  2570  2570 W ResourceType: No known package when getting name for resource number 0x9c010004
08-01 12:06:52.209  2570  2570 W ResourceType: No known package when getting name for resource number 0x9c010104
08-01 12:06:52.209  2570  2570 W ResourceType: No known package when getting name for resource number 0x9c010204
08-01 12:06:52.209  2570  2570 W ResourceType: No known package when getting name for resource number 0x9c010304
08-01 12:06:52.210  2570  2570 W ResourceType: No known package when getting name for resource number 0x9c020000
08-01 12:06:52.210  2570  2570 W ResourceType: No known package when getting name for resource number 0x9c020100
08-01 12:06:52.210  2570  2570 W ResourceType: No known package when getting name for resource number 0x9c020200
08-01 12:06:52.210  2570  2570 W ResourceType: No known package when getting name for resource number 0x9c020300
08-01 12:06:52.210  2570  2570 W ResourceType: No known package when getting name for resource number 0x9c020001
08-01 12:06:52.210  2570  2570 W ResourceType: No known package when getting name for resource number 0x9c020101
08-01 12:06:52.210  2570  2570 W ResourceType: No known package when getting name for resource number 0x9c020201
08-01 12:06:52.215  2570  2570 W ResourceType: No known package when getting name for resource number 0x9c010000
08-01 12:06:52.215  2570  2570 W ResourceType: No known package when getting name for resource number 0x9c010100
08-01 12:06:52.215 18707 18737 V SQLiteDatabase: triggerBuildingIndex(): invalid id, return.
08-01 12:06:52.215  2570  2570 W ResourceType: No known package when getting name for resource number 0x9c010200
08-01 12:06:52.215  2570  2570 W ResourceType: No known package when getting name for resource number 0x9c010300
08-01 12:06:52.216  2570  2570 W ResourceType: No known package when getting name for resource number 0x9c010001
08-01 12:06:52.216  2570  2570 W ResourceType: No known package when getting name for resource number 0x9c010101
08-01 12:06:52.216  2570  2570 W ResourceType: No known package when getting name for resource number 0x9c010201
08-01 12:06:52.216  2570  2570 W ResourceType: No known package when getting name for resource number 0x9c010301
08-01 12:06:52.216  2570  2570 W ResourceType: No known package when getting name for resource number 0x9c010002
08-01 12:06:52.216  2570  2570 W ResourceType: No known package when getting name for resource number 0x9c010102
08-01 12:06:52.216  2570  2570 W ResourceType: No known package when getting name for resource number 0x9c010202
08-01 12:06:52.216  2570  2570 W ResourceType: No known package when getting name for resource number 0x9c010302
08-01 12:06:52.217  2570  2570 W ResourceType: No known package when getting name for resource number 0x9c010003
08-01 12:06:52.217  2570  2570 W ResourceType: No known package when getting name for resource number 0x9c010103
08-01 12:06:52.217  2570  2570 W ResourceType: No known package when getting name for resource number 0x9c010203
08-01 12:06:52.217  2570  2570 W ResourceType: No known package when getting name for resource number 0x9c010303
08-01 12:06:52.217  2570  2570 W ResourceType: No known package when getting name for resource number 0x9c010004
08-01 12:06:52.217  2570  2570 W ResourceType: No known package when getting name for resource number 0x9c010104
08-01 12:06:52.218  2570  2570 W ResourceType: No known package when getting name for resource number 0x9c010204
08-01 12:06:52.218  2570  2570 W ResourceType: No known package when getting name for resource number 0x9c010304
08-01 12:06:52.218  2570  2570 W ResourceType: No known package when getting name for resource number 0x9c020000
08-01 12:06:52.218  2570  2570 W ResourceType: No known package when getting name for resource number 0x9c020100
08-01 12:06:52.219  2570  2570 W ResourceType: No known package when getting name for resource number 0x9c020200
08-01 12:06:52.219  2570  2570 W ResourceType: No known package when getting name for resource number 0x9c020300
08-01 12:06:52.219  2570  2570 W ResourceType: No known package when getting name for resource number 0x9c020001
08-01 12:06:52.219  2570  2570 W ResourceType: No known package when getting name for resource number 0x9c020101
08-01 12:06:52.219  2570  2570 W ResourceType: No known package when getting name for resource number 0x9c020201
08-01 12:06:52.219 18707 18737 V SQLiteDatabase: triggerBuildingIndex(): invalid id, return.
08-01 12:06:52.222 18707 18737 I chatty  : uid=1000(system) AsyncTask #4 identical 2 lines
08-01 12:06:52.223 18707 18737 V SQLiteDatabase: triggerBuildingIndex(): invalid id, return.
08-01 12:06:52.223  2570  2570 W ResourceType: No known package when getting name for resource number 0x9c010000
08-01 12:06:52.224  2570  2570 W ResourceType: No known package when getting name for resource number 0x9c010100
08-01 12:06:52.224  2570  2570 W ResourceType: No known package when getting name for resource number 0x9c010200
08-01 12:06:52.224  2570  2570 W ResourceType: No known package when getting name for resource number 0x9c010300
08-01 12:06:52.224  2570  2570 W ResourceType: No known package when getting name for resource number 0x9c010001
08-01 12:06:52.224  2570  2570 W ResourceType: No known package when getting name for resource number 0x9c010101
08-01 12:06:52.224  2570  2570 W ResourceType: No known package when getting name for resource number 0x9c010201
08-01 12:06:52.225  2570  2570 W ResourceType: No known package when getting name for resource number 0x9c010301
08-01 12:06:52.225  2570  2570 W ResourceType: No known package when getting name for resource number 0x9c010002
08-01 12:06:52.225  2570  2570 W ResourceType: No known package when getting name for resource number 0x9c010102
08-01 12:06:52.225  2570  2570 W ResourceType: No known package when getting name for resource number 0x9c010202
08-01 12:06:52.225  2570  2570 W ResourceType: No known package when getting name for resource number 0x9c010302
08-01 12:06:52.225  2570  2570 W ResourceType: No known package when getting name for resource number 0x9c010003
08-01 12:06:52.225  2570  2570 W ResourceType: No known package when getting name for resource number 0x9c010103
08-01 12:06:52.226  2570  2570 W ResourceType: No known package when getting name for resource number 0x9c010203
08-01 12:06:52.226  2570  2570 W ResourceType: No known package when getting name for resource number 0x9c010303
08-01 12:06:52.226  2570  2570 W ResourceType: No known package when getting name for resource number 0x9c010004
08-01 12:06:52.226  2570  2570 W ResourceType: No known package when getting name for resource number 0x9c010104
08-01 12:06:52.226  2570  2570 W ResourceType: No known package when getting name for resource number 0x9c010204
08-01 12:06:52.226  2570  2570 W ResourceType: No known package when getting name for resource number 0x9c010304
08-01 12:06:52.227  2570  2570 W ResourceType: No known package when getting name for resource number 0x9c020000
08-01 12:06:52.227  2570  2570 W ResourceType: No known package when getting name for resource number 0x9c020100
08-01 12:06:52.227  2570  2570 W ResourceType: No known package when getting name for resource number 0x9c020200
08-01 12:06:52.227  2570  2570 W ResourceType: No known package when getting name for resource number 0x9c020300
08-01 12:06:52.228  2570  2570 W ResourceType: No known package when getting name for resource number 0x9c020001
08-01 12:06:52.228  2570  2570 W ResourceType: No known package when getting name for resource number 0x9c020101
08-01 12:06:52.228  2570  2570 W ResourceType: No known package when getting name for resource number 0x9c020201
08-01 12:06:52.229 18707 18737 V SQLiteDatabase: triggerBuildingIndex(): invalid id, return.
08-01 12:06:52.230 18707 18737 I chatty  : uid=1000(system) AsyncTask #4 identical 1 line
08-01 12:06:52.231 18707 18737 V SQLiteDatabase: triggerBuildingIndex(): invalid id, return.
08-01 12:06:52.232  2570  2570 W ResourceType: No known package when getting name for resource number 0x9c010000
08-01 12:06:52.232  2570  2570 W ResourceType: No known package when getting name for resource number 0x9c010100
08-01 12:06:52.233  2570  2570 W ResourceType: No known package when getting name for resource number 0x9c010200
08-01 12:06:52.233  2570  2570 W ResourceType: No known package when getting name for resource number 0x9c010300
08-01 12:06:52.233  2570  2570 W ResourceType: No known package when getting name for resource number 0x9c010001
08-01 12:06:52.233  2570  2570 W ResourceType: No known package when getting name for resource number 0x9c010101
08-01 12:06:52.233  2570  2570 W ResourceType: No known package when getting name for resource number 0x9c010201
08-01 12:06:52.233  2570  2570 W ResourceType: No known package when getting name for resource number 0x9c010301
08-01 12:06:52.234  2570  2570 W ResourceType: No known package when getting name for resource number 0x9c010002
08-01 12:06:52.234  2570  2570 W ResourceType: No known package when getting name for resource number 0x9c010102
08-01 12:06:52.234  2570  2570 W ResourceType: No known package when getting name for resource number 0x9c010202
08-01 12:06:52.234  2570  2570 W ResourceType: No known package when getting name for resource number 0x9c010302
08-01 12:06:52.234  2570  2570 W ResourceType: No known package when getting name for resource number 0x9c010003
08-01 12:06:52.234  2570  2570 W ResourceType: No known package when getting name for resource number 0x9c010103
08-01 12:06:52.234  2570  2570 W ResourceType: No known package when getting name for resource number 0x9c010203
08-01 12:06:52.234  2570  2570 W ResourceType: No known package when getting name for resource number 0x9c010303
08-01 12:06:52.235  2570  2570 W ResourceType: No known package when getting name for resource number 0x9c010004
08-01 12:06:52.235  2570  2570 W ResourceType: No known package when getting name for resource number 0x9c010104
08-01 12:06:52.235  2570  2570 W ResourceType: No known package when getting name for resource number 0x9c010204
08-01 12:06:52.235 18707 18737 V SQLiteDatabase: triggerBuildingIndex(): invalid id, return.
08-01 12:06:52.235  2570  2570 W ResourceType: No known package when getting name for resource number 0x9c010304
08-01 12:06:52.236  2570  2570 W ResourceType: No known package when getting name for resource number 0x9c020000
08-01 12:06:52.236  2570  2570 W ResourceType: No known package when getting name for resource number 0x9c020100
08-01 12:06:52.236  2570  2570 W ResourceType: No known package when getting name for resource number 0x9c020200
08-01 12:06:52.236  2570  2570 W ResourceType: No known package when getting name for resource number 0x9c020300
08-01 12:06:52.236  2570  2570 W ResourceType: No known package when getting name for resource number 0x9c020001
08-01 12:06:52.236  2570  2570 W ResourceType: No known package when getting name for resource number 0x9c020101
08-01 12:06:52.237  2570  2570 W ResourceType: No known package when getting name for resource number 0x9c020201
08-01 12:06:52.241 18707 18737 V SQLiteDatabase: triggerBuildingIndex(): invalid id, return.
08-01 12:06:52.241  2570  2570 W ResourceType: No known package when getting name for resource number 0x9c010000
08-01 12:06:52.242  2570  2570 W ResourceType: No known package when getting name for resource number 0x9c010100
08-01 12:06:52.242  2570  2570 W ResourceType: No known package when getting name for resource number 0x9c010200
08-01 12:06:52.242  2570  2570 W ResourceType: No known package when getting name for resource number 0x9c010300
08-01 12:06:52.242  2570  2570 W ResourceType: No known package when getting name for resource number 0x9c010001
08-01 12:06:52.242  2570  2570 W ResourceType: No known package when getting name for resource number 0x9c010101
08-01 12:06:52.242  2570  2570 W ResourceType: No known package when getting name for resource number 0x9c010201
08-01 12:06:52.243  2570  2570 W ResourceType: No known package when getting name for resource number 0x9c010301
08-01 12:06:52.243  2570  2570 W ResourceType: No known package when getting name for resource number 0x9c010002
08-01 12:06:52.243  2570  2570 W ResourceType: No known package when getting name for resource number 0x9c010102
08-01 12:06:52.243  2570  2570 W ResourceType: No known package when getting name for resource number 0x9c010202
08-01 12:06:52.243  2570  2570 W ResourceType: No known package when getting name for resource number 0x9c010302
08-01 12:06:52.243  2570  2570 W ResourceType: No known package when getting name for resource number 0x9c010003
08-01 12:06:52.243  2570  2570 W ResourceType: No known package when getting name for resource number 0x9c010103
08-01 12:06:52.244  2570  2570 W ResourceType: No known package when getting name for resource number 0x9c010203
08-01 12:06:52.244 18707 18737 V SQLiteDatabase: triggerBuildingIndex(): invalid id, return.
08-01 12:06:52.244  2570  2570 W ResourceType: No known package when getting name for resource number 0x9c010303
08-01 12:06:52.244  2570  2570 W ResourceType: No known package when getting name for resource number 0x9c010004
08-01 12:06:52.244  2570  2570 W ResourceType: No known package when getting name for resource number 0x9c010104
08-01 12:06:52.244  2570  2570 W ResourceType: No known package when getting name for resource number 0x9c010204
08-01 12:06:52.244  2570  2570 W ResourceType: No known package when getting name for resource number 0x9c010304
08-01 12:06:52.245  2570  2570 W ResourceType: No known package when getting name for resource number 0x9c020000
08-01 12:06:52.245  2570  2570 W ResourceType: No known package when getting name for resource number 0x9c020100
08-01 12:06:52.245  2570  2570 W ResourceType: No known package when getting name for resource number 0x9c020200
08-01 12:06:52.245  2570  2570 W ResourceType: No known package when getting name for resource number 0x9c020300
08-01 12:06:52.245  2570  2570 W ResourceType: No known package when getting name for resource number 0x9c020001
08-01 12:06:52.246  2570  2570 W ResourceType: No known package when getting name for resource number 0x9c020101
08-01 12:06:52.246  2570  2570 W ResourceType: No known package when getting name for resource number 0x9c020201
08-01 12:06:52.249 18707 18737 V SQLiteDatabase: triggerBuildingIndex(): invalid id, return.
08-01 12:06:52.256 18707 18737 I chatty  : uid=1000(system) AsyncTask #4 identical 4 lines
08-01 12:06:52.257 18707 18737 V SQLiteDatabase: triggerBuildingIndex(): invalid id, return.
08-01 12:06:52.258  2570  2570 W ResourceType: No known package when getting name for resource number 0x9c010000
08-01 12:06:52.259  2570  2570 W ResourceType: No known package when getting name for resource number 0x9c010100
08-01 12:06:52.259  2570  2570 W ResourceType: No known package when getting name for resource number 0x9c010200
08-01 12:06:52.260  2570  2570 W ResourceType: No known package when getting name for resource number 0x9c010300
08-01 12:06:52.260  2570  2570 W ResourceType: No known package when getting name for resource number 0x9c010001
08-01 12:06:52.260  2570  2570 W ResourceType: No known package when getting name for resource number 0x9c010101
08-01 12:06:52.260  2570  2570 W ResourceType: No known package when getting name for resource number 0x9c010201
08-01 12:06:52.260  2570  2570 W ResourceType: No known package when getting name for resource number 0x9c010301
08-01 12:06:52.261  2570  2570 W ResourceType: No known package when getting name for resource number 0x9c010002
08-01 12:06:52.261  2570  2570 W ResourceType: No known package when getting name for resource number 0x9c010102
08-01 12:06:52.261  2570  2570 W ResourceType: No known package when getting name for resource number 0x9c010202
08-01 12:06:52.261  2570  2570 W ResourceType: No known package when getting name for resource number 0x9c010302
08-01 12:06:52.261  2570  2570 W ResourceType: No known package when getting name for resource number 0x9c010003
08-01 12:06:52.261  2570  2570 W ResourceType: No known package when getting name for resource number 0x9c010103
08-01 12:06:52.261 18707 18737 V SQLiteDatabase: triggerBuildingIndex(): invalid id, return.
08-01 12:06:52.262  2570  2570 W ResourceType: No known package when getting name for resource number 0x9c010203
08-01 12:06:52.262  2570  2570 W ResourceType: No known package when getting name for resource number 0x9c010303
08-01 12:06:52.262  2570  2570 W ResourceType: No known package when getting name for resource number 0x9c010004
08-01 12:06:52.262  2570  2570 W ResourceType: No known package when getting name for resource number 0x9c010104
08-01 12:06:52.262  2570  2570 W ResourceType: No known package when getting name for resource number 0x9c010204
08-01 12:06:52.262  2570  2570 W ResourceType: No known package when getting name for resource number 0x9c010304
08-01 12:06:52.263 18707 18737 V SQLiteDatabase: triggerBuildingIndex(): invalid id, return.
08-01 12:06:52.263  2570  2570 W ResourceType: No known package when getting name for resource number 0x9c020000
08-01 12:06:52.263  2570  2570 W ResourceType: No known package when getting name for resource number 0x9c020100
08-01 12:06:52.264  2570  2570 W ResourceType: No known package when getting name for resource number 0x9c020200
08-01 12:06:52.264  2570  2570 W ResourceType: No known package when getting name for resource number 0x9c020300
08-01 12:06:52.264  2570  2570 W ResourceType: No known package when getting name for resource number 0x9c020001
08-01 12:06:52.264  2570  2570 W ResourceType: No known package when getting name for resource number 0x9c020101
08-01 12:06:52.264  2570  2570 W ResourceType: No known package when getting name for resource number 0x9c020201
08-01 12:06:52.265 18707 18737 V SQLiteDatabase: triggerBuildingIndex(): invalid id, return.
08-01 12:06:52.269 18707 18737 V SQLiteDatabase: triggerBuildingIndex(): invalid id, return.
08-01 12:06:52.270  2570  2570 W ResourceType: No known package when getting name for resource number 0x9c010000
08-01 12:06:52.271  2570  2570 W ResourceType: No known package when getting name for resource number 0x9c010100
08-01 12:06:52.271 18707 18737 V SQLiteDatabase: triggerBuildingIndex(): invalid id, return.
08-01 12:06:52.271  2570  2570 W ResourceType: No known package when getting name for resource number 0x9c010200
08-01 12:06:52.271  2570  2570 W ResourceType: No known package when getting name for resource number 0x9c010300
08-01 12:06:52.271  2570  2570 W ResourceType: No known package when getting name for resource number 0x9c010001
08-01 12:06:52.271  2570  2570 W ResourceType: No known package when getting name for resource number 0x9c010101
08-01 12:06:52.271  2570  2570 W ResourceType: No known package when getting name for resource number 0x9c010201
08-01 12:06:52.272  2570  2570 W ResourceType: No known package when getting name for resource number 0x9c010301
08-01 12:06:52.272  2570  2570 W ResourceType: No known package when getting name for resource number 0x9c010002
08-01 12:06:52.272  2570  2570 W ResourceType: No known package when getting name for resource number 0x9c010102
08-01 12:06:52.272  2570  2570 W ResourceType: No known package when getting name for resource number 0x9c010202
08-01 12:06:52.272  2570  2570 W ResourceType: No known package when getting name for resource number 0x9c010302
08-01 12:06:52.272  2570  2570 W ResourceType: No known package when getting name for resource number 0x9c010003
08-01 12:06:52.273  2570  2570 W ResourceType: No known package when getting name for resource number 0x9c010103
08-01 12:06:52.273 18707 18737 V SQLiteDatabase: triggerBuildingIndex(): invalid id, return.
08-01 12:06:52.273  2570  2570 W ResourceType: No known package when getting name for resource number 0x9c010203
08-01 12:06:52.273  2570  2570 W ResourceType: No known package when getting name for resource number 0x9c010303
08-01 12:06:52.273  2570  2570 W ResourceType: No known package when getting name for resource number 0x9c010004
08-01 12:06:52.273  2570  2570 W ResourceType: No known package when getting name for resource number 0x9c010104
08-01 12:06:52.274  2570  2570 W ResourceType: No known package when getting name for resource number 0x9c010204
08-01 12:06:52.274  2570  2570 W ResourceType: No known package when getting name for resource number 0x9c010304
08-01 12:06:52.274  2570  2570 W ResourceType: No known package when getting name for resource number 0x9c020000
08-01 12:06:52.275  2570  2570 W ResourceType: No known package when getting name for resource number 0x9c020100
08-01 12:06:52.275  2570  2570 W ResourceType: No known package when getting name for resource number 0x9c020200
08-01 12:06:52.275  2570  2570 W ResourceType: No known package when getting name for resource number 0x9c020300
08-01 12:06:52.275  2570  2570 W ResourceType: No known package when getting name for resource number 0x9c020001
08-01 12:06:52.275  2570  2570 W ResourceType: No known package when getting name for resource number 0x9c020101
08-01 12:06:52.275  2570  2570 W ResourceType: No known package when getting name for resource number 0x9c020201
08-01 12:06:52.276 18707 18737 V SQLiteDatabase: triggerBuildingIndex(): invalid id, return.
08-01 12:06:52.278 18707 18737 I chatty  : uid=1000(system) AsyncTask #4 identical 2 lines
08-01 12:06:52.280 18707 18737 V SQLiteDatabase: triggerBuildingIndex(): invalid id, return.
08-01 12:06:52.281  2570  2570 W ResourceType: No known package when getting name for resource number 0x9c010000
08-01 12:06:52.282  2570  2570 W ResourceType: No known package when getting name for resource number 0x9c010100
08-01 12:06:52.282 18707 18737 D Index   : Indexing locale 'zh_CN_#Hans' took 3092 millis
08-01 12:06:52.282  2570  2570 W ResourceType: No known package when getting name for resource number 0x9c010200
08-01 12:06:52.282  2570  2570 W ResourceType: No known package when getting name for resource number 0x9c010300
08-01 12:06:52.282  2570  2570 W ResourceType: No known package when getting name for resource number 0x9c010001
08-01 12:06:52.282  2570  2570 W ResourceType: No known package when getting name for resource number 0x9c010101
08-01 12:06:52.282  2570  2570 W ResourceType: No known package when getting name for resource number 0x9c010201
08-01 12:06:52.283  2570  2570 W ResourceType: No known package when getting name for resource number 0x9c010301
08-01 12:06:52.283  2570  2570 W ResourceType: No known package when getting name for resource number 0x9c010002
08-01 12:06:52.283  2570  2570 W ResourceType: No known package when getting name for resource number 0x9c010102
08-01 12:06:52.283 18678 18689 I app_process: Background concurrent copying GC freed 99068(5MB) AllocSpace objects, 26(1488KB) LOS objects, 92% free, 1066KB/13MB, paused 7.566ms total 34.669ms
08-01 12:06:52.283  2570  2570 W ResourceType: No known package when getting name for resource number 0x9c010202
08-01 12:06:52.283  2570  2570 W ResourceType: No known package when getting name for resource number 0x9c010302
08-01 12:06:52.283  2570  2570 W ResourceType: No known package when getting name for resource number 0x9c010003
08-01 12:06:52.283  2570  2570 W ResourceType: No known package when getting name for resource number 0x9c010103
08-01 12:06:52.284  2570  2570 W ResourceType: No known package when getting name for resource number 0x9c010203
08-01 12:06:52.284  2570  2570 W ResourceType: No known package when getting name for resource number 0x9c010303
08-01 12:06:52.284  2570  2570 W ResourceType: No known package when getting name for resource number 0x9c010004
08-01 12:06:52.284  2570  2570 W ResourceType: No known package when getting name for resource number 0x9c010104
08-01 12:06:52.284  2570  2570 W ResourceType: No known package when getting name for resource number 0x9c010204
08-01 12:06:52.285  2570  2570 W ResourceType: No known package when getting name for resource number 0x9c010304
08-01 12:06:52.285  2570  2570 W ResourceType: No known package when getting name for resource number 0x9c020000
08-01 12:06:52.286  2570  2570 W ResourceType: No known package when getting name for resource number 0x9c020100
08-01 12:06:52.286  2570  2570 W ResourceType: No known package when getting name for resource number 0x9c020200
08-01 12:06:52.286  2570  2570 W ResourceType: No known package when getting name for resource number 0x9c020300
08-01 12:06:52.286  2570  2570 W ResourceType: No known package when getting name for resource number 0x9c020001
08-01 12:06:52.287  2570  2570 W ResourceType: No known package when getting name for resource number 0x9c020101
08-01 12:06:52.287  2570  2570 W ResourceType: No known package when getting name for resource number 0x9c020201
08-01 12:06:52.291  2570  2570 W ResourceType: No known package when getting name for resource number 0x9c010000
08-01 12:06:52.292  2570  2570 W ResourceType: No known package when getting name for resource number 0x9c010100
08-01 12:06:52.292  2570  2570 W ResourceType: No known package when getting name for resource number 0x9c010200
08-01 12:06:52.292  2570  2570 W ResourceType: No known package when getting name for resource number 0x9c010300
08-01 12:06:52.292  2570  2570 W ResourceType: No known package when getting name for resource number 0x9c010001
08-01 12:06:52.292  2570  2570 W ResourceType: No known package when getting name for resource number 0x9c010101
08-01 12:06:52.292  2570  2570 W ResourceType: No known package when getting name for resource number 0x9c010201
08-01 12:06:52.292  2570  2570 W ResourceType: No known package when getting name for resource number 0x9c010301
08-01 12:06:52.293  2570  2570 W ResourceType: No known package when getting name for resource number 0x9c010002
08-01 12:06:52.293  2570  2570 W ResourceType: No known package when getting name for resource number 0x9c010102
08-01 12:06:52.293  2570  2570 W ResourceType: No known package when getting name for resource number 0x9c010202
08-01 12:06:52.293  2570  2570 W ResourceType: No known package when getting name for resource number 0x9c010302
08-01 12:06:52.293  2570  2570 W ResourceType: No known package when getting name for resource number 0x9c010003
08-01 12:06:52.293  2570  2570 W ResourceType: No known package when getting name for resource number 0x9c010103
08-01 12:06:52.294  2570  2570 W ResourceType: No known package when getting name for resource number 0x9c010203
08-01 12:06:52.294  2570  2570 W ResourceType: No known package when getting name for resource number 0x9c010303
08-01 12:06:52.294  2570  2570 W ResourceType: No known package when getting name for resource number 0x9c010004
08-01 12:06:52.294  2570  2570 W ResourceType: No known package when getting name for resource number 0x9c010104
08-01 12:06:52.294  2570  2570 W ResourceType: No known package when getting name for resource number 0x9c010204
08-01 12:06:52.294  2570  2570 W ResourceType: No known package when getting name for resource number 0x9c010304
08-01 12:06:52.295  2570  2570 W ResourceType: No known package when getting name for resource number 0x9c020000
08-01 12:06:52.295  2570  2570 W ResourceType: No known package when getting name for resource number 0x9c020100
08-01 12:06:52.295  2570  2570 W ResourceType: No known package when getting name for resource number 0x9c020200
08-01 12:06:52.295  2570  2570 W ResourceType: No known package when getting name for resource number 0x9c020300
08-01 12:06:52.296  2570  2570 W ResourceType: No known package when getting name for resource number 0x9c020001
08-01 12:06:52.296  2570  2570 W ResourceType: No known package when getting name for resource number 0x9c020101
08-01 12:06:52.296  2570  2570 W ResourceType: No known package when getting name for resource number 0x9c020201
08-01 12:06:52.300  2570  2570 W ResourceType: No known package when getting name for resource number 0x9c010000
08-01 12:06:52.301  2570  2570 W ResourceType: No known package when getting name for resource number 0x9c010100
08-01 12:06:52.301  2570  2570 W ResourceType: No known package when getting name for resource number 0x9c010200
08-01 12:06:52.301  2570  2570 W ResourceType: No known package when getting name for resource number 0x9c010300
08-01 12:06:52.301  2570  2570 W ResourceType: No known package when getting name for resource number 0x9c010001
08-01 12:06:52.301  2570  2570 W ResourceType: No known package when getting name for resource number 0x9c010101
08-01 12:06:52.301  2570  2570 W ResourceType: No known package when getting name for resource number 0x9c010201
08-01 12:06:52.302  2570  2570 W ResourceType: No known package when getting name for resource number 0x9c010301
08-01 12:06:52.302  2570  2570 W ResourceType: No known package when getting name for resource number 0x9c010002
08-01 12:06:52.302  2570  2570 W ResourceType: No known package when getting name for resource number 0x9c010102
08-01 12:06:52.302  2570  2570 W ResourceType: No known package when getting name for resource number 0x9c010202
08-01 12:06:52.302  2570  2570 W ResourceType: No known package when getting name for resource number 0x9c010302
08-01 12:06:52.302  2570  2570 W ResourceType: No known package when getting name for resource number 0x9c010003
08-01 12:06:52.302  2570  2570 W ResourceType: No known package when getting name for resource number 0x9c010103
08-01 12:06:52.303  2570  2570 W ResourceType: No known package when getting name for resource number 0x9c010203
08-01 12:06:52.303  2570  2570 W ResourceType: No known package when getting name for resource number 0x9c010303
08-01 12:06:52.303  2570  2570 W ResourceType: No known package when getting name for resource number 0x9c010004
08-01 12:06:52.303  2570  2570 W ResourceType: No known package when getting name for resource number 0x9c010104
