08-01 12:06:52.008  2570  2570 W ResourceType: No known package when getting name for resource number 0x9c010303
08-01 12:06:52.008  2570  2570 W ResourceType: No known package when getting name for resource number 0x9c010004
08-01 12:06:52.009  2570  2570 W ResourceType: No known package when getting name for resource number 0x9c010104
08-01 12:06:52.009  2570  2570 W ResourceType: No known package when getting name for resource number 0x9c010204
08-01 12:06:52.009  2570  2570 W ResourceType: No known package when getting name for resource number 0x9c010304
08-01 12:06:52.010  2570  2570 W ResourceType: No known package when getting name for resource number 0x9c020000
08-01 12:06:52.010  2570  2570 W ResourceType: No known package when getting name for resource number 0x9c020100
08-01 12:06:52.010  2570  2570 W ResourceType: No known package when getting name for resource number 0x9c020200
08-01 12:06:52.010  2570  2570 W ResourceType: No known package when getting name for resource number 0x9c020300
08-01 12:06:52.011  2570  2570 W ResourceType: No known package when getting name for resource number 0x9c020001
08-01 12:06:52.011  2570  2570 W ResourceType: No known package when getting name for resource number 0x9c020101
08-01 12:06:52.011  2570  2570 W ResourceType: No known package when getting name for resource number 0x9c020201
08-01 12:06:52.015 18707 18737 E antiTheft: isAntiTheftSupported:true
08-01 12:06:52.015 18707 18737 D antiTheft: isAntiTheftSupported = true
08-01 12:06:52.016  2570  2570 W ResourceType: No known package when getting name for resource number 0x9c010000
08-01 12:06:52.016  2570  2570 W ResourceType: No known package when getting name for resource number 0x9c010100
08-01 12:06:52.017  2570  2570 W ResourceType: No known package when getting name for resource number 0x9c010200
08-01 12:06:52.017 18707 18737 I Settings: isNeedSkipFuction: setupNotDone = false, deviceProvisioned = true, userSetupComplete = true, FRPRestricted = false, needSkipFuction = false
08-01 12:06:52.017  2570  2570 W ResourceType: No known package when getting name for resource number 0x9c010200
08-01 12:06:52.017  2570  2570 W ResourceType: No known package when getting name for resource number 0x9c010300
08-01 12:06:52.017  2570  2570 W ResourceType: No known package when getting name for resource number 0x9c010001
08-01 12:06:52.017  2570  2570 W ResourceType: No known package when getting name for resource number 0x9c010101
08-01 12:06:52.017  2570  2570 W ResourceType: No known package when getting name for resource number 0x9c010201
08-01 12:06:52.017  2570  2570 W ResourceType: No known package when getting name for resource number 0x9c010301
08-01 12:06:52.017  2570  2570 W ResourceType: No known package when getting name for resource number 0x9c010002
08-01 12:06:52.018  2570  2570 W ResourceType: No known package when getting name for resource number 0x9c010102
08-01 12:06:52.018  2570  2570 W ResourceType: No known package when getting name for resource number 0x9c010202
08-01 12:06:52.018  2570  2570 W ResourceType: No known package when getting name for resource number 0x9c010302
08-01 12:06:52.018  2570  2570 W ResourceType: No known package when getting name for resource number 0x9c010003
08-01 12:06:52.018  2570  2570 W ResourceType: No known package when getting name for resource number 0x9c010103
08-01 12:06:52.018  2570  2570 W ResourceType: No known package when getting name for resource number 0x9c010203
08-01 12:06:52.018  2570  2570 W ResourceType: No known package when getting name for resource number 0x9c010303
08-01 12:06:52.018  2570  2570 W ResourceType: No known package when getting name for resource number 0x9c010004
08-01 12:06:52.019  2570  2570 W ResourceType: No known package when getting name for resource number 0x9c010104
08-01 12:06:52.019  2570  2570 W ResourceType: No known package when getting name for resource number 0x9c010204
08-01 12:06:52.019  2570  2570 W ResourceType: No known package when getting name for resource number 0x9c010304
08-01 12:06:52.020  2570  2570 W ResourceType: No known package when getting name for resource number 0x9c020000
08-01 12:06:52.020  2570  2570 W ResourceType: No known package when getting name for resource number 0x9c020100
08-01 12:06:52.020  2570  2570 W ResourceType: No known package when getting name for resource number 0x9c020200
08-01 12:06:52.020  2570  2570 W ResourceType: No known package when getting name for resource number 0x9c020300
08-01 12:06:52.020  2570  2570 W ResourceType: No known package when getting name for resource number 0x9c020001
08-01 12:06:52.021  2570  2570 W ResourceType: No known package when getting name for resource number 0x9c020101
08-01 12:06:52.021  2570  2570 W ResourceType: No known package when getting name for resource number 0x9c020201
08-01 12:06:52.022  1147 16179 D HwSecurityService: find this Resident Plugin
08-01 12:06:52.025  2570  2570 W ResourceType: No known package when getting name for resource number 0x9c010000
08-01 12:06:52.025  2570  2570 W ResourceType: No known package when getting name for resource number 0x9c010100
08-01 12:06:52.026  2570  2570 W ResourceType: No known package when getting name for resource number 0x9c010200
08-01 12:06:52.026  2570  2570 W ResourceType: No known package when getting name for resource number 0x9c010300
08-01 12:06:52.026  2570  2570 W ResourceType: No known package when getting name for resource number 0x9c010001
08-01 12:06:52.026  2570  2570 W ResourceType: No known package when getting name for resource number 0x9c010101
08-01 12:06:52.026  2570  2570 W ResourceType: No known package when getting name for resource number 0x9c010201
08-01 12:06:52.026  2570  2570 W ResourceType: No known package when getting name for resource number 0x9c010301
08-01 12:06:52.026  2570  2570 W ResourceType: No known package when getting name for resource number 0x9c010002
08-01 12:06:52.027  2570  2570 W ResourceType: No known package when getting name for resource number 0x9c010102
08-01 12:06:52.027  2570  2570 W ResourceType: No known package when getting name for resource number 0x9c010202
08-01 12:06:52.027  2570  2570 W ResourceType: No known package when getting name for resource number 0x9c010302
08-01 12:06:52.027  2570  2570 W ResourceType: No known package when getting name for resource number 0x9c010003
08-01 12:06:52.027  2570  2570 W ResourceType: No known package when getting name for resource number 0x9c010103
08-01 12:06:52.027  2570  2570 W ResourceType: No known package when getting name for resource number 0x9c010203
08-01 12:06:52.027  2570  2570 W ResourceType: No known package when getting name for resource number 0x9c010303
08-01 12:06:52.027  2570  2570 W ResourceType: No known package when getting name for resource number 0x9c010004
08-01 12:06:52.028  2570  2570 W ResourceType: No known package when getting name for resource number 0x9c010104
08-01 12:06:52.028  2570  2570 W ResourceType: No known package when getting name for resource number 0x9c010204
08-01 12:06:52.028  2570  2570 W ResourceType: No known package when getting name for resource number 0x9c010304
08-01 12:06:52.028  2570  2570 W ResourceType: No known package when getting name for resource number 0x9c020000
08-01 12:06:52.029  2570  2570 W ResourceType: No known package when getting name for resource number 0x9c020100
08-01 12:06:52.029  2570  2570 W ResourceType: No known package when getting name for resource number 0x9c020200
08-01 12:06:52.029  2570  2570 W ResourceType: No known package when getting name for resource number 0x9c020300
08-01 12:06:52.029  2570  2570 W ResourceType: No known package when getting name for resource number 0x9c020001
08-01 12:06:52.029 18707 18737 V SQLiteDatabase: triggerBuildingIndex(): invalid id, return.
08-01 12:06:52.029  2570  2570 W ResourceType: No known package when getting name for resource number 0x9c020101
08-01 12:06:52.030  2570  2570 W ResourceType: No known package when getting name for resource number 0x9c020201
08-01 12:06:52.032 18707 18737 V SQLiteDatabase: triggerBuildingIndex(): invalid id, return.
08-01 12:06:52.035  2570  2570 W ResourceType: No known package when getting name for resource number 0x9c010000
08-01 12:06:52.035  2570  2570 W ResourceType: No known package when getting name for resource number 0x9c010100
08-01 12:06:52.035  2570  2570 W ResourceType: No known package when getting name for resource number 0x9c010200
08-01 12:06:52.035  2570  2570 W ResourceType: No known package when getting name for resource number 0x9c010300
08-01 12:06:52.036  2570  2570 W ResourceType: No known package when getting name for resource number 0x9c010001
08-01 12:06:52.036  2570  2570 W ResourceType: No known package when getting name for resource number 0x9c010101
08-01 12:06:52.036  2570  2570 W ResourceType: No known package when getting name for resource number 0x9c010201
08-01 12:06:52.036  2570  2570 W ResourceType: No known package when getting name for resource number 0x9c010301
08-01 12:06:52.036  2570  2570 W ResourceType: No known package when getting name for resource number 0x9c010002
08-01 12:06:52.036  2570  2570 W ResourceType: No known package when getting name for resource number 0x9c010102
08-01 12:06:52.036  2570  2570 W ResourceType: No known package when getting name for resource number 0x9c010202
08-01 12:06:52.036  2570  2570 W ResourceType: No known package when getting name for resource number 0x9c010302
08-01 12:06:52.037  2570  2570 W ResourceType: No known package when getting name for resource number 0x9c010003
08-01 12:06:52.037  2570  2570 W ResourceType: No known package when getting name for resource number 0x9c010103
08-01 12:06:52.037  2570  2570 W ResourceType: No known package when getting name for resource number 0x9c010203
08-01 12:06:52.037  2570  2570 W ResourceType: No known package when getting name for resource number 0x9c010303
08-01 12:06:52.037  2570  2570 W ResourceType: No known package when getting name for resource number 0x9c010004
08-01 12:06:52.037  2570  2570 W ResourceType: No known package when getting name for resource number 0x9c010104
08-01 12:06:52.037  2570  2570 W ResourceType: No known package when getting name for resource number 0x9c010204
08-01 12:06:52.037  2570  2570 W ResourceType: No known package when getting name for resource number 0x9c010304
08-01 12:06:52.038  2570  2570 W ResourceType: No known package when getting name for resource number 0x9c020000
08-01 12:06:52.038  2570  2570 W ResourceType: No known package when getting name for resource number 0x9c020100
08-01 12:06:52.038  2570  2570 W ResourceType: No known package when getting name for resource number 0x9c020200
08-01 12:06:52.039  2570  2570 W ResourceType: No known package when getting name for resource number 0x9c020300
08-01 12:06:52.039  2570  2570 W ResourceType: No known package when getting name for resource number 0x9c020001
08-01 12:06:52.039  2570  2570 W ResourceType: No known package when getting name for resource number 0x9c020101
08-01 12:06:52.039  2570  2570 W ResourceType: No known package when getting name for resource number 0x9c020201
08-01 12:06:52.042 18707 18737 D CallEncryptionSettings: shouldDisplay:false|isSimCardPresent:false|supportCallEncryption:true|supportCallEncryptionAdd:true|isChineseVersion:true
08-01 12:06:52.044  2570  2570 W ResourceType: No known package when getting name for resource number 0x9c010000
08-01 12:06:52.044  2570  2570 W ResourceType: No known package when getting name for resource number 0x9c010100
08-01 12:06:52.044  2570  2570 W ResourceType: No known package when getting name for resource number 0x9c010200
08-01 12:06:52.044  2570  2570 W ResourceType: No known package when getting name for resource number 0x9c010300
08-01 12:06:52.045  2570  2570 W ResourceType: No known package when getting name for resource number 0x9c010001
08-01 12:06:52.045  2570  2570 W ResourceType: No known package when getting name for resource number 0x9c010101
08-01 12:06:52.045  2570  2570 W ResourceType: No known package when getting name for resource number 0x9c010201
08-01 12:06:52.045  2570  2570 W ResourceType: No known package when getting name for resource number 0x9c010301
08-01 12:06:52.045  2570  2570 W ResourceType: No known package when getting name for resource number 0x9c010002
08-01 12:06:52.045  2570  2570 W ResourceType: No known package when getting name for resource number 0x9c010102
08-01 12:06:52.046  2570  2570 W ResourceType: No known package when getting name for resource number 0x9c010202
08-01 12:06:52.046  2570  2570 W ResourceType: No known package when getting name for resource number 0x9c010302
08-01 12:06:52.046  2570  2570 W ResourceType: No known package when getting name for resource number 0x9c010003
08-01 12:06:52.046  2570  2570 W ResourceType: No known package when getting name for resource number 0x9c010103
08-01 12:06:52.046  2570  2570 W ResourceType: No known package when getting name for resource number 0x9c010203
08-01 12:06:52.046  2570  2570 W ResourceType: No known package when getting name for resource number 0x9c010303
08-01 12:06:52.046  2570  2570 W ResourceType: No known package when getting name for resource number 0x9c010004
08-01 12:06:52.047  2570  2570 W ResourceType: No known package when getting name for resource number 0x9c010104
08-01 12:06:52.047  2570  2570 W ResourceType: No known package when getting name for resource number 0x9c010204
08-01 12:06:52.047  2570  2570 W ResourceType: No known package when getting name for resource number 0x9c010304
08-01 12:06:52.047  2570  2570 W ResourceType: No known package when getting name for resource number 0x9c020000
08-01 12:06:52.048  2570  2570 W ResourceType: No known package when getting name for resource number 0x9c020100
08-01 12:06:52.048  2570  2570 W ResourceType: No known package when getting name for resource number 0x9c020200
08-01 12:06:52.048  2570  2570 W ResourceType: No known package when getting name for resource number 0x9c020300
08-01 12:06:52.048  2570  2570 W ResourceType: No known package when getting name for resource number 0x9c020001
08-01 12:06:52.048  2570  2570 W ResourceType: No known package when getting name for resource number 0x9c020101
08-01 12:06:52.048  2570  2570 W ResourceType: No known package when getting name for resource number 0x9c020201
08-01 12:06:52.053  2570  2570 W ResourceType: No known package when getting name for resource number 0x9c010000
08-01 12:06:52.053  2570  2570 W ResourceType: No known package when getting name for resource number 0x9c010100
08-01 12:06:52.053  2570  2570 W ResourceType: No known package when getting name for resource number 0x9c010200
08-01 12:06:52.054  2570  2570 W ResourceType: No known package when getting name for resource number 0x9c010300
08-01 12:06:52.054  2570  2570 W ResourceType: No known package when getting name for resource number 0x9c010001
08-01 12:06:52.054  2570  2570 W ResourceType: No known package when getting name for resource number 0x9c010101
08-01 12:06:52.054  2570  2570 W ResourceType: No known package when getting name for resource number 0x9c010201
08-01 12:06:52.054  2570  2570 W ResourceType: No known package when getting name for resource number 0x9c010301
08-01 12:06:52.054  2570  2570 W ResourceType: No known package when getting name for resource number 0x9c010002
08-01 12:06:52.054  2570  2570 W ResourceType: No known package when getting name for resource number 0x9c010102
08-01 12:06:52.054  2570  2570 W ResourceType: No known package when getting name for resource number 0x9c010202
08-01 12:06:52.055  2570  2570 W ResourceType: No known package when getting name for resource number 0x9c010302
08-01 12:06:52.055 18707 18737 V SQLiteDatabase: triggerBuildingIndex(): invalid id, return.
08-01 12:06:52.055  2570  2570 W ResourceType: No known package when getting name for resource number 0x9c010003
08-01 12:06:52.055  2570  2570 W ResourceType: No known package when getting name for resource number 0x9c010103
08-01 12:06:52.055  2570  2570 W ResourceType: No known package when getting name for resource number 0x9c010203
08-01 12:06:52.055  2570  2570 W ResourceType: No known package when getting name for resource number 0x9c010303
08-01 12:06:52.055  2570  2570 W ResourceType: No known package when getting name for resource number 0x9c010004
08-01 12:06:52.055  2570  2570 W ResourceType: No known package when getting name for resource number 0x9c010104
08-01 12:06:52.056  2570  2570 W ResourceType: No known package when getting name for resource number 0x9c010204
08-01 12:06:52.056  2570  2570 W ResourceType: No known package when getting name for resource number 0x9c010304
08-01 12:06:52.056  2570  2570 W ResourceType: No known package when getting name for resource number 0x9c020000
08-01 12:06:52.057  2570  2570 W ResourceType: No known package when getting name for resource number 0x9c020100
08-01 12:06:52.057  2570  2570 W ResourceType: No known package when getting name for resource number 0x9c020200
08-01 12:06:52.057  2570  2570 W ResourceType: No known package when getting name for resource number 0x9c020300
08-01 12:06:52.057  2570  2570 W ResourceType: No known package when getting name for resource number 0x9c020001
08-01 12:06:52.057  2570  2570 W ResourceType: No known package when getting name for resource number 0x9c020101
08-01 12:06:52.057  2570  2570 W ResourceType: No known package when getting name for resource number 0x9c020201
08-01 12:06:52.058 18707 18737 V SQLiteDatabase: triggerBuildingIndex(): invalid id, return.
08-01 12:06:52.062  2570  2570 W ResourceType: No known package when getting name for resource number 0x9c010000
08-01 12:06:52.062  2570  2570 W ResourceType: No known package when getting name for resource number 0x9c010100
08-01 12:06:52.062  2570  2570 W ResourceType: No known package when getting name for resource number 0x9c010200
08-01 12:06:52.062  2570  2570 W ResourceType: No known package when getting name for resource number 0x9c010300
08-01 12:06:52.062  2570  2570 W ResourceType: No known package when getting name for resource number 0x9c010001
08-01 12:06:52.062  2570  2570 W ResourceType: No known package when getting name for resource number 0x9c010101
08-01 12:06:52.063  2570  2570 W ResourceType: No known package when getting name for resource number 0x9c010201
08-01 12:06:52.063  2570  2570 W ResourceType: No known package when getting name for resource number 0x9c010301
08-01 12:06:52.063  2570  2570 W ResourceType: No known package when getting name for resource number 0x9c010002
08-01 12:06:52.063  2570  2570 W ResourceType: No known package when getting name for resource number 0x9c010102
08-01 12:06:52.063  2570  2570 W ResourceType: No known package when getting name for resource number 0x9c010202
08-01 12:06:52.063  2570  2570 W ResourceType: No known package when getting name for resource number 0x9c010302
08-01 12:06:52.063  2570  2570 W ResourceType: No known package when getting name for resource number 0x9c010003
08-01 12:06:52.064  2570  2570 W ResourceType: No known package when getting name for resource number 0x9c010103
08-01 12:06:52.064  2570  2570 W ResourceType: No known package when getting name for resource number 0x9c010203
08-01 12:06:52.064  2570  2570 W ResourceType: No known package when getting name for resource number 0x9c010303
08-01 12:06:52.064  2570  2570 W ResourceType: No known package when getting name for resource number 0x9c010004
08-01 12:06:52.064  2570  2570 W ResourceType: No known package when getting name for resource number 0x9c010104
08-01 12:06:52.064  2570  2570 W ResourceType: No known package when getting name for resource number 0x9c010204
08-01 12:06:52.064 18707 18737 V SQLiteDatabase: triggerBuildingIndex(): invalid id, return.
08-01 12:06:52.064  2570  2570 W ResourceType: No known package when getting name for resource number 0x9c010304
08-01 12:06:52.065  2570  2570 W ResourceType: No known package when getting name for resource number 0x9c020000
08-01 12:06:52.065  2570  2570 W ResourceType: No known package when getting name for resource number 0x9c020100
08-01 12:06:52.065  2570  2570 W ResourceType: No known package when getting name for resource number 0x9c020200
08-01 12:06:52.066  2570  2570 W ResourceType: No known package when getting name for resource number 0x9c020300
08-01 12:06:52.066  2570  2570 W ResourceType: No known package when getting name for resource number 0x9c020001
08-01 12:06:52.066  2570  2570 W ResourceType: No known package when getting name for resource number 0x9c020101
08-01 12:06:52.066  2570  2570 W ResourceType: No known package when getting name for resource number 0x9c020201
08-01 12:06:52.071  2570  2570 W ResourceType: No known package when getting name for resource number 0x9c010000
08-01 12:06:52.071 18707 18737 V SQLiteDatabase: triggerBuildingIndex(): invalid id, return.
08-01 12:06:52.071  2570  2570 W ResourceType: No known package when getting name for resource number 0x9c010100
08-01 12:06:52.071  2570  2570 W ResourceType: No known package when getting name for resource number 0x9c010200
08-01 12:06:52.071  2570  2570 W ResourceType: No known package when getting name for resource number 0x9c010300
08-01 12:06:52.071  2570  2570 W ResourceType: No known package when getting name for resource number 0x9c010001
08-01 12:06:52.071  2570  2570 W ResourceType: No known package when getting name for resource number 0x9c010101
08-01 12:06:52.072  2570  2570 W ResourceType: No known package when getting name for resource number 0x9c010201
08-01 12:06:52.072  2570  2570 W ResourceType: No known package when getting name for resource number 0x9c010301
08-01 12:06:52.072  2570  2570 W ResourceType: No known package when getting name for resource number 0x9c010002
08-01 12:06:52.072  2570  2570 W ResourceType: No known package when getting name for resource number 0x9c010102
08-01 12:06:52.072  2570  2570 W ResourceType: No known package when getting name for resource number 0x9c010202
08-01 12:06:52.072  2570  2570 W ResourceType: No known package when getting name for resource number 0x9c010302
08-01 12:06:52.072  2570  2570 W ResourceType: No known package when getting name for resource number 0x9c010003
08-01 12:06:52.072  2570  2570 W ResourceType: No known package when getting name for resource number 0x9c010103
08-01 12:06:52.073  2570  2570 W ResourceType: No known package when getting name for resource number 0x9c010203
08-01 12:06:52.073 18707 18737 V SQLiteDatabase: triggerBuildingIndex(): invalid id, return.
08-01 12:06:52.073  2570  2570 W ResourceType: No known package when getting name for resource number 0x9c010303
08-01 12:06:52.073  2570  2570 W ResourceType: No known package when getting name for resource number 0x9c010004
08-01 12:06:52.073  2570  2570 W ResourceType: No known package when getting name for resource number 0x9c010104
08-01 12:06:52.073  2570  2570 W ResourceType: No known package when getting name for resource number 0x9c010204
08-01 12:06:52.073  2570  2570 W ResourceType: No known package when getting name for resource number 0x9c010304
08-01 12:06:52.074  2570  2570 W ResourceType: No known package when getting name for resource number 0x9c020000
08-01 12:06:52.074  2570  2570 W ResourceType: No known package when getting name for resource number 0x9c020100
08-01 12:06:52.074  2570  2570 W ResourceType: No known package when getting name for resource number 0x9c020200
08-01 12:06:52.074  2570  2570 W ResourceType: No known package when getting name for resource number 0x9c020300
08-01 12:06:52.075  2570  2570 W ResourceType: No known package when getting name for resource number 0x9c020001
08-01 12:06:52.075 18707 18737 V SQLiteDatabase: triggerBuildingIndex(): invalid id, return.
08-01 12:06:52.075  2570  2570 W ResourceType: No known package when getting name for resource number 0x9c020101
08-01 12:06:52.075  2570  2570 W ResourceType: No known package when getting name for resource number 0x9c020201
08-01 12:06:52.078 18707 18737 V SQLiteDatabase: triggerBuildingIndex(): invalid id, return.
08-01 12:06:52.080  2570  2570 W ResourceType: No known package when getting name for resource number 0x9c010000
08-01 12:06:52.080  2570  2570 W ResourceType: No known package when getting name for resource number 0x9c010100
08-01 12:06:52.080  2570  2570 W ResourceType: No known package when getting name for resource number 0x9c010200
08-01 12:06:52.080  2570  2570 W ResourceType: No known package when getting name for resource number 0x9c010300
08-01 12:06:52.080  2570  2570 W ResourceType: No known package when getting name for resource number 0x9c010001
08-01 12:06:52.081  2570  2570 W ResourceType: No known package when getting name for resource number 0x9c010101
08-01 12:06:52.081  2570  2570 W ResourceType: No known package when getting name for resource number 0x9c010201
08-01 12:06:52.081  2570  2570 W ResourceType: No known package when getting name for resource number 0x9c010301
08-01 12:06:52.081  2570  2570 W ResourceType: No known package when getting name for resource number 0x9c010002
08-01 12:06:52.081  2570  2570 W ResourceType: No known package when getting name for resource number 0x9c010102
08-01 12:06:52.081  2570  2570 W ResourceType: No known package when getting name for resource number 0x9c010202
08-01 12:06:52.081  2570  2570 W ResourceType: No known package when getting name for resource number 0x9c010302
08-01 12:06:52.081  2570  2570 W ResourceType: No known package when getting name for resource number 0x9c010003
08-01 12:06:52.082  2570  2570 W ResourceType: No known package when getting name for resource number 0x9c010103
08-01 12:06:52.082  2570  2570 W ResourceType: No known package when getting name for resource number 0x9c010203
08-01 12:06:52.082 18707 18737 V SQLiteDatabase: triggerBuildingIndex(): invalid id, return.
08-01 12:06:52.082  2570  2570 W ResourceType: No known package when getting name for resource number 0x9c010303
08-01 12:06:52.082  2570  2570 W ResourceType: No known package when getting name for resource number 0x9c010004
08-01 12:06:52.082  2570  2570 W ResourceType: No known package when getting name for resource number 0x9c010104
08-01 12:06:52.082  2570  2570 W ResourceType: No known package when getting name for resource number 0x9c010204
08-01 12:06:52.082  2570  2570 W ResourceType: No known package when getting name for resource number 0x9c010304
08-01 12:06:52.083  2570  2570 W ResourceType: No known package when getting name for resource number 0x9c020000
08-01 12:06:52.083  2570  2570 W ResourceType: No known package when getting name for resource number 0x9c020100
08-01 12:06:52.083  2570  2570 W ResourceType: No known package when getting name for resource number 0x9c020200
08-01 12:06:52.084  2570  2570 W ResourceType: No known package when getting name for resource number 0x9c020300
08-01 12:06:52.084  2570  2570 W ResourceType: No known package when getting name for resource number 0x9c020001
08-01 12:06:52.084  2570  2570 W ResourceType: No known package when getting name for resource number 0x9c020101
08-01 12:06:52.084  2570  2570 W ResourceType: No known package when getting name for resource number 0x9c020201
08-01 12:06:52.088  2570  2570 W ResourceType: No known package when getting name for resource number 0x9c010000
08-01 12:06:52.089  2570  2570 W ResourceType: No known package when getting name for resource number 0x9c010100
08-01 12:06:52.089  2570  2570 W ResourceType: No known package when getting name for resource number 0x9c010200
08-01 12:06:52.089  2570  2570 W ResourceType: No known package when getting name for resource number 0x9c010300
08-01 12:06:52.089  2570  2570 W ResourceType: No known package when getting name for resource number 0x9c010001
08-01 12:06:52.089  2570  2570 W ResourceType: No known package when getting name for resource number 0x9c010101
08-01 12:06:52.089  2570  2570 W ResourceType: No known package when getting name for resource number 0x9c010201
08-01 12:06:52.090  2570  2570 W ResourceType: No known package when getting name for resource number 0x9c010301
08-01 12:06:52.090  2570  2570 W ResourceType: No known package when getting name for resource number 0x9c010002
08-01 12:06:52.090  2570  2570 W ResourceType: No known package when getting name for resource number 0x9c010102
08-01 12:06:52.090  2570  2570 W ResourceType: No known package when getting name for resource number 0x9c010202
08-01 12:06:52.090  2570  2570 W ResourceType: No known package when getting name for resource number 0x9c010302
08-01 12:06:52.090  2570  2570 W ResourceType: No known package when getting name for resource number 0x9c010003
08-01 12:06:52.090  2570  2570 W ResourceType: No known package when getting name for resource number 0x9c010103
08-01 12:06:52.091  2570  2570 W ResourceType: No known package when getting name for resource number 0x9c010203
08-01 12:06:52.091  2570  2570 W ResourceType: No known package when getting name for resource number 0x9c010303
08-01 12:06:52.091  2570  2570 W ResourceType: No known package when getting name for resource number 0x9c010004
08-01 12:06:52.091  2570  2570 W ResourceType: No known package when getting name for resource number 0x9c010104
08-01 12:06:52.091  2570  2570 W ResourceType: No known package when getting name for resource number 0x9c010204
08-01 12:06:52.091 18707 18737 V SQLiteDatabase: triggerBuildingIndex(): invalid id, return.
08-01 12:06:52.091  2570  2570 W ResourceType: No known package when getting name for resource number 0x9c010304
08-01 12:06:52.092  2570  2570 W ResourceType: No known package when getting name for resource number 0x9c020000
08-01 12:06:52.092  2570  2570 W ResourceType: No known package when getting name for resource number 0x9c020100
08-01 12:06:52.092  2570  2570 W ResourceType: No known package when getting name for resource number 0x9c020200
08-01 12:06:52.092  2570  2570 W ResourceType: No known package when getting name for resource number 0x9c020300
08-01 12:06:52.093  2570  2570 W ResourceType: No known package when getting name for resource number 0x9c020001
08-01 12:06:52.093  2570  2570 W ResourceType: No known package when getting name for resource number 0x9c020101
08-01 12:06:52.093  2570  2570 W ResourceType: No known package when getting name for resource number 0x9c020201
08-01 12:06:52.093 18707 18737 V SQLiteDatabase: triggerBuildingIndex(): invalid id, return.
08-01 12:06:52.097  2570  2570 W ResourceType: No known package when getting name for resource number 0x9c010000
08-01 12:06:52.098  2570  2570 W ResourceType: No known package when getting name for resource number 0x9c010100
08-01 12:06:52.098  2570  2570 W ResourceType: No known package when getting name for resource number 0x9c010200
08-01 12:06:52.098  2570  2570 W ResourceType: No known package when getting name for resource number 0x9c010300
08-01 12:06:52.098  2570  2570 W ResourceType: No known package when getting name for resource number 0x9c010001
08-01 12:06:52.098  2570  2570 W ResourceType: No known package when getting name for resource number 0x9c010101
08-01 12:06:52.098  2570  2570 W ResourceType: No known package when getting name for resource number 0x9c010201
08-01 12:06:52.098  2570  2570 W ResourceType: No known package when getting name for resource number 0x9c010301
08-01 12:06:52.099  2570  2570 W ResourceType: No known package when getting name for resource number 0x9c010002
08-01 12:06:52.099  2570  2570 W ResourceType: No known package when getting name for resource number 0x9c010102
08-01 12:06:52.099  2570  2570 W ResourceType: No known package when getting name for resource number 0x9c010202
08-01 12:06:52.099  2570  2570 W ResourceType: No known package when getting name for resource number 0x9c010302
08-01 12:06:52.099  2570  2570 W ResourceType: No known package when getting name for resource number 0x9c010003
08-01 12:06:52.099  2570  2570 W ResourceType: No known package when getting name for resource number 0x9c010103
08-01 12:06:52.099  2570  2570 W ResourceType: No known package when getting name for resource number 0x9c010203
08-01 12:06:52.100  2570  2570 W ResourceType: No known package when getting name for resource number 0x9c010303
08-01 12:06:52.100  2570  2570 W ResourceType: No known package when getting name for resource number 0x9c010004
08-01 12:06:52.100  2570  2570 W ResourceType: No known package when getting name for resource number 0x9c010104
08-01 12:06:52.100  2570  2570 W ResourceType: No known package when getting name for resource number 0x9c010204
08-01 12:06:52.100  2570  2570 W ResourceType: No known package when getting name for resource number 0x9c010304
08-01 12:06:52.101  2570  2570 W ResourceType: No known package when getting name for resource number 0x9c020000
08-01 12:06:52.101  2570  2570 W ResourceType: No known package when getting name for resource number 0x9c020100
08-01 12:06:52.101  2570  2570 W ResourceType: No known package when getting name for resource number 0x9c020200
08-01 12:06:52.101  2570  2570 W ResourceType: No known package when getting name for resource number 0x9c020300
08-01 12:06:52.101  2570  2570 W ResourceType: No known package when getting name for resource number 0x9c020001
08-01 12:06:52.101  2570  2570 W ResourceType: No known package when getting name for resource number 0x9c020101
08-01 12:06:52.102  2570  2570 W ResourceType: No known package when getting name for resource number 0x9c020201
08-01 12:06:52.104 18707 18737 I HwCust  : Constructor found for class com.android.settings.HwCustNotificationAndStatusSettingsImpl
08-01 12:06:52.104 18707 18737 D HwCust  : Create obj success use class com.android.settings.HwCustNotificationAndStatusSettingsImpl
08-01 12:06:52.105 18707 18737 D HwCust  : Create obj success use class com.android.settings.search.HwCustSearchIndexProviderImpl
08-01 12:06:52.106  2570  2570 W ResourceType: No known package when getting name for resource number 0x9c010000
08-01 12:06:52.107  2570  2570 W ResourceType: No known package when getting name for resource number 0x9c010100
08-01 12:06:52.107  2570  2570 W ResourceType: No known package when getting name for resource number 0x9c010200
08-01 12:06:52.107  2570  2570 W ResourceType: No known package when getting name for resource number 0x9c010300
08-01 12:06:52.107  2570  2570 W ResourceType: No known package when getting name for resource number 0x9c010001
08-01 12:06:52.107  2570  2570 W ResourceType: No known package when getting name for resource number 0x9c010101
08-01 12:06:52.107  2570  2570 W ResourceType: No known package when getting name for resource number 0x9c010201
08-01 12:06:52.107  2570  2570 W ResourceType: No known package when getting name for resource number 0x9c010301
08-01 12:06:52.108  2570  2570 W ResourceType: No known package when getting name for resource number 0x9c010002
08-01 12:06:52.108  2570  2570 W ResourceType: No known package when getting name for resource number 0x9c010102
08-01 12:06:52.108  2570  2570 W ResourceType: No known package when getting name for resource number 0x9c010202
08-01 12:06:52.108  2570  2570 W ResourceType: No known package when getting name for resource number 0x9c010302
08-01 12:06:52.108  2570  2570 W ResourceType: No known package when getting name for resource number 0x9c010003
08-01 12:06:52.108  2570  2570 W ResourceType: No known package when getting name for resource number 0x9c010103
08-01 12:06:52.108  2570  2570 W ResourceType: No known package when getting name for resource number 0x9c010203
08-01 12:06:52.109  2570  2570 W ResourceType: No known package when getting name for resource number 0x9c010303
08-01 12:06:52.109  2570  2570 W ResourceType: No known package when getting name for resource number 0x9c010004
08-01 12:06:52.109  2570  2570 W ResourceType: No known package when getting name for resource number 0x9c010104
08-01 12:06:52.109  2570  2570 W ResourceType: No known package when getting name for resource number 0x9c010204
08-01 12:06:52.109  2570  2570 W ResourceType: No known package when getting name for resource number 0x9c010304
08-01 12:06:52.110  2570  2570 W ResourceType: No known package when getting name for resource number 0x9c020000
08-01 12:06:52.110  2570  2570 W ResourceType: No known package when getting name for resource number 0x9c020100
08-01 12:06:52.110  2570  2570 W ResourceType: No known package when getting name for resource number 0x9c020200
08-01 12:06:52.110  2570  2570 W ResourceType: No known package when getting name for resource number 0x9c020300
08-01 12:06:52.111  2570  2570 W ResourceType: No known package when getting name for resource number 0x9c020001
08-01 12:06:52.111  2570  2570 W ResourceType: No known package when getting name for resource number 0x9c020101
08-01 12:06:52.111  2570  2570 W ResourceType: No known package when getting name for resource number 0x9c020201
08-01 12:06:52.115 18707 18737 I Utils   : enabledInPad = false,isPcCastMode = false
08-01 12:06:52.115  2570  2570 W ResourceType: No known package when getting name for resource number 0x9c010000
08-01 12:06:52.115 18707 18737 E terigele: try loading the notification and status setting.
08-01 12:06:52.115  2570  2570 W ResourceType: No known package when getting name for resource number 0x9c010100
08-01 12:06:52.116  2570  2570 W ResourceType: No known package when getting name for resource number 0x9c010200
08-01 12:06:52.116 18707 18737 I Utils   : enabledInPad = false,isPcCastMode = false
08-01 12:06:52.116  2570  2570 W ResourceType: No known package when getting name for resource number 0x9c010300
08-01 12:06:52.116  2570  2570 W ResourceType: No known package when getting name for resource number 0x9c010001
08-01 12:06:52.116  2570  2570 W ResourceType: No known package when getting name for resource number 0x9c010101
08-01 12:06:52.116  2570  2570 W ResourceType: No known package when getting name for resource number 0x9c010201
08-01 12:06:52.116  2570  2570 W ResourceType: No known package when getting name for resource number 0x9c010301
08-01 12:06:52.116  2570  2570 W ResourceType: No known package when getting name for resource number 0x9c010002
08-01 12:06:52.117  2570  2570 W ResourceType: No known package when getting name for resource number 0x9c010102
08-01 12:06:52.117  2570  2570 W ResourceType: No known package when getting name for resource number 0x9c010202
08-01 12:06:52.117  2570  2570 W ResourceType: No known package when getting name for resource number 0x9c010302
08-01 12:06:52.117  2570  2570 W ResourceType: No known package when getting name for resource number 0x9c010003
08-01 12:06:52.117  2570  2570 W ResourceType: No known package when getting name for resource number 0x9c010103
08-01 12:06:52.118  2570  2570 W ResourceType: No known package when getting name for resource number 0x9c010203
08-01 12:06:52.118  2570  2570 W ResourceType: No known package when getting name for resource number 0x9c010303
08-01 12:06:52.118 18707 18737 V SQLiteDatabase: triggerBuildingIndex(): invalid id, return.
08-01 12:06:52.118  2570  2570 W ResourceType: No known package when getting name for resource number 0x9c010303
08-01 12:06:52.118  2570  2570 W ResourceType: No known package when getting name for resource number 0x9c010004
08-01 12:06:52.119  2570  2570 W ResourceType: No known package when getting name for resource number 0x9c010104
08-01 12:06:52.119  2570  2570 W ResourceType: No known package when getting name for resource number 0x9c010204
08-01 12:06:52.119  2570  2570 W ResourceType: No known package when getting name for resource number 0x9c010304
08-01 12:06:52.120  2570  2570 W ResourceType: No known package when getting name for resource number 0x9c020000
08-01 12:06:52.120 18707 18737 V SQLiteDatabase: triggerBuildingIndex(): invalid id, return.
08-01 12:06:52.120  2570  2570 W ResourceType: No known package when getting name for resource number 0x9c020100
08-01 12:06:52.121  2570  2570 W ResourceType: No known package when getting name for resource number 0x9c020200
08-01 12:06:52.121  2570  2570 W ResourceType: No known package when getting name for resource number 0x9c020300
08-01 12:06:52.121  2570  2570 W ResourceType: No known package when getting name for resource number 0x9c020001
08-01 12:06:52.121  2570  2570 W ResourceType: No known package when getting name for resource number 0x9c020101
08-01 12:06:52.122  2570  2570 W ResourceType: No known package when getting name for resource number 0x9c020201
08-01 12:06:52.123 18707 18737 V SQLiteDatabase: triggerBuildingIndex(): invalid id, return.
08-01 12:06:52.124 18707 18737 I chatty  : uid=1000(system) AsyncTask #4 identical 1 line
08-01 12:06:52.126 18707 18737 V SQLiteDatabase: triggerBuildingIndex(): invalid id, return.
08-01 12:06:52.126  2570  2570 W ResourceType: No known package when getting name for resource number 0x9c010000
08-01 12:06:52.127  2570  2570 W ResourceType: No known package when getting name for resource number 0x9c010100
08-01 12:06:52.127 18707 18737 V SQLiteDatabase: triggerBuildingIndex(): invalid id, return.
08-01 12:06:52.127  2570  2570 W ResourceType: No known package when getting name for resource number 0x9c010200
08-01 12:06:52.127  2570  2570 W ResourceType: No known package when getting name for resource number 0x9c010300
08-01 12:06:52.127  2570  2570 W ResourceType: No known package when getting name for resource number 0x9c010001
08-01 12:06:52.128  2570  2570 W ResourceType: No known package when getting name for resource number 0x9c010101
08-01 12:06:52.128  2570  2570 W ResourceType: No known package when getting name for resource number 0x9c010201
08-01 12:06:52.128  2570  2570 W ResourceType: No known package when getting name for resource number 0x9c010301
08-01 12:06:52.128 18707 18737 V SQLiteDatabase: triggerBuildingIndex(): invalid id, return.
08-01 12:06:52.129  2570  2570 W ResourceType: No known package when getting name for resource number 0x9c010002
08-01 12:06:52.129  2570  2570 W ResourceType: No known package when getting name for resource number 0x9c010102
08-01 12:06:52.129  2570  2570 W ResourceType: No known package when getting name for resource number 0x9c010202
08-01 12:06:52.129  2570  2570 W ResourceType: No known package when getting name for resource number 0x9c010302
08-01 12:06:52.130  2570  2570 W ResourceType: No known package when getting name for resource number 0x9c010003
08-01 12:06:52.130 18707 18737 V SQLiteDatabase: triggerBuildingIndex(): invalid id, return.
08-01 12:06:52.130  2570  2570 W ResourceType: No known package when getting name for resource number 0x9c010103
08-01 12:06:52.130  2570  2570 W ResourceType: No known package when getting name for resource number 0x9c010203
08-01 12:06:52.130  2570  2570 W ResourceType: No known package when getting name for resource number 0x9c010303
08-01 12:06:52.131  2570  2570 W ResourceType: No known package when getting name for resource number 0x9c010004
08-01 12:06:52.131  2570  2570 W ResourceType: No known package when getting name for resource number 0x9c010104
08-01 12:06:52.131  2570  2570 W ResourceType: No known package when getting name for resource number 0x9c010204
08-01 12:06:52.132  2570  2570 W ResourceType: No known package when getting name for resource number 0x9c010304
08-01 12:06:52.132  2570  2570 W ResourceType: No known package when getting name for resource number 0x9c020000
08-01 12:06:52.133  2570  2570 W ResourceType: No known package when getting name for resource number 0x9c020100
08-01 12:06:52.133 18707 18737 V SQLiteDatabase: triggerBuildingIndex(): invalid id, return.
08-01 12:06:52.133  2570  2570 W ResourceType: No known package when getting name for resource number 0x9c020200
08-01 12:06:52.133  2570  2570 W ResourceType: No known package when getting name for resource number 0x9c020300
08-01 12:06:52.134  2570  2570 W ResourceType: No known package when getting name for resource number 0x9c020001
08-01 12:06:52.134  2570  2570 W ResourceType: No known package when getting name for resource number 0x9c020101
08-01 12:06:52.134  2570  2570 W ResourceType: No known package when getting name for resource number 0x9c020201
08-01 12:06:52.135 18707 18737 V SQLiteDatabase: triggerBuildingIndex(): invalid id, return.
08-01 12:06:52.139  2570  2570 W ResourceType: No known package when getting name for resource number 0x9c010000
08-01 12:06:52.139  2570  2570 W ResourceType: No known package when getting name for resource number 0x9c010100
08-01 12:06:52.139  2570  2570 W ResourceType: No known package when getting name for resource number 0x9c010200
08-01 12:06:52.140  2570  2570 W ResourceType: No known package when getting name for resource number 0x9c010300
08-01 12:06:52.140  2570  2570 W ResourceType: No known package when getting name for resource number 0x9c010001
08-01 12:06:52.140  2570  2570 W ResourceType: No known package when getting name for resource number 0x9c010101
08-01 12:06:52.140  2570  2570 W ResourceType: No known package when getting name for resource number 0x9c010201
08-01 12:06:52.140  2570  2570 W ResourceType: No known package when getting name for resource number 0x9c010301
08-01 12:06:52.140  2570  2570 W ResourceType: No known package when getting name for resource number 0x9c010002
08-01 12:06:52.141  2570  2570 W ResourceType: No known package when getting name for resource number 0x9c010102
08-01 12:06:52.141  2570  2570 W ResourceType: No known package when getting name for resource number 0x9c010202
08-01 12:06:52.141  2570  2570 W ResourceType: No known package when getting name for resource number 0x9c010302
08-01 12:06:52.141  2570  2570 W ResourceType: No known package when getting name for resource number 0x9c010003
08-01 12:06:52.141  2570  2570 W ResourceType: No known package when getting name for resource number 0x9c010103
08-01 12:06:52.141  2570  2570 W ResourceType: No known package when getting name for resource number 0x9c010203
08-01 12:06:52.142  2570  2570 W ResourceType: No known package when getting name for resource number 0x9c010303
08-01 12:06:52.142  2570  2570 W ResourceType: No known package when getting name for resource number 0x9c010004
08-01 12:06:52.142  2570  2570 W ResourceType: No known package when getting name for resource number 0x9c010104
08-01 12:06:52.142  2570  2570 W ResourceType: No known package when getting name for resource number 0x9c010204
08-01 12:06:52.142  2570  2570 W ResourceType: No known package when getting name for resource number 0x9c010304
08-01 12:06:52.143  2570  2570 W ResourceType: No known package when getting name for resource number 0x9c020000
08-01 12:06:52.143  2570  2570 W ResourceType: No known package when getting name for resource number 0x9c020100
08-01 12:06:52.144  2570  2570 W ResourceType: No known package when getting name for resource number 0x9c020200
08-01 12:06:52.144  2570  2570 W ResourceType: No known package when getting name for resource number 0x9c020300
08-01 12:06:52.144  2570  2570 W ResourceType: No known package when getting name for resource number 0x9c020001
08-01 12:06:52.144  2570  2570 W ResourceType: No known package when getting name for resource number 0x9c020101
08-01 12:06:52.144  2570  2570 W ResourceType: No known package when getting name for resource number 0x9c020201
08-01 12:06:52.149  2570  2570 W ResourceType: No known package when getting name for resource number 0x9c010000
08-01 12:06:52.149  2570  2570 W ResourceType: No known package when getting name for resource number 0x9c010100
08-01 12:06:52.149  2570  2570 W ResourceType: No known package when getting name for resource number 0x9c010200
08-01 12:06:52.150  2570  2570 W ResourceType: No known package when getting name for resource number 0x9c010300
08-01 12:06:52.150  2570  2570 W ResourceType: No known package when getting name for resource number 0x9c010001
08-01 12:06:52.150  2570  2570 W ResourceType: No known package when getting name for resource number 0x9c010101
08-01 12:06:52.150  2570  2570 W ResourceType: No known package when getting name for resource number 0x9c010201
08-01 12:06:52.150  2570  2570 W ResourceType: No known package when getting name for resource number 0x9c010301
08-01 12:06:52.151  2570  2570 W ResourceType: No known package when getting name for resource number 0x9c010002
08-01 12:06:52.151  2570  2570 W ResourceType: No known package when getting name for resource number 0x9c010102
08-01 12:06:52.151  2570  2570 W ResourceType: No known package when getting name for resource number 0x9c010202
08-01 12:06:52.151  2570  2570 W ResourceType: No known package when getting name for resource number 0x9c010302
08-01 12:06:52.151  2570  2570 W ResourceType: No known package when getting name for resource number 0x9c010003
08-01 12:06:52.152  2570  2570 W ResourceType: No known package when getting name for resource number 0x9c010103
08-01 12:06:52.152  2570  2570 W ResourceType: No known package when getting name for resource number 0x9c010203
08-01 12:06:52.152  2570  2570 W ResourceType: No known package when getting name for resource number 0x9c010303
08-01 12:06:52.152  2570  2570 W ResourceType: No known package when getting name for resource number 0x9c010004
08-01 12:06:52.153  2570  2570 W ResourceType: No known package when getting name for resource number 0x9c010104
08-01 12:06:52.153 18707 18737 V SQLiteDatabase: triggerBuildingIndex(): invalid id, return.
08-01 12:06:52.153  2570  2570 W ResourceType: No known package when getting name for resource number 0x9c010204
08-01 12:06:52.153  2570  2570 W ResourceType: No known package when getting name for resource number 0x9c010304
