08-01 12:08:07.765 27577 27577 D BarTransitions.HwNavigationBarView: MODE_OPAQUE -> MODE_TRANSLUCENT animate=false
08-01 12:08:07.765 27577 27577 D BarTransitions.HwNavigationBarView: applyModeBackground oldMode=MODE_OPAQUE newMode=MODE_TRANSLUCENT animate=false
08-01 12:08:07.782 27577 29177 D HwRecentsLockUtils: Search
08-01 12:08:07.782  1857  2181 E HsmCoreServiceImpl: onTransact in code is: 103
08-01 12:08:07.783  1857  2181 I MediaProcessHandler: playingUids:
08-01 12:08:07.784  2570  2570 W ResourceType: No known package when getting name for resource number 0x9c010000
08-01 12:08:07.785  2570  2570 W ResourceType: No known package when getting name for resource number 0x9c010100
08-01 12:08:07.785  2570  2570 W ResourceType: No known package when getting name for resource number 0x9c010200
08-01 12:08:07.786  2570  2570 W ResourceType: No known package when getting name for resource number 0x9c010300
08-01 12:08:07.786  1147  1497 D ActivityManager: Skipping, home or recents stack task: TaskRecord{d79c33 #1125 A=com.huawei.android.launcher U=0 StackId=0 sz=1}
08-01 12:08:07.786  2570  2570 W ResourceType: No known package when getting name for resource number 0x9c010001
08-01 12:08:07.786  2570  2570 W ResourceType: No known package when getting name for resource number 0x9c010101
08-01 12:08:07.786  2570  2570 W ResourceType: No known package when getting name for resource number 0x9c010201
08-01 12:08:07.786   644   644 I GRALLOC : 	 shrFd=10,fmt=0x1,intFmt=0x200000001,btStrd=4352,size=8486912,pid=644
08-01 12:08:07.786   644   644 I GRALLOC : 	 yuv=2,w=1080,h=1920,Stride u=0 v=0,offset u=0 v=0
08-01 12:08:07.786   644   644 I GRALLOC : 	 iova_size=8486912,conUsg=0xb00,proUsg=0xb00,	 strd=1088,[afbc]HdrStrd=1088 PyldStrd=69632 Scrmbl=0,ionhnd = 1
08-01 12:08:07.786  2570  2570 W ResourceType: No known package when getting name for resource number 0x9c010301
08-01 12:08:07.787  2570  2570 W ResourceType: No known package when getting name for resource number 0x9c010002
08-01 12:08:07.787  2570  2570 W ResourceType: No known package when getting name for resource number 0x9c010102
08-01 12:08:07.787  2570  2570 W ResourceType: No known package when getting name for resource number 0x9c010202
08-01 12:08:07.787  2570  2570 W ResourceType: No known package when getting name for resource number 0x9c010302
08-01 12:08:07.787  2570  2570 W ResourceType: No known package when getting name for resource number 0x9c010003
08-01 12:08:07.788  2570  2570 W ResourceType: No known package when getting name for resource number 0x9c010103
08-01 12:08:07.788  2570  2570 W ResourceType: No known package when getting name for resource number 0x9c010203
08-01 12:08:07.788  2570  2570 W ResourceType: No known package when getting name for resource number 0x9c010303
08-01 12:08:07.788  1147  1497 D ActivityManager: Skipping intent:act=android.intent.action.MAIN cat=[android.intent.category.LAUNCHER] flg=0x10800000 cmp=io.appium.settings/.Settings
08-01 12:08:07.788  2570  2570 W ResourceType: No known package when getting name for resource number 0x9c010004
08-01 12:08:07.790  2570  2570 W ResourceType: No known package when getting name for resource number 0x9c010104
08-01 12:08:07.790  1147  1497 D ActivityManager: Skipping intent:flg=0x10800000 cmp=com.android.systemui/.usb.HwUsbDebuggingActivity
08-01 12:08:07.790  1147  1497 D ActivityManager: Skipping intent:flg=0x10804000 cmp=com.android.systemui/.recents.RecentsActivity bnds=[48,1295][1032,2531]
08-01 12:08:07.790  1147  1497 D ActivityManager: Skipping intent:act=android.settings.ACCESSIBILITY_SETTINGS flg=0x10808000 cmp=com.android.settings/.Settings$AccessibilitySettingsActivity
08-01 12:08:07.790  1147  1497 D ActivityManager: Skipping intent:flg=0x10800000 cmp=com.github.uiautomator/.IdentifyActivity
08-01 12:08:07.790  1147  1497 D ActivityManager: Skipping intent:act=android.deviceinfo.chooser.action.LAUNCH flg=0x10800000 hwFlg=0x100 pkg=com.android.settings cmp=com.android.settings/.deviceinfo.UsbConnModeChooserActivity
08-01 12:08:07.790  1147  1497 D ActivityManager: Skipping intent:act=android.intent.action.VIEW dat=content://com.android.browser.fileProvider/external_files/Downloads/Solopi.apk typ=application/vnd.android.package-archive flg=0x18800000 cmp=com.android.packageinstaller/.InstallStart
08-01 12:08:07.790  1147  1497 D ActivityManager: Skipping intent:act=android.intent.action.VIEW dat=https://github.com/... flg=0x13800000 cmp=com.android.browser/.BrowserActivity
08-01 12:08:07.790  1147  1497 D ActivityManager: Skipping intent:act=android.intent.action.VIEW dat=https://github.com/... flg=0x10800000 cmp=com.huawei.android.internal.app/.HwResolverActivity
08-01 12:08:07.790  1147  1497 D ActivityManager: Skipping intent:act=android.intent.action.MAIN cat=[android.intent.category.HOME] flg=0x10800300 cmp=com.android.settings/.FallbackHome
08-01 12:08:07.790  1147  1497 D ActivityManager: Skipping intent:act=com.huawei.action.VOICE_ASSISTANT flg=0x10800000 cmp=com.huawei.vassistant/.ui.main.VAssistantActivity
08-01 12:08:07.790  2570  2570 W ResourceType: No known package when getting name for resource number 0x9c010204
08-01 12:08:07.791  2570  2570 W ResourceType: No known package when getting name for resource number 0x9c010304
08-01 12:08:07.793  2570  2570 W ResourceType: No known package when getting name for resource number 0x9c020000
08-01 12:08:07.793  2570  2570 W ResourceType: No known package when getting name for resource number 0x9c020100
08-01 12:08:07.794  2570  2570 W ResourceType: No known package when getting name for resource number 0x9c020200
08-01 12:08:07.794  2570  2570 W ResourceType: No known package when getting name for resource number 0x9c020300
08-01 12:08:07.795  2570  2570 W ResourceType: No known package when getting name for resource number 0x9c020001
08-01 12:08:07.795  2570  2570 W ResourceType: No known package when getting name for resource number 0x9c020101
08-01 12:08:07.796  2570  2570 W ResourceType: No known package when getting name for resource number 0x9c020201
08-01 12:08:07.808 18678 18678 I AccessibilityNodeInfoDumper: Skipping invisible child: android.view.accessibility.AccessibilityNodeInfo@21eb1; boundsInParent: Rect(0, 0 - 93, 93); boundsInScreen: Rect(495, 0 - 584, 76); packageName: com.huawei.android.launcher; className: android.widget.ImageView; text: null; error: null; maxTextLength: -1; contentDescription: 设置默认主屏幕; viewIdResName: com.huawei.android.launcher:id/default_screen_home_icon; checkable: false; checked: false; focusable: true; focused: false; selected: false; clickable: true; longClickable: false; contextClickable: false; enabled: true; password: false; scrollable: false; importantForAccessibility: true; actions: [AccessibilityAction: ACTION_FOCUS - null, AccessibilityAction: ACTION_SELECT - null, AccessibilityAction: ACTION_CLEAR_SELECTION - null, AccessibilityAction: ACTION_CLICK - null, AccessibilityAction: ACTION_ACCESSIBILITY_FOCUS - null, AccessibilityAction: ACTION_NEXT_AT_MOVEMENT_GRANULARITY - null, AccessibilityAction: ACTION_PREVIOUS_AT_MOVEMENT_GRANULARITY - null, AccessibilityAction: ACTION_SET_SELECTION - null, AccessibilityAction: ACTION_SHOW_ON_SCREEN - null]
08-01 12:08:07.808 18678 18678 I AccessibilityNodeInfoDumper: Skipping invisible child: android.view.accessibility.AccessibilityNodeInfo@22272; boundsInParent: Rect(0, 0 - 93, 93); boundsInScreen: Rect(493, 0 - 586, 78); packageName: com.huawei.android.launcher; className: android.widget.ImageView; text: null; error: null; maxTextLength: -1; contentDescription: 设置默认主屏幕; viewIdResName: com.huawei.android.launcher:id/default_screen_home_icon_bg; checkable: false; checked: false; focusable: true; focused: false; selected: false; clickable: true; longClickable: false; contextClickable: false; enabled: true; password: false; scrollable: false; importantForAccessibility: true; actions: [AccessibilityAction: ACTION_FOCUS - null, AccessibilityAction: ACTION_SELECT - null, AccessibilityAction: ACTION_CLEAR_SELECTION - null, AccessibilityAction: ACTION_CLICK - null, AccessibilityAction: ACTION_ACCESSIBILITY_FOCUS - null, AccessibilityAction: ACTION_NEXT_AT_MOVEMENT_GRANULARITY - null, AccessibilityAction: ACTION_PREVIOUS_AT_MOVEMENT_GRANULARITY - null, AccessibilityAction: ACTION_SET_SELECTION - null, AccessibilityAction: ACTION_SHOW_ON_SCREEN - null]
08-01 12:08:07.810  2570  2570 W ResourceType: No known package when getting name for resource number 0x9c000000
08-01 12:08:07.811  2570  2570 W ResourceType: No known package when getting name for resource number 0x9c000303
08-01 12:08:07.811  2570  2570 W ResourceType: No known package when getting name for resource number 0x9c000004
08-01 12:08:07.811  2570  2570 W ResourceType: No known package when getting name for resource number 0x9c000104
08-01 12:08:07.812  2570  2570 W ResourceType: No known package when getting name for resource number 0x9c000204
08-01 12:08:07.812  2570  2570 W ResourceType: No known package when getting name for resource number 0x9c000304
08-01 12:08:07.827 18678 18678 I AccessibilityNodeInfoDumper: Skipping invisible child: android.view.accessibility.AccessibilityNodeInfo@81c3; boundsInParent: Rect(0, 0 - 1080, 1575); boundsInScreen: Rect(1080, 0 - 1080, 1527); packageName: com.huawei.android.launcher; className: android.view.ViewGroup; text: null; error: null; maxTextLength: -1; contentDescription: null; viewIdResName: com.huawei.android.launcher:id/workspace_screen; checkable: false; checked: false; focusable: false; focused: false; selected: false; clickable: true; longClickable: true; contextClickable: false; enabled: true; password: false; scrollable: false; importantForAccessibility: true; actions: [AccessibilityAction: ACTION_SELECT - null, AccessibilityAction: ACTION_CLEAR_SELECTION - null, AccessibilityAction: ACTION_CLICK - null, AccessibilityAction: ACTION_LONG_CLICK - null, AccessibilityAction: ACTION_ACCESSIBILITY_FOCUS - null, AccessibilityAction: ACTION_SHOW_ON_SCREEN - null]
08-01 12:08:07.827 18678 18678 I AccessibilityNodeInfoDumper: Skipping invisible child: android.view.accessibility.AccessibilityNodeInfo@8584; boundsInParent: Rect(0, 0 - 1080, 1575); boundsInScreen: Rect(2160, 0 - 1080, 1527); packageName: com.huawei.android.launcher; className: android.view.ViewGroup; text: null; error: null; maxTextLength: -1; contentDescription: null; viewIdResName: com.huawei.android.launcher:id/workspace_screen; checkable: false; checked: false; focusable: false; focused: false; selected: false; clickable: true; longClickable: true; contextClickable: false; enabled: true; password: false; scrollable: false; importantForAccessibility: true; actions: [AccessibilityAction: ACTION_SELECT - null, AccessibilityAction: ACTION_CLEAR_SELECTION - null, AccessibilityAction: ACTION_CLICK - null, AccessibilityAction: ACTION_LONG_CLICK - null, AccessibilityAction: ACTION_ACCESSIBILITY_FOCUS - null, AccessibilityAction: ACTION_SHOW_ON_SCREEN - null]
08-01 12:08:07.827 18678 18678 I AccessibilityNodeInfoDumper: Skipping invisible child: android.view.accessibility.AccessibilityNodeInfo@8945; boundsInParent: Rect(0, 0 - 1080, 1575); boundsInScreen: Rect(3240, 0 - 1080, 1527); packageName: com.huawei.android.launcher; className: android.view.ViewGroup; text: null; error: null; maxTextLength: -1; contentDescription: null; viewIdResName: com.huawei.android.launcher:id/workspace_screen; checkable: false; checked: false; focusable: false; focused: false; selected: false; clickable: true; longClickable: true; contextClickable: false; enabled: true; password: false; scrollable: false; importantForAccessibility: true; actions: [AccessibilityAction: ACTION_SELECT - null, AccessibilityAction: ACTION_CLEAR_SELECTION - null, AccessibilityAction: ACTION_CLICK - null, AccessibilityAction: ACTION_LONG_CLICK - null, AccessibilityAction: ACTION_ACCESSIBILITY_FOCUS - null, AccessibilityAction: ACTION_SHOW_ON_SCREEN - null]
08-01 12:08:07.829  2570  2570 W ResourceType: No known package when getting name for resource number 0x9b000000
08-01 12:08:07.830  2570  2570 W ResourceType: No known package when getting name for resource number 0x9b010100
08-01 12:08:07.830  2570  2570 W ResourceType: No known package when getting name for resource number 0x9b020200
08-01 12:08:07.830  2570  2570 W ResourceType: No known package when getting name for resource number 0x9b030300
08-01 12:08:07.835 18678 18678 W AccessibilityNodeInfoDumper: Fetch time: 36ms
08-01 12:08:07.883 18707 18707 D DashboardSummary: onStop called.
08-01 12:08:07.901  1147  1288 V WindowManager: Exit animation finished in Window{a4512df u0 com.android.settings/com.android.settings.HWSettings EXITING}: remove=false
08-01 12:08:07.923  1147  1497 V WindowManager: notifyAppStopped: AppWindowToken{3f4bcca token=Token{f4d9035 ActivityRecord{5bf326c u0 com.android.settings/.HWSettings t1348}}}
08-01 12:08:07.923  1147  1497 E WindowManager: win=Window{a4512df u0 com.android.settings/com.android.settings.HWSettings} destroySurfaces: appStopped=true win.mWindowRemovalAllowed=false win.mRemoveOnExit=false
08-01 12:08:07.924  1147  1497 I WindowManager: Destroying surface Surface(name=com.android.settings/com.android.settings.HWSettings) called by com.android.server.wm.WindowStateAnimator.destroySurface:2072 com.android.server.wm.WindowStateAnimator.destroySurfaceLocked:884 com.android.server.wm.HwWindowStateAnimator.destroySurfaceLocked:1006 com.android.server.wm.WindowState.destroyOrSaveSurfaceUnchecked:2998 com.android.server.wm.WindowState.destroySurface:2951 com.android.server.wm.AppWindowToken.destroySurfaces:664 com.android.server.wm.AppWindowToken.destroySurfaces:648 com.android.server.wm.AppWindowToken.notifyAppStopped:692
08-01 12:08:07.928  1147  1164 D HwGameAssistantController: pid=18707, uid=1000, foreground=false
08-01 12:08:07.928  1147  1156 I zygote64: Background concurrent copying GC freed 1409936(39MB) AllocSpace objects, 0(0B) LOS objects, 26% free, 67MB/91MB, paused 1.301ms total 392.475ms
08-01 12:08:07.942  1147  1310 W AwareLog: SchedLevelBoost: onFgActivitiesChanged config not set!
08-01 12:08:08.063  1147  1147 I TrafficMonitor: update:rxPkts:1,txPkts:0,rxBytes:39,txBytes:0
08-01 12:08:08.063  1147  1147 I TrafficMonitor: start expired. level:-1
08-01 12:08:08.063  1147  1147 I TrafficMonitor: gettimer:interval=2000
08-01 12:08:08.230   669   669 E WifiHAL : enter wifi_get_link_stats
08-01 12:08:08.241   758   758 E wificond: Failed to get NL80211_RATE_INFO_NOISE
08-01 12:08:08.241   758   758 E wificond: Failed to get NL80211_RATE_INFO_SNR
08-01 12:08:08.241   758   758 E wificond: Failed to get NL80211_STA_INFO_CNAHLOAD
08-01 12:08:08.241  1147  1344 E WificondControl: Noise: 0, Snr: -1, Chload: -1
08-01 12:08:08.242  1147  1346 D HwWifiCHRStateManager: handleMessage : 1001
08-01 12:08:08.242  1147  1346 D HwWifiCHRStateManager: handleUpdateChannel:2412
08-01 12:08:08.242  1147  1346 V HwWifiServiceFactory: get AllImpl object = com.android.server.wifi.HwWifiServiceFactoryImpl@c8e97fe
08-01 12:08:08.243  1147  1344 D WifiScoreReport: Score = 100, wifiConnectivityManagerEnabled = false, lowScoreCount = 0
08-01 12:08:08.252  2570  3027 W OpenGLRenderer: Incorrectly called buildLayer on View: ShortcutAndWidgetContainer, destroying layer...
08-01 12:08:08.252  2570  3027 W OpenGLRenderer: Incorrectly called buildLayer on View: ShortcutAndWidgetContainer, destroying layer...
08-01 12:08:08.254   644   644 I GRALLOC : 	 shrFd=10,fmt=0x1,intFmt=0x200000001,btStrd=4352,size=8486912,pid=644
08-01 12:08:08.254   644   644 I GRALLOC : 	 yuv=2,w=1080,h=1920,Stride u=0 v=0,offset u=0 v=0
08-01 12:08:08.254   644   644 I GRALLOC : 	 iova_size=8486912,conUsg=0xb00,proUsg=0xb00,	 strd=1088,[afbc]HdrStrd=1088 PyldStrd=69632 Scrmbl=0,ionhnd = 1
08-01 12:08:08.299  2570  2570 W ResourceType: No known package when getting name for resource number 0x9c010000
08-01 12:08:08.300  2570  2570 W ResourceType: No known package when getting name for resource number 0x9c010100
08-01 12:08:08.300  2570  2570 W ResourceType: No known package when getting name for resource number 0x9c010200
08-01 12:08:08.300  2570  2570 W ResourceType: No known package when getting name for resource number 0x9c010300
08-01 12:08:08.300  2570  2570 W ResourceType: No known package when getting name for resource number 0x9c010001
08-01 12:08:08.301  2570  2570 W ResourceType: No known package when getting name for resource number 0x9c010101
08-01 12:08:08.301  2570  2570 W ResourceType: No known package when getting name for resource number 0x9c010201
08-01 12:08:08.301  2570  2570 W ResourceType: No known package when getting name for resource number 0x9c010301
08-01 12:08:08.301  2570  2570 W ResourceType: No known package when getting name for resource number 0x9c010002
08-01 12:08:08.301  2570  2570 W ResourceType: No known package when getting name for resource number 0x9c010102
08-01 12:08:08.301  2570  2570 W ResourceType: No known package when getting name for resource number 0x9c010202
08-01 12:08:08.301  2570  2570 W ResourceType: No known package when getting name for resource number 0x9c010302
08-01 12:08:08.302  2570  2570 W ResourceType: No known package when getting name for resource number 0x9c010003
08-01 12:08:08.302  2570  2570 W ResourceType: No known package when getting name for resource number 0x9c010103
08-01 12:08:08.302  2570  2570 W ResourceType: No known package when getting name for resource number 0x9c010203
08-01 12:08:08.302  2570  2570 W ResourceType: No known package when getting name for resource number 0x9c010303
08-01 12:08:08.302  2570  2570 W ResourceType: No known package when getting name for resource number 0x9c010004
08-01 12:08:08.302  2570  2570 W ResourceType: No known package when getting name for resource number 0x9c010104
08-01 12:08:08.303  2570  2570 W ResourceType: No known package when getting name for resource number 0x9c010204
08-01 12:08:08.303  2570  2570 W ResourceType: No known package when getting name for resource number 0x9c010304
08-01 12:08:08.303  2570  2570 W ResourceType: No known package when getting name for resource number 0x9c020000
08-01 12:08:08.303  2570  2570 W ResourceType: No known package when getting name for resource number 0x9c020100
08-01 12:08:08.304  2570  2570 W ResourceType: No known package when getting name for resource number 0x9c020200
08-01 12:08:08.304  2570  2570 W ResourceType: No known package when getting name for resource number 0x9c020300
08-01 12:08:08.304  2570  2570 W ResourceType: No known package when getting name for resource number 0x9c020001
08-01 12:08:08.304  2570  2570 W ResourceType: No known package when getting name for resource number 0x9c020101
08-01 12:08:08.304  2570  2570 W ResourceType: No known package when getting name for resource number 0x9c020201
08-01 12:08:08.308 18678 18678 I QueryController: Matched selector: UiSelector[CLASS=android.widget.TextView, INSTANCE=8, COUNT=8] <<==>> [android.view.accessibility.AccessibilityNodeInfo@1cc1b; boundsInParent: Rect(524162, 0 - 524426, 285); boundsInScreen: Rect(804, 939 - 1068, 1224); packageName: com.huawei.android.launcher; className: android.widget.TextView; text: 设置; error: null; maxTextLength: -1; contentDescription: null; viewIdResName: null; checkable: false; checked: false; focusable: true; focused: false; selected: false; clickable: true; longClickable: true; contextClickable: false; enabled: true; password: false; scrollable: false; importantForAccessibility: true; actions: [AccessibilityAction: ACTION_FOCUS - null, AccessibilityAction: ACTION_SELECT - null, AccessibilityAction: ACTION_CLEAR_SELECTION - null, AccessibilityAction: ACTION_CLICK - null, AccessibilityAction: ACTION_LONG_CLICK - null, AccessibilityAction: ACTION_ACCESSIBILITY_FOCUS - null, AccessibilityAction: ACTION_NEXT_AT_MOVEMENT_GRANULARITY - null, AccessibilityAction: ACTION_PREVIOUS_AT_MOVEMENT_GRANULARITY - null, AccessibilityAction: ACTION_SET_SELECTION - null, AccessibilityAction: ACTION_SHOW_ON_SCREEN - null]]
08-01 12:08:08.310  2570  2570 W ResourceType: No known package when getting name for resource number 0x9c010000
08-01 12:08:08.310  2570  2570 W ResourceType: No known package when getting name for resource number 0x9c010100
08-01 12:08:08.310  2570  2570 W ResourceType: No known package when getting name for resource number 0x9c010200
08-01 12:08:08.310  2570  2570 W ResourceType: No known package when getting name for resource number 0x9c010300
08-01 12:08:08.310  2570  2570 W ResourceType: No known package when getting name for resource number 0x9c010001
08-01 12:08:08.310  2570  2570 W ResourceType: No known package when getting name for resource number 0x9c010101
08-01 12:08:08.311  2570  2570 W ResourceType: No known package when getting name for resource number 0x9c010201
08-01 12:08:08.311  2570  2570 W ResourceType: No known package when getting name for resource number 0x9c010301
08-01 12:08:08.311  2570  2570 W ResourceType: No known package when getting name for resource number 0x9c010002
08-01 12:08:08.311  2570  2570 W ResourceType: No known package when getting name for resource number 0x9c010102
08-01 12:08:08.311  2570  2570 W ResourceType: No known package when getting name for resource number 0x9c010202
08-01 12:08:08.311  2570  2570 W ResourceType: No known package when getting name for resource number 0x9c010302
08-01 12:08:08.311  2570  2570 W ResourceType: No known package when getting name for resource number 0x9c010003
08-01 12:08:08.311  2570  2570 W ResourceType: No known package when getting name for resource number 0x9c010103
08-01 12:08:08.312  2570  2570 W ResourceType: No known package when getting name for resource number 0x9c010203
08-01 12:08:08.312  2570  2570 W ResourceType: No known package when getting name for resource number 0x9c010303
08-01 12:08:08.312  2570  2570 W ResourceType: No known package when getting name for resource number 0x9c010004
08-01 12:08:08.312  2570  2570 W ResourceType: No known package when getting name for resource number 0x9c010104
08-01 12:08:08.312  2570  2570 W ResourceType: No known package when getting name for resource number 0x9c010204
08-01 12:08:08.313  2570  2570 W ResourceType: No known package when getting name for resource number 0x9c010304
08-01 12:08:08.313  2570  2570 W ResourceType: No known package when getting name for resource number 0x9c020000
08-01 12:08:08.313  2570  2570 W ResourceType: No known package when getting name for resource number 0x9c020100
08-01 12:08:08.314  2570  2570 W ResourceType: No known package when getting name for resource number 0x9c020200
08-01 12:08:08.314  2570  2570 W ResourceType: No known package when getting name for resource number 0x9c020300
08-01 12:08:08.314  2570  2570 W ResourceType: No known package when getting name for resource number 0x9c020001
08-01 12:08:08.314  2570  2570 W ResourceType: No known package when getting name for resource number 0x9c020101
08-01 12:08:08.314  2570  2570 W ResourceType: No known package when getting name for resource number 0x9c020201
08-01 12:08:08.318  2570  2570 W ResourceType: No known package when getting name for resource number 0x9c010000
08-01 12:08:08.319  2570  2570 W ResourceType: No known package when getting name for resource number 0x9c010100
08-01 12:08:08.319  2570  2570 W ResourceType: No known package when getting name for resource number 0x9c010200
08-01 12:08:08.319  2570  2570 W ResourceType: No known package when getting name for resource number 0x9c010300
08-01 12:08:08.319  2570  2570 W ResourceType: No known package when getting name for resource number 0x9c010001
08-01 12:08:08.319  2570  2570 W ResourceType: No known package when getting name for resource number 0x9c010101
08-01 12:08:08.319  2570  2570 W ResourceType: No known package when getting name for resource number 0x9c010201
08-01 12:08:08.320  2570  2570 W ResourceType: No known package when getting name for resource number 0x9c010301
08-01 12:08:08.320  2570  2570 W ResourceType: No known package when getting name for resource number 0x9c010002
08-01 12:08:08.320  2570  2570 W ResourceType: No known package when getting name for resource number 0x9c010102
08-01 12:08:08.320  2570  2570 W ResourceType: No known package when getting name for resource number 0x9c010202
08-01 12:08:08.320  2570  2570 W ResourceType: No known package when getting name for resource number 0x9c010302
08-01 12:08:08.320  2570  2570 W ResourceType: No known package when getting name for resource number 0x9c010003
08-01 12:08:08.320  2570  2570 W ResourceType: No known package when getting name for resource number 0x9c010103
08-01 12:08:08.320  2570  2570 W ResourceType: No known package when getting name for resource number 0x9c010203
08-01 12:08:08.320  2570  2570 W ResourceType: No known package when getting name for resource number 0x9c010303
08-01 12:08:08.321  2570  2570 W ResourceType: No known package when getting name for resource number 0x9c010004
08-01 12:08:08.321  2570  2570 W ResourceType: No known package when getting name for resource number 0x9c010104
08-01 12:08:08.321  2570  2570 W ResourceType: No known package when getting name for resource number 0x9c010204
08-01 12:08:08.321  2570  2570 W ResourceType: No known package when getting name for resource number 0x9c010304
08-01 12:08:08.321  2570  2570 W ResourceType: No known package when getting name for resource number 0x9c020000
08-01 12:08:08.322  2570  2570 W ResourceType: No known package when getting name for resource number 0x9c020100
08-01 12:08:08.322  2570  2570 W ResourceType: No known package when getting name for resource number 0x9c020200
08-01 12:08:08.322  2570  2570 W ResourceType: No known package when getting name for resource number 0x9c020300
08-01 12:08:08.322  2570  2570 W ResourceType: No known package when getting name for resource number 0x9c020001
08-01 12:08:08.322  2570  2570 W ResourceType: No known package when getting name for resource number 0x9c020101
08-01 12:08:08.322  2570  2570 W ResourceType: No known package when getting name for resource number 0x9c020201
08-01 12:08:08.326  2570  2570 W ResourceType: No known package when getting name for resource number 0x9c010000
08-01 12:08:08.327  2570  2570 W ResourceType: No known package when getting name for resource number 0x9c010100
08-01 12:08:08.327  2570  2570 W ResourceType: No known package when getting name for resource number 0x9c010200
08-01 12:08:08.327  2570  2570 W ResourceType: No known package when getting name for resource number 0x9c010300
08-01 12:08:08.327  2570  2570 W ResourceType: No known package when getting name for resource number 0x9c010001
08-01 12:08:08.327  2570  2570 W ResourceType: No known package when getting name for resource number 0x9c010101
08-01 12:08:08.327  2570  2570 W ResourceType: No known package when getting name for resource number 0x9c010201
08-01 12:08:08.328  2570  2570 W ResourceType: No known package when getting name for resource number 0x9c010301
08-01 12:08:08.328  2570  2570 W ResourceType: No known package when getting name for resource number 0x9c010002
08-01 12:08:08.328  2570  2570 W ResourceType: No known package when getting name for resource number 0x9c010102
08-01 12:08:08.328  2570  2570 W ResourceType: No known package when getting name for resource number 0x9c010202
08-01 12:08:08.328  2570  2570 W ResourceType: No known package when getting name for resource number 0x9c010302
08-01 12:08:08.328  2570  2570 W ResourceType: No known package when getting name for resource number 0x9c010003
08-01 12:08:08.328  2570  2570 W ResourceType: No known package when getting name for resource number 0x9c010103
08-01 12:08:08.329  2570  2570 W ResourceType: No known package when getting name for resource number 0x9c010203
08-01 12:08:08.329  2570  2570 W ResourceType: No known package when getting name for resource number 0x9c010303
08-01 12:08:08.329  2570  2570 W ResourceType: No known package when getting name for resource number 0x9c010004
08-01 12:08:08.329  2570  2570 W ResourceType: No known package when getting name for resource number 0x9c010104
08-01 12:08:08.329  2570  2570 W ResourceType: No known package when getting name for resource number 0x9c010204
08-01 12:08:08.329  2570  2570 W ResourceType: No known package when getting name for resource number 0x9c010304
08-01 12:08:08.330  2570  2570 W ResourceType: No known package when getting name for resource number 0x9c020000
08-01 12:08:08.330  2570  2570 W ResourceType: No known package when getting name for resource number 0x9c020100
08-01 12:08:08.330  2570  2570 W ResourceType: No known package when getting name for resource number 0x9c020200
08-01 12:08:08.330  2570  2570 W ResourceType: No known package when getting name for resource number 0x9c020300
08-01 12:08:08.330  2570  2570 W ResourceType: No known package when getting name for resource number 0x9c020001
08-01 12:08:08.331  2570  2570 W ResourceType: No known package when getting name for resource number 0x9c020101
08-01 12:08:08.331  2570  2570 W ResourceType: No known package when getting name for resource number 0x9c020201
08-01 12:08:08.335  2570  2570 W ResourceType: No known package when getting name for resource number 0x9c010000
08-01 12:08:08.335  2570  2570 W ResourceType: No known package when getting name for resource number 0x9c010100
08-01 12:08:08.335  2570  2570 W ResourceType: No known package when getting name for resource number 0x9c010200
08-01 12:08:08.335  2570  2570 W ResourceType: No known package when getting name for resource number 0x9c010300
08-01 12:08:08.336  2570  2570 W ResourceType: No known package when getting name for resource number 0x9c010001
08-01 12:08:08.336  2570  2570 W ResourceType: No known package when getting name for resource number 0x9c010101
08-01 12:08:08.336  2570  2570 W ResourceType: No known package when getting name for resource number 0x9c010201
08-01 12:08:08.336  2570  2570 W ResourceType: No known package when getting name for resource number 0x9c010301
08-01 12:08:08.336  2570  2570 W ResourceType: No known package when getting name for resource number 0x9c010002
08-01 12:08:08.336  2570  2570 W ResourceType: No known package when getting name for resource number 0x9c010102
08-01 12:08:08.336  2570  2570 W ResourceType: No known package when getting name for resource number 0x9c010202
08-01 12:08:08.337  2570  2570 W ResourceType: No known package when getting name for resource number 0x9c010302
08-01 12:08:08.337  2570  2570 W ResourceType: No known package when getting name for resource number 0x9c010003
08-01 12:08:08.337  2570  2570 W ResourceType: No known package when getting name for resource number 0x9c010103
08-01 12:08:08.337  2570  2570 W ResourceType: No known package when getting name for resource number 0x9c010203
08-01 12:08:08.337  2570  2570 W ResourceType: No known package when getting name for resource number 0x9c010303
08-01 12:08:08.337  2570  2570 W ResourceType: No known package when getting name for resource number 0x9c010004
08-01 12:08:08.337  2570  2570 W ResourceType: No known package when getting name for resource number 0x9c010104
08-01 12:08:08.337  2570  2570 W ResourceType: No known package when getting name for resource number 0x9c010204
08-01 12:08:08.338  2570  2570 W ResourceType: No known package when getting name for resource number 0x9c010304
08-01 12:08:08.338  2570  2570 W ResourceType: No known package when getting name for resource number 0x9c020000
08-01 12:08:08.338  2570  2570 W ResourceType: No known package when getting name for resource number 0x9c020100
08-01 12:08:08.339  2570  2570 W ResourceType: No known package when getting name for resource number 0x9c020200
08-01 12:08:08.339  2570  2570 W ResourceType: No known package when getting name for resource number 0x9c020300
08-01 12:08:08.339  2570  2570 W ResourceType: No known package when getting name for resource number 0x9c020001
08-01 12:08:08.339  2570  2570 W ResourceType: No known package when getting name for resource number 0x9c020101
08-01 12:08:08.340  2570  2570 W ResourceType: No known package when getting name for resource number 0x9c020201
08-01 12:08:08.343 18678 18678 I QueryController: Matched selector: UiSelector[CLASS=android.widget.TextView, INSTANCE=8, COUNT=8] <<==>> [android.view.accessibility.AccessibilityNodeInfo@1cc1b; boundsInParent: Rect(524162, 0 - 524426, 285); boundsInScreen: Rect(804, 939 - 1068, 1224); packageName: com.huawei.android.launcher; className: android.widget.TextView; text: 设置; error: null; maxTextLength: -1; contentDescription: null; viewIdResName: null; checkable: false; checked: false; focusable: true; focused: false; selected: false; clickable: true; longClickable: true; contextClickable: false; enabled: true; password: false; scrollable: false; importantForAccessibility: true; actions: [AccessibilityAction: ACTION_FOCUS - null, AccessibilityAction: ACTION_SELECT - null, AccessibilityAction: ACTION_CLEAR_SELECTION - null, AccessibilityAction: ACTION_CLICK - null, AccessibilityAction: ACTION_LONG_CLICK - null, AccessibilityAction: ACTION_ACCESSIBILITY_FOCUS - null, AccessibilityAction: ACTION_NEXT_AT_MOVEMENT_GRANULARITY - null, AccessibilityAction: ACTION_PREVIOUS_AT_MOVEMENT_GRANULARITY - null, AccessibilityAction: ACTION_SET_SELECTION - null, AccessibilityAction: ACTION_SHOW_ON_SCREEN - null]]
08-01 12:08:08.357 18678 18678 D InteractionController: clickAndSync(936, 1081)
08-01 12:08:08.358  2570  2570 W ResourceType: No known package when getting name for resource number 0x9c010000
08-01 12:08:08.358  2570  2570 W ResourceType: No known package when getting name for resource number 0x9c010100
08-01 12:08:08.359  2570  2570 W ResourceType: No known package when getting name for resource number 0x9c010200
08-01 12:08:08.359  2570  2570 W ResourceType: No known package when getting name for resource number 0x9c010300
08-01 12:08:08.359  2570  2570 W ResourceType: No known package when getting name for resource number 0x9c010001
08-01 12:08:08.360  2570  2570 W ResourceType: No known package when getting name for resource number 0x9c010101
08-01 12:08:08.360  2570  2570 W ResourceType: No known package when getting name for resource number 0x9c010201
08-01 12:08:08.360  2570  2570 W ResourceType: No known package when getting name for resource number 0x9c010301
08-01 12:08:08.361  2570  2570 W ResourceType: No known package when getting name for resource number 0x9c010002
08-01 12:08:08.361  2570  2570 W ResourceType: No known package when getting name for resource number 0x9c010102
08-01 12:08:08.361  2570  2570 W ResourceType: No known package when getting name for resource number 0x9c010202
08-01 12:08:08.361  2570  2570 W ResourceType: No known package when getting name for resource number 0x9c010302
08-01 12:08:08.361  2570  2570 W ResourceType: No known package when getting name for resource number 0x9c010003
08-01 12:08:08.361  2570  2570 W ResourceType: No known package when getting name for resource number 0x9c010103
08-01 12:08:08.362  2570  2570 W ResourceType: No known package when getting name for resource number 0x9c010203
08-01 12:08:08.362  2570  2570 W ResourceType: No known package when getting name for resource number 0x9c010303
08-01 12:08:08.362  2570  2570 W ResourceType: No known package when getting name for resource number 0x9c010004
08-01 12:08:08.362  2570  2570 W ResourceType: No known package when getting name for resource number 0x9c010104
08-01 12:08:08.362  2570  2570 W ResourceType: No known package when getting name for resource number 0x9c010204
08-01 12:08:08.362  2570  2570 W ResourceType: No known package when getting name for resource number 0x9c010304
08-01 12:08:08.363  2570  2570 W ResourceType: No known package when getting name for resource number 0x9c020000
08-01 12:08:08.363  2570  2570 W ResourceType: No known package when getting name for resource number 0x9c020100
08-01 12:08:08.363  2570  2570 W ResourceType: No known package when getting name for resource number 0x9c020200
08-01 12:08:08.363  2570  2570 W ResourceType: No known package when getting name for resource number 0x9c020300
08-01 12:08:08.363  2570  2570 W ResourceType: No known package when getting name for resource number 0x9c020001
08-01 12:08:08.364  2570  2570 W ResourceType: No known package when getting name for resource number 0x9c020101
08-01 12:08:08.364  2570  2570 W ResourceType: No known package when getting name for resource number 0x9c020201
08-01 12:08:08.375  2570  2570 W ResourceType: No known package when getting name for resource number 0x9c010000
08-01 12:08:08.376  2570  2570 W ResourceType: No known package when getting name for resource number 0x9c010100
08-01 12:08:08.376  2570  2570 W ResourceType: No known package when getting name for resource number 0x9c010200
08-01 12:08:08.376  2570  2570 W ResourceType: No known package when getting name for resource number 0x9c010300
08-01 12:08:08.377  2570  2570 W ResourceType: No known package when getting name for resource number 0x9c010001
08-01 12:08:08.377  2570  2570 W ResourceType: No known package when getting name for resource number 0x9c010101
08-01 12:08:08.377  2570  2570 W ResourceType: No known package when getting name for resource number 0x9c010201
08-01 12:08:08.377  2570  2570 W ResourceType: No known package when getting name for resource number 0x9c010301
08-01 12:08:08.377  2570  2570 W ResourceType: No known package when getting name for resource number 0x9c010002
08-01 12:08:08.378  2570  2570 W ResourceType: No known package when getting name for resource number 0x9c010102
08-01 12:08:08.378  2570  2570 W ResourceType: No known package when getting name for resource number 0x9c010202
08-01 12:08:08.378  2570  2570 W ResourceType: No known package when getting name for resource number 0x9c010302
08-01 12:08:08.378  2570  2570 W ResourceType: No known package when getting name for resource number 0x9c010003
08-01 12:08:08.379  2570  2570 W ResourceType: No known package when getting name for resource number 0x9c010103
08-01 12:08:08.379  2570  2570 W ResourceType: No known package when getting name for resource number 0x9c010203
08-01 12:08:08.379  2570  2570 W ResourceType: No known package when getting name for resource number 0x9c010303
08-01 12:08:08.379  2570  2570 W ResourceType: No known package when getting name for resource number 0x9c010004
08-01 12:08:08.379  2570  2570 W ResourceType: No known package when getting name for resource number 0x9c010104
08-01 12:08:08.380  2570  2570 W ResourceType: No known package when getting name for resource number 0x9c010204
08-01 12:08:08.380  2570  2570 W ResourceType: No known package when getting name for resource number 0x9c010304
08-01 12:08:08.380  2570  2570 W ResourceType: No known package when getting name for resource number 0x9c020000
08-01 12:08:08.381  2570  2570 W ResourceType: No known package when getting name for resource number 0x9c020100
08-01 12:08:08.381  2570  2570 W ResourceType: No known package when getting name for resource number 0x9c020200
08-01 12:08:08.381  2570  2570 W ResourceType: No known package when getting name for resource number 0x9c020300
08-01 12:08:08.381  2570  2570 W ResourceType: No known package when getting name for resource number 0x9c020001
08-01 12:08:08.381  2570  2570 W ResourceType: No known package when getting name for resource number 0x9c020101
08-01 12:08:08.382  2570  2570 W ResourceType: No known package when getting name for resource number 0x9c020201
08-01 12:08:08.386  2570  2570 W ResourceType: No known package when getting name for resource number 0x9c010000
08-01 12:08:08.386  2570  2570 W ResourceType: No known package when getting name for resource number 0x9c010100
08-01 12:08:08.387  2570  2570 W ResourceType: No known package when getting name for resource number 0x9c010200
08-01 12:08:08.387  2570  2570 W ResourceType: No known package when getting name for resource number 0x9c010300
08-01 12:08:08.387  2570  2570 W ResourceType: No known package when getting name for resource number 0x9c010001
08-01 12:08:08.387  2570  2570 W ResourceType: No known package when getting name for resource number 0x9c010101
08-01 12:08:08.387  2570  2570 W ResourceType: No known package when getting name for resource number 0x9c010201
08-01 12:08:08.388  2570  2570 W ResourceType: No known package when getting name for resource number 0x9c010301
08-01 12:08:08.388  2570  2570 W ResourceType: No known package when getting name for resource number 0x9c010002
08-01 12:08:08.388  2570  2570 W ResourceType: No known package when getting name for resource number 0x9c010102
08-01 12:08:08.388  2570  2570 W ResourceType: No known package when getting name for resource number 0x9c010202
08-01 12:08:08.388  2570  2570 W ResourceType: No known package when getting name for resource number 0x9c010302
08-01 12:08:08.388  2570  2570 W ResourceType: No known package when getting name for resource number 0x9c010003
08-01 12:08:08.388  2570  2570 W ResourceType: No known package when getting name for resource number 0x9c010103
08-01 12:08:08.389  2570  2570 W ResourceType: No known package when getting name for resource number 0x9c010203
08-01 12:08:08.389  2570  2570 W ResourceType: No known package when getting name for resource number 0x9c010303
08-01 12:08:08.389  2570  2570 W ResourceType: No known package when getting name for resource number 0x9c010004
08-01 12:08:08.389  2570  2570 W ResourceType: No known package when getting name for resource number 0x9c010104
08-01 12:08:08.389  2570  2570 W ResourceType: No known package when getting name for resource number 0x9c010204
08-01 12:08:08.389  2570  2570 W ResourceType: No known package when getting name for resource number 0x9c010304
08-01 12:08:08.390  2570  2570 W ResourceType: No known package when getting name for resource number 0x9c020000
08-01 12:08:08.390  2570  2570 W ResourceType: No known package when getting name for resource number 0x9c020100
08-01 12:08:08.390  2570  2570 W ResourceType: No known package when getting name for resource number 0x9c020200
08-01 12:08:08.390  2570  2570 W ResourceType: No known package when getting name for resource number 0x9c020300
08-01 12:08:08.390  2570  2570 W ResourceType: No known package when getting name for resource number 0x9c020001
08-01 12:08:08.391  2570  2570 W ResourceType: No known package when getting name for resource number 0x9c020101
08-01 12:08:08.391  2570  2570 W ResourceType: No known package when getting name for resource number 0x9c020201
08-01 12:08:08.395  2570  2570 W ResourceType: No known package when getting name for resource number 0x9c010000
08-01 12:08:08.396  2570  2570 W ResourceType: No known package when getting name for resource number 0x9c010100
08-01 12:08:08.396  2570  2570 W ResourceType: No known package when getting name for resource number 0x9c010200
08-01 12:08:08.396  2570  2570 W ResourceType: No known package when getting name for resource number 0x9c010300
08-01 12:08:08.396  2570  2570 W ResourceType: No known package when getting name for resource number 0x9c010001
08-01 12:08:08.396  2570  2570 W ResourceType: No known package when getting name for resource number 0x9c010101
08-01 12:08:08.396  2570  2570 W ResourceType: No known package when getting name for resource number 0x9c010201
08-01 12:08:08.397  2570  2570 W ResourceType: No known package when getting name for resource number 0x9c010301
08-01 12:08:08.397  2570  2570 W ResourceType: No known package when getting name for resource number 0x9c010002
08-01 12:08:08.397  2570  2570 W ResourceType: No known package when getting name for resource number 0x9c010102
08-01 12:08:08.397  2570  2570 W ResourceType: No known package when getting name for resource number 0x9c010202
08-01 12:08:08.397  2570  2570 W ResourceType: No known package when getting name for resource number 0x9c010302
08-01 12:08:08.397  2570  2570 W ResourceType: No known package when getting name for resource number 0x9c010003
08-01 12:08:08.398  2570  2570 W ResourceType: No known package when getting name for resource number 0x9c010103
08-01 12:08:08.398  2570  2570 W ResourceType: No known package when getting name for resource number 0x9c010203
08-01 12:08:08.398  2570  2570 W ResourceType: No known package when getting name for resource number 0x9c010303
08-01 12:08:08.398  2570  2570 W ResourceType: No known package when getting name for resource number 0x9c010004
08-01 12:08:08.398  2570  2570 W ResourceType: No known package when getting name for resource number 0x9c010104
08-01 12:08:08.398  2570  2570 W ResourceType: No known package when getting name for resource number 0x9c010204
08-01 12:08:08.399  2570  2570 W ResourceType: No known package when getting name for resource number 0x9c010304
08-01 12:08:08.399  2570  2570 W ResourceType: No known package when getting name for resource number 0x9c020000
08-01 12:08:08.399  2570  2570 W ResourceType: No known package when getting name for resource number 0x9c020100
08-01 12:08:08.400  2570  2570 W ResourceType: No known package when getting name for resource number 0x9c020200
08-01 12:08:08.400  2570  2570 W ResourceType: No known package when getting name for resource number 0x9c020300
08-01 12:08:08.400  2570  2570 W ResourceType: No known package when getting name for resource number 0x9c020001
08-01 12:08:08.400  2570  2570 W ResourceType: No known package when getting name for resource number 0x9c020101
08-01 12:08:08.400  2570  2570 W ResourceType: No known package when getting name for resource number 0x9c020201
08-01 12:08:08.405  2570  2570 W ResourceType: No known package when getting name for resource number 0x9c010000
08-01 12:08:08.405  2570  2570 W ResourceType: No known package when getting name for resource number 0x9c010100
08-01 12:08:08.405  2570  2570 W ResourceType: No known package when getting name for resource number 0x9c010200
08-01 12:08:08.405  2570  2570 W ResourceType: No known package when getting name for resource number 0x9c010300
08-01 12:08:08.405  2570  2570 W ResourceType: No known package when getting name for resource number 0x9c010001
08-01 12:08:08.406  2570  2570 W ResourceType: No known package when getting name for resource number 0x9c010101
08-01 12:08:08.406  2570  2570 W ResourceType: No known package when getting name for resource number 0x9c010201
08-01 12:08:08.406  2570  2570 W ResourceType: No known package when getting name for resource number 0x9c010301
08-01 12:08:08.406  2570  2570 W ResourceType: No known package when getting name for resource number 0x9c010002
08-01 12:08:08.406  2570  2570 W ResourceType: No known package when getting name for resource number 0x9c010102
08-01 12:08:08.406  2570  2570 W ResourceType: No known package when getting name for resource number 0x9c010202
08-01 12:08:08.407  2570  2570 W ResourceType: No known package when getting name for resource number 0x9c010302
08-01 12:08:08.407  2570  2570 W ResourceType: No known package when getting name for resource number 0x9c010003
08-01 12:08:08.407  2570  2570 W ResourceType: No known package when getting name for resource number 0x9c010103
08-01 12:08:08.407  2570  2570 W ResourceType: No known package when getting name for resource number 0x9c010203
08-01 12:08:08.407  2570  2570 W ResourceType: No known package when getting name for resource number 0x9c010303
08-01 12:08:08.407  2570  2570 W ResourceType: No known package when getting name for resource number 0x9c010004
08-01 12:08:08.408  2570  2570 W ResourceType: No known package when getting name for resource number 0x9c010104
08-01 12:08:08.408  2570  2570 W ResourceType: No known package when getting name for resource number 0x9c010204
08-01 12:08:08.408  2570  2570 W ResourceType: No known package when getting name for resource number 0x9c010304
08-01 12:08:08.409  2570  2570 W ResourceType: No known package when getting name for resource number 0x9c020000
08-01 12:08:08.409  2570  2570 W ResourceType: No known package when getting name for resource number 0x9c020100
08-01 12:08:08.409  2570  2570 W ResourceType: No known package when getting name for resource number 0x9c020200
08-01 12:08:08.410  2570  2570 W ResourceType: No known package when getting name for resource number 0x9c020300
08-01 12:08:08.410  2570  2570 W ResourceType: No known package when getting name for resource number 0x9c020001
08-01 12:08:08.410  2570  2570 W ResourceType: No known package when getting name for resource number 0x9c020101
08-01 12:08:08.410  2570  2570 W ResourceType: No known package when getting name for resource number 0x9c020201
08-01 12:08:08.415  2570  2570 W ResourceType: No known package when getting name for resource number 0x9c010000
08-01 12:08:08.415  2570  2570 W ResourceType: No known package when getting name for resource number 0x9c010100
08-01 12:08:08.416  2570  2570 W ResourceType: No known package when getting name for resource number 0x9c010200
08-01 12:08:08.416  2570  2570 W ResourceType: No known package when getting name for resource number 0x9c010300
08-01 12:08:08.416  2570  2570 W ResourceType: No known package when getting name for resource number 0x9c010001
08-01 12:08:08.416  2570  2570 W ResourceType: No known package when getting name for resource number 0x9c010101
08-01 12:08:08.416  2570  2570 W ResourceType: No known package when getting name for resource number 0x9c010201
08-01 12:08:08.416  2570  2570 W ResourceType: No known package when getting name for resource number 0x9c010301
08-01 12:08:08.417  2570  2570 W ResourceType: No known package when getting name for resource number 0x9c010002
08-01 12:08:08.417  2570  2570 W ResourceType: No known package when getting name for resource number 0x9c010102
