08-01 12:08:07.516   762 14169 I Pged-IPgedBinderService: ****action is 2, pid num is 2***
08-01 12:08:07.517   762 14169 I Pged-Freezer: thawPids
08-01 12:08:07.517  1886  2090 D PgedBinderAdapter: unfrz ok, pid: [18827]
08-01 12:08:07.533  1147  9318 D KeyEvent: obtain, mHwFlags=0
08-01 12:08:07.533  1147  9318 D HwCustPhoneWindowManager: answer call by keyCode = 3, down = true, isSupVolumnkeyAnswerCall = false
08-01 12:08:07.533  1147  9318 D WindowManager: interceptKeyBeforeQueueing: key 3 , result : 1
08-01 12:08:07.534  1147  1325 D KeyEvent: obtain, mHwFlags=-869704624
08-01 12:08:07.538  1147  1325 D HwGameAssistantController: Keycontrol mode is 0 for user 0
08-01 12:08:07.538  1147  1325 D HwPhoneWindowManager: deviceId:-1 mFingerPrintId:0 isGameKeyControlOn:false,EnableKey=false,mLastKeyDownDropped=false
08-01 12:08:07.557  1147  9318 D KeyEvent: obtain, mHwFlags=0
08-01 12:08:07.557  1147  9318 D HwCustPhoneWindowManager: answer call by keyCode = 3, down = false, isSupVolumnkeyAnswerCall = false
08-01 12:08:07.558  1147  9318 D WindowManager: interceptKeyBeforeQueueing: key 3 , result : 1
08-01 12:08:07.558  1147  1325 D KeyEvent: obtain, mHwFlags=-869704624
08-01 12:08:07.558  1147  1325 I InputManager: preStart Home return.
08-01 12:08:07.559  1147  1325 D HwGameAssistantController: Keycontrol mode is 0 for user 0
08-01 12:08:07.559  1147  1325 D HwPhoneWindowManager: deviceId:-1 mFingerPrintId:0 isGameKeyControlOn:false,EnableKey=false,mLastKeyDownDropped=false
08-01 12:08:07.568 27577 27577 W HwKeyguardDragHelper: AnimationBlocked
08-01 12:08:07.576  1147  1325 I ActivityManager: START u0 {act=android.intent.action.MAIN cat=[android.intent.category.HOME] flg=0x10200200 cmp=com.huawei.android.launcher/.unihome.UniHomeLauncher (has extras)} from uid 1000
08-01 12:08:07.576  1147  1325 I ActivityManager: ActivityRecord info: ActivityInfo{18fd759 com.huawei.android.launcher.unihome.UniHomeLauncher}
08-01 12:08:07.579  1886  2177 I ash     : front pkg : com.huawei.android.launcher launcher: false
08-01 12:08:07.579  1886  2177 I ash     : above launcher front pkgs: [com.android.settings, com.huawei.android.launcher]
08-01 12:08:07.585  1147  1325 D ActivityManager: allPausedActivitiesComplete: r=ActivityRecord{5bf326c u0 com.android.settings/.HWSettings t1348} state=PAUSING
08-01 12:08:07.596  1147  1497 V WindowManager: No longer Stopped: AppWindowToken{57efd19 token=Token{ef87460 ActivityRecord{b1b063 u0 com.huawei.android.launcher/.unihome.UniHomeLauncher t1125}}}
08-01 12:08:07.597  1147  1497 V WindowManager: findFocusedWindow: AppWindowToken{3f4bcca token=Token{f4d9035 ActivityRecord{5bf326c u0 com.android.settings/.HWSettings t1348}}} below Reached focused app=AppWindowToken{57efd19 token=Token{ef87460 ActivityRecord{b1b063 u0 com.huawei.android.launcher/.unihome.UniHomeLauncher t1125}}}
08-01 12:08:07.603  1886  2035 D ScenarioService: front pkg : com.huawei.android.launcher launcher: true
08-01 12:08:07.603  1886  2035 I AppsUsage: scnOff:false FgAPP:com.huawei.android.launcher BgAPP:com.android.settings
08-01 12:08:07.603  1886  2177 I ash     : front pkg : com.huawei.android.launcher launcher: true
08-01 12:08:07.604  2983  2983 I HiBoard_Workspace: onWindowVisibilityChanged：0 isOverlayClosed:true
08-01 12:08:07.604  2983  2983 I HiBoard_MainView: onWindowVisibilityChanged：0 isOverlayClosed:true
08-01 12:08:07.604  2983  2983 I HiBoard_FlowLayout: onWindowVisibilityChanged：0 isOverlayClosed:true
08-01 12:08:07.608  2683  5702 D [HwRecSys]HwRecSysService: onEvent actionID: 10010 msg:com.huawei.android.launcher
08-01 12:08:07.608  2683  5702 I [HwRecSys]HwRecSysService:  cur pkg: com.huawei.android.launcher
08-01 12:08:07.609  1147  1657 W WindowManager: EGLdebug Created surface WindowStateAnimator{6970791 com.huawei.intelligent.Workspace}
08-01 12:08:07.610  1147  1657 V WindowManager: findFocusedWindow: AppWindowToken{3f4bcca token=Token{f4d9035 ActivityRecord{5bf326c u0 com.android.settings/.HWSettings t1348}}} below Reached focused app=AppWindowToken{57efd19 token=Token{ef87460 ActivityRecord{b1b063 u0 com.huawei.android.launcher/.unihome.UniHomeLauncher t1125}}}
08-01 12:08:07.611  1147  1657 D WindowManager: face_rotation: isIntelliServiceEnabled: ro swtich off
08-01 12:08:07.611  1147  1657 I WindowManager: rotationForOrientationLw(orient=1, last=0); user=0
08-01 12:08:07.611  1147  1657 D WindowManager: face_rotation: isIntelliServiceEnabled: ro swtich off
08-01 12:08:07.611  1147  1657 D HwPhoneWindowManager: face_rotation: not enabled,use sensor real
08-01 12:08:07.611  1147  1657 D HwPhoneWindowManager: face_rotation:real sensor rotation = -1
08-01 12:08:07.611  1147  1657 D HwPhoneWindowManager: face_rotation: rotation = 0
08-01 12:08:07.611  1147  1657 I WindowManager: Selected orientation 1, got rotation 0 which has compatible metrics
08-01 12:08:07.612  1147  1394 D EmcomManagerService: forePackage name is com.huawei.android.launcher
08-01 12:08:07.612  1147  1394 D HicomPolicyManager: foreAppInfo = nullpkgName = com.huawei.android.launcher uid= 10057
08-01 12:08:07.612  1147  1394 E HicomPolicyManager: udp acc is not start yet!
08-01 12:08:07.612  1147  1394 D HicomPolicyManager: speed control is not start
08-01 12:08:07.612  1147  1394 E HicomPolicyManager: Network Evaluation is not start yet!
08-01 12:08:07.612  1147  1394 E HicomPolicyManager: foreground app info is null
08-01 12:08:07.613  1886  2342 I PGServer: report state:10000 event type:2 pid:0 uid:0 pkg:com.android.settings to pid: 1147
08-01 12:08:07.613  1886  2342 I PGServer: report state:10000 event type:2 pid:0 uid:0 pkg:com.android.settings to pid: 1886
08-01 12:08:07.613  1886  2342 I SceneReceiver: state type: 10000 eventType:2 pid:0 uid:0 pkg:com.android.settings
08-01 12:08:07.613  1886  2342 I PGServer: report state:10010 event type:1 pid:0 uid:0 pkg:com.huawei.android.launcher to pid: 1147
08-01 12:08:07.613  1886  2342 I PGServer: report state:10010 event type:1 pid:0 uid:0 pkg:com.huawei.android.launcher to pid: 1886
08-01 12:08:07.613  1886  2342 I SceneReceiver: state type: 10010 eventType:1 pid:0 uid:0 pkg:com.huawei.android.launcher
08-01 12:08:07.613  1886  2552 D HwThermalStateManager: current foreapp pkg : com.huawei.android.launcher
08-01 12:08:07.614  1886  1607 I PGServer: checkPkgType. calling pkg: android
08-01 12:08:07.615  2683  5702 E [HwRecSys]ServiceHelper: accessibility_service_name:com.huawei.recsys/com.huawei.recsys.service.PortraitDaService
08-01 12:08:07.615  2683  5702 E [HwRecSys]ServiceHelper: multiScreenShotService:ComponentInfo{com.huawei.recsys/com.huawei.recsys.service.PortraitDaService}
08-01 12:08:07.616  1886  1607 I PGServer: checkPkgType. calling pkg: android
08-01 12:08:07.616  1886  3657 W libc    : Set property "sys.aps.gameProcessName" to ""
08-01 12:08:07.616  1147  9458 I [SPMN]  : insert SECURE -- name = enabled_accessibility_services, package = com.huawei.recsys, user = 0, value =
08-01 12:08:07.617  1886  3657 W libc    : Set property "sys.aps.browserProcessName" to ""
08-01 12:08:07.618  1147  9458 I [SPMN]  : insert SECURE -- name = accessibility_enabled, package = com.huawei.recsys, user = 0, value = 1
08-01 12:08:07.618  2683  5702 D [HwRecSys]DirectServiceController: curPkg:com.huawei.android.launcher
08-01 12:08:07.621  1147  9318 V WindowManager: findFocusedWindow: AppWindowToken{3f4bcca token=Token{f4d9035 ActivityRecord{5bf326c u0 com.android.settings/.HWSettings t1348}}} below Reached focused app=AppWindowToken{57efd19 token=Token{ef87460 ActivityRecord{b1b063 u0 com.huawei.android.launcher/.unihome.UniHomeLauncher t1125}}}
08-01 12:08:07.630  2983 22918 D mali_winsys: EGLint new_window_surface(egl_winsys_display *, void *, EGLSurface, EGLConfig, egl_winsys_surface **, egl_color_buffer_format *, EGLBoolean) returns 0x3000
08-01 12:08:07.632   644   644 I GRALLOC : 	 shrFd=10,fmt=0x1,intFmt=0x200000001,btStrd=4352,size=8486912,pid=644
08-01 12:08:07.632   644   644 I GRALLOC : 	 yuv=2,w=1080,h=1920,Stride u=0 v=0,offset u=0 v=0
08-01 12:08:07.632   644   644 I GRALLOC : 	 iova_size=8486912,conUsg=0x900,proUsg=0x900,	 strd=1088,[afbc]HdrStrd=1088 PyldStrd=69632 Scrmbl=0,ionhnd = 1
08-01 12:08:07.634  1147  1497 I WindowManager: Taking screenshot from Surface with crop:[Rect(0, 72 - 1080, 1787)], width:[648], height:[1029], minLayer:[21010], maxLayer:[21010], inRotation:[false], rot:[0]
08-01 12:08:07.635   644   644 I chatty  : uid=1000(system) allocator@2.0-s identical 1 line
08-01 12:08:07.637   644   644 I GRALLOC : 	 shrFd=10,fmt=0x1,intFmt=0x200000001,btStrd=4352,size=8486912,pid=644
08-01 12:08:07.637   644   644 I GRALLOC : 	 yuv=2,w=1080,h=1920,Stride u=0 v=0,offset u=0 v=0
08-01 12:08:07.637   644   644 I GRALLOC : 	 iova_size=8486912,conUsg=0x900,proUsg=0x900,	 strd=1088,[afbc]HdrStrd=1088 PyldStrd=69632 Scrmbl=0,ionhnd = 1
08-01 12:08:07.640  1147  1345 D HwWifiStatStore: handleMessage : 200
08-01 12:08:07.651   644   644 I GRALLOC : 	 shrFd=10,fmt=0x1,intFmt=0x200000001,btStrd=4352,size=8486912,pid=644
08-01 12:08:07.651   644   644 I GRALLOC : 	 yuv=2,w=1080,h=1920,Stride u=0 v=0,offset u=0 v=0
08-01 12:08:07.651   644   644 I GRALLOC : 	 iova_size=8486912,conUsg=0xb00,proUsg=0xb00,	 strd=1088,[afbc]HdrStrd=1088 PyldStrd=69632 Scrmbl=0,ionhnd = 1
08-01 12:08:07.654   644   644 I GRALLOC : 	 shrFd=10,fmt=0x1,intFmt=0x1,btStrd=2816,size=2908160,pid=644
08-01 12:08:07.654   644   644 I GRALLOC : 	 yuv=2,w=648,h=1029,Stride u=0 v=0,offset u=0 v=0
08-01 12:08:07.654   644   644 I GRALLOC : 	 iova_size=2908160,conUsg=0x306,proUsg=0x366,	 strd=704,[afbc]HdrStrd=0 PyldStrd=0 Scrmbl=0,ionhnd = 1
08-01 12:08:07.660  1147  9318 D WindowManager: finishDrawingWindow: Window{8b51aff u0 com.huawei.intelligent.Workspace} mDrawState=DRAW_PENDING
08-01 12:08:07.670  1147  1497 V WindowManager: notifyAppResumed: wasStopped=true AppWindowToken{57efd19 token=Token{ef87460 ActivityRecord{b1b063 u0 com.huawei.android.launcher/.unihome.UniHomeLauncher t1125}}}
08-01 12:08:07.671  2570  2570 I HwLauncher: Launcher  onNewIntent() DragLayer visibility = 0, alpha = 1.0
08-01 12:08:07.673  1147  1311 W InputMethodManagerService: Ignoring hideSoftInput of uid 10057: com.android.internal.view.IInputMethodClient$Stub$Proxy@7b8f3ff
08-01 12:08:07.675  2570  2570 W HwLauncher: Workspace  changeState() state no change.
08-01 12:08:07.678  1147  1497 V WindowManager: Checking 1 opening apps (frozen=false timeout=false)...
08-01 12:08:07.678  1147  1497 V WindowManager: Check opening app=AppWindowToken{57efd19 token=Token{ef87460 ActivityRecord{b1b063 u0 com.huawei.android.launcher/.unihome.UniHomeLauncher t1125}}}: allDrawn=false startingDisplayed=false startingMoved=false isRelaunching()=false
08-01 12:08:07.684  2570  2632 E HwLauncher: SettingsEx , no such field.
08-01 12:08:07.684  2570  2632 W HwLauncher: Clock getDataFormat the getSystemString failed.
08-01 12:08:07.685 18707 18707 D DashboardSummary: onWindowFocusChanged
08-01 12:08:07.685 18707 18707 D DashboardSummary: Stopped listening for condition changes
08-01 12:08:07.688  1147  1164 D HwQoEUtils: mForegroundAppPackageName: com.huawei.android.launcher ,score: 0
08-01 12:08:07.688  1147  1164 D HwQoEUtils: onForegroundAppWifiSleepChange: config:false, sleeptime:-1,type: 255, appname:com.huawei.android.launcher
08-01 12:08:07.688  1147  1164 D HwQoEUtils: APP type: 255 appName= com.huawei.android.launcher
08-01 12:08:07.689  1147  1164 D HwQoEUtils: no game, APP_TYPE_GAME, appName =com.huawei.android.launcher
08-01 12:08:07.691  1147  1164 D HwGameAssistantController: pid=2570, uid=10057, foreground=true
08-01 12:08:07.693  2683  5702 I [HwRecSys]CandidateSetHelper: getHwCandisetByPkgAndActivity -> pkg:com.huawei.android.launcher
08-01 12:08:07.694  2683  5702 E [HwRecSys]CandidateSetHelper: getHwCandidateByPkgAndActivity -> this pkg HwCandidates is null!
08-01 12:08:07.694  2683  5702 I [HwRecSys]DirectServiceController: this pkg and activity is not contain in Candidate db!
08-01 12:08:07.695  1147  9458 W WindowManager: EGLdebug Created surface WindowStateAnimator{e022cc1 com.huawei.android.launcher/com.huawei.android.launcher.unihome.UniHomeLauncher}
08-01 12:08:07.696  1147  1310 W AwareLog: SchedLevelBoost: onFgActivitiesChanged config not set!
08-01 12:08:07.696  1147  9458 V HwPhoneWindowManager: updateSystemUiColorLw window=Window{1372794 u0 com.huawei.android.launcher/com.huawei.android.launcher.unihome.UniHomeLauncher},EmuiStyle=-1,StatusBarColor=0xfffcfcfc,NavigationBarColor=0x0, mLastIsEmuiLightStyle=-1, mForceNotchStatusBar=false
08-01 12:08:07.696  1147  1164 D HwPhoneWindowManager: Transact:setSystemUIColor to status bar service
08-01 12:08:07.697 27577 29177 I CommandQueue: updateBarBgColor
08-01 12:08:07.697 27577 29177 D CommandQueue: CommandQueue, setBarBackgroundColor
08-01 12:08:07.698  1147  1497 I HwNetworkPolicy: onTransact, code = 203
08-01 12:08:07.698 27577 27577 D TintManager: statusBarIconTint=#99000000,navigationBarIconTint=#00000000
08-01 12:08:07.698  1455  1722 I HwNetworkPolicyManager: getHwUidPolicy uid = 10057 policy = 0
08-01 12:08:07.702 18678 18678 I AccessibilityNodeInfoDumper: Skipping invisible child: android.view.accessibility.AccessibilityNodeInfo@f640; boundsInParent: Rect(0, 0 - 1080, 0); boundsInScreen: Rect(0, 216 - 1080, 216); packageName: com.android.settings; className: android.widget.FrameLayout; text: null; error: null; maxTextLength: -1; contentDescription: null; viewIdResName: com.android.settings:id/content_header_container; checkable: false; checked: false; focusable: false; focused: false; selected: false; clickable: false; longClickable: false; contextClickable: false; enabled: true; password: false; scrollable: false; importantForAccessibility: false; actions: [AccessibilityAction: ACTION_SELECT - null, AccessibilityAction: ACTION_CLEAR_SELECTION - null, AccessibilityAction: ACTION_ACCESSIBILITY_FOCUS - null, AccessibilityAction: ACTION_SHOW_ON_SCREEN - null]
08-01 12:08:07.704  1147  9458 V WindowManager: Checking 1 opening apps (frozen=false timeout=false)...
08-01 12:08:07.704  1147  9458 V WindowManager: Check opening app=AppWindowToken{57efd19 token=Token{ef87460 ActivityRecord{b1b063 u0 com.huawei.android.launcher/.unihome.UniHomeLauncher t1125}}}: allDrawn=false startingDisplayed=false startingMoved=false isRelaunching()=false
08-01 12:08:07.705 27577 27577 D StatusBarIconController: setIconVisibility icon is null or visibility not change visibility=false
08-01 12:08:07.708  2570  3027 D mali_winsys: EGLint new_window_surface(egl_winsys_display *, void *, EGLSurface, EGLConfig, egl_winsys_surface **, egl_color_buffer_format *, EGLBoolean) returns 0x3000
08-01 12:08:07.711   644   644 I GRALLOC : 	 shrFd=10,fmt=0x1,intFmt=0x200000001,btStrd=4352,size=8486912,pid=644
08-01 12:08:07.711   644   644 I GRALLOC : 	 yuv=2,w=1080,h=1920,Stride u=0 v=0,offset u=0 v=0
08-01 12:08:07.711   644   644 I GRALLOC : 	 iova_size=8486912,conUsg=0x900,proUsg=0x900,	 strd=1088,[afbc]HdrStrd=1088 PyldStrd=69632 Scrmbl=0,ionhnd = 1
08-01 12:08:07.711 18678 18678 I AccessibilityNodeInfoDumper: Null child 0/3, parent: android.view.accessibility.AccessibilityNodeInfo@9fe9; boundsInParent: Rect(0, 0 - 1080, 168); boundsInScreen: Rect(0, 528 - 1080, 696); packageName: com.android.settings; className: android.widget.LinearLayout; text: null; error: null; maxTextLength: -1; contentDescription: null; viewIdResName: com.android.settings:id/dashboard_tile; checkable: false; checked: false; focusable: true; focused: false; selected: false; clickable: true; longClickable: false; contextClickable: false; enabled: true; password: false; scrollable: false; importantForAccessibility: true; actions: [AccessibilityAction: ACTION_FOCUS - null, AccessibilityAction: ACTION_SELECT - null, AccessibilityAction: ACTION_CLEAR_SELECTION - null, AccessibilityAction: ACTION_CLICK - null, AccessibilityAction: ACTION_ACCESSIBILITY_FOCUS - null, AccessibilityAction: ACTION_SHOW_ON_SCREEN - null]
08-01 12:08:07.711 18678 18694 W QueryController: AccessibilityNodeInfo returned a null child (0 of 3)
08-01 12:08:07.712 18678 18694 W QueryController: parent = android.view.accessibility.AccessibilityNodeInfo@9fe9; boundsInParent: Rect(0, 0 - 1080, 168); boundsInScreen: Rect(0, 528 - 1080, 696); packageName: com.android.settings; className: android.widget.LinearLayout; text: null; error: null; maxTextLength: -1; contentDescription: null; viewIdResName: com.android.settings:id/dashboard_tile; checkable: false; checked: false; focusable: true; focused: false; selected: false; clickable: true; longClickable: false; contextClickable: false; enabled: true; password: false; scrollable: false; importantForAccessibility: true; actions: [AccessibilityAction: ACTION_FOCUS - null, AccessibilityAction: ACTION_SELECT - null, AccessibilityAction: ACTION_CLEAR_SELECTION - null, AccessibilityAction: ACTION_CLICK - null, AccessibilityAction: ACTION_ACCESSIBILITY_FOCUS - null, AccessibilityAction: ACTION_SHOW_ON_SCREEN - null]
08-01 12:08:07.712 18678 18678 I AccessibilityNodeInfoDumper: Null child 1/3, parent: android.view.accessibility.AccessibilityNodeInfo@9fe9; boundsInParent: Rect(0, 0 - 1080, 168); boundsInScreen: Rect(0, 528 - 1080, 696); packageName: com.android.settings; className: android.widget.LinearLayout; text: null; error: null; maxTextLength: -1; contentDescription: null; viewIdResName: com.android.settings:id/dashboard_tile; checkable: false; checked: false; focusable: true; focused: false; selected: false; clickable: true; longClickable: false; contextClickable: false; enabled: true; password: false; scrollable: false; importantForAccessibility: true; actions: [AccessibilityAction: ACTION_FOCUS - null, AccessibilityAction: ACTION_SELECT - null, AccessibilityAction: ACTION_CLEAR_SELECTION - null, AccessibilityAction: ACTION_CLICK - null, AccessibilityAction: ACTION_ACCESSIBILITY_FOCUS - null, AccessibilityAction: ACTION_SHOW_ON_SCREEN - null]
08-01 12:08:07.712 18678 18694 W QueryController: AccessibilityNodeInfo returned a null child (1 of 3)
08-01 12:08:07.713 18678 18678 I AccessibilityNodeInfoDumper: Null child 2/3, parent: android.view.accessibility.AccessibilityNodeInfo@9fe9; boundsInParent: Rect(0, 0 - 1080, 168); boundsInScreen: Rect(0, 528 - 1080, 696); packageName: com.android.settings; className: android.widget.LinearLayout; text: null; error: null; maxTextLength: -1; contentDescription: null; viewIdResName: com.android.settings:id/dashboard_tile; checkable: false; checked: false; focusable: true; focused: false; selected: false; clickable: true; longClickable: false; contextClickable: false; enabled: true; password: false; scrollable: false; importantForAccessibility: true; actions: [AccessibilityAction: ACTION_FOCUS - null, AccessibilityAction: ACTION_SELECT - null, AccessibilityAction: ACTION_CLEAR_SELECTION - null, AccessibilityAction: ACTION_CLICK - null, AccessibilityAction: ACTION_ACCESSIBILITY_FOCUS - null, AccessibilityAction: ACTION_SHOW_ON_SCREEN - null]
08-01 12:08:07.713 18678 18694 W QueryController: AccessibilityNodeInfo returned a null child (2 of 3)
08-01 12:08:07.714 18678 18678 I AccessibilityNodeInfoDumper: Null child 0/3, parent: android.view.accessibility.AccessibilityNodeInfo@9fe9; boundsInParent: Rect(0, 0 - 1080, 168); boundsInScreen: Rect(0, 528 - 1080, 696); packageName: com.android.settings; className: android.widget.LinearLayout; text: null; error: null; maxTextLength: -1; contentDescription: null; viewIdResName: com.android.settings:id/dashboard_tile; checkable: false; checked: false; focusable: true; focused: false; selected: false; clickable: true; longClickable: false; contextClickable: false; enabled: true; password: false; scrollable: false; importantForAccessibility: true; actions: [AccessibilityAction: ACTION_FOCUS - null, AccessibilityAction: ACTION_SELECT - null, AccessibilityAction: ACTION_CLEAR_SELECTION - null, AccessibilityAction: ACTION_CLICK - null, AccessibilityAction: ACTION_ACCESSIBILITY_FOCUS - null, AccessibilityAction: ACTION_SHOW_ON_SCREEN - null]
08-01 12:08:07.714 18678 18694 W QueryController: AccessibilityNodeInfo returned a null child (0 of 3)
08-01 12:08:07.714 18678 18694 W QueryController: parent = android.view.accessibility.AccessibilityNodeInfo@a3aa; boundsInParent: Rect(0, 0 - 1080, 168); boundsInScreen: Rect(0, 696 - 1080, 864); packageName: com.android.settings; className: android.widget.LinearLayout; text: null; error: null; maxTextLength: -1; contentDescription: null; viewIdResName: com.android.settings:id/dashboard_tile; checkable: false; checked: false; focusable: true; focused: false; selected: false; clickable: true; longClickable: false; contextClickable: false; enabled: true; password: false; scrollable: false; importantForAccessibility: true; actions: [AccessibilityAction: ACTION_FOCUS - null, AccessibilityAction: ACTION_SELECT - null, AccessibilityAction: ACTION_CLEAR_SELECTION - null, AccessibilityAction: ACTION_CLICK - null, AccessibilityAction: ACTION_ACCESSIBILITY_FOCUS - null, AccessibilityAction: ACTION_SHOW_ON_SCREEN - null]
08-01 12:08:07.715 18678 18694 W QueryController: AccessibilityNodeInfo returned a null child (1 of 3)
08-01 12:08:07.715 18678 18678 I AccessibilityNodeInfoDumper: Null child 1/3, parent: android.view.accessibility.AccessibilityNodeInfo@9fe9; boundsInParent: Rect(0, 0 - 1080, 168); boundsInScreen: Rect(0, 528 - 1080, 696); packageName: com.android.settings; className: android.widget.LinearLayout; text: null; error: null; maxTextLength: -1; contentDescription: null; viewIdResName: com.android.settings:id/dashboard_tile; checkable: false; checked: false; focusable: true; focused: false; selected: false; clickable: true; longClickable: false; contextClickable: false; enabled: true; password: false; scrollable: false; importantForAccessibility: true; actions: [AccessibilityAction: ACTION_FOCUS - null, AccessibilityAction: ACTION_SELECT - null, AccessibilityAction: ACTION_CLEAR_SELECTION - null, AccessibilityAction: ACTION_CLICK - null, AccessibilityAction: ACTION_ACCESSIBILITY_FOCUS - null, AccessibilityAction: ACTION_SHOW_ON_SCREEN - null]
08-01 12:08:07.716 18678 18694 W QueryController: AccessibilityNodeInfo returned a null child (2 of 3)
08-01 12:08:07.716   644   644 I GRALLOC : 	 shrFd=10,fmt=0x1,intFmt=0x200000001,btStrd=4352,size=8486912,pid=644
08-01 12:08:07.716   644   644 I GRALLOC : 	 yuv=2,w=1080,h=1920,Stride u=0 v=0,offset u=0 v=0
08-01 12:08:07.716   644   644 I GRALLOC : 	 iova_size=8486912,conUsg=0x900,proUsg=0x900,	 strd=1088,[afbc]HdrStrd=1088 PyldStrd=69632 Scrmbl=0,ionhnd = 1
08-01 12:08:07.716 18678 18694 W QueryController: AccessibilityNodeInfo returned a null child (0 of 3)
08-01 12:08:07.717 18678 18694 W QueryController: parent = android.view.accessibility.AccessibilityNodeInfo@a76b; boundsInParent: Rect(0, 0 - 1080, 168); boundsInScreen: Rect(0, 864 - 1080, 1032); packageName: com.android.settings; className: android.widget.LinearLayout; text: null; error: null; maxTextLength: -1; contentDescription: null; viewIdResName: com.android.settings:id/dashboard_tile; checkable: false; checked: false; focusable: true; focused: false; selected: false; clickable: true; longClickable: false; contextClickable: false; enabled: true; password: false; scrollable: false; importantForAccessibility: true; actions: [AccessibilityAction: ACTION_FOCUS - null, AccessibilityAction: ACTION_SELECT - null, AccessibilityAction: ACTION_CLEAR_SELECTION - null, AccessibilityAction: ACTION_CLICK - null, AccessibilityAction: ACTION_ACCESSIBILITY_FOCUS - null, AccessibilityAction: ACTION_SHOW_ON_SCREEN - null]
08-01 12:08:07.718 18678 18694 W QueryController: AccessibilityNodeInfo returned a null child (1 of 3)
08-01 12:08:07.719   644   644 I GRALLOC : 	 shrFd=10,fmt=0x1,intFmt=0x200000001,btStrd=4352,size=8486912,pid=644
08-01 12:08:07.719   644   644 I GRALLOC : 	 yuv=2,w=1080,h=1920,Stride u=0 v=0,offset u=0 v=0
08-01 12:08:07.719   644   644 I GRALLOC : 	 iova_size=8486912,conUsg=0x900,proUsg=0x900,	 strd=1088,[afbc]HdrStrd=1088 PyldStrd=69632 Scrmbl=0,ionhnd = 1
08-01 12:08:07.719 18678 18694 W QueryController: AccessibilityNodeInfo returned a null child (2 of 3)
08-01 12:08:07.721 18678 18694 W QueryController: AccessibilityNodeInfo returned a null child (0 of 3)
08-01 12:08:07.721 18678 18694 W QueryController: parent = android.view.accessibility.AccessibilityNodeInfo@b2ae; boundsInParent: Rect(0, 0 - 1080, 168); boundsInScreen: Rect(0, 1368 - 1080, 1536); packageName: com.android.settings; className: android.widget.LinearLayout; text: null; error: null; maxTextLength: -1; contentDescription: null; viewIdResName: com.android.settings:id/dashboard_tile; checkable: false; checked: false; focusable: true; focused: false; selected: false; clickable: true; longClickable: false; contextClickable: false; enabled: true; password: false; scrollable: false; importantForAccessibility: true; actions: [AccessibilityAction: ACTION_FOCUS - null, AccessibilityAction: ACTION_SELECT - null, AccessibilityAction: ACTION_CLEAR_SELECTION - null, AccessibilityAction: ACTION_CLICK - null, AccessibilityAction: ACTION_ACCESSIBILITY_FOCUS - null, AccessibilityAction: ACTION_SHOW_ON_SCREEN - null]
08-01 12:08:07.723   644   644 I GRALLOC : 	 shrFd=10,fmt=0x1,intFmt=0x200000001,btStrd=4352,size=8486912,pid=644
08-01 12:08:07.723   644   644 I GRALLOC : 	 yuv=2,w=1080,h=1920,Stride u=0 v=0,offset u=0 v=0
08-01 12:08:07.723   644   644 I GRALLOC : 	 iova_size=8486912,conUsg=0xb00,proUsg=0xb00,	 strd=1088,[afbc]HdrStrd=1088 PyldStrd=69632 Scrmbl=0,ionhnd = 1
08-01 12:08:07.725 18678 18678 I AccessibilityNodeInfoDumper: Null child 2/3, parent: android.view.accessibility.AccessibilityNodeInfo@9fe9; boundsInParent: Rect(0, 0 - 1080, 168); boundsInScreen: Rect(0, 528 - 1080, 696); packageName: com.android.settings; className: android.widget.LinearLayout; text: null; error: null; maxTextLength: -1; contentDescription: null; viewIdResName: com.android.settings:id/dashboard_tile; checkable: false; checked: false; focusable: true; focused: false; selected: false; clickable: true; longClickable: false; contextClickable: false; enabled: true; password: false; scrollable: false; importantForAccessibility: true; actions: [AccessibilityAction: ACTION_FOCUS - null, AccessibilityAction: ACTION_SELECT - null, AccessibilityAction: ACTION_CLEAR_SELECTION - null, AccessibilityAction: ACTION_CLICK - null, AccessibilityAction: ACTION_ACCESSIBILITY_FOCUS - null, AccessibilityAction: ACTION_SHOW_ON_SCREEN - null]
08-01 12:08:07.725 18678 18694 W QueryController: AccessibilityNodeInfo returned a null child (1 of 3)
08-01 12:08:07.725 18678 18694 W QueryController: AccessibilityNodeInfo returned a null child (2 of 3)
08-01 12:08:07.725 18678 18678 I AccessibilityNodeInfoDumper: Null child 0/3, parent: android.view.accessibility.AccessibilityNodeInfo@a3aa; boundsInParent: Rect(0, 0 - 1080, 168); boundsInScreen: Rect(0, 696 - 1080, 864); packageName: com.android.settings; className: android.widget.LinearLayout; text: null; error: null; maxTextLength: -1; contentDescription: null; viewIdResName: com.android.settings:id/dashboard_tile; checkable: false; checked: false; focusable: true; focused: false; selected: false; clickable: true; longClickable: false; contextClickable: false; enabled: true; password: false; scrollable: false; importantForAccessibility: true; actions: [AccessibilityAction: ACTION_FOCUS - null, AccessibilityAction: ACTION_SELECT - null, AccessibilityAction: ACTION_CLEAR_SELECTION - null, AccessibilityAction: ACTION_CLICK - null, AccessibilityAction: ACTION_ACCESSIBILITY_FOCUS - null, AccessibilityAction: ACTION_SHOW_ON_SCREEN - null]
08-01 12:08:07.726 18678 18678 I AccessibilityNodeInfoDumper: Null child 1/3, parent: android.view.accessibility.AccessibilityNodeInfo@a3aa; boundsInParent: Rect(0, 0 - 1080, 168); boundsInScreen: Rect(0, 696 - 1080, 864); packageName: com.android.settings; className: android.widget.LinearLayout; text: null; error: null; maxTextLength: -1; contentDescription: null; viewIdResName: com.android.settings:id/dashboard_tile; checkable: false; checked: false; focusable: true; focused: false; selected: false; clickable: true; longClickable: false; contextClickable: false; enabled: true; password: false; scrollable: false; importantForAccessibility: true; actions: [AccessibilityAction: ACTION_FOCUS - null, AccessibilityAction: ACTION_SELECT - null, AccessibilityAction: ACTION_CLEAR_SELECTION - null, AccessibilityAction: ACTION_CLICK - null, AccessibilityAction: ACTION_ACCESSIBILITY_FOCUS - null, AccessibilityAction: ACTION_SHOW_ON_SCREEN - null]
08-01 12:08:07.727 18678 18694 W QueryController: AccessibilityNodeInfo returned a null child (0 of 3)
08-01 12:08:07.727 18678 18678 I AccessibilityNodeInfoDumper: Null child 2/3, parent: android.view.accessibility.AccessibilityNodeInfo@a3aa; boundsInParent: Rect(0, 0 - 1080, 168); boundsInScreen: Rect(0, 696 - 1080, 864); packageName: com.android.settings; className: android.widget.LinearLayout; text: null; error: null; maxTextLength: -1; contentDescription: null; viewIdResName: com.android.settings:id/dashboard_tile; checkable: false; checked: false; focusable: true; focused: false; selected: false; clickable: true; longClickable: false; contextClickable: false; enabled: true; password: false; scrollable: false; importantForAccessibility: true; actions: [AccessibilityAction: ACTION_FOCUS - null, AccessibilityAction: ACTION_SELECT - null, AccessibilityAction: ACTION_CLEAR_SELECTION - null, AccessibilityAction: ACTION_CLICK - null, AccessibilityAction: ACTION_ACCESSIBILITY_FOCUS - null, AccessibilityAction: ACTION_SHOW_ON_SCREEN - null]
08-01 12:08:07.728 18678 18694 W QueryController: parent = android.view.accessibility.AccessibilityNodeInfo@b66f; boundsInParent: Rect(0, 0 - 1080, 168); boundsInScreen: Rect(0, 1536 - 1080, 1704); packageName: com.android.settings; className: android.widget.LinearLayout; text: null; error: null; maxTextLength: -1; contentDescription: null; viewIdResName: com.android.settings:id/dashboard_tile; checkable: false; checked: false; focusable: true; focused: false; selected: false; clickable: true; longClickable: false; contextClickable: false; enabled: true; password: false; scrollable: false; importantForAccessibility: true; actions: [AccessibilityAction: ACTION_FOCUS - null, AccessibilityAction: ACTION_SELECT - null, AccessibilityAction: ACTION_CLEAR_SELECTION - null, AccessibilityAction: ACTION_CLICK - null, AccessibilityAction: ACTION_ACCESSIBILITY_FOCUS - null, AccessibilityAction: ACTION_SHOW_ON_SCREEN - null]
08-01 12:08:07.728 18678 18694 W QueryController: AccessibilityNodeInfo returned a null child (1 of 3)
08-01 12:08:07.729 18678 18694 W QueryController: AccessibilityNodeInfo returned a null child (2 of 3)
08-01 12:08:07.730 18678 18694 W QueryController: AccessibilityNodeInfo returned a null child (0 of 3)
08-01 12:08:07.730 18678 18694 W QueryController: parent = android.view.accessibility.AccessibilityNodeInfo@ba30; boundsInParent: Rect(0, 0 - 1080, 168); boundsInScreen: Rect(0, 1704 - 1080, 1788); packageName: com.android.settings; className: android.widget.LinearLayout; text: null; error: null; maxTextLength: -1; contentDescription: null; viewIdResName: com.android.settings:id/dashboard_tile; checkable: false; checked: false; focusable: true; focused: false; selected: false; clickable: true; longClickable: false; contextClickable: false; enabled: true; password: false; scrollable: false; importantForAccessibility: true; actions: [AccessibilityAction: ACTION_FOCUS - null, AccessibilityAction: ACTION_SELECT - null, AccessibilityAction: ACTION_CLEAR_SELECTION - null, AccessibilityAction: ACTION_CLICK - null, AccessibilityAction: ACTION_ACCESSIBILITY_FOCUS - null, AccessibilityAction: ACTION_SHOW_ON_SCREEN - null]
08-01 12:08:07.731 18678 18678 I AccessibilityNodeInfoDumper: Null child 0/3, parent: android.view.accessibility.AccessibilityNodeInfo@a3aa; boundsInParent: Rect(0, 0 - 1080, 168); boundsInScreen: Rect(0, 696 - 1080, 864); packageName: com.android.settings; className: android.widget.LinearLayout; text: null; error: null; maxTextLength: -1; contentDescription: null; viewIdResName: com.android.settings:id/dashboard_tile; checkable: false; checked: false; focusable: true; focused: false; selected: false; clickable: true; longClickable: false; contextClickable: false; enabled: true; password: false; scrollable: false; importantForAccessibility: true; actions: [AccessibilityAction: ACTION_FOCUS - null, AccessibilityAction: ACTION_SELECT - null, AccessibilityAction: ACTION_CLEAR_SELECTION - null, AccessibilityAction: ACTION_CLICK - null, AccessibilityAction: ACTION_ACCESSIBILITY_FOCUS - null, AccessibilityAction: ACTION_SHOW_ON_SCREEN - null]
08-01 12:08:07.732  1147  1657 D WindowManager: finishDrawingWindow: Window{1372794 u0 com.huawei.android.launcher/com.huawei.android.launcher.unihome.UniHomeLauncher} mDrawState=DRAW_PENDING
08-01 12:08:07.733 18678 18678 I AccessibilityNodeInfoDumper: Null child 1/3, parent: android.view.accessibility.AccessibilityNodeInfo@a3aa; boundsInParent: Rect(0, 0 - 1080, 168); boundsInScreen: Rect(0, 696 - 1080, 864); packageName: com.android.settings; className: android.widget.LinearLayout; text: null; error: null; maxTextLength: -1; contentDescription: null; viewIdResName: com.android.settings:id/dashboard_tile; checkable: false; checked: false; focusable: true; focused: false; selected: false; clickable: true; longClickable: false; contextClickable: false; enabled: true; password: false; scrollable: false; importantForAccessibility: true; actions: [AccessibilityAction: ACTION_FOCUS - null, AccessibilityAction: ACTION_SELECT - null, AccessibilityAction: ACTION_CLEAR_SELECTION - null, AccessibilityAction: ACTION_CLICK - null, AccessibilityAction: ACTION_ACCESSIBILITY_FOCUS - null, AccessibilityAction: ACTION_SHOW_ON_SCREEN - null]
08-01 12:08:07.734 18678 18678 I AccessibilityNodeInfoDumper: Null child 2/3, parent: android.view.accessibility.AccessibilityNodeInfo@a3aa; boundsInParent: Rect(0, 0 - 1080, 168); boundsInScreen: Rect(0, 696 - 1080, 864); packageName: com.android.settings; className: android.widget.LinearLayout; text: null; error: null; maxTextLength: -1; contentDescription: null; viewIdResName: com.android.settings:id/dashboard_tile; checkable: false; checked: false; focusable: true; focused: false; selected: false; clickable: true; longClickable: false; contextClickable: false; enabled: true; password: false; scrollable: false; importantForAccessibility: true; actions: [AccessibilityAction: ACTION_FOCUS - null, AccessibilityAction: ACTION_SELECT - null, AccessibilityAction: ACTION_CLEAR_SELECTION - null, AccessibilityAction: ACTION_CLICK - null, AccessibilityAction: ACTION_ACCESSIBILITY_FOCUS - null, AccessibilityAction: ACTION_SHOW_ON_SCREEN - null]
08-01 12:08:07.734 18678 18694 W QueryController: AccessibilityNodeInfo returned a null child (2 of 3)
08-01 12:08:07.735 18678 18678 I AccessibilityNodeInfoDumper: Null child 0/3, parent: android.view.accessibility.AccessibilityNodeInfo@a76b; boundsInParent: Rect(0, 0 - 1080, 168); boundsInScreen: Rect(0, 864 - 1080, 1032); packageName: com.android.settings; className: android.widget.LinearLayout; text: null; error: null; maxTextLength: -1; contentDescription: null; viewIdResName: com.android.settings:id/dashboard_tile; checkable: false; checked: false; focusable: true; focused: false; selected: false; clickable: true; longClickable: false; contextClickable: false; enabled: true; password: false; scrollable: false; importantForAccessibility: true; actions: [AccessibilityAction: ACTION_FOCUS - null, AccessibilityAction: ACTION_SELECT - null, AccessibilityAction: ACTION_CLEAR_SELECTION - null, AccessibilityAction: ACTION_CLICK - null, AccessibilityAction: ACTION_ACCESSIBILITY_FOCUS - null, AccessibilityAction: ACTION_SHOW_ON_SCREEN - null]
08-01 12:08:07.736 18678 18678 I AccessibilityNodeInfoDumper: Null child 1/3, parent: android.view.accessibility.AccessibilityNodeInfo@a76b; boundsInParent: Rect(0, 0 - 1080, 168); boundsInScreen: Rect(0, 864 - 1080, 1032); packageName: com.android.settings; className: android.widget.LinearLayout; text: null; error: null; maxTextLength: -1; contentDescription: null; viewIdResName: com.android.settings:id/dashboard_tile; checkable: false; checked: false; focusable: true; focused: false; selected: false; clickable: true; longClickable: false; contextClickable: false; enabled: true; password: false; scrollable: false; importantForAccessibility: true; actions: [AccessibilityAction: ACTION_FOCUS - null, AccessibilityAction: ACTION_SELECT - null, AccessibilityAction: ACTION_CLEAR_SELECTION - null, AccessibilityAction: ACTION_CLICK - null, AccessibilityAction: ACTION_ACCESSIBILITY_FOCUS - null, AccessibilityAction: ACTION_SHOW_ON_SCREEN - null]
08-01 12:08:07.737 18678 18678 I AccessibilityNodeInfoDumper: Null child 2/3, parent: android.view.accessibility.AccessibilityNodeInfo@a76b; boundsInParent: Rect(0, 0 - 1080, 168); boundsInScreen: Rect(0, 864 - 1080, 1032); packageName: com.android.settings; className: android.widget.LinearLayout; text: null; error: null; maxTextLength: -1; contentDescription: null; viewIdResName: com.android.settings:id/dashboard_tile; checkable: false; checked: false; focusable: true; focused: false; selected: false; clickable: true; longClickable: false; contextClickable: false; enabled: true; password: false; scrollable: false; importantForAccessibility: true; actions: [AccessibilityAction: ACTION_FOCUS - null, AccessibilityAction: ACTION_SELECT - null, AccessibilityAction: ACTION_CLEAR_SELECTION - null, AccessibilityAction: ACTION_CLICK - null, AccessibilityAction: ACTION_ACCESSIBILITY_FOCUS - null, AccessibilityAction: ACTION_SHOW_ON_SCREEN - null]
08-01 12:08:07.738  2570  2570 W InputMethodManager: startInputReason = 1
08-01 12:08:07.738 18678 18678 I AccessibilityNodeInfoDumper: Null child 0/3, parent: android.view.accessibility.AccessibilityNodeInfo@a76b; boundsInParent: Rect(0, 0 - 1080, 168); boundsInScreen: Rect(0, 864 - 1080, 1032); packageName: com.android.settings; className: android.widget.LinearLayout; text: null; error: null; maxTextLength: -1; contentDescription: null; viewIdResName: com.android.settings:id/dashboard_tile; checkable: false; checked: false; focusable: true; focused: false; selected: false; clickable: true; longClickable: false; contextClickable: false; enabled: true; password: false; scrollable: false; importantForAccessibility: true; actions: [AccessibilityAction: ACTION_FOCUS - null, AccessibilityAction: ACTION_SELECT - null, AccessibilityAction: ACTION_CLEAR_SELECTION - null, AccessibilityAction: ACTION_CLICK - null, AccessibilityAction: ACTION_ACCESSIBILITY_FOCUS - null, AccessibilityAction: ACTION_SHOW_ON_SCREEN - null]
08-01 12:08:07.739 18678 18678 I AccessibilityNodeInfoDumper: Null child 1/3, parent: android.view.accessibility.AccessibilityNodeInfo@a76b; boundsInParent: Rect(0, 0 - 1080, 168); boundsInScreen: Rect(0, 864 - 1080, 1032); packageName: com.android.settings; className: android.widget.LinearLayout; text: null; error: null; maxTextLength: -1; contentDescription: null; viewIdResName: com.android.settings:id/dashboard_tile; checkable: false; checked: false; focusable: true; focused: false; selected: false; clickable: true; longClickable: false; contextClickable: false; enabled: true; password: false; scrollable: false; importantForAccessibility: true; actions: [AccessibilityAction: ACTION_FOCUS - null, AccessibilityAction: ACTION_SELECT - null, AccessibilityAction: ACTION_CLEAR_SELECTION - null, AccessibilityAction: ACTION_CLICK - null, AccessibilityAction: ACTION_ACCESSIBILITY_FOCUS - null, AccessibilityAction: ACTION_SHOW_ON_SCREEN - null]
08-01 12:08:07.740 27577 27577 D ImageWallpaper: onVisibilityChanged: mVisible, visible=false, true
08-01 12:08:07.740 27577 27577 D ImageWallpaper: Visibility changed to visible=true
08-01 12:08:07.740 18678 18678 I AccessibilityNodeInfoDumper: Null child 2/3, parent: android.view.accessibility.AccessibilityNodeInfo@a76b; boundsInParent: Rect(0, 0 - 1080, 168); boundsInScreen: Rect(0, 864 - 1080, 1032); packageName: com.android.settings; className: android.widget.LinearLayout; text: null; error: null; maxTextLength: -1; contentDescription: null; viewIdResName: com.android.settings:id/dashboard_tile; checkable: false; checked: false; focusable: true; focused: false; selected: false; clickable: true; longClickable: false; contextClickable: false; enabled: true; password: false; scrollable: false; importantForAccessibility: true; actions: [AccessibilityAction: ACTION_FOCUS - null, AccessibilityAction: ACTION_SELECT - null, AccessibilityAction: ACTION_CLEAR_SELECTION - null, AccessibilityAction: ACTION_CLICK - null, AccessibilityAction: ACTION_ACCESSIBILITY_FOCUS - null, AccessibilityAction: ACTION_SHOW_ON_SCREEN - null]
08-01 12:08:07.740 27577 27577 D ImageWallpaper: Suppressed drawFrame since redraw is not needed and offsets have not changed.sf=Rect(0, 0 - 2160, 1920)
08-01 12:08:07.741  1147  1288 V WindowManager: Checking 1 opening apps (frozen=false timeout=false)...
08-01 12:08:07.741  1147  1288 V WindowManager: Check opening app=AppWindowToken{57efd19 token=Token{ef87460 ActivityRecord{b1b063 u0 com.huawei.android.launcher/.unihome.UniHomeLauncher t1125}}}: allDrawn=true startingDisplayed=false startingMoved=false isRelaunching()=false
08-01 12:08:07.741 18678 18678 I AccessibilityNodeInfoDumper: Null child 6/11, parent: android.view.accessibility.AccessibilityNodeInfo@7e20; boundsInParent: Rect(0, 0 - 1080, 1572); boundsInScreen: Rect(0, 216 - 1080, 1788); packageName: com.android.settings; className: android.support.v7.widget.RecyclerView; text: null; error: null; maxTextLength: -1; contentDescription: null; viewIdResName: com.android.settings:id/dashboard_container; checkable: false; checked: false; focusable: true; focused: false; selected: false; clickable: false; longClickable: false; contextClickable: false; enabled: true; password: false; scrollable: true; importantForAccessibility: true; actions: [AccessibilityAction: ACTION_FOCUS - null, AccessibilityAction: ACTION_SELECT - null, AccessibilityAction: ACTION_CLEAR_SELECTION - null, AccessibilityAction: ACTION_ACCESSIBILITY_FOCUS - null, AccessibilityAction: ACTION_SCROLL_FORWARD - null, AccessibilityAction: ACTION_SHOW_ON_SCREEN - null]
08-01 12:08:07.742 18678 18678 I AccessibilityNodeInfoDumper: Null child 7/11, parent: android.view.accessibility.AccessibilityNodeInfo@7e20; boundsInParent: Rect(0, 0 - 1080, 1572); boundsInScreen: Rect(0, 216 - 1080, 1788); packageName: com.android.settings; className: android.support.v7.widget.RecyclerView; text: null; error: null; maxTextLength: -1; contentDescription: null; viewIdResName: com.android.settings:id/dashboard_container; checkable: false; checked: false; focusable: true; focused: false; selected: false; clickable: false; longClickable: false; contextClickable: false; enabled: true; password: false; scrollable: true; importantForAccessibility: true; actions: [AccessibilityAction: ACTION_FOCUS - null, AccessibilityAction: ACTION_SELECT - null, AccessibilityAction: ACTION_CLEAR_SELECTION - null, AccessibilityAction: ACTION_ACCESSIBILITY_FOCUS - null, AccessibilityAction: ACTION_SCROLL_FORWARD - null, AccessibilityAction: ACTION_SHOW_ON_SCREEN - null]
08-01 12:08:07.743 18678 18678 I AccessibilityNodeInfoDumper: Null child 8/11, parent: android.view.accessibility.AccessibilityNodeInfo@7e20; boundsInParent: Rect(0, 0 - 1080, 1572); boundsInScreen: Rect(0, 216 - 1080, 1788); packageName: com.android.settings; className: android.support.v7.widget.RecyclerView; text: null; error: null; maxTextLength: -1; contentDescription: null; viewIdResName: com.android.settings:id/dashboard_container; checkable: false; checked: false; focusable: true; focused: false; selected: false; clickable: false; longClickable: false; contextClickable: false; enabled: true; password: false; scrollable: true; importantForAccessibility: true; actions: [AccessibilityAction: ACTION_FOCUS - null, AccessibilityAction: ACTION_SELECT - null, AccessibilityAction: ACTION_CLEAR_SELECTION - null, AccessibilityAction: ACTION_ACCESSIBILITY_FOCUS - null, AccessibilityAction: ACTION_SCROLL_FORWARD - null, AccessibilityAction: ACTION_SHOW_ON_SCREEN - null]
08-01 12:08:07.743  1147  1288 D CubicBezierInterpolator: CubicBezierInterpolator  mControlPoint1x = 0.5, mControlPoint1y = 0.2, mControlPoint2x = 0.6, mControlPoint2y = 1.0
08-01 12:08:07.743  1147  1288 D CubicBezierInterpolator: CubicBezierInterpolator  mControlPoint1x = 0.5, mControlPoint1y = 0.2, mControlPoint2x = 0.6, mControlPoint2y = 1.0
08-01 12:08:07.744 18678 18678 I AccessibilityNodeInfoDumper: Null child 9/11, parent: android.view.accessibility.AccessibilityNodeInfo@7e20; boundsInParent: Rect(0, 0 - 1080, 1572); boundsInScreen: Rect(0, 216 - 1080, 1788); packageName: com.android.settings; className: android.support.v7.widget.RecyclerView; text: null; error: null; maxTextLength: -1; contentDescription: null; viewIdResName: com.android.settings:id/dashboard_container; checkable: false; checked: false; focusable: true; focused: false; selected: false; clickable: false; longClickable: false; contextClickable: false; enabled: true; password: false; scrollable: true; importantForAccessibility: true; actions: [AccessibilityAction: ACTION_FOCUS - null, AccessibilityAction: ACTION_SELECT - null, AccessibilityAction: ACTION_CLEAR_SELECTION - null, AccessibilityAction: ACTION_ACCESSIBILITY_FOCUS - null, AccessibilityAction: ACTION_SCROLL_FORWARD - null, AccessibilityAction: ACTION_SHOW_ON_SCREEN - null]
08-01 12:08:07.745 18678 18678 I AccessibilityNodeInfoDumper: Null child 10/11, parent: android.view.accessibility.AccessibilityNodeInfo@7e20; boundsInParent: Rect(0, 0 - 1080, 1572); boundsInScreen: Rect(0, 216 - 1080, 1788); packageName: com.android.settings; className: android.support.v7.widget.RecyclerView; text: null; error: null; maxTextLength: -1; contentDescription: null; viewIdResName: com.android.settings:id/dashboard_container; checkable: false; checked: false; focusable: true; focused: false; selected: false; clickable: false; longClickable: false; contextClickable: false; enabled: true; password: false; scrollable: true; importantForAccessibility: true; actions: [AccessibilityAction: ACTION_FOCUS - null, AccessibilityAction: ACTION_SELECT - null, AccessibilityAction: ACTION_CLEAR_SELECTION - null, AccessibilityAction: ACTION_ACCESSIBILITY_FOCUS - null, AccessibilityAction: ACTION_SCROLL_FORWARD - null, AccessibilityAction: ACTION_SHOW_ON_SCREEN - null]
08-01 12:08:07.746 18678 18678 I AccessibilityNodeInfoDumper: Null child 1/2, parent: android.view.accessibility.AccessibilityNodeInfo@ccf5; boundsInParent: Rect(0, 0 - 1080, 1788); boundsInScreen: Rect(0, 0 - 1080, 1788); packageName: com.android.settings; className: android.view.ViewGroup; text: null; error: null; maxTextLength: -1; contentDescription: null; viewIdResName: android:id/decor_content_parent; checkable: false; checked: false; focusable: false; focused: false; selected: false; clickable: false; longClickable: false; contextClickable: false; enabled: true; password: false; scrollable: false; importantForAccessibility: false; actions: [AccessibilityAction: ACTION_SELECT - null, AccessibilityAction: ACTION_CLEAR_SELECTION - null, AccessibilityAction: ACTION_ACCESSIBILITY_FOCUS - null, AccessibilityAction: ACTION_SHOW_ON_SCREEN - null]
08-01 12:08:07.746 18678 18678 I AccessibilityNodeInfoDumper: Null child 1/3, parent: android.view.accessibility.AccessibilityNodeInfo@8000769e; boundsInParent: Rect(0, 0 - 1080, 1920); boundsInScreen: Rect(0, 0 - 1080, 1920); packageName: com.android.settings; className: android.widget.FrameLayout; text: null; error: null; maxTextLength: -1; contentDescription: null; viewIdResName: null; checkable: false; checked: false; focusable: false; focused: false; selected: false; clickable: false; longClickable: false; contextClickable: false; enabled: true; password: false; scrollable: false; importantForAccessibility: true; actions: [AccessibilityAction: ACTION_SELECT - null, AccessibilityAction: ACTION_CLEAR_SELECTION - null, AccessibilityAction: ACTION_ACCESSIBILITY_FOCUS - null, AccessibilityAction: ACTION_SHOW_ON_SCREEN - null]
08-01 12:08:07.747 18678 18678 I AccessibilityNodeInfoDumper: Null child 2/3, parent: android.view.accessibility.AccessibilityNodeInfo@8000769e; boundsInParent: Rect(0, 0 - 1080, 1920); boundsInScreen: Rect(0, 0 - 1080, 1920); packageName: com.android.settings; className: android.widget.FrameLayout; text: null; error: null; maxTextLength: -1; contentDescription: null; viewIdResName: null; checkable: false; checked: false; focusable: false; focused: false; selected: false; clickable: false; longClickable: false; contextClickable: false; enabled: true; password: false; scrollable: false; importantForAccessibility: true; actions: [AccessibilityAction: ACTION_SELECT - null, AccessibilityAction: ACTION_CLEAR_SELECTION - null, AccessibilityAction: ACTION_ACCESSIBILITY_FOCUS - null, AccessibilityAction: ACTION_SHOW_ON_SCREEN - null]
08-01 12:08:07.748 18678 18678 W AccessibilityNodeInfoDumper: Fetch time: 53ms
08-01 12:08:07.753   673  2881 E BufferQueueProducer: [com.android.settings/com.android.settings.HWSettings#0] disconnect: not connected (req=1)
08-01 12:08:07.753 18707 18749 W libEGL  : EGLNativeWindowType 0x7ac93ea010 disconnect failed
08-01 12:08:07.763 26480 26480 I wangchen: SysInfo.getSysParam: orientation=1||config d=3.0,w=1080,h=1788||metrics d=3.0,w=1080,h=1788||sdk=26,bar_h=72
08-01 12:08:07.763 26480 26480 I KeymapLoader: w=1080 h=1788 ori=true appScale=3.3 s1=3.0
