08-01 12:08:08.417  2570  2570 W ResourceType: No known package when getting name for resource number 0x9c010202
08-01 12:08:08.417  2570  2570 W ResourceType: No known package when getting name for resource number 0x9c010302
08-01 12:08:08.417  2570  2570 W ResourceType: No known package when getting name for resource number 0x9c010003
08-01 12:08:08.417  2570  2570 W ResourceType: No known package when getting name for resource number 0x9c010103
08-01 12:08:08.417  2570  2570 W ResourceType: No known package when getting name for resource number 0x9c010203
08-01 12:08:08.417  2570  2570 W ResourceType: No known package when getting name for resource number 0x9c010303
08-01 12:08:08.418  2570  2570 W ResourceType: No known package when getting name for resource number 0x9c010004
08-01 12:08:08.418  2570  2570 W ResourceType: No known package when getting name for resource number 0x9c010104
08-01 12:08:08.418  2570  2570 W ResourceType: No known package when getting name for resource number 0x9c010204
08-01 12:08:08.418  2570  2570 W ResourceType: No known package when getting name for resource number 0x9c010304
08-01 12:08:08.419  2570  2570 W ResourceType: No known package when getting name for resource number 0x9c020000
08-01 12:08:08.419  2570  2570 W ResourceType: No known package when getting name for resource number 0x9c020100
08-01 12:08:08.419  2570  2570 W ResourceType: No known package when getting name for resource number 0x9c020200
08-01 12:08:08.419  2570  2570 W ResourceType: No known package when getting name for resource number 0x9c020300
08-01 12:08:08.419  2570  2570 W ResourceType: No known package when getting name for resource number 0x9c020001
08-01 12:08:08.419  2570  2570 W ResourceType: No known package when getting name for resource number 0x9c020101
08-01 12:08:08.419  2570  2570 W ResourceType: No known package when getting name for resource number 0x9c020201
08-01 12:08:08.421  1886  2177 I AppManager: get vpns from sys:{}
08-01 12:08:08.421  1886  2177 I ash     : com.tencent.mm { doze duration=60009 UptimeDuration=60010 } transition to: hibernation reason:
08-01 12:08:08.421  1886  2177 I ash     : hibernation takeover action: 2
08-01 12:08:08.421  1886  2177 I ash     : doze no need clear action: 2
08-01 12:08:08.421  1886  2177 I ash     : perform hibernation actions: com.tencent.mm
08-01 12:08:08.423  1886  2177 I AppManager: get vpns from sys:{}
08-01 12:08:08.423  1886  2177 I PgedBinderAdapter: Listener network packet by uids: [10120]
08-01 12:08:08.424  2570  2570 W ResourceType: No known package when getting name for resource number 0x9c010000
08-01 12:08:08.424  2570  2570 W ResourceType: No known package when getting name for resource number 0x9c010100
08-01 12:08:08.425  2570  2570 W ResourceType: No known package when getting name for resource number 0x9c010200
08-01 12:08:08.425  2570  2570 W ResourceType: No known package when getting name for resource number 0x9c010300
08-01 12:08:08.425  1886  2177 I ash     : add listener com.tencent.mm net packet OK !,uid:10120
08-01 12:08:08.425  1886  2177 I ash     : not perform alarm action:com.tencent.mm
08-01 12:08:08.425  1886  2177 I ash     : h takeover proxy gps pkg:com.tencent.mm
08-01 12:08:08.425  1886  2177 I ash     : perform delay action: com.tencent.mm
08-01 12:08:08.425  2570  2570 W ResourceType: No known package when getting name for resource number 0x9c010001
08-01 12:08:08.425   762 14169 I Pged-IPgedBinderService: ****action is 1, pid num is 3***
08-01 12:08:08.425   762 14169 I Pged-Freezer: freezePids
08-01 12:08:08.425   762 14169 I Pged-Freezer: Freeze process: 9563
08-01 12:08:08.425  2570  2570 W ResourceType: No known package when getting name for resource number 0x9c010101
08-01 12:08:08.426  2570  2570 W ResourceType: No known package when getting name for resource number 0x9c010201
08-01 12:08:08.426  2570  2570 W ResourceType: No known package when getting name for resource number 0x9c010301
08-01 12:08:08.426  2570  2570 W ResourceType: No known package when getting name for resource number 0x9c010002
08-01 12:08:08.426   762 14169 I Pged-Freezer: Freeze process: 9674
08-01 12:08:08.427  2570  2570 W ResourceType: No known package when getting name for resource number 0x9c010102
08-01 12:08:08.427  2570  2570 W ResourceType: No known package when getting name for resource number 0x9c010202
08-01 12:08:08.427  2570  2570 W ResourceType: No known package when getting name for resource number 0x9c010302
08-01 12:08:08.427  1886  2177 D PgedBinderAdapter: frz ok, pid: [9563, 9674]
08-01 12:08:08.427  1886  2177 I PGServer: report state:6 event type:1 pid:0 uid:10120 pkg:com.tencent.mm to pid: 1147
08-01 12:08:08.427  1886  2177 I ash     : Freeze com.tencent.mm OK !
08-01 12:08:08.428  2570  2570 W ResourceType: No known package when getting name for resource number 0x9c010003
08-01 12:08:08.428  2570  2570 W ResourceType: No known package when getting name for resource number 0x9c010103
08-01 12:08:08.428  1147  1497 I PGManagerService: proxyWakeLockByPidUid, pid: 9563, uid: 10120, proxy: true
08-01 12:08:08.428  2570  2570 W ResourceType: No known package when getting name for resource number 0x9c010203
08-01 12:08:08.428  1886  2177 I ash     : Proxy wakelock uid = 10120 pid = 9563
08-01 12:08:08.429  2570  2570 W ResourceType: No known package when getting name for resource number 0x9c010303
08-01 12:08:08.429  2570  2570 W ResourceType: No known package when getting name for resource number 0x9c010004
08-01 12:08:08.429  1147  1497 I PGManagerService: proxyWakeLockByPidUid, pid: 9674, uid: 10120, proxy: true
08-01 12:08:08.429  2570  2570 W ResourceType: No known package when getting name for resource number 0x9c010104
08-01 12:08:08.429  1886  2177 I ash     : Proxy wakelock uid = 10120 pid = 9674
08-01 12:08:08.429  2570  2570 W ResourceType: No known package when getting name for resource number 0x9c010204
08-01 12:08:08.430  2570  2570 W ResourceType: No known package when getting name for resource number 0x9c010304
08-01 12:08:08.430  2570  2570 W ResourceType: No known package when getting name for resource number 0x9c020000
08-01 12:08:08.431  2570  2570 W ResourceType: No known package when getting name for resource number 0x9c020100
08-01 12:08:08.431  2570  2570 W ResourceType: No known package when getting name for resource number 0x9c020200
08-01 12:08:08.431  2570  2570 W ResourceType: No known package when getting name for resource number 0x9c020300
08-01 12:08:08.431  2570  2570 W ResourceType: No known package when getting name for resource number 0x9c020001
08-01 12:08:08.431  2570  2570 W ResourceType: No known package when getting name for resource number 0x9c020101
08-01 12:08:08.431  2570  2570 W ResourceType: No known package when getting name for resource number 0x9c020201
08-01 12:08:08.432  1147  1497 D HwWifiService: binder uid:10120, proxy :true
08-01 12:08:08.432  1147  1497 D WifiLockManager: send CMD_LOCKS_CHANGED
08-01 12:08:08.432  1886  2177 I AppManager: proxy wifi lock:10120 proxy true
08-01 12:08:08.432  1886  2177 I ash     : proxy wifi lock:10120
08-01 12:08:08.436  2570  2570 W ResourceType: No known package when getting name for resource number 0x9c010000
08-01 12:08:08.436  2570  2570 W ResourceType: No known package when getting name for resource number 0x9c010100
08-01 12:08:08.437  2570  2570 W ResourceType: No known package when getting name for resource number 0x9c010200
08-01 12:08:08.437  2570  2570 W ResourceType: No known package when getting name for resource number 0x9c010300
08-01 12:08:08.437  2570  2570 W ResourceType: No known package when getting name for resource number 0x9c010001
08-01 12:08:08.437  2570  2570 W ResourceType: No known package when getting name for resource number 0x9c010101
08-01 12:08:08.437  2570  2570 W ResourceType: No known package when getting name for resource number 0x9c010201
08-01 12:08:08.437  2570  2570 W ResourceType: No known package when getting name for resource number 0x9c010301
08-01 12:08:08.438  2570  2570 W ResourceType: No known package when getting name for resource number 0x9c010002
08-01 12:08:08.438  2570  2570 W ResourceType: No known package when getting name for resource number 0x9c010102
08-01 12:08:08.438  2570  2570 W ResourceType: No known package when getting name for resource number 0x9c010202
08-01 12:08:08.438  2570  2570 W ResourceType: No known package when getting name for resource number 0x9c010302
08-01 12:08:08.438  2570  2570 W ResourceType: No known package when getting name for resource number 0x9c010003
08-01 12:08:08.438  2570  2570 W ResourceType: No known package when getting name for resource number 0x9c010103
08-01 12:08:08.438  2570  2570 W ResourceType: No known package when getting name for resource number 0x9c010203
08-01 12:08:08.439  2570  2570 W ResourceType: No known package when getting name for resource number 0x9c010303
08-01 12:08:08.439  2570  2570 W ResourceType: No known package when getting name for resource number 0x9c010004
08-01 12:08:08.439  2570  2570 W ResourceType: No known package when getting name for resource number 0x9c010104
08-01 12:08:08.439  2570  2570 W ResourceType: No known package when getting name for resource number 0x9c010204
08-01 12:08:08.439  2570  2570 W ResourceType: No known package when getting name for resource number 0x9c010304
08-01 12:08:08.440  2570  2570 W ResourceType: No known package when getting name for resource number 0x9c020000
08-01 12:08:08.440  2570  2570 W ResourceType: No known package when getting name for resource number 0x9c020100
08-01 12:08:08.440  2570  2570 W ResourceType: No known package when getting name for resource number 0x9c020200
08-01 12:08:08.440  2570  2570 W ResourceType: No known package when getting name for resource number 0x9c020300
08-01 12:08:08.441  2570  2570 W ResourceType: No known package when getting name for resource number 0x9c020001
08-01 12:08:08.441  2570  2570 W ResourceType: No known package when getting name for resource number 0x9c020101
08-01 12:08:08.441  2570  2570 W ResourceType: No known package when getting name for resource number 0x9c020201
08-01 12:08:08.445  2570  2570 W ResourceType: No known package when getting name for resource number 0x9c010000
08-01 12:08:08.446  2570  2570 W ResourceType: No known package when getting name for resource number 0x9c010100
08-01 12:08:08.446  2570  2570 W ResourceType: No known package when getting name for resource number 0x9c010200
08-01 12:08:08.446  2570  2570 W ResourceType: No known package when getting name for resource number 0x9c010300
08-01 12:08:08.446  2570  2570 W ResourceType: No known package when getting name for resource number 0x9c010001
08-01 12:08:08.446  2570  2570 W ResourceType: No known package when getting name for resource number 0x9c010101
08-01 12:08:08.446  2570  2570 W ResourceType: No known package when getting name for resource number 0x9c010201
08-01 12:08:08.446  2570  2570 W ResourceType: No known package when getting name for resource number 0x9c010301
08-01 12:08:08.446  2570  2570 W ResourceType: No known package when getting name for resource number 0x9c010002
08-01 12:08:08.447  2570  2570 W ResourceType: No known package when getting name for resource number 0x9c010102
08-01 12:08:08.447  2570  2570 W ResourceType: No known package when getting name for resource number 0x9c010202
08-01 12:08:08.447  2570  2570 W ResourceType: No known package when getting name for resource number 0x9c010302
08-01 12:08:08.447  2570  2570 W ResourceType: No known package when getting name for resource number 0x9c010003
08-01 12:08:08.447  2570  2570 W ResourceType: No known package when getting name for resource number 0x9c010103
08-01 12:08:08.447  2570  2570 W ResourceType: No known package when getting name for resource number 0x9c010203
08-01 12:08:08.447  2570  2570 W ResourceType: No known package when getting name for resource number 0x9c010303
08-01 12:08:08.447  2570  2570 W ResourceType: No known package when getting name for resource number 0x9c010004
08-01 12:08:08.448  2570  2570 W ResourceType: No known package when getting name for resource number 0x9c010104
08-01 12:08:08.448  2570  2570 W ResourceType: No known package when getting name for resource number 0x9c010204
08-01 12:08:08.448  2570  2570 W ResourceType: No known package when getting name for resource number 0x9c010304
08-01 12:08:08.448  2570  2570 W ResourceType: No known package when getting name for resource number 0x9c020000
08-01 12:08:08.449  2570  2570 W ResourceType: No known package when getting name for resource number 0x9c020100
08-01 12:08:08.449  2570  2570 W ResourceType: No known package when getting name for resource number 0x9c020200
08-01 12:08:08.449  2570  2570 W ResourceType: No known package when getting name for resource number 0x9c020300
08-01 12:08:08.449  2570  2570 W ResourceType: No known package when getting name for resource number 0x9c020001
08-01 12:08:08.449  2570  2570 W ResourceType: No known package when getting name for resource number 0x9c020101
08-01 12:08:08.449  2570  2570 W ResourceType: No known package when getting name for resource number 0x9c020201
08-01 12:08:08.454  2570  2570 W ResourceType: No known package when getting name for resource number 0x9c010000
08-01 12:08:08.454  2570  2570 W ResourceType: No known package when getting name for resource number 0x9c010100
08-01 12:08:08.455  2570  2570 W ResourceType: No known package when getting name for resource number 0x9c010200
08-01 12:08:08.455  2570  2570 W ResourceType: No known package when getting name for resource number 0x9c010300
08-01 12:08:08.455  2570  2570 W ResourceType: No known package when getting name for resource number 0x9c010001
08-01 12:08:08.455  2570  2570 W ResourceType: No known package when getting name for resource number 0x9c010101
08-01 12:08:08.455  2570  2570 W ResourceType: No known package when getting name for resource number 0x9c010201
08-01 12:08:08.455  2570  2570 W ResourceType: No known package when getting name for resource number 0x9c010301
08-01 12:08:08.455  2570  2570 W ResourceType: No known package when getting name for resource number 0x9c010002
08-01 12:08:08.456  2570  2570 W ResourceType: No known package when getting name for resource number 0x9c010102
08-01 12:08:08.456  2570  2570 W ResourceType: No known package when getting name for resource number 0x9c010202
08-01 12:08:08.456  2570  2570 W ResourceType: No known package when getting name for resource number 0x9c010302
08-01 12:08:08.456  2570  2570 W ResourceType: No known package when getting name for resource number 0x9c010003
08-01 12:08:08.456  2570  2570 W ResourceType: No known package when getting name for resource number 0x9c010103
08-01 12:08:08.456  2570  2570 W ResourceType: No known package when getting name for resource number 0x9c010203
08-01 12:08:08.456  2570  2570 W ResourceType: No known package when getting name for resource number 0x9c010303
08-01 12:08:08.457  2570  2570 W ResourceType: No known package when getting name for resource number 0x9c010004
08-01 12:08:08.457  2570  2570 W ResourceType: No known package when getting name for resource number 0x9c010104
08-01 12:08:08.457  2570  2570 W ResourceType: No known package when getting name for resource number 0x9c010204
08-01 12:08:08.457  2570  2570 W ResourceType: No known package when getting name for resource number 0x9c010304
08-01 12:08:08.458  2570  2570 W ResourceType: No known package when getting name for resource number 0x9c020000
08-01 12:08:08.458  2570  2570 W ResourceType: No known package when getting name for resource number 0x9c020100
08-01 12:08:08.458  2570  2570 W ResourceType: No known package when getting name for resource number 0x9c020200
08-01 12:08:08.458  2570  2570 W ResourceType: No known package when getting name for resource number 0x9c020300
08-01 12:08:08.458  2570  2570 W ResourceType: No known package when getting name for resource number 0x9c020001
08-01 12:08:08.458  2570  2570 W ResourceType: No known package when getting name for resource number 0x9c020101
08-01 12:08:08.459  2570  2570 W ResourceType: No known package when getting name for resource number 0x9c020201
08-01 12:08:08.463  2570  2570 W ResourceType: No known package when getting name for resource number 0x9c010000
08-01 12:08:08.463  2570  2570 W ResourceType: No known package when getting name for resource number 0x9c010100
08-01 12:08:08.464  2570  2570 W ResourceType: No known package when getting name for resource number 0x9c010200
08-01 12:08:08.464  2570  2570 W ResourceType: No known package when getting name for resource number 0x9c010300
08-01 12:08:08.464  2570  2570 W ResourceType: No known package when getting name for resource number 0x9c010001
08-01 12:08:08.464  2570  2570 W ResourceType: No known package when getting name for resource number 0x9c010101
08-01 12:08:08.464  2570  2570 W ResourceType: No known package when getting name for resource number 0x9c010201
08-01 12:08:08.464  2570  2570 W ResourceType: No known package when getting name for resource number 0x9c010301
08-01 12:08:08.465  2570  2570 W ResourceType: No known package when getting name for resource number 0x9c010002
08-01 12:08:08.465  2570  2570 W ResourceType: No known package when getting name for resource number 0x9c010102
08-01 12:08:08.465  2570  2570 W ResourceType: No known package when getting name for resource number 0x9c010202
08-01 12:08:08.465  2570  2570 W ResourceType: No known package when getting name for resource number 0x9c010302
08-01 12:08:08.465  2570  2570 W ResourceType: No known package when getting name for resource number 0x9c010003
08-01 12:08:08.465  2570  2570 W ResourceType: No known package when getting name for resource number 0x9c010103
08-01 12:08:08.465  2570  2570 W ResourceType: No known package when getting name for resource number 0x9c010203
08-01 12:08:08.466  2570  2570 W ResourceType: No known package when getting name for resource number 0x9c010303
08-01 12:08:08.466  2570  2570 W ResourceType: No known package when getting name for resource number 0x9c010004
08-01 12:08:08.466  2570  2570 W ResourceType: No known package when getting name for resource number 0x9c010104
08-01 12:08:08.466  2570  2570 W ResourceType: No known package when getting name for resource number 0x9c010204
08-01 12:08:08.466  2570  2570 W ResourceType: No known package when getting name for resource number 0x9c010304
08-01 12:08:08.467  2570  2570 W ResourceType: No known package when getting name for resource number 0x9c020000
08-01 12:08:08.467  2570  2570 W ResourceType: No known package when getting name for resource number 0x9c020100
08-01 12:08:08.467  2570  2570 W ResourceType: No known package when getting name for resource number 0x9c020200
08-01 12:08:08.467  2570  2570 W ResourceType: No known package when getting name for resource number 0x9c020300
08-01 12:08:08.468  2570  2570 W ResourceType: No known package when getting name for resource number 0x9c020001
08-01 12:08:08.468  2570  2570 W ResourceType: No known package when getting name for resource number 0x9c020101
08-01 12:08:08.468  2570  2570 W ResourceType: No known package when getting name for resource number 0x9c020201
08-01 12:08:08.470  2570  2570 V AudioManager: playSoundEffect   effectType: 0
08-01 12:08:08.475  1147  1497 I ActivityManager: START u0 {act=android.intent.action.MAIN cat=[android.intent.category.LAUNCHER] flg=0x10200000 cmp=com.android.settings/.HWSettings bnds=[804,939][1068,1224]} from uid 10057
08-01 12:08:08.477  1147  1497 I ActivityManager: ActivityRecord info: ActivityInfo{6dd9015 com.android.settings.HWSettings}
08-01 12:08:08.477  1886  2177 I ash     : front pkg : com.android.settings launcher: false
08-01 12:08:08.477  1886  2177 I ash     : above launcher front pkgs: [com.android.settings]
08-01 12:08:08.484  1147  1497 D ActivityManager: allPausedActivitiesComplete: r=ActivityRecord{b1b063 u0 com.huawei.android.launcher/.unihome.UniHomeLauncher t1125} state=PAUSING
08-01 12:08:08.493  2570  2570 W ResourceType: No known package when getting name for resource number 0x9c010000
08-01 12:08:08.494  2570  2570 W ResourceType: No known package when getting name for resource number 0x9c010100
08-01 12:08:08.494  2570  2570 W ResourceType: No known package when getting name for resource number 0x9c010200
08-01 12:08:08.495  2570  2570 W ResourceType: No known package when getting name for resource number 0x9c010300
08-01 12:08:08.495  1147  1401 D HwArpVerifier: performPollAndLog:
08-01 12:08:08.495  2570  2570 W ResourceType: No known package when getting name for resource number 0x9c010001
08-01 12:08:08.495  2570  2570 W ResourceType: No known package when getting name for resource number 0x9c010101
08-01 12:08:08.496  2570  2570 W ResourceType: No known package when getting name for resource number 0x9c010201
08-01 12:08:08.496  2570  2570 W ResourceType: No known package when getting name for resource number 0x9c010301
08-01 12:08:08.496  2570  2570 W ResourceType: No known package when getting name for resource number 0x9c010002
08-01 12:08:08.496  2570  2570 W ResourceType: No known package when getting name for resource number 0x9c010102
08-01 12:08:08.496  2570  2570 W ResourceType: No known package when getting name for resource number 0x9c010202
08-01 12:08:08.496  1147  1401 D hw_netstat: total/130/52,android.uid.system:1000/52/52,unknown:0/78/0
08-01 12:08:08.497  2570  2570 W ResourceType: No known package when getting name for resource number 0x9c010302
08-01 12:08:08.497  2570  2570 W ResourceType: No known package when getting name for resource number 0x9c010003
08-01 12:08:08.497  2570  2570 W ResourceType: No known package when getting name for resource number 0x9c010103
08-01 12:08:08.498  2570  2570 W ResourceType: No known package when getting name for resource number 0x9c010203
08-01 12:08:08.498  2570  2570 W ResourceType: No known package when getting name for resource number 0x9c010303
08-01 12:08:08.499  2570  2570 W ResourceType: No known package when getting name for resource number 0x9c010004
08-01 12:08:08.499  2570  2570 W ResourceType: No known package when getting name for resource number 0x9c010104
08-01 12:08:08.499  2570  2570 W ResourceType: No known package when getting name for resource number 0x9c010204
08-01 12:08:08.499  2570  2570 W ResourceType: No known package when getting name for resource number 0x9c010304
08-01 12:08:08.500  2570  2570 W ResourceType: No known package when getting name for resource number 0x9c020000
08-01 12:08:08.500  2570  2570 W ResourceType: No known package when getting name for resource number 0x9c020100
08-01 12:08:08.501  2570  2570 W ResourceType: No known package when getting name for resource number 0x9c020200
08-01 12:08:08.501  2570  2570 W ResourceType: No known package when getting name for resource number 0x9c020300
08-01 12:08:08.501  2570  2570 W ResourceType: No known package when getting name for resource number 0x9c020001
08-01 12:08:08.501  2570  2570 W ResourceType: No known package when getting name for resource number 0x9c020101
08-01 12:08:08.501  2570  2570 W ResourceType: No known package when getting name for resource number 0x9c020201
08-01 12:08:08.504  2570 19636 D MotionDetectionManager: stopMotionAppsReco motionApps: 403
08-01 12:08:08.504  2570 19636 D MotionDetectionManager: stopMotionAppsReco not recognition motionApps 403
08-01 12:08:08.504  2570 19636 W HwLauncher: Launcher.MotionManager stopMotionAppsReco service flg 403 is unavailable
08-01 12:08:08.505  1147  1311 V WindowManager: No longer Stopped: AppWindowToken{3f4bcca token=Token{f4d9035 ActivityRecord{5bf326c u0 com.android.settings/.HWSettings t1348}}}
08-01 12:08:08.506  1147  1311 V WindowManager: findFocusedWindow: AppWindowToken{57efd19 token=Token{ef87460 ActivityRecord{b1b063 u0 com.huawei.android.launcher/.unihome.UniHomeLauncher t1125}}} below Reached focused app=AppWindowToken{3f4bcca token=Token{f4d9035 ActivityRecord{5bf326c u0 com.android.settings/.HWSettings t1348}}}
08-01 12:08:08.511  1886  2035 D ScenarioService: front pkg : com.android.settings launcher: false
08-01 12:08:08.511  1886  2035 D ScenarioService: new above launcher front pkgs: [com.android.settings]
08-01 12:08:08.511  1886  2035 I AppsUsage: scnOff:false FgAPP:com.android.settings BgAPP:com.huawei.android.launcher
08-01 12:08:08.513  1147  1497 V WindowManager: findFocusedWindow: AppWindowToken{57efd19 token=Token{ef87460 ActivityRecord{b1b063 u0 com.huawei.android.launcher/.unihome.UniHomeLauncher t1125}}} below Reached focused app=AppWindowToken{3f4bcca token=Token{f4d9035 ActivityRecord{5bf326c u0 com.android.settings/.HWSettings t1348}}}
08-01 12:08:08.513  1147  1497 D WindowManager: face_rotation: isIntelliServiceEnabled: ro swtich off
08-01 12:08:08.513  1147  1497 I WindowManager: rotationForOrientationLw(orient=-1, last=0); user=0
08-01 12:08:08.513  1147  1497 D WindowManager: face_rotation: isIntelliServiceEnabled: ro swtich off
08-01 12:08:08.513  1147  1497 D HwPhoneWindowManager: face_rotation: not enabled,use sensor real
08-01 12:08:08.513  1147  1497 D HwPhoneWindowManager: face_rotation:real sensor rotation = -1
08-01 12:08:08.513  1147  1497 D HwPhoneWindowManager: face_rotation: rotation = 0
08-01 12:08:08.513  1147  1497 I WindowManager: Selected orientation -1, got rotation 0 which has compatible metrics
08-01 12:08:08.516  2683  5702 D [HwRecSys]HwRecSysService: onEvent actionID: 10000 msg:com.android.settings
08-01 12:08:08.517  2683  5702 I [HwRecSys]HwRecSysService:  cur pkg: com.android.settings
08-01 12:08:08.519  1886  2342 I PGServer: report state:10010 event type:2 pid:0 uid:0 pkg:com.huawei.android.launcher to pid: 1147
08-01 12:08:08.520  1147  1394 D EmcomManagerService: forePackage name is com.android.settings
08-01 12:08:08.520  1147  1394 D HicomPolicyManager: foreAppInfo = nullpkgName = com.android.settings uid= 1000
08-01 12:08:08.520  1147  1394 E HicomPolicyManager: udp acc is not start yet!
08-01 12:08:08.520  1147  1394 D HicomPolicyManager: speed control is not start
08-01 12:08:08.520  1147  1394 E HicomPolicyManager: Network Evaluation is not start yet!
08-01 12:08:08.520  1147  1394 E HicomPolicyManager: foreground app info is null
08-01 12:08:08.520  1886  2342 I PGServer: report state:10010 event type:2 pid:0 uid:0 pkg:com.huawei.android.launcher to pid: 1886
08-01 12:08:08.520  1886  2342 I SceneReceiver: state type: 10010 eventType:2 pid:0 uid:0 pkg:com.huawei.android.launcher
08-01 12:08:08.520  1886  2342 I PGServer: report state:10000 event type:1 pid:0 uid:0 pkg:com.android.settings to pid: 1147
08-01 12:08:08.520  1886  2342 I PGServer: report state:10000 event type:1 pid:0 uid:0 pkg:com.android.settings to pid: 1886
08-01 12:08:08.520  1886  2342 I SceneReceiver: state type: 10000 eventType:1 pid:0 uid:0 pkg:com.android.settings
08-01 12:08:08.520  2683  5702 E [HwRecSys]ServiceHelper: accessibility_service_name:com.huawei.recsys/com.huawei.recsys.service.PortraitDaService
08-01 12:08:08.520  2683  5702 E [HwRecSys]ServiceHelper: multiScreenShotService:ComponentInfo{com.huawei.recsys/com.huawei.recsys.service.PortraitDaService}
08-01 12:08:08.520  1886  2552 D HwThermalStateManager: current foreapp pkg : com.android.settings
08-01 12:08:08.521  1886  2091 I PGServer: checkPkgType. calling pkg: android
08-01 12:08:08.521  1147  9318 I [SPMN]  : insert SECURE -- name = enabled_accessibility_services, package = com.huawei.recsys, user = 0, value = com.huawei.recsys/com.huawei.recsys.service.PortraitDaService
08-01 12:08:08.523  1147  1497 I [SPMN]  : insert SECURE -- name = accessibility_enabled, package = com.huawei.recsys, user = 0, value = 1
08-01 12:08:08.524  1886  3657 W libc    : Set property "sys.aps.gameProcessName" to ""
08-01 12:08:08.525  1886  3657 W libc    : Set property "sys.aps.browserProcessName" to ""
08-01 12:08:08.531  1147  1311 V WindowManager: notifyAppResumed: wasStopped=true AppWindowToken{3f4bcca token=Token{f4d9035 ActivityRecord{5bf326c u0 com.android.settings/.HWSettings t1348}}}
08-01 12:08:08.537  1147  1311 V WindowManager: Checking 1 opening apps (frozen=false timeout=false)...
08-01 12:08:08.537  1147  1311 V WindowManager: Check opening app=AppWindowToken{3f4bcca token=Token{f4d9035 ActivityRecord{5bf326c u0 com.android.settings/.HWSettings t1348}}}: allDrawn=false startingDisplayed=false startingMoved=false isRelaunching()=false
08-01 12:08:08.539  2570  2570 W ResourceType: No known package when getting name for resource number 0x9c000303
08-01 12:08:08.549 18707 18707 D DashboardSummary: onStart called.
08-01 12:08:08.551  1147  1310 W AwareLog: SchedLevelBoost: onFgActivitiesChanged config not set!
08-01 12:08:08.551  1147  9318 I HwNetworkPolicy: onTransact, code = 203
08-01 12:08:08.551  1147  1164 D HwQoEUtils: mForegroundAppPackageName: com.android.settings ,score: 0
08-01 12:08:08.552  1147  1164 D HwQoEUtils: onForegroundAppWifiSleepChange: config:false, sleeptime:-1,type: 255, appname:com.android.settings
08-01 12:08:08.555  1455  1722 I HwNetworkPolicyManager: getHwUidPolicy uid = 1000 policy = 0
08-01 12:08:08.555 18707 18707 W ContextImpl: Calling a method in the system process without a qualified user: android.app.ContextImpl.sendBroadcast:1095 android.content.ContextWrapper.sendBroadcast:436 com.android.settings.HWSettings.onResume:161 android.app.Instrumentation.callActivityOnResume:1364 android.app.Activity.performResume:7479
08-01 12:08:08.556 18707 19638 D HwidEnabler: Check the HwID-Tile content providers for dynamically updatable content.
08-01 12:08:08.557  1147  1311 W ActivityManager: Sending non-protected broadcast com.huawei.android.intent.action.ENTER_SETTINGS from system 18707:com.android.settings/1000 pkg com.android.settings
08-01 12:08:08.559  1147  1164 D HwQoEUtils: APP type: 255 appName= com.android.settings
08-01 12:08:08.559  4032  4505 I APKAccountManager: [2019-08-01 12:08:08.558 I/HwID_APK_log[2.7.0.303]/APKAccountManager 4032:91 :91] get No Account from AccountManager
08-01 12:08:08.559  1147  1164 D HwQoEUtils: no game, APP_TYPE_GAME, appName =com.android.settings
08-01 12:08:08.560  4032  4505 I HwidForSetting: [2019-08-01 12:08:08.559 I/HwID_APK_log[2.7.0.303]/HwidForSetting 4032:91 :97] call not login
08-01 12:08:08.561  1147  1164 D HwGameAssistantController: pid=18707, uid=1000, foreground=true
08-01 12:08:08.563  4032  4505 I BaseUtil: [2019-08-01 12:08:08.561 I/HwID_APK_log[2.7.0.303]/BaseUtil 4032:91 :1662] versionCode 20700303
08-01 12:08:08.565  4032  4145 I AppLogManager: PrintWoker poll timeout , shutdown
08-01 12:08:08.568  4032  4505 I APKAccountManager: [2019-08-01 12:08:08.567 I/HwID_APK_log[2.7.0.303]/APKAccountManager 4032:91 :91] get No Account from AccountManager
08-01 12:08:08.569 18707 18731 D Index   : Deleting data for locale 'zh_CN_#Hans' took 20 millis
08-01 12:08:08.569  4032  4505 I HwidForSetting: [2019-08-01 12:08:08.568 I/HwID_APK_log[2.7.0.303]/HwidForSetting 4032:91 :97] call not login
08-01 12:08:08.573 18707 18727 I Utils   : enabledInPad = false,isPcCastMode = false
08-01 12:08:08.574  4032  4505 I BaseUtil: [2019-08-01 12:08:08.572 I/HwID_APK_log[2.7.0.303]/BaseUtil 4032:91 :1662] versionCode 20700303
08-01 12:08:08.574 18707 18727 I Utils   : enabledInPad = false,isPcCastMode = false
08-01 12:08:08.576 18707 18727 I chatty  : uid=1000(system) AsyncTask #1 identical 2 lines
08-01 12:08:08.577 18707 18727 I Utils   : enabledInPad = false,isPcCastMode = false
08-01 12:08:08.577  4032  4505 I APKAccountManager: [2019-08-01 12:08:08.576 I/HwID_APK_log[2.7.0.303]/APKAccountManager 4032:91 :91] get No Account from AccountManager
08-01 12:08:08.577  4032  4145 I AppLogManager: PrintWoker poll timeout , shutdown
08-01 12:08:08.577  4032  4505 I HwidForSetting: [2019-08-01 12:08:08.577 I/HwID_APK_log[2.7.0.303]/HwidForSetting 4032:91 :97] call not login
08-01 12:08:08.578 18707 18727 I Utils   : enabledInPad = false,isPcCastMode = false
08-01 12:08:08.579  1147  9318 W WindowManager: EGLdebug Created surface WindowStateAnimator{2a32b2c com.android.settings/com.android.settings.HWSettings}
08-01 12:08:08.578 18707 18727 I chatty  : uid=1000(system) AsyncTask #1 identical 1 line
08-01 12:08:08.579 18707 18727 I Utils   : enabledInPad = false,isPcCastMode = false
08-01 12:08:08.579  4032  4505 I BaseUtil: [2019-08-01 12:08:08.579 I/HwID_APK_log[2.7.0.303]/BaseUtil 4032:91 :1662] versionCode 20700303
08-01 12:08:08.580 18707 18727 I Utils   : enabledInPad = false,isPcCastMode = false
08-01 12:08:08.580 18707 18731 I Utils   : enabledInPad = false,isPcCastMode = false
08-01 12:08:08.580  1147  9318 V HwPhoneWindowManager: updateSystemUiColorLw window=Window{a4512df u0 com.android.settings/com.android.settings.HWSettings},EmuiStyle=1,StatusBarColor=0xfffcfcfc,NavigationBarColor=0xfffcfcfc, mLastIsEmuiLightStyle=1, mForceNotchStatusBar=false
08-01 12:08:08.581  1147  1164 D HwPhoneWindowManager: Transact:setSystemUIColor to status bar service
08-01 12:08:08.581 27577 29177 I CommandQueue: updateBarBgColor
08-01 12:08:08.581 27577 29177 D CommandQueue: CommandQueue, setBarBackgroundColor
08-01 12:08:08.583 27577 27577 D TintManager: statusBarIconTint=#99000000,navigationBarIconTint=#FFFCFCFC
08-01 12:08:08.583  4032  4145 I AppLogManager: PrintWoker poll timeout , shutdown
08-01 12:08:08.583 18707 18727 I Utils   : enabledInPad = false,isPcCastMode = false
08-01 12:08:08.584 18707 18727 I Utils   : enabledInPad = false,isPcCastMode = false
08-01 12:08:08.585  4032  4505 I APKAccountManager: [2019-08-01 12:08:08.584 I/HwID_APK_log[2.7.0.303]/APKAccountManager 4032:91 :91] get No Account from AccountManager
08-01 12:08:08.586  4032  4505 I HwidForSetting: [2019-08-01 12:08:08.585 I/HwID_APK_log[2.7.0.303]/HwidForSetting 4032:91 :97] call not login
08-01 12:08:08.586 18707 18727 I Utils   : enabledInPad = false,isPcCastMode = false
08-01 12:08:08.586 18707 18727 I TileUtils: isNeedSkipTile() packageName: com.android.settings, className: com.android.settings.Settings$BluetoothSettingsActivity
08-01 12:08:08.587 18707 18731 I Utils   : enabledInPad = false,isPcCastMode = false
08-01 12:08:08.588 18707 18727 I Utils   : enabledInPad = false,isPcCastMode = false
08-01 12:08:08.588  4032  4505 I BaseUtil: [2019-08-01 12:08:08.587 I/HwID_APK_log[2.7.0.303]/BaseUtil 4032:91 :1662] versionCode 20700303
08-01 12:08:08.588  1147  9318 V WindowManager: Checking 1 opening apps (frozen=false timeout=false)...
08-01 12:08:08.588  1147  9318 V WindowManager: Check opening app=AppWindowToken{3f4bcca token=Token{f4d9035 ActivityRecord{5bf326c u0 com.android.settings/.HWSettings t1348}}}: allDrawn=false startingDisplayed=false startingMoved=false isRelaunching()=false
08-01 12:08:08.589 27577 27577 D StatusBarIconController: setIconVisibility icon is null or visibility not change visibility=false
08-01 12:08:08.590 18707 18727 I Utils   : enabledInPad = false,isPcCastMode = false
08-01 12:08:08.590 18707 18727 I TileUtils: isNeedSkipTile() packageName: com.android.settings, className: com.android.settings.Settings$EnterprisePrivacySettingsActivity
08-01 12:08:08.590 18707 18727 I Utils   : enabledInPad = false,isPcCastMode = false
08-01 12:08:08.590 18707 18727 I TileUtils: isNeedSkipTile() packageName: com.android.settings, className: com.android.settings.LocationDashboardAlias
08-01 12:08:08.590  4032  4145 I AppLogManager: PrintWoker poll timeout , shutdown
08-01 12:08:08.591 18707 18727 I Utils   : enabledInPad = false,isPcCastMode = false
08-01 12:08:08.591 18707 18727 I TileUtils: isNeedSkipTile() packageName: com.android.settings, className: com.android.settings.BackupSettingsActivity
08-01 12:08:08.593  2570  2570 W ResourceType: No known package when getting name for resource number 0x9c010000
08-01 12:08:08.593  2570  2570 W ResourceType: No known package when getting name for resource number 0x9c010100
08-01 12:08:08.594 18707 18727 I TileUtils: isNeedSkipTile() packageName: com.huawei.android.dsdscardmanager, className: com.huawei.android.dsdscardmanager.HWCardManagerActivity
08-01 12:08:08.594 18707 18727 I TileUtils: isNeedSkipTile() packageName: com.huawei.android.dsdscardmanager, className: com.huawei.android.dsdscardmanager.HWCardManagerTabActivity
08-01 12:08:08.594  2570  2570 W ResourceType: No known package when getting name for resource number 0x9c010200
08-01 12:08:08.594  2570  2570 W ResourceType: No known package when getting name for resource number 0x9c010300
08-01 12:08:08.595  2570  2570 W ResourceType: No known package when getting name for resource number 0x9c010001
08-01 12:08:08.595  2570  2570 W ResourceType: No known package when getting name for resource number 0x9c010101
08-01 12:08:08.595   644   644 I GRALLOC : 	 shrFd=10,fmt=0x1,intFmt=0x200000001,btStrd=4352,size=8486912,pid=644
08-01 12:08:08.595   644   644 I GRALLOC : 	 yuv=2,w=1080,h=1920,Stride u=0 v=0,offset u=0 v=0
08-01 12:08:08.595   644   644 I GRALLOC : 	 iova_size=8486912,conUsg=0x900,proUsg=0x900,	 strd=1088,[afbc]HdrStrd=1088 PyldStrd=69632 Scrmbl=0,ionhnd = 1
08-01 12:08:08.596  2570  2570 W ResourceType: No known package when getting name for resource number 0x9c010201
08-01 12:08:08.596  2570  2570 W ResourceType: No known package when getting name for resource number 0x9c010301
08-01 12:08:08.596  2570  2570 W ResourceType: No known package when getting name for resource number 0x9c010002
08-01 12:08:08.597  2570  2570 W ResourceType: No known package when getting name for resource number 0x9c010102
08-01 12:08:08.597  2570  2570 W ResourceType: No known package when getting name for resource number 0x9c010202
08-01 12:08:08.597  2570  2570 W ResourceType: No known package when getting name for resource number 0x9c010302
08-01 12:08:08.597  2570  2570 W ResourceType: No known package when getting name for resource number 0x9c010003
08-01 12:08:08.598  2570  2570 W ResourceType: No known package when getting name for resource number 0x9c010103
08-01 12:08:08.598 18707 18727 I TileUtils: isNeedSkipTile() packageName: com.huawei.hidisk, className: com.huawei.android.hicloud.ui.activity.NewHiSyncSettingActivity
08-01 12:08:08.598  2570  2570 W ResourceType: No known package when getting name for resource number 0x9c010203
08-01 12:08:08.598 18707 18727 I TileUtils: isNeedSkipTile() packageName: com.huawei.android.hwouc, className: com.huawei.android.hwouc.ui.activities.MainEntranceActivity
08-01 12:08:08.599  2570  2570 W ResourceType: No known package when getting name for resource number 0x9c010303
08-01 12:08:08.599 18707 18727 I Utils   : enabledInPad = false,isPcCastMode = false
08-01 12:08:08.599 18707 18727 I TileUtils: isNeedSkipTile() packageName: com.huawei.hwid, className: com.huawei.hwid.ui.extend.setting.StartUpGuideLoginActivity
08-01 12:08:08.599  2570  2570 W ResourceType: No known package when getting name for resource number 0x9c010004
08-01 12:08:08.599 18707 18727 I Utils   : enabledInPad = false,isPcCastMode = false
08-01 12:08:08.599 18707 18727 I TileUtils: isNeedSkipTile() packageName: com.huawei.systemmanager, className: com.huawei.permissionmanager.ui.JumpActvity
08-01 12:08:08.599  2570  2570 W ResourceType: No known package when getting name for resource number 0x9c010104
08-01 12:08:08.600   644   644 I GRALLOC : 	 shrFd=10,fmt=0x1,intFmt=0x200000001,btStrd=4352,size=8486912,pid=644
08-01 12:08:08.600   644   644 I GRALLOC : 	 yuv=2,w=1080,h=1920,Stride u=0 v=0,offset u=0 v=0
08-01 12:08:08.600   644   644 I GRALLOC : 	 iova_size=8486912,conUsg=0x900,proUsg=0x900,	 strd=1088,[afbc]HdrStrd=1088 PyldStrd=69632 Scrmbl=0,ionhnd = 1
08-01 12:08:08.600 18707 18727 I Utils   : enabledInPad = false,isPcCastMode = false
08-01 12:08:08.600  2570  2570 W ResourceType: No known package when getting name for resource number 0x9c010204
08-01 12:08:08.600  2570  2570 W ResourceType: No known package when getting name for resource number 0x9c010304
08-01 12:08:08.600 18707 18727 I Utils   : enabledInPad = false,isPcCastMode = false
08-01 12:08:08.600 18707 18727 I TileUtils: isNeedSkipTile() packageName: com.huawei.systemmanager, className: com.huawei.netassistant.ui.NetAssistantMainActivity
08-01 12:08:08.601 18707 18727 I Utils   : enabledInPad = false,isPcCastMode = false
08-01 12:08:08.602  2570  2570 W ResourceType: No known package when getting name for resource number 0x9c020000
08-01 12:08:08.602  2570  2570 W ResourceType: No known package when getting name for resource number 0x9c020100
08-01 12:08:08.603  2570  2570 W ResourceType: No known package when getting name for resource number 0x9c020200
08-01 12:08:08.603 18707 18727 I Utils   : enabledInPad = false,isPcCastMode = false
08-01 12:08:08.603  2570  2570 W ResourceType: No known package when getting name for resource number 0x9c020300
08-01 12:08:08.603   644   644 I GRALLOC : 	 shrFd=10,fmt=0x1,intFmt=0x200000001,btStrd=4352,size=8486912,pid=644
08-01 12:08:08.603   644   644 I GRALLOC : 	 yuv=2,w=1080,h=1920,Stride u=0 v=0,offset u=0 v=0
08-01 12:08:08.603   644   644 I GRALLOC : 	 iova_size=8486912,conUsg=0x900,proUsg=0x900,	 strd=1088,[afbc]HdrStrd=1088 PyldStrd=69632 Scrmbl=0,ionhnd = 1
08-01 12:08:08.604  2570  2570 W ResourceType: No known package when getting name for resource number 0x9c020001
08-01 12:08:08.604  2570  2570 W ResourceType: No known package when getting name for resource number 0x9c020101
08-01 12:08:08.604  2570  2570 W ResourceType: No known package when getting name for resource number 0x9c020201
08-01 12:08:08.605 18707 18749 D mali_winsys: EGLint new_window_surface(egl_winsys_display *, void *, EGLSurface, EGLConfig, egl_winsys_surface **, egl_color_buffer_format *, EGLBoolean) returns 0x3000
08-01 12:08:08.606 18707 18731 I Utils   : enabledInPad = false,isPcCastMode = false
08-01 12:08:08.608 18707 18731 D Settings: isAirSharingExist()-->pInfo = PackageInfo{b745f5d com.huawei.android.airsharing}
08-01 12:08:08.613 18707 18731 E TAG     : can't find packeage com.google.android.gms!android.content.pm.PackageManager$NameNotFoundException: com.google.android.gms
08-01 12:08:08.614 18678 18678 I AccessibilityNodeInfoDumper: Null child 0/3, parent: android.view.accessibility.AccessibilityNodeInfo@7e02; boundsInParent: Rect(0, 0 - 1080, 1575); boundsInScreen: Rect(0, 0 - 1080, 1527); packageName: com.huawei.android.launcher; className: android.view.ViewGroup; text: null; error: null; maxTextLength: -1; contentDescription: null; viewIdResName: com.huawei.android.launcher:id/workspace_screen; checkable: false; checked: false; focusable: false; focused: false; selected: false; clickable: true; longClickable: true; contextClickable: false; enabled: true; password: false; scrollable: false; importantForAccessibility: true; actions: [AccessibilityAction: ACTION_SELECT - null, AccessibilityAction: ACTION_CLEAR_SELECTION - null, AccessibilityAction: ACTION_CLICK - null, AccessibilityAction: ACTION_LONG_CLICK - null, AccessibilityAction: ACTION_ACCESSIBILITY_FOCUS - null, AccessibilityAction: ACTION_SHOW_ON_SCREEN - null]
08-01 12:08:08.615 18678 18678 I AccessibilityNodeInfoDumper: Null child 1/3, parent: android.view.accessibility.AccessibilityNodeInfo@7e02; boundsInParent: Rect(0, 0 - 1080, 1575); boundsInScreen: Rect(0, 0 - 1080, 1527); packageName: com.huawei.android.launcher; className: android.view.ViewGroup; text: null; error: null; maxTextLength: -1; contentDescription: null; viewIdResName: com.huawei.android.launcher:id/workspace_screen; checkable: false; checked: false; focusable: false; focused: false; selected: false; clickable: true; longClickable: true; contextClickable: false; enabled: true; password: false; scrollable: false; importantForAccessibility: true; actions: [AccessibilityAction: ACTION_SELECT - null, AccessibilityAction: ACTION_CLEAR_SELECTION - null, AccessibilityAction: ACTION_CLICK - null, AccessibilityAction: ACTION_LONG_CLICK - null, AccessibilityAction: ACTION_ACCESSIBILITY_FOCUS - null, AccessibilityAction: ACTION_SHOW_ON_SCREEN - null]
08-01 12:08:08.615   644   644 I GRALLOC : 	 shrFd=10,fmt=0x1,intFmt=0x200000001,btStrd=4352,size=8486912,pid=644
08-01 12:08:08.615   644   644 I GRALLOC : 	 yuv=2,w=1080,h=1920,Stride u=0 v=0,offset u=0 v=0
08-01 12:08:08.615   644   644 I GRALLOC : 	 iova_size=8486912,conUsg=0xb00,proUsg=0xb00,	 strd=1088,[afbc]HdrStrd=1088 PyldStrd=69632 Scrmbl=0,ionhnd = 1
08-01 12:08:08.616 18707 18731 V SQLiteDatabase: triggerBuildingIndex(): invalid id, return.
08-01 12:08:08.616 18678 18678 I AccessibilityNodeInfoDumper: Null child 2/3, parent: android.view.accessibility.AccessibilityNodeInfo@7e02; boundsInParent: Rect(0, 0 - 1080, 1575); boundsInScreen: Rect(0, 0 - 1080, 1527); packageName: com.huawei.android.launcher; className: android.view.ViewGroup; text: null; error: null; maxTextLength: -1; contentDescription: null; viewIdResName: com.huawei.android.launcher:id/workspace_screen; checkable: false; checked: false; focusable: false; focused: false; selected: false; clickable: true; longClickable: true; contextClickable: false; enabled: true; password: false; scrollable: false; importantForAccessibility: true; actions: [AccessibilityAction: ACTION_SELECT - null, AccessibilityAction: ACTION_CLEAR_SELECTION - null, AccessibilityAction: ACTION_CLICK - null, AccessibilityAction: ACTION_LONG_CLICK - null, AccessibilityAction: ACTION_ACCESSIBILITY_FOCUS - null, AccessibilityAction: ACTION_SHOW_ON_SCREEN - null]
08-01 12:08:08.618 18678 18678 I AccessibilityNodeInfoDumper: Null child 0/3, parent: android.view.accessibility.AccessibilityNodeInfo@7e02; boundsInParent: Rect(0, 0 - 1080, 1575); boundsInScreen: Rect(0, 0 - 1080, 1527); packageName: com.huawei.android.launcher; className: android.view.ViewGroup; text: null; error: null; maxTextLength: -1; contentDescription: null; viewIdResName: com.huawei.android.launcher:id/workspace_screen; checkable: false; checked: false; focusable: false; focused: false; selected: false; clickable: true; longClickable: true; contextClickable: false; enabled: true; password: false; scrollable: false; importantForAccessibility: true; actions: [AccessibilityAction: ACTION_SELECT - null, AccessibilityAction: ACTION_CLEAR_SELECTION - null, AccessibilityAction: ACTION_CLICK - null, AccessibilityAction: ACTION_LONG_CLICK - null, AccessibilityAction: ACTION_ACCESSIBILITY_FOCUS - null, AccessibilityAction: ACTION_SHOW_ON_SCREEN - null]
08-01 12:08:08.618 18678 18678 I AccessibilityNodeInfoDumper: Null child 1/3, parent: android.view.accessibility.AccessibilityNodeInfo@7e02; boundsInParent: Rect(0, 0 - 1080, 1575); boundsInScreen: Rect(0, 0 - 1080, 1527); packageName: com.huawei.android.launcher; className: android.view.ViewGroup; text: null; error: null; maxTextLength: -1; contentDescription: null; viewIdResName: com.huawei.android.launcher:id/workspace_screen; checkable: false; checked: false; focusable: false; focused: false; selected: false; clickable: true; longClickable: true; contextClickable: false; enabled: true; password: false; scrollable: false; importantForAccessibility: true; actions: [AccessibilityAction: ACTION_SELECT - null, AccessibilityAction: ACTION_CLEAR_SELECTION - null, AccessibilityAction: ACTION_CLICK - null, AccessibilityAction: ACTION_LONG_CLICK - null, AccessibilityAction: ACTION_ACCESSIBILITY_FOCUS - null, AccessibilityAction: ACTION_SHOW_ON_SCREEN - null]
08-01 12:08:08.619 18678 18678 I AccessibilityNodeInfoDumper: Null child 2/3, parent: android.view.accessibility.AccessibilityNodeInfo@7e02; boundsInParent: Rect(0, 0 - 1080, 1575); boundsInScreen: Rect(0, 0 - 1080, 1527); packageName: com.huawei.android.launcher; className: android.view.ViewGroup; text: null; error: null; maxTextLength: -1; contentDescription: null; viewIdResName: com.huawei.android.launcher:id/workspace_screen; checkable: false; checked: false; focusable: false; focused: false; selected: false; clickable: true; longClickable: true; contextClickable: false; enabled: true; password: false; scrollable: false; importantForAccessibility: true; actions: [AccessibilityAction: ACTION_SELECT - null, AccessibilityAction: ACTION_CLEAR_SELECTION - null, AccessibilityAction: ACTION_CLICK - null, AccessibilityAction: ACTION_LONG_CLICK - null, AccessibilityAction: ACTION_ACCESSIBILITY_FOCUS - null, AccessibilityAction: ACTION_SHOW_ON_SCREEN - null]
08-01 12:08:08.619 18707 18731 V SQLiteDatabase: triggerBuildingIndex(): invalid id, return.
08-01 12:08:08.620 18678 18678 I AccessibilityNodeInfoDumper: Skipping invisible child: android.view.accessibility.AccessibilityNodeInfo@81c3; boundsInParent: Rect(0, 0 - 1080, 1575); boundsInScreen: Rect(1080, 0 - 1080, 1527); packageName: com.huawei.android.launcher; className: android.view.ViewGroup; text: null; error: null; maxTextLength: -1; contentDescription: null; viewIdResName: com.huawei.android.launcher:id/workspace_screen; checkable: false; checked: false; focusable: false; focused: false; selected: false; clickable: true; longClickable: true; contextClickable: false; enabled: true; password: false; scrollable: false; importantForAccessibility: true; actions: [AccessibilityAction: ACTION_SELECT - null, AccessibilityAction: ACTION_CLEAR_SELECTION - null, AccessibilityAction: ACTION_CLICK - null, AccessibilityAction: ACTION_LONG_CLICK - null, AccessibilityAction: ACTION_ACCESSIBILITY_FOCUS - null, AccessibilityAction: ACTION_SHOW_ON_SCREEN - null]
