08-01 12:08:08.620 18678 18678 I AccessibilityNodeInfoDumper: Skipping invisible child: android.view.accessibility.AccessibilityNodeInfo@8584; boundsInParent: Rect(0, 0 - 1080, 1575); boundsInScreen: Rect(2160, 0 - 1080, 1527); packageName: com.huawei.android.launcher; className: android.view.ViewGroup; text: null; error: null; maxTextLength: -1; contentDescription: null; viewIdResName: com.huawei.android.launcher:id/workspace_screen; checkable: false; checked: false; focusable: false; focused: false; selected: false; clickable: true; longClickable: true; contextClickable: false; enabled: true; password: false; scrollable: false; importantForAccessibility: true; actions: [AccessibilityAction: ACTION_SELECT - null, AccessibilityAction: ACTION_CLEAR_SELECTION - null, AccessibilityAction: ACTION_CLICK - null, AccessibilityAction: ACTION_LONG_CLICK - null, AccessibilityAction: ACTION_ACCESSIBILITY_FOCUS - null, AccessibilityAction: ACTION_SHOW_ON_SCREEN - null]
08-01 12:08:08.620 18678 18678 I AccessibilityNodeInfoDumper: Skipping invisible child: android.view.accessibility.AccessibilityNodeInfo@8945; boundsInParent: Rect(0, 0 - 1080, 1575); boundsInScreen: Rect(3240, 0 - 1080, 1527); packageName: com.huawei.android.launcher; className: android.view.ViewGroup; text: null; error: null; maxTextLength: -1; contentDescription: null; viewIdResName: com.huawei.android.launcher:id/workspace_screen; checkable: false; checked: false; focusable: false; focused: false; selected: false; clickable: true; longClickable: true; contextClickable: false; enabled: true; password: false; scrollable: false; importantForAccessibility: true; actions: [AccessibilityAction: ACTION_SELECT - null, AccessibilityAction: ACTION_CLEAR_SELECTION - null, AccessibilityAction: ACTION_CLICK - null, AccessibilityAction: ACTION_LONG_CLICK - null, AccessibilityAction: ACTION_ACCESSIBILITY_FOCUS - null, AccessibilityAction: ACTION_SHOW_ON_SCREEN - null]
08-01 12:08:08.621 18678 18678 I AccessibilityNodeInfoDumper: Null child 0/2, parent: android.view.accessibility.AccessibilityNodeInfo@90c7; boundsInParent: Rect(0, 0 - 1080, 273); boundsInScreen: Rect(0, 1556 - 1080, 1829); packageName: com.huawei.android.launcher; className: android.widget.FrameLayout; text: null; error: null; maxTextLength: -1; contentDescription: null; viewIdResName: com.huawei.android.launcher:id/hotseat; checkable: false; checked: false; focusable: false; focused: false; selected: false; clickable: false; longClickable: false; contextClickable: false; enabled: true; password: false; scrollable: false; importantForAccessibility: true; actions: [AccessibilityAction: ACTION_SELECT - null, AccessibilityAction: ACTION_CLEAR_SELECTION - null, AccessibilityAction: ACTION_ACCESSIBILITY_FOCUS - null, AccessibilityAction: ACTION_SHOW_ON_SCREEN - null]
08-01 12:08:08.622 18678 18678 I AccessibilityNodeInfoDumper: Null child 1/2, parent: android.view.accessibility.AccessibilityNodeInfo@90c7; boundsInParent: Rect(0, 0 - 1080, 273); boundsInScreen: Rect(0, 1556 - 1080, 1829); packageName: com.huawei.android.launcher; className: android.widget.FrameLayout; text: null; error: null; maxTextLength: -1; contentDescription: null; viewIdResName: com.huawei.android.launcher:id/hotseat; checkable: false; checked: false; focusable: false; focused: false; selected: false; clickable: false; longClickable: false; contextClickable: false; enabled: true; password: false; scrollable: false; importantForAccessibility: true; actions: [AccessibilityAction: ACTION_SELECT - null, AccessibilityAction: ACTION_CLEAR_SELECTION - null, AccessibilityAction: ACTION_ACCESSIBILITY_FOCUS - null, AccessibilityAction: ACTION_SHOW_ON_SCREEN - null]
08-01 12:08:08.623 18678 18678 W AccessibilityNodeInfoDumper: Fetch time: 15ms
08-01 12:08:08.624 18707 18731 V SQLiteDatabase: triggerBuildingIndex(): invalid id, return.
08-01 12:08:08.625  1147  9318 D WindowManager: finishDrawingWindow: Window{a4512df u0 com.android.settings/com.android.settings.HWSettings} mDrawState=DRAW_PENDING
08-01 12:08:08.626 18707 18731 I chatty  : uid=1000(system) AsyncTask #3 identical 1 line
08-01 12:08:08.627 18707 18731 V SQLiteDatabase: triggerBuildingIndex(): invalid id, return.
08-01 12:08:08.627 18707 18707 D DashboardSummary: onWindowFocusChanged
08-01 12:08:08.628 18707 18707 W InputMethodManager: startInputReason = 1
08-01 12:08:08.631 18707 18731 V SQLiteDatabase: triggerBuildingIndex(): invalid id, return.
08-01 12:08:08.631 18707 18731 D Index   : Indexing locale 'zh_CN_#Hans' took 62 millis
08-01 12:08:08.635 27577 29177 D HwRecentsLockUtils: Search
08-01 12:08:08.635  1147  1288 V WindowManager: Checking 1 opening apps (frozen=false timeout=false)...
08-01 12:08:08.635  1147  1288 V WindowManager: Check opening app=AppWindowToken{3f4bcca token=Token{f4d9035 ActivityRecord{5bf326c u0 com.android.settings/.HWSettings t1348}}}: allDrawn=true startingDisplayed=false startingMoved=false isRelaunching()=false
08-01 12:08:08.635  1857  2181 E HsmCoreServiceImpl: onTransact in code is: 103
08-01 12:08:08.635  1857  2181 I MediaProcessHandler: playingUids:
08-01 12:08:08.641 18707 18731 D Index   : Deleting data for locale 'zh_CN_#Hans' took 5 millis
08-01 12:08:08.642  2983  2983 I HiBoard_Workspace: onWindowVisibilityChanged：8 isOverlayClosed:true
08-01 12:08:08.642  2983  2983 I HiBoard_MainView: onWindowVisibilityChanged：8 isOverlayClosed:true
08-01 12:08:08.642  2983  2983 I HiBoard_FlowLayout: onWindowVisibilityChanged：8 isOverlayClosed:true
08-01 12:08:08.646   673  2881 E BufferQueueProducer: [com.huawei.intelligent.Workspace#0] disconnect: not connected (req=1)
08-01 12:08:08.646  2983 22918 W libEGL  : EGLNativeWindowType 0x7accb9a010 disconnect failed
08-01 12:08:08.647   673  1452 E BufferQueueProducer: [com.huawei.android.launcher/com.huawei.android.launcher.unihome.UniHomeLauncher#0] disconnect: not connected (req=1)
08-01 12:08:08.647  2570  3027 W libEGL  : EGLNativeWindowType 0x7acb53a010 disconnect failed
08-01 12:08:08.648 18707 18707 I DashboardSummary: SuggestionLoader inited.
08-01 12:08:08.649 18707 18728 D DashboardSummary:  SuggestionLoader:doInBackground begin:AsyncTask #2
08-01 12:08:08.651 18707 18731 V SQLiteDatabase: triggerBuildingIndex(): invalid id, return.
08-01 12:08:08.653 18707 18731 V SQLiteDatabase: triggerBuildingIndex(): invalid id, return.
08-01 12:08:08.653 18707 18728 I Settings: isNeedSkipFuction: setupNotDone = false, deviceProvisioned = true, userSetupComplete = true, FRPRestricted = false, needSkipFuction = false
08-01 12:08:08.653 18707 18728 I DashboardSummary: getSuggestions return empty suggestions, because is emui lite version.
08-01 12:08:08.653 18707 18728 I DashboardSummary: SuggestionLoader:doInBackground end cost 4 ms
08-01 12:08:08.653 18707 18707 D DashboardSummary: com.android.settings.dashboard.DashboardSummary$SuggestionLoader@48920d2 SuggestionLoader:onPostExecute
08-01 12:08:08.654 18707 18707 D DashboardData: DashboardData inited: DashboardDataSize = 14
08-01 12:08:08.654 18707 18707 I DashboardAdapter: notifyDashboardDataChanged only diff
08-01 12:08:08.654   644   644 I GRALLOC : 	 shrFd=10,fmt=0x1,intFmt=0x200000001,btStrd=4352,size=8486912,pid=644
08-01 12:08:08.654   644   644 I GRALLOC : 	 yuv=2,w=1080,h=1920,Stride u=0 v=0,offset u=0 v=0
08-01 12:08:08.654   644   644 I GRALLOC : 	 iova_size=8486912,conUsg=0xb00,proUsg=0xb00,	 strd=1088,[afbc]HdrStrd=1088 PyldStrd=69632 Scrmbl=0,ionhnd = 1
08-01 12:08:08.654 26480 26480 I wangchen: SysInfo.getSysParam: orientation=1||config d=3.0,w=1080,h=1788||metrics d=3.0,w=1080,h=1788||sdk=26,bar_h=72
08-01 12:08:08.655 26480 26480 I KeymapLoader: w=1080 h=1788 ori=true appScale=3.3 s1=3.0
08-01 12:08:08.657 27577 27577 D BarTransitions.HwNavigationBarView: MODE_TRANSLUCENT -> MODE_OPAQUE animate=false
08-01 12:08:08.657 27577 27577 D BarTransitions.HwNavigationBarView: applyModeBackground oldMode=MODE_TRANSLUCENT newMode=MODE_OPAQUE animate=false
08-01 12:08:08.661   645 10957 W hwcomposer: ScfCanHandle:264: AFBC: afbc layer height scl dowm larger than 2.(src_height:1920, dst_height:836)
08-01 12:08:08.666 18707 18731 V SQLiteDatabase: triggerBuildingIndex(): invalid id, return.
08-01 12:08:08.667 18707 18731 D Index   : Indexing locale 'zh_CN_#Hans' took 25 millis
08-01 12:08:08.669  1147  9318 D ActivityManager: Skipping, home or recents stack task: TaskRecord{d79c33 #1125 A=com.huawei.android.launcher U=0 StackId=0 sz=1}
08-01 12:08:08.678   645 10957 W hwcomposer: ScfCanHandle:264: AFBC: afbc layer height scl dowm larger than 2.(src_height:1920, dst_height:836)
08-01 12:08:08.679 18678 18678 I AccessibilityNodeInfoDumper: Skipping invisible child: android.view.accessibility.AccessibilityNodeInfo@f640; boundsInParent: Rect(0, 0 - 1080, 0); boundsInScreen: Rect(0, 216 - 1080, 216); packageName: com.android.settings; className: android.widget.FrameLayout; text: null; error: null; maxTextLength: -1; contentDescription: null; viewIdResName: com.android.settings:id/content_header_container; checkable: false; checked: false; focusable: false; focused: false; selected: false; clickable: false; longClickable: false; contextClickable: false; enabled: true; password: false; scrollable: false; importantForAccessibility: false; actions: [AccessibilityAction: ACTION_SELECT - null, AccessibilityAction: ACTION_CLEAR_SELECTION - null, AccessibilityAction: ACTION_ACCESSIBILITY_FOCUS - null, AccessibilityAction: ACTION_SHOW_ON_SCREEN - null]
08-01 12:08:08.683  1147  9318 D ActivityManager: Skipping intent:act=android.intent.action.MAIN cat=[android.intent.category.LAUNCHER] flg=0x10800000 cmp=io.appium.settings/.Settings
08-01 12:08:08.684  1147  9318 D ActivityManager: Skipping intent:flg=0x10800000 cmp=com.android.systemui/.usb.HwUsbDebuggingActivity
08-01 12:08:08.684  1147  9318 D ActivityManager: Skipping intent:flg=0x10804000 cmp=com.android.systemui/.recents.RecentsActivity bnds=[48,1295][1032,2531]
08-01 12:08:08.684  1147  9318 D ActivityManager: Skipping intent:act=android.settings.ACCESSIBILITY_SETTINGS flg=0x10808000 cmp=com.android.settings/.Settings$AccessibilitySettingsActivity
08-01 12:08:08.684  1147  9318 D ActivityManager: Skipping intent:flg=0x10800000 cmp=com.github.uiautomator/.IdentifyActivity
08-01 12:08:08.684  1147  9318 D ActivityManager: Skipping intent:act=android.deviceinfo.chooser.action.LAUNCH flg=0x10800000 hwFlg=0x100 pkg=com.android.settings cmp=com.android.settings/.deviceinfo.UsbConnModeChooserActivity
08-01 12:08:08.684  1147  9318 D ActivityManager: Skipping intent:act=android.intent.action.VIEW dat=content://com.android.browser.fileProvider/external_files/Downloads/Solopi.apk typ=application/vnd.android.package-archive flg=0x18800000 cmp=com.android.packageinstaller/.InstallStart
08-01 12:08:08.684  1147  9318 D ActivityManager: Skipping intent:act=android.intent.action.VIEW dat=https://github.com/... flg=0x13800000 cmp=com.android.browser/.BrowserActivity
08-01 12:08:08.684  1147  9318 D ActivityManager: Skipping intent:act=android.intent.action.VIEW dat=https://github.com/... flg=0x10800000 cmp=com.huawei.android.internal.app/.HwResolverActivity
08-01 12:08:08.684  1147  9318 D ActivityManager: Skipping intent:act=android.intent.action.MAIN cat=[android.intent.category.HOME] flg=0x10800300 cmp=com.android.settings/.FallbackHome
08-01 12:08:08.684  1147  9318 D ActivityManager: Skipping intent:act=com.huawei.action.VOICE_ASSISTANT flg=0x10800000 cmp=com.huawei.vassistant/.ui.main.VAssistantActivity
08-01 12:08:08.699 18707 18731 V NFC     : this device does not have NFC support
08-01 12:08:08.701 18707 18731 D ParentControl: ParentControl status is 0
08-01 12:08:08.701 18707 18731 I Settings: isNeedSkipFuction: setupNotDone = false, deviceProvisioned = true, userSetupComplete = true, FRPRestricted = false, needSkipFuction = false
08-01 12:08:08.706 18707 18731 D BiometricManager: fpm.isHardwareDetected() = true
08-01 12:08:08.711 18707 18727 V SQLiteDatabase: triggerBuildingIndex(): invalid id, return.
08-01 12:08:08.712 18707 18727 D Index   : Indexing locale 'zh_CN_#Hans' took 4 millis
08-01 12:08:08.713 18707 18731 I Utils   : enabledInPad = false,isPcCastMode = false
08-01 12:08:08.717 18707 18731 I chatty  : uid=1000(system) AsyncTask #3 identical 7 lines
08-01 12:08:08.717 18707 18731 I Utils   : enabledInPad = false,isPcCastMode = false
08-01 12:08:08.718 18707 18727 V SQLiteDatabase: triggerBuildingIndex(): invalid id, return.
08-01 12:08:08.718   644   644 I GRALLOC : 	 shrFd=10,fmt=0x1,intFmt=0x200000001,btStrd=4352,size=8486912,pid=644
08-01 12:08:08.718   644   644 I GRALLOC : 	 yuv=2,w=1080,h=1920,Stride u=0 v=0,offset u=0 v=0
08-01 12:08:08.718   644   644 I GRALLOC : 	 iova_size=8486912,conUsg=0xb00,proUsg=0xb00,	 strd=1088,[afbc]HdrStrd=1088 PyldStrd=69632 Scrmbl=0,ionhnd = 1
08-01 12:08:08.718 18707 18727 D Index   : Indexing locale 'zh_CN_#Hans' took 3 millis
08-01 12:08:08.718 18707 18731 I Utils   : enabledInPad = false,isPcCastMode = false
08-01 12:08:08.718 18707 18727 D Index   : Indexing locale 'zh_CN_#Hans' took 3 millis
08-01 12:08:08.719  1147  1156 I zygote64: Background concurrent copying GC freed 1384307(39MB) AllocSpace objects, 59(1180KB) LOS objects, 26% free, 65MB/89MB, paused 613us total 379.475ms
08-01 12:08:08.724 18707 18731 I Utils   : enabledInPad = false,isPcCastMode = false
08-01 12:08:08.725 18707 18731 I Utils   : enabledInPad = false,isPcCastMode = false
08-01 12:08:08.725 18707 18731 I TileUtils: isNeedSkipTile() packageName: com.android.settings, className: com.android.settings.Settings$BluetoothSettingsActivity
08-01 12:08:08.726 18707 18731 I Utils   : enabledInPad = false,isPcCastMode = false
08-01 12:08:08.729 18707 18727 D Index   : Deleting data for locale 'zh_CN_#Hans' took 6 millis
08-01 12:08:08.729 18707 18731 I Utils   : enabledInPad = false,isPcCastMode = false
08-01 12:08:08.729 18707 18731 I TileUtils: isNeedSkipTile() packageName: com.android.settings, className: com.android.settings.Settings$EnterprisePrivacySettingsActivity
08-01 12:08:08.730 18707 18731 I Utils   : enabledInPad = false,isPcCastMode = false
08-01 12:08:08.730 18707 18731 I TileUtils: isNeedSkipTile() packageName: com.android.settings, className: com.android.settings.LocationDashboardAlias
08-01 12:08:08.730 18707 18731 I Utils   : enabledInPad = false,isPcCastMode = false
08-01 12:08:08.730 18707 18731 I TileUtils: isNeedSkipTile() packageName: com.android.settings, className: com.android.settings.BackupSettingsActivity
08-01 12:08:08.731 18707 18727 D Index   : Indexing locale 'zh_CN_#Hans' took 2 millis
08-01 12:08:08.733 18707 18731 I TileUtils: isNeedSkipTile() packageName: com.huawei.android.dsdscardmanager, className: com.huawei.android.dsdscardmanager.HWCardManagerActivity
08-01 12:08:08.733 18707 18731 I TileUtils: isNeedSkipTile() packageName: com.huawei.android.dsdscardmanager, className: com.huawei.android.dsdscardmanager.HWCardManagerTabActivity
08-01 12:08:08.736 18707 18731 I TileUtils: isNeedSkipTile() packageName: com.huawei.hidisk, className: com.huawei.android.hicloud.ui.activity.NewHiSyncSettingActivity
08-01 12:08:08.736 18707 18731 I TileUtils: isNeedSkipTile() packageName: com.huawei.android.hwouc, className: com.huawei.android.hwouc.ui.activities.MainEntranceActivity
08-01 12:08:08.736 18707 18731 I Utils   : enabledInPad = false,isPcCastMode = false
08-01 12:08:08.737 18707 18731 I TileUtils: isNeedSkipTile() packageName: com.huawei.hwid, className: com.huawei.hwid.ui.extend.setting.StartUpGuideLoginActivity
08-01 12:08:08.737 18707 18731 I Utils   : enabledInPad = false,isPcCastMode = false
08-01 12:08:08.737 18707 18731 I TileUtils: isNeedSkipTile() packageName: com.huawei.systemmanager, className: com.huawei.permissionmanager.ui.JumpActvity
08-01 12:08:08.738 18707 18731 I Utils   : enabledInPad = false,isPcCastMode = false
08-01 12:08:08.738 18707 18731 I Utils   : enabledInPad = false,isPcCastMode = false
08-01 12:08:08.738 18707 18731 I TileUtils: isNeedSkipTile() packageName: com.huawei.systemmanager, className: com.huawei.netassistant.ui.NetAssistantMainActivity
08-01 12:08:08.739 18707 18731 I Utils   : enabledInPad = false,isPcCastMode = false
08-01 12:08:08.741 18707 18731 I Utils   : enabledInPad = false,isPcCastMode = false
08-01 12:08:08.741 18707 18707 I DashboardSummary: SuggestionLoader inited.
08-01 12:08:08.741 18707 18737 D DashboardSummary:  SuggestionLoader:doInBackground begin:AsyncTask #4
08-01 12:08:08.742 18707 18737 I Settings: isNeedSkipFuction: setupNotDone = false, deviceProvisioned = true, userSetupComplete = true, FRPRestricted = false, needSkipFuction = false
08-01 12:08:08.742 18707 18737 I DashboardSummary: getSuggestions return empty suggestions, because is emui lite version.
08-01 12:08:08.742 18707 18737 I DashboardSummary: SuggestionLoader:doInBackground end cost 1 ms
08-01 12:08:08.742 18707 18707 D DashboardSummary: com.android.settings.dashboard.DashboardSummary$SuggestionLoader@6bce0a0 SuggestionLoader:onPostExecute
08-01 12:08:08.743 18707 18707 D DashboardData: DashboardData inited: DashboardDataSize = 14
08-01 12:08:08.743 18707 18707 I DashboardAdapter: notifyDashboardDataChanged only diff
08-01 12:08:08.752 18678 18678 I AccessibilityNodeInfoDumper: Skipping invisible child: android.view.accessibility.AccessibilityNodeInfo@1defe; boundsInParent: Rect(0, 0 - 507, 53); boundsInScreen: Rect(168, 1792 - 675, 1788); packageName: com.android.settings; className: android.widget.TextView; text: 指纹、锁屏和密码、学生模式; error: null; maxTextLength: -1; contentDescription: null; viewIdResName: android:id/summary; checkable: false; checked: false; focusable: false; focused: false; selected: false; clickable: false; longClickable: false; contextClickable: false; enabled: true; password: false; scrollable: false; importantForAccessibility: true; actions: [AccessibilityAction: ACTION_SELECT - null, AccessibilityAction: ACTION_CLEAR_SELECTION - null, AccessibilityAction: ACTION_ACCESSIBILITY_FOCUS - null, AccessibilityAction: ACTION_NEXT_AT_MOVEMENT_GRANULARITY - null, AccessibilityAction: ACTION_PREVIOUS_AT_MOVEMENT_GRANULARITY - null, AccessibilityAction: ACTION_SET_SELECTION - null, AccessibilityAction: ACTION_SHOW_ON_SCREEN - null]
08-01 12:08:08.755 18678 18678 I AccessibilityNodeInfoDumper: Skipping invisible child: android.view.accessibility.AccessibilityNodeInfo@dfba; boundsInParent: Rect(0, 0 - 0, 144); boundsInScreen: Rect(0, 72 - 0, 216); packageName: com.android.settings; className: android.widget.FrameLayout; text: null; error: null; maxTextLength: -1; contentDescription: 向上导航; viewIdResName: null; checkable: false; checked: false; focusable: true; focused: false; selected: false; clickable: true; longClickable: false; contextClickable: false; enabled: true; password: false; scrollable: false; importantForAccessibility: true; actions: [AccessibilityAction: ACTION_FOCUS - null, AccessibilityAction: ACTION_SELECT - null, AccessibilityAction: ACTION_CLEAR_SELECTION - null, AccessibilityAction: ACTION_CLICK - null, AccessibilityAction: ACTION_ACCESSIBILITY_FOCUS - null, AccessibilityAction: ACTION_NEXT_AT_MOVEMENT_GRANULARITY - null, AccessibilityAction: ACTION_PREVIOUS_AT_MOVEMENT_GRANULARITY - null, AccessibilityAction: ACTION_SET_SELECTION - null, AccessibilityAction: ACTION_SHOW_ON_SCREEN - null]
08-01 12:08:08.755 18678 18678 I AccessibilityNodeInfoDumper: Skipping invisible child: android.view.accessibility.AccessibilityNodeInfo@e73c; boundsInParent: Rect(0, 0 - 0, 0); boundsInScreen: Rect(0, 143 - 0, 143); packageName: com.android.settings; className: android.widget.LinearLayout; text: null; error: null; maxTextLength: -1; contentDescription: null; viewIdResName: androidhwext:id/actionbar_layout_icon1; checkable: false; checked: false; focusable: false; focused: false; selected: false; clickable: false; longClickable: false; contextClickable: false; enabled: true; password: false; scrollable: false; importantForAccessibility: false; actions: [AccessibilityAction: ACTION_SELECT - null, AccessibilityAction: ACTION_CLEAR_SELECTION - null, AccessibilityAction: ACTION_ACCESSIBILITY_FOCUS - null, AccessibilityAction: ACTION_SHOW_ON_SCREEN - null]
08-01 12:08:08.756 18678 18678 I AccessibilityNodeInfoDumper: Skipping invisible child: android.view.accessibility.AccessibilityNodeInfo@eebe; boundsInParent: Rect(0, 0 - 0, 0); boundsInScreen: Rect(1080, 143 - 1080, 143); packageName: com.android.settings; className: android.widget.LinearLayout; text: null; error: null; maxTextLength: -1; contentDescription: null; viewIdResName: androidhwext:id/actionbar_layout_icon2; checkable: false; checked: false; focusable: false; focused: false; selected: false; clickable: false; longClickable: false; contextClickable: false; enabled: true; password: false; scrollable: false; importantForAccessibility: false; actions: [AccessibilityAction: ACTION_SELECT - null, AccessibilityAction: ACTION_CLEAR_SELECTION - null, AccessibilityAction: ACTION_ACCESSIBILITY_FOCUS - null, AccessibilityAction: ACTION_SHOW_ON_SCREEN - null]
08-01 12:08:08.756 18678 18678 I AccessibilityNodeInfoDumper: Skipping invisible child: android.view.accessibility.AccessibilityNodeInfo@dbf9; boundsInParent: Rect(0, 0 - 0, 144); boundsInScreen: Rect(1080, 72 - 1080, 216); packageName: com.android.settings; className: android.widget.LinearLayout; text: null; error: null; maxTextLength: -1; contentDescription: null; viewIdResName: null; checkable: false; checked: false; focusable: false; focused: false; selected: false; clickable: false; longClickable: false; contextClickable: false; enabled: true; password: false; scrollable: false; importantForAccessibility: false; actions: [AccessibilityAction: ACTION_SELECT - null, AccessibilityAction: ACTION_CLEAR_SELECTION - null, AccessibilityAction: ACTION_ACCESSIBILITY_FOCUS - null, AccessibilityAction: ACTION_SHOW_ON_SCREEN - null]
08-01 12:08:08.759 18678 18678 W AccessibilityNodeInfoDumper: Fetch time: 83ms
08-01 12:08:08.778  1147  1288 V WindowManager: Exit animation finished in Window{1372794 u0 com.huawei.android.launcher/com.huawei.android.launcher.unihome.UniHomeLauncher EXITING}: remove=false
08-01 12:08:08.778  1147  1288 V WindowManager: Exit animation finished in Window{8b51aff u0 com.huawei.intelligent.Workspace EXITING}: remove=false
08-01 12:08:08.787 27577 27577 D ImageWallpaper: onVisibilityChanged: mVisible, visible=true, false
08-01 12:08:08.787 27577 27577 D ImageWallpaper: Visibility changed to visible=false
08-01 12:08:08.807  1147  9318 V WindowManager: notifyAppStopped: AppWindowToken{57efd19 token=Token{ef87460 ActivityRecord{b1b063 u0 com.huawei.android.launcher/.unihome.UniHomeLauncher t1125}}}
08-01 12:08:08.807  1147  9318 E WindowManager: win=Window{8b51aff u0 com.huawei.intelligent.Workspace} destroySurfaces: appStopped=true win.mWindowRemovalAllowed=false win.mRemoveOnExit=false
08-01 12:08:08.807  1147  9318 I WindowManager: Destroying surface Surface(name=com.huawei.intelligent.Workspace) called by com.android.server.wm.WindowStateAnimator.destroySurface:2072 com.android.server.wm.WindowStateAnimator.destroySurfaceLocked:884 com.android.server.wm.HwWindowStateAnimator.destroySurfaceLocked:1006 com.android.server.wm.WindowState.destroyOrSaveSurfaceUnchecked:2998 com.android.server.wm.WindowState.destroySurface:2951 com.android.server.wm.AppWindowToken.destroySurfaces:664 com.android.server.wm.AppWindowToken.destroySurfaces:648 com.android.server.wm.AppWindowToken.notifyAppStopped:692
08-01 12:08:08.808  1147  9318 E WindowManager: win=Window{1372794 u0 com.huawei.android.launcher/com.huawei.android.launcher.unihome.UniHomeLauncher} destroySurfaces: appStopped=true win.mWindowRemovalAllowed=false win.mRemoveOnExit=false
08-01 12:08:08.809  1147  9318 I WindowManager: Destroying surface Surface(name=com.huawei.android.launcher/com.huawei.android.launcher.unihome.UniHomeLauncher) called by com.android.server.wm.WindowStateAnimator.destroySurface:2072 com.android.server.wm.WindowStateAnimator.destroySurfaceLocked:884 com.android.server.wm.HwWindowStateAnimator.destroySurfaceLocked:1006 com.android.server.wm.WindowState.destroyOrSaveSurfaceUnchecked:2998 com.android.server.wm.WindowState.destroySurface:2951 com.android.server.wm.AppWindowToken.destroySurfaces:664 com.android.server.wm.AppWindowToken.destroySurfaces:648 com.android.server.wm.AppWindowToken.notifyAppStopped:692
08-01 12:08:08.814  1147  1164 D HwGameAssistantController: pid=2570, uid=10057, foreground=false
08-01 12:08:08.815  1147  1310 W AwareLog: SchedLevelBoost: onFgActivitiesChanged config not set!
08-01 12:08:08.845 27577 27577 W ResourceType: No package identifier when getting value for resource number 0x00000000
08-01 12:08:08.845 27577 27577 E HwNotchUtils: setIconForView iconId is not found
08-01 12:08:08.845 27577 27577 W ResourceType: No package identifier when getting value for resource number 0x00000000
08-01 12:08:08.845 27577 27577 E HwNotchUtils: setIconForView iconId is not found
08-01 12:08:08.962   673  2881 D SurfaceFlinger: SurfaceFlinger: getDisplayConfigs--3.000000, 1080, 1920
08-01 12:08:08.962   673  2881 I chatty  : uid=1000(system) Binder:673_5 identical 1 line
08-01 12:08:08.962   673  2881 D SurfaceFlinger: SurfaceFlinger: getDisplayConfigs--3.000000, 1080, 1920
08-01 12:08:08.963 19641 19641 I cutils-trace: atrace_init_once, trace_marker_path = /sys/kernel/debug/tracing/trace_marker
08-01 12:08:08.966   414   414 W /system/bin/hwservicemanager: Cannot open /odm/manifest.xml
08-01 12:08:08.981   414   414 W /system/bin/hwservicemanager: Cannot open /odm/manifest.xml
08-01 12:08:08.983   644   644 I GRALLOC : 	 shrFd=10,fmt=0x1,intFmt=0x1,btStrd=4352,size=8355840,pid=644
08-01 12:08:08.983   644   644 I GRALLOC : 	 yuv=2,w=1080,h=1920,Stride u=0 v=0,offset u=0 v=0
08-01 12:08:08.983   644   644 I GRALLOC : 	 iova_size=8355840,conUsg=0x306,proUsg=0x366,	 strd=1088,[afbc]HdrStrd=0 PyldStrd=0 Scrmbl=0,ionhnd = 1
08-01 12:08:09.374 19077 19085 D BluetoothSocket: close() this: android.bluetooth.BluetoothSocket@bab5df0, mSocketState: CLOSED
08-01 12:08:09.375 19077 19085 D BluetoothSocket: close() this: android.bluetooth.BluetoothSocket@b2b08ab, mSocketState: CLOSED
08-01 12:08:09.375 19077 19085 D BluetoothSocket: close() this: android.bluetooth.BluetoothSocket@2e0a7dd, mSocketState: CLOSED
08-01 12:08:09.375 19077 19085 D BluetoothSocket: close() this: android.bluetooth.BluetoothSocket@9a7d7f, mSocketState: CLOSED
08-01 12:08:09.375 19077 19085 D BluetoothSocket: close() this: android.bluetooth.BluetoothSocket@f2d5611, mSocketState: CLOSED
08-01 12:08:09.488  1147  1156 I zygote64: Background concurrent copying GC freed 1390195(39MB) AllocSpace objects, 2(40KB) LOS objects, 30% free, 55MB/79MB, paused 608us total 339.113ms
08-01 12:08:09.644   758   758 E wificond: Failed to get NL80211_RATE_INFO_NOISE
08-01 12:08:09.644   758   758 E wificond: Failed to get NL80211_RATE_INFO_SNR
08-01 12:08:09.644   758   758 E wificond: Failed to get NL80211_STA_INFO_CNAHLOAD
08-01 12:08:09.644  1147  1344 E WificondControl: Noise: 0, Snr: -1, Chload: -1
08-01 12:08:09.644  1147  1346 D HwWifiCHRStateManager: handleMessage : 1001
08-01 12:08:09.644  1147  1346 D HwWifiCHRStateManager: handleUpdateChannel:2412
08-01 12:08:09.644  1147  1346 V HwWifiServiceFactory: get AllImpl object = com.android.server.wifi.HwWifiServiceFactoryImpl@c8e97fe
08-01 12:08:09.645   758   758 E wificond: Failed to get NL80211_RATE_INFO_NOISE
08-01 12:08:09.645   758   758 E wificond: Failed to get NL80211_RATE_INFO_SNR
08-01 12:08:09.645   758   758 E wificond: Failed to get NL80211_STA_INFO_CNAHLOAD
08-01 12:08:09.647  1147  1415 D HuaweiWifiWatchdogStateMachine: LM mrssi=-58
08-01 12:08:09.647  1147  1415 D HuaweiWifiWatchdogStateMachine: 9c:21:**:**:18:a8 current loss[-58]=0%, volume=2
08-01 12:08:09.647  1147  1415 D HuaweiWifiWatchdogStateMachine: 9c:21:**:**:18:a8 history loss[-58]=0.07%, volume=1472
08-01 12:08:09.647  1147  1415 I HuaweiWifiWatchdogStateMachine: spd good count:0, add sc:0.0, rate:1.0
08-01 12:08:09.647  1147  1415 I HuaweiWifiWatchdogStateMachine: current mHighDataFlowRate = 1.0
08-01 12:08:09.647  1147  1415 I HuaweiWifiWatchdogStateMachine: POta txb txg rxg:0, 3, 0. Lr =0% Totpkt=3
08-01 12:08:09.648  1147  1147 D WiFi_PRO: MSG_RETURN_AP_CURRY_RSSI rssi = -58
08-01 12:08:09.648  1147  1147 I QosMonitor: queryRtt: rtt_type = 3
08-01 12:08:09.648  1147  1147 I HwQoEJNI: send_cmd_kernel. begin
08-01 12:08:09.648  1147  1147 I HwQoEJNI: send_cmd_kernel. end
08-01 12:08:09.648  1147  1147 I QosMonitor: postEventFromNative: msg=100,arg1=4,arg2=10
08-01 12:08:09.648  1147  1147 I HwQoEJNI: send_cmd_kernel. begin
08-01 12:08:09.648  1147  1147 I HwQoEJNI: send_cmd_kernel. end
08-01 12:08:09.649  1147  1147 I QosMonitor: postEventFromNative: msg=100,arg1=0,arg2=10
08-01 12:08:09.649  1147  1147 D HuaweiWifiWatchdogStateMachine: setSampleRtt: unvalid rtt
08-01 12:08:09.649  1147  1147 I MQoS    : rtt=320,tcp_tx_pkts=1425063,tcp_rx_pkts=2669266
08-01 12:08:09.649  1147  4316 I MQoS    : QOS_level:0(0),DataDisable;use level-0
08-01 12:08:09.649  1147  4316 I MQoS    : skip-low-Level:0(0),DataDisable;use level-0
08-01 12:08:09.649  1147  1415 D HuaweiWifiWatchdogStateMachine: dumpTcpResult: len=10,rtt=320,rttPkt=10,rttWn=62,cgt=0,cgtWn=0
08-01 12:08:09.649  1147  1415 I HuaweiWifiWatchdogStateMachine: PTcp RTT:0, rtt pkt=0, tcp_rx=2, tcp_tx=2, tcp_reTran=0, rtRate=0
08-01 12:08:09.649  1147  1415 D HuaweiWifiWatchdogStateMachine: mRssiBadCount =0, RSSI not bad.
08-01 12:08:09.649  1147  1415 D HuaweiWifiWatchdogStateMachine: detectNetworkAvailable:hw.wifipro.dns_fail_count = 324
08-01 12:08:09.649  1147  1415 D HuaweiWifiWatchdogStateMachine: detectNetworkAvailable: tcpRxPkts != 0, reset
08-01 12:08:09.649  1147  1415 D HuaweiWifiWatchdogStateMachine: bqeLevel = 2 rtt=0,rtt_pkts=0 speed=45 rssi=-58
08-01 12:08:09.649  1147  1415 D HuaweiWifiWatchdogStateMachine: Enter updateQoeLevel level = 2
08-01 12:08:09.649  1147  1415 D HuaweiWifiWatchdogStateMachine: updateQoeLevel current level equal to mLastDetectLevel, return
08-01 12:08:09.649  1147  1415 D HuaweiWifiWatchdogStateMachine: did not have any network action
08-01 12:08:09.651   757   757 E Thermal-daemon: [ap] temp_new :36  temp_old :38
08-01 12:08:09.651  1886  9326 I ThermalService: Receive temperature change, type: 0, temp: 36 from thermald
08-01 12:08:09.652   757   757 E Thermal-daemon: Report temperature: [ap] temp :36  report_threshold:1
08-01 12:08:09.652  1886  2552 I ThermalAction: new ThermalAction
08-01 12:08:09.652  1886  2552 I HwThermalStateManager: sensor name: cpu temperature: 36 , thermal action: ucurrent policy:0
08-01 12:08:09.652  1886  2552 I ThermalAction: new ThermalAction
08-01 12:08:09.652  1886  2552 I HwThermalStateManager: sensor name: cpu temperature: 36 , thermal action: app_action policy:0
08-01 12:08:09.652  1886  2552 I LogPowerAdapter: do thermal temperature:36action:app_action value:0 sensorType:0 to PG
08-01 12:08:09.653  1886  2035 I ThermalStateService: thermal app_action step = 0 temperature = 36
08-01 12:08:09.654  1886  2035 I PGServer: report state:9 event type:0 pid:36 uid:0 pkg:0 to pid: 1886