08-01 12:07:50.798 27577 27577 W ResourceType: No package identifier when getting value for resource number 0x00000000
08-01 12:07:50.798 27577 27577 E HwNotchUtils: setIconForView iconId is not found
08-01 12:07:50.811  1072  1096 I OAM     : [check_file_size:505]/data/log/hi110x/bfg_log/bfg_log_1 log file beyond size=10240Byte, creat new file
08-01 12:07:50.811  1072  1096 I OAM     : [rename_old_file:210]rename_old_file
08-01 12:07:50.811  1072  1096 I OAM     :
08-01 12:07:50.845  1147  1657 W ActivityManager: Sending non-protected broadcast bluetooth.action.FOUND_BT_FOR_BEAM from system 19419:com.android.bluetooth/1002 pkg com.android.bluetooth
08-01 12:07:50.846 18707 18707 I Bluetooth_stlib: CachedBluetoothDevice:Device has no name (yet), use address: **:**:**:4D:B9:A7
08-01 12:07:50.847 27577 27756 I Bluetooth_stlib: CachedBluetoothDevice:Device has no name (yet), use address: **:**:**:4D:B9:A7
08-01 12:07:50.850 18707 18707 I Bluetooth_stlib: CachedBluetoothDevice:mProfiles size=0
08-01 12:07:50.850 18707 18707 I BluetoothClass: enableNoAutoConnect: 0
08-01 12:07:50.850 18707 18707 I BluetoothClass: enableNoAutoConnect: 1
08-01 12:07:50.851 27577 27577 D StatusBarIconController: setIconVisibility icon is null or visibility not change visibility=true
08-01 12:07:50.852 27577 27756 I Bluetooth_stlib: BluetoothEventManager:DeviceFoundHandler created new CachedBluetoothDevice: **:**:**:4D:B9:A7 , manufacturerSpecificData: 4c->10 5 7 10 6a c2 e9 , Devicetype: 2
08-01 12:07:50.853 27577 27577 D StatusBarIconController: setIconVisibility icon is null or visibility not change visibility=true
08-01 12:07:50.855 27577 27577 D StatusBarIconController: setIconVisibility icon is null or visibility not change visibility=true
08-01 12:07:50.856 18707 18707 I Bluetooth_stlib: BluetoothEventManager:DeviceFoundHandler created new CachedBluetoothDevice: **:**:**:4D:B9:A7 , manufacturerSpecificData: 4c->10 5 7 10 6a c2 e9 , Devicetype: 2
08-01 12:07:50.856 18707 18707 I Bluetooth_stlib: CachedBluetoothDevice:mProfiles size=0
08-01 12:07:50.856 18707 18707 I BluetoothClass: enableNoAutoConnect: 0
08-01 12:07:50.856 18707 18707 I BluetoothClass: enableNoAutoConnect: 1
08-01 12:07:50.856 27577 27577 D StatusBarIconController: setIconVisibility icon is null or visibility not change visibility=true
08-01 12:07:50.857 18707 18707 I Bluetooth_stlib: CachedBluetoothDevice:mProfiles size=0
08-01 12:07:50.857 18707 18707 I BluetoothClass: enableNoAutoConnect: 0
08-01 12:07:50.857 18707 18707 I BluetoothClass: enableNoAutoConnect: 1
08-01 12:07:50.858 18707 18707 I Bluetooth_stlib: CachedBluetoothDevice:mProfiles size=0
08-01 12:07:50.859 18707 18707 I BluetoothClass: enableNoAutoConnect: 0
08-01 12:07:50.859 27577 27577 D StatusBarIconController: setIconVisibility icon is null or visibility not change visibility=true
08-01 12:07:50.859 18707 18707 I BluetoothClass: enableNoAutoConnect: 1
08-01 12:07:50.860 18707 18707 I Bluetooth_stlib: CachedBluetoothDevice:mProfiles size=0
08-01 12:07:50.860 18707 18707 I BluetoothClass: enableNoAutoConnect: 0
08-01 12:07:50.860 18707 18707 I BluetoothClass: enableNoAutoConnect: 1
08-01 12:07:50.860 27577 27577 D StatusBarIconController: setIconVisibility icon is null or visibility not change visibility=true
08-01 12:07:50.865 27577 27577 I chatty  : uid=10039(u0_a39) com.android.systemui identical 3 lines
08-01 12:07:50.866 27577 27577 D StatusBarIconController: setIconVisibility icon is null or visibility not change visibility=true
08-01 12:07:51.043  1147  1883 W ActivityManager: Sending non-protected broadcast bluetooth.action.FOUND_BT_FOR_BEAM from system 19419:com.android.bluetooth/1002 pkg com.android.bluetooth
08-01 12:07:51.047 18707 18707 I Bluetooth_stlib: CachedBluetoothDevice:mProfiles size=0
08-01 12:07:51.047 27577 27577 D StatusBarIconController: setIconVisibility icon is null or visibility not change visibility=true
08-01 12:07:51.047 18707 18707 I BluetoothClass: enableNoAutoConnect: 0
08-01 12:07:51.047 18707 18707 I BluetoothClass: enableNoAutoConnect: 1
08-01 12:07:51.048 27577 27756 I Bluetooth_stlib: BluetoothEventManager:DeviceFoundHandler created new CachedBluetoothDevice: LakalaB3_351 , manufacturerSpecificData: 444c->0 1d fa d 48 a1 , Devicetype: 2
08-01 12:07:51.053 18707 18707 I Bluetooth_stlib: BluetoothEventManager:DeviceFoundHandler created new CachedBluetoothDevice: LakalaB3_351 , manufacturerSpecificData: 444c->0 1d fa d 48 a1 , Devicetype: 2
08-01 12:07:51.053 18707 18707 I Bluetooth_stlib: CachedBluetoothDevice:mProfiles size=0
08-01 12:07:51.053 27577 27577 D StatusBarIconController: setIconVisibility icon is null or visibility not change visibility=true
08-01 12:07:51.053 18707 18707 I BluetoothClass: enableNoAutoConnect: 0
08-01 12:07:51.053 18707 18707 I BluetoothClass: enableNoAutoConnect: 1
08-01 12:07:51.053 27577 27577 D StatusBarIconController: setIconVisibility icon is null or visibility not change visibility=true
08-01 12:07:51.054 27577 27577 I chatty  : uid=10039(u0_a39) com.android.systemui identical 1 line
08-01 12:07:51.054 27577 27577 D StatusBarIconController: setIconVisibility icon is null or visibility not change visibility=true
08-01 12:07:51.054 18707 18707 I Bluetooth_stlib: CachedBluetoothDevice:mProfiles size=0
08-01 12:07:51.055 18707 18707 I BluetoothClass: enableNoAutoConnect: 0
08-01 12:07:51.055 18707 18707 I BluetoothClass: enableNoAutoConnect: 1
08-01 12:07:51.055 27577 27577 D StatusBarIconController: setIconVisibility icon is null or visibility not change visibility=true
08-01 12:07:51.055 18707 18707 I Bluetooth_stlib: CachedBluetoothDevice:mProfiles size=0
08-01 12:07:51.056 18707 18707 I BluetoothClass: enableNoAutoConnect: 0
08-01 12:07:51.056 18707 18707 I BluetoothClass: enableNoAutoConnect: 1
08-01 12:07:51.056 27577 27577 D StatusBarIconController: setIconVisibility icon is null or visibility not change visibility=true
08-01 12:07:51.057 18707 18707 I Bluetooth_stlib: CachedBluetoothDevice:mProfiles size=0
08-01 12:07:51.057 18707 18707 I BluetoothClass: enableNoAutoConnect: 0
08-01 12:07:51.057 18707 18707 I BluetoothClass: enableNoAutoConnect: 1
08-01 12:07:51.057 27577 27577 D StatusBarIconController: setIconVisibility icon is null or visibility not change visibility=true
08-01 12:07:51.059 27577 27577 I chatty  : uid=10039(u0_a39) com.android.systemui identical 1 line
08-01 12:07:51.060 27577 27577 D StatusBarIconController: setIconVisibility icon is null or visibility not change visibility=true
08-01 12:07:51.125  1072  1096 I OAM     : [check_file_size:505]/data/log/hi110x/bfg_log/bfg_log_1 log file beyond size=10240Byte, creat new file
08-01 12:07:51.125  1072  1096 I OAM     : [rename_old_file:210]rename_old_file
08-01 12:07:51.125  1072  1096 I OAM     :
08-01 12:07:51.152  1147  1157 W ActivityManager: Sending non-protected broadcast bluetooth.action.FOUND_BT_FOR_BEAM from system 19419:com.android.bluetooth/1002 pkg com.android.bluetooth
08-01 12:07:51.154 27577 27756 I Bluetooth_stlib: CachedBluetoothDevice:Device has no name (yet), use address: **:**:**:49:1D:67
08-01 12:07:51.154 18707 18707 I Bluetooth_stlib: CachedBluetoothDevice:Device has no name (yet), use address: **:**:**:49:1D:67
08-01 12:07:51.157 18707 18707 I Bluetooth_stlib: CachedBluetoothDevice:mProfiles size=0
08-01 12:07:51.158 27577 27577 D StatusBarIconController: setIconVisibility icon is null or visibility not change visibility=true
08-01 12:07:51.158 18707 18707 I BluetoothClass: enableNoAutoConnect: 0
08-01 12:07:51.158 18707 18707 I BluetoothClass: enableNoAutoConnect: 1
08-01 12:07:51.159 27577 27756 I Bluetooth_stlib: BluetoothEventManager:DeviceFoundHandler created new CachedBluetoothDevice: **:**:**:49:1D:67 , manufacturerSpecificData: 4c->10 5 1 18 44 e0 bf , Devicetype: 2
08-01 12:07:51.161 27577 27577 D StatusBarIconController: setIconVisibility icon is null or visibility not change visibility=true
08-01 12:07:51.163 27577 27577 D StatusBarIconController: setIconVisibility icon is null or visibility not change visibility=true
08-01 12:07:51.164 18707 18707 I Bluetooth_stlib: BluetoothEventManager:DeviceFoundHandler created new CachedBluetoothDevice: **:**:**:49:1D:67 , manufacturerSpecificData: 4c->10 5 1 18 44 e0 bf , Devicetype: 2
08-01 12:07:51.164 18707 18707 I Bluetooth_stlib: CachedBluetoothDevice:mProfiles size=0
08-01 12:07:51.165 18707 18707 I BluetoothClass: enableNoAutoConnect: 0
08-01 12:07:51.165 18707 18707 I BluetoothClass: enableNoAutoConnect: 1
08-01 12:07:51.165 27577 27577 D StatusBarIconController: setIconVisibility icon is null or visibility not change visibility=true
08-01 12:07:51.166 18707 18707 I Bluetooth_stlib: CachedBluetoothDevice:mProfiles size=0
08-01 12:07:51.166 18707 18707 I BluetoothClass: enableNoAutoConnect: 0
08-01 12:07:51.166 18707 18707 I BluetoothClass: enableNoAutoConnect: 1
08-01 12:07:51.166 27577 27577 D StatusBarIconController: setIconVisibility icon is null or visibility not change visibility=true
08-01 12:07:51.167 18707 18707 I Bluetooth_stlib: CachedBluetoothDevice:mProfiles size=0
08-01 12:07:51.168 18707 18707 I BluetoothClass: enableNoAutoConnect: 0
08-01 12:07:51.168 27577 27577 D StatusBarIconController: setIconVisibility icon is null or visibility not change visibility=true
08-01 12:07:51.168 18707 18707 I BluetoothClass: enableNoAutoConnect: 1
08-01 12:07:51.169 18707 18707 I Bluetooth_stlib: CachedBluetoothDevice:mProfiles size=0
08-01 12:07:51.170 27577 27577 D StatusBarIconController: setIconVisibility icon is null or visibility not change visibility=true
08-01 12:07:51.170 18707 18707 I BluetoothClass: enableNoAutoConnect: 0
08-01 12:07:51.170 18707 18707 I BluetoothClass: enableNoAutoConnect: 1
08-01 12:07:51.171 27577 27577 D StatusBarIconController: setIconVisibility icon is null or visibility not change visibility=true
08-01 12:07:51.172 27577 27577 I chatty  : uid=10039(u0_a39) com.android.systemui identical 1 line
08-01 12:07:51.174 27577 27577 D StatusBarIconController: setIconVisibility icon is null or visibility not change visibility=true
08-01 12:07:51.290  1147  1157 W ActivityManager: Sending non-protected broadcast bluetooth.action.FOUND_BT_FOR_BEAM from system 19419:com.android.bluetooth/1002 pkg com.android.bluetooth
08-01 12:07:51.293 18707 18707 I Bluetooth_stlib: CachedBluetoothDevice:Device has no name (yet), use address: **:**:**:56:3A:B5
08-01 12:07:51.293 27577 27756 I Bluetooth_stlib: CachedBluetoothDevice:Device has no name (yet), use address: **:**:**:56:3A:B5
08-01 12:07:51.297 18707 18707 I Bluetooth_stlib: CachedBluetoothDevice:mProfiles size=0
08-01 12:07:51.297 27577 27577 D StatusBarIconController: setIconVisibility icon is null or visibility not change visibility=true
08-01 12:07:51.297 18707 18707 I BluetoothClass: enableNoAutoConnect: 0
08-01 12:07:51.297 18707 18707 I BluetoothClass: enableNoAutoConnect: 1
08-01 12:07:51.299 27577 27756 I Bluetooth_stlib: BluetoothEventManager:DeviceFoundHandler created new CachedBluetoothDevice: **:**:**:56:3A:B5 , manufacturerSpecificData: 4c->10 5 3 18 90 7e fd , Devicetype: 2
08-01 12:07:51.301 27577 27577 D StatusBarIconController: setIconVisibility icon is null or visibility not change visibility=true
08-01 12:07:51.302 18707 18707 I Bluetooth_stlib: BluetoothEventManager:DeviceFoundHandler created new CachedBluetoothDevice: **:**:**:56:3A:B5 , manufacturerSpecificData: 4c->10 5 3 18 90 7e fd , Devicetype: 2
08-01 12:07:51.302 18707 18707 I Bluetooth_stlib: CachedBluetoothDevice:mProfiles size=0
08-01 12:07:51.302 27577 27577 D StatusBarIconController: setIconVisibility icon is null or visibility not change visibility=true
08-01 12:07:51.303 18707 18707 I BluetoothClass: enableNoAutoConnect: 0
08-01 12:07:51.303 18707 18707 I BluetoothClass: enableNoAutoConnect: 1
08-01 12:07:51.304 18707 18707 I Bluetooth_stlib: CachedBluetoothDevice:mProfiles size=0
08-01 12:07:51.305 18707 18707 I BluetoothClass: enableNoAutoConnect: 0
08-01 12:07:51.305 18707 18707 I BluetoothClass: enableNoAutoConnect: 1
08-01 12:07:51.305 27577 27577 D StatusBarIconController: setIconVisibility icon is null or visibility not change visibility=true
08-01 12:07:51.305 18707 18707 I Bluetooth_stlib: CachedBluetoothDevice:mProfiles size=0
08-01 12:07:51.306 18707 18707 I BluetoothClass: enableNoAutoConnect: 0
08-01 12:07:51.306 18707 18707 I BluetoothClass: enableNoAutoConnect: 1
08-01 12:07:51.307 18707 18707 I Bluetooth_stlib: CachedBluetoothDevice:mProfiles size=0
08-01 12:07:51.307 27577 27577 D StatusBarIconController: setIconVisibility icon is null or visibility not change visibility=true
08-01 12:07:51.307 18707 18707 I BluetoothClass: enableNoAutoConnect: 0
08-01 12:07:51.307 18707 18707 I BluetoothClass: enableNoAutoConnect: 1
08-01 12:07:51.309 27577 27577 D StatusBarIconController: setIconVisibility icon is null or visibility not change visibility=true
08-01 12:07:51.313 27577 27577 I chatty  : uid=10039(u0_a39) com.android.systemui identical 3 lines
08-01 12:07:51.314 27577 27577 D StatusBarIconController: setIconVisibility icon is null or visibility not change visibility=true
08-01 12:07:51.416  1072  1096 I OAM     : [check_file_size:505]/data/log/hi110x/bfg_log/bfg_log_1 log file beyond size=10240Byte, creat new file
08-01 12:07:51.416  1072  1096 I OAM     : [rename_old_file:210]rename_old_file
08-01 12:07:51.416  1072  1096 I OAM     :
08-01 12:07:51.448 19419 19456 W bt_btm_ble: btm_ble_process_adv_pkt_cont device no longer discoverable, discarding advertising packet
08-01 12:07:51.719  1073  2033 I GNSS_ENGINE: ------->>>read device data, the size is 7664
08-01 12:07:51.720  1073  2029 I GNSS_ENGINE: calculate thread:host engine state: 0x4
08-01 12:07:51.720  1073  2029 I GNSS_ENGINE: enter the device measure data wait function!
08-01 12:07:51.720  1073  2029 I GNSS_ENGINE: The begin time is 2019-08-01 04-07-51.720924
08-01 12:07:51.722  1073  2029 I GNSS_ENGINE: $RCVRTIME,1,16,360490.0000000000,1,2
08-01 12:07:51.722  1073  2029 I GNSS_ENGINE: process bb data, number of raw_measurment: 22
08-01 12:07:51.722  1073  2029 I GNSS_ENGINE: number_valid_ggbq_ephemeris: 31, fffffff7, 4, 100610, 3, 1240, 0, 0
08-01 12:07:51.722  1073  2029 I GNSS_ENGINE: number_valid_ggbq_almanac: 32, 24, 17, 0
08-01 12:07:51.722  1073  2029 I GNSS_ENGINE: carrier_phase: 17,114861.45,21606181.86,-336.58
08-01 12:07:51.722  1073  2029 I GNSS_ENGINE: carrier_phase: 6,74388.36,21305741.74,-214.38
08-01 12:07:51.722  1073  2029 I GNSS_ENGINE: carrier_phase: 46,105264856.58,37314406.48,-58.19
08-01 12:07:51.722  1073  2029 I GNSS_ENGINE: carrier_phase: 43,129572869.88,35923064.90,-33.76
08-01 12:07:51.722  1073  2029 I GNSS_ENGINE: carrier_phase: 19,96482.22,21641885.44,-414.27
08-01 12:07:51.722  1073  2029 I GNSS_ENGINE: carrier_phase: 28,274011507.96,20388779.98,54.36
08-01 12:07:51.724  1073  2029 I GNSS_ENGINE: kalm_normal_locate: num_used_msr: 17
08-01 12:07:51.725  1073  2029 I GNSS_ENGINE: doppler bias:-738.496560
08-01 12:07:51.725  1073  2029 I GNSS_ENGINE: 34, 65, 3, 0, 2, 1, 5, 0, 28, 127.773088, 51.199503, -316, 676.416809, 168.996628, 166, 3, 1, 30, 6, 1, 0
08-01 12:07:51.725  1073  2029 I GNSS_ENGINE: 17, 65, 3, 4, 2, 1, 5, 0, 36, 3.300485, 50.639558, 16, 1768.730835, 2076.996582, 1767, 3, 1, 147, 2, 0, 0
08-01 12:07:51.725  1073  2029 I GNSS_ENGINE: 6, 65, 3, 4, 2, 1, 5, 0, 36, 291.244599, 50.983881, 16, 1126.591675, 133.995621, 1125, 3, 1, 150, 2, 0, 4
08-01 12:07:51.725  1073  2029 I GNSS_ENGINE: 36, 65, 3, 0, 2, 1, 5, 0, 29, 189.854279, 63.894503, -316, 728.341309, 822.993225, 820, 3, 1, 31, 6, 1, 0
08-01 12:07:51.725  1073  2029 I GNSS_ENGINE: 37, 65, 3, 1, 2, 1, 5, 0, 27, 109.906702, 33.251059, -316, 724.146118, -140.007126, -144, 3, 1, 20, 6, 1, 0
08-01 12:07:51.725  1073  2029 I GNSS_ENGINE: 39, 65, 3, 1, 2, 1, 5, 0, 24, 167.769450, 10.092664, -316, 1903.672729, 1465.994873, 1464, 3, 1, 24, 5, 0, 0
08-01 12:07:51.725  1073  2029 I GNSS_ENGINE: 40, 65, 3, 0, 2, 1, 5, 0, 31, 179.334097, 57.334334, -316, -272.661224, -97.003067, -265, 1, 1, 29, 5, 0, 0
08-01 12:07:51.725  1073  2029 I GNSS_ENGINE: 4, 65, 0, 1, 0, 1, 5, 5, 0, 154.698307, 7.792850, 10, 2852.798340, 2670.996582, 2671, 7, 1, 0, 0, 0, 0
08-01 12:07:51.725  1073  2029 I GNSS_ENGINE: 41, 65, 3, 0, 2, 1, 5, 0, 30, 332.978149, 59.696921, -316, 173.291656, 391.999969, 388, 3, 1, 19, 5, 0, 0
08-01 12:07:51.725  1073  2029 I GNSS_ENGINE: 2, 65, 3, 1, 2, 1, 5, 0, 28, 259.179338, 17.377073, 16, 2284.007324, 1993.997314, 2283, 3, 1, 46, 5, 0, 0
08-01 12:07:51.725  1073  2029 I GNSS_ENGINE: 94, 65, 0, 1, 0, 0, 5, 0, 0, 202.182360, -8.100797, 1308, 2237.916504, 737.991638, 0, 21, 1, 0, 0, 0, 0
08-01 12:07:51.725  1073  2029 I GNSS_ENGINE: 80, 65, 3, 1, 2, 1, 5, 0, 26, 112.555293, 5.477555, 1308, -3239.187988, 741.987000, -1536, 21, 1, 12, 5, 0, 0
08-01 12:07:51.725  1073  2029 I GNSS_ENGINE: 93, 65, 0, 1, 0, 1, 5, 0, 0, 191.273493, 45.277645, 1308, -1761.883057, 737.991638, 4052, 21, 1, 0, 0, 0, 0
08-01 12:07:51.725  1073  2029 I GNSS_ENGINE: 73, 65, 0, 1, 0, 0, 5, 0, 0, 300.979271, 4.413044, 1309, -1761.883057, 737.991638, 0, 21, 1, 0, 0, 0, 0
08-01 12:07:51.725  1073  2029 I GNSS_ENGINE: 82, 65, 3, 1, 2, 1, 5, 0, 29, 310.803493, 25.977362, 1309, 2545.591064, 742.985840, 2533, 3, 1, 14, 5, 0, 0
08-01 12:07:51.725  1073  2029 I GNSS_ENGINE: 74, 65, 0, 1, 0, 0, 5, 0, 0, 343.439061, -11.844911, 1308, -1761.883057, 737.991638, 0, 21, 1, 0, 0, 0, 0
08-01 12:07:51.725  1073  2029 I GNSS_ENGINE: 83, 65, 0, 1, 0, 1, 5, 0, 0, 322.753389, 11.300867, 1309, -1761.883057, 737.991638, 3511, 21, 1, 0, 0, 0, 0
08-01 12:07:51.725  1073  2029 I GNSS_ENGINE: 92, 65, 3, 1, 2, 1, 5, 0, 27, 314.885625, 25.967839, 1308, 1646.908447, 742.985840, 1630, 3, 1, 14, 5, 0, 0
08-01 12:07:51.725  1073  2029 I GNSS_ENGINE: 81, 65, 3, 1, 2, 1, 5, 0, 29, 241.500247, 46.504633, 1308, -1315.046509, 740.988159, -1326, 3, 1, 59, 5, 0, 0
08-01 12:07:51.725  1073  2029 I GNSS_ENGINE: 76, 65, 3, 1, 2, 1, 5, 0, 29, 80.648918, 38.583795, 1308, 1170.890381, 750.992004, 1156, 3, 1, 57, 5, 0, 0
08-01 12:07:51.725  1073  2029 I GNSS_ENGINE: 35, 65, 3, 1, 2, 1, 5, 0, 27, 236.579115, 46.895703, -316, 753.005005, 1410.996948, 1407, 3, 1, 33, 6, 0, 0
08-01 12:07:51.725  1073  2029 I GNSS_ENGINE: 38, 65, 3, 0, 2, 1, 5, 0, 28, 255.047867, 23.322401, -316, 746.696960, 648.994690, 1744, 3, 1, 56, 6, 1, 0
08-01 12:07:51.725  1073  2029 I GNSS_ENGINE: 95, 65, 0, 1, 0, 0, 5, 0, 0, 208.202929, -43.297563, 1308, 2237.916504, 737.991638, 0, 21, 1, 0, 0, 0, 0
08-01 12:07:51.725  1073  2029 I GNSS_ENGINE: 46, 65, 3, 4, 2, 1, 5, 0, 32, 299.573318, 52.494899, -316, 302.987640, -1609.006226, 309, 1, 1, 51, 2, 0, 0
08-01 12:07:51.726  1073  2029 I GNSS_ENGINE: 43, 65, 3, 4, 2, 1, 5, 0, 31, 234.703150, 70.142023, -316, 175.811813, 1223.998169, 182, 1, 1, 127, 2, 0, 0
08-01 12:07:51.726  1073  2029 I GNSS_ENGINE: 3, 65, 3, 5, 2, 1, 5, 1, 30, 45.782093, 28.664015, 16, -1883.157959, -2565.002441, -1883, 3, 1, 44, 5, 0, 0
08-01 12:07:51.726  1073  2029 I GNSS_ENGINE: 9, 65, 3, 5, 2, 1, 5, 0, 25, 133.898465, 12.740328, 16, 2696.151367, 1848.997559, 2696, 3, 1, 44, 5, 0, 0
08-01 12:07:51.726  1073  2029 I GNSS_ENGINE: 75, 65, 0, 1, 0, 0, 5, 0, 0, 26.391868, -28.279316, 1308, 2237.916504, 737.991638, 0, 21, 1, 0, 0, 0, 0
08-01 12:07:51.726  1073  2029 I GNSS_ENGINE: 19, 65, 3, 5, 2, 1, 5, 1, 32, 339.884800, 42.718891, 16, 2176.996582, 1382.995605, 2175, 3, 1, 44, 2, 0, 0
08-01 12:07:51.726  1073  2029 I GNSS_ENGINE: 22, 65, 3, 5, 2, 1, 5, 0, 25, 40.426268, 9.566983, 16, -2479.680664, -2457.002686, -2478, 3, 1, 44, 5, 0, 0
08-01 12:07:51.726  1073  2029 I GNSS_ENGINE: 23, 65, 3, 5, 2, 1, 5, 1, 27, 95.572301, 10.412170, 16, 1693.339355, 1195.998291, 1693, 3, 1, 44, 5, 0, 0
08-01 12:07:51.726  1073  2029 I GNSS_ENGINE: 28, 65, 3, 5, 2, 1, 5, 1, 33, 165.542163, 69.381371, 16, -285.684601, -1718.003052, -287, 3, 1, 44, 2, 0, 0
08-01 12:07:51.726  1073  2029 I GNSS_ENGINE: 30, 65, 3, 5, 2, 1, 5, 1, 25, 185.671516, 8.224515, 16, -1712.090698, 750.999695, -1712, 3, 1, 44, 5, 0, 0
08-01 12:07:51.726  1073  2029 I GNSS_ENGINE: ota_run: 0, scene change: 1, base_svid: 0, init tran time: 0, strong_flag: 0, predict_valid: 0
08-01 12:07:51.726  1073  2029 I GNSS_ENGINE: [CMD] GPS BIT: 17, 2, 0x88b00408, 0x1d034b88, ffffffff, ffffffff
08-01 12:07:51.726  1073  2029 I GNSS_ENGINE: [CMD] GPS BIT: 6, 2, 0x88b00408, 0x1d034b88, ffffffff, ffffffff
08-01 12:07:51.726  1073  2029 I GNSS_ENGINE: [CMD] GPS BIT: 28, 2, 0x8b0038c, 0x62fcb4a8, ffffffff, ffffffff
08-01 12:07:51.726  1073  2029 I GNSS_ENGINE: [CMD] GPS BIT END: 37179516837
08-01 12:07:51.726  1073  2029 I GNSS_ENGINE: [CMD] SET REACQ: 17, 0, 1768.220337, 8, 7303, 747.096924, 1122, 4
08-01 12:07:51.726  1073  2029 I GNSS_ENGINE: [CMD] SET REACQ: 6, 0, 1126.492554, 9, 7325, 749.347473, 715, 4
08-01 12:07:51.726  1073  2029 I GNSS_ENGINE: [CMD] SET REACQ: 2, 0, 2284.227539, 0, 3156, 322.858795, 1449, 4
08-01 12:07:51.726  1073  2029 I GNSS_ENGINE: [CMD] SET REACQ: 0, 1, 2535.064697, 7, 1652, 84.417198, 1582, 4
08-01 12:07:51.726  1073  2029 I GNSS_ENGINE: [CMD] SET REACQ: 4, 1, 1630.604248, 7, 1444, 73.788399, 1016, 4
08-01 12:07:51.726  1073  2029 I GNSS_ENGINE: [CMD] SET REACQ: -7, 1, -1325.787964, 2, 6509, 332.609894, -829, 4
08-01 12:07:51.726  1073  2029 I GNSS_ENGINE: [CMD] SET REACQ: 1, 1, 1158.043701, 0, 6212, 317.433197, 722, 4
08-01 12:07:51.726  1073  2029 I GNSS_ENGINE: [CMD] SET REACQ: 3, 0, -1882.590942, 4, 7838, 801.827393, -1194, 4
08-01 12:07:51.726  1073  2029 I GNSS_ENGINE: [CMD] SET REACQ: 9, 0, 2697.430664, 19, 6652, 680.499573, 1712, 4
08-01 12:07:51.727  1073  2029 I GNSS_ENGINE: [CMD] SET REACQ: 19, 0, 2176.541260, 8, 6112, 625.257629, 1381, 4
08-01 12:07:51.727  1073  2029 I GNSS_ENGINE: [CMD] SET REACQ: 22, 0, -2477.826416, 16, 9331, 954.561279, -1572, 4
08-01 12:07:51.727  1073  2029 I GNSS_ENGINE: [CMD] SET REACQ: 23, 0, 1694.422729, 17, 5681, 581.166321, 1075, 4
08-01 12:07:51.727  1073  2029 I GNSS_ENGINE: [CMD] SET REACQ: 28, 0, -286.339233, 12, 7912, 809.397583, -181, 4
08-01 12:07:51.727  1073  2029 I GNSS_ENGINE: [CMD] SET REACQ: 30, 0, -1712.162109, 18, 472, 48.285599, -1086, 4
08-01 12:07:51.727  1073  2029 I GNSS_ENGINE: [CMD] SET REACQ COMMON: 65, -468
08-01 12:07:51.727  1073  2029 I GNSS_ENGINE: [CMD] SET DOPPLER BIAS: 160192
08-01 12:07:51.727  1073  2029 I GNSS_ENGINE: write device BFG tty data OK, the size is 342
08-01 12:07:51.727  1073  2029 I GNSS_ENGINE: [INTERCEPT-INFO] amount: 0, interval: 0, hor_acc: 0, ver_acc: 0
08-01 12:07:51.727  1073  2029 I GNSS_ENGINE: RTD is unavailable...
08-01 12:07:51.729  1073  2033 I GNSS_ENGINE: ------->>>read device ack, the size is 8, data_type: 2
08-01 12:07:51.730  1073  2029 I GNSS_ENGINE: calculate thread receive the device ack!
08-01 12:07:51.730  1073  2029 I GNSS_ENGINE: Hor acc:8.470582 HorUnc:6 Ver acc:5.000000 VerUnc:4
08-01 12:07:51.732  1072  1096 I OAM     : [check_file_size:505]/data/log/hi110x/bfg_log/bfg_log_1 log file beyond size=10240Byte, creat new file
08-01 12:07:51.732  1072  1096 I OAM     : [rename_old_file:210]rename_old_file
08-01 12:07:51.732  1072  1096 I OAM     :
08-01 12:07:51.732  1073  2029 I GNSS_ENGINE: wk:360490.000000, locflag:1, loctype:1, pgh_dop:1.143364,1.279066,0.641775, ems:3.260670, qop:8.470582, speed:0.000000, course:0.000000, version_mode: 2 0
08-01 12:07:51.732  1073  2029 I GNSS_ENGINE: calculate thread: enter start while
08-01 12:07:51.732  1073  1073 I GNSS_ENGINE: send message to adapte cmd_id:0x00000005, size: 2152
08-01 12:07:51.732  1073  1073 I GNSS_ENGINE: send message to adapte cmd_id:0x00000006, size: 124
08-01 12:07:51.733  1073  1073 I GNSS_ENGINE: send message to adapte cmd_id:0x0000001a, size: 20
08-01 12:07:51.733  1073  1073 I GNSS_ENGINE: send message to adapte cmd_id:0x00000009, size: 4368
08-01 12:07:51.733  1074  1087 I GNSS_CONTROL: static THREAD_HANDLE CtrlCommMgr::ProcessThreadProc(void *) -- 122: process cmd id:0x00000105
08-01 12:07:51.733  1074  1087 I GNSS_CONTROL: virtual void CtrlFSMSISessionState::EngineReportAFPos(CtrlFSM &) -- 1300: EngineReportAFPos cmd received by CtrlFSMSISessionState
08-01 12:07:51.733  1074  1087 I GNSS_CONTROL: AGNSS_STATUS_ENUM_UINT32 NetworkCommunication::send_message(AGNSSMessage *) -- 439: src_id:0x11110004, dst_id:0x11110001, cmd_id:0x00000205
08-01 12:07:51.733  1074  1087 I GNSS_CONTROL: static THREAD_HANDLE CtrlCommMgr::ProcessThreadProc(void *) -- 122: process cmd id:0x00000106
08-01 12:07:51.733  1074  1087 I GNSS_CONTROL: virtual void CtrlFSMSISessionState::EngineReportPos2Server(CtrlFSM &) -- 1328: EngineReportPos2Server cmd received by CtrlFSMSISessionState
08-01 12:07:51.734  1074  1087 I GNSS_CONTROL: void AgnssProxy::send_msg_2_agnss(AGNSSMessage *) -- 221: message->cmd_id: 0x00000308
08-01 12:07:51.734  1074  1087 I GNSS_CONTROL: void AgnssProxy::send_msg_2_user_plane(AGNSSMessage *) -- 399: type:0,message->cmd_id: 0x00000308
08-01 12:07:51.734  1074  1087 I GNSS_CONTROL: virtual AGNSS_STATUS_ENUM AgnssGul::OnMessage(AGNSSMessage *) -- 170: message is send to supl_assist
08-01 12:07:51.734  1074  1087 I GNSS_CONTROL: virtual AGNSS_STATUS_ENUM_UINT32 SACommMgr::SendMsg2SA(AGNSSMessage *) -- 105: msg cmd id:0x00000308
08-01 12:07:51.734  1074  1087 I GNSS_CONTROL: static THREAD_HANDLE CtrlCommMgr::ProcessThreadProc(void *) -- 122: process cmd id:0x0000001a
08-01 12:07:51.734  1074  1087 I GNSS_CONTROL: virtual void CtrlFSMState::EngineReportIsStaticState(CtrlFSM &) -- 1500: EngineReportIsStaticState cmd received by CtrlFSMSISessionState
08-01 12:07:51.734  1074  1087 I GNSS_CONTROL: void AgnssProxy::send_msg_2_agnss(AGNSSMessage *) -- 221: message->cmd_id: 0x0000001a
08-01 12:07:51.734  1074  1087 I GNSS_CONTROL: void AgnssProxy::send_msg_2_user_plane(AGNSSMessage *) -- 399: type:0,message->cmd_id: 0x0000001a
08-01 12:07:51.734  1074  1087 I GNSS_CONTROL: virtual AGNSS_STATUS_ENUM AgnssGul::OnMessage(AGNSSMessage *) -- 170: message is send to supl_assist
08-01 12:07:51.735  1147  2014 E GnssLocationProvider: [LocMgr] Debug: gnssLocationCb in
08-01 12:07:51.736  1147  2014 E GnssLocationProvider: [LocMgr] Debug: gnssLocationCb in2
08-01 12:07:51.737  1147  2014 V GnssLocationProvider: reportLocation Location[gps 23******,114****** hAcc=5 et=?!? alt=115.9016601042822 vel=0.0 bear=0.0 vAcc=??? sAcc=??? bAcc=???]
08-01 12:07:51.737  1074  1087 I GNSS_CONTROL: virtual AGNSS_STATUS_ENUM_UINT32 SACommMgr::SendMsg2SA(AGNSSMessage *) -- 105: msg cmd id:0x0000001a
08-01 12:07:51.737  1147  2014 E GnssLocationProvider: [LocMgr] Debug: gnssSvStatusCb in
08-01 12:07:51.737  1147  2014 D GnssLocationProvider: has no location last time
08-01 12:07:51.737  1074  1087 I GNSS_CONTROL: static THREAD_HANDLE CtrlCommMgr::ProcessThreadProc(void *) -- 122: process cmd id:0x00000109
08-01 12:07:51.737  1074  1087 I GNSS_CONTROL: virtual void CtrlFSMSISessionState::EngineNMEAReport(CtrlFSM &) -- 1405: EngineNMEAReport cmd received by CtrlFSMSISessionState
08-01 12:07:51.737  1074  1087 I GNSS_CONTROL: AGNSS_STATUS_ENUM_UINT32 NetworkCommunication::send_message(AGNSSMessage *) -- 439: src_id:0x11110004, dst_id:0x11110001, cmd_id:0x00000206
08-01 12:07:51.740  1147  2014 V GnssLocationProvider: SV count: 28
08-01 12:07:51.740  1147  1771 I LocationManagerService: incoming location: Location[gps 23******,114****** hAcc=5 et=+13d3h12m46s469ms alt=115.9016601042822 vel=0.0 bear=0.0 vAcc=??? sAcc=??? bAcc=???]; passive:false
08-01 12:07:51.745  1147  1771 I LocationManagerService: incoming location: Location[gps 23******,114****** hAcc=5 et=+13d3h12m46s469ms alt=115.9016601042822 vel=0.0 bear=0.0 vAcc=??? sAcc=??? bAcc=???]; passive:true
08-01 12:07:51.747  1147  1771 I LocationManagerService: key of receiver: 3f16b03
08-01 12:07:51.750  1147  1771 I ctaifs  : <Android 系统>[Android 系统][system]:[handleLocationChangedLocked] 读取定位信息
08-01 12:07:51.751  1147  1771 I LocationManagerService: key of receiver: 9a4cb28
08-01 12:07:51.752  1147  1771 W ProcBatteryStats: timer is running , not start, name: , uid: 1000, tag: LocationManagerService
08-01 12:07:51.754  1147  1771 I ctaifs  : <Android 系统>[Android 系统][system]:[handleLocationChangedLocked] 读取定位信息
08-01 12:07:51.755  1147  1771 W ProcBatteryStats: timer is not running , not stop, name: , uid: 1000, tag: LocationManagerService
08-01 12:07:51.968  1147  1147 I TrafficMonitor: update:rxPkts:2,txPkts:1,rxBytes:92,txBytes:52
08-01 12:07:51.969  1147  1147 I TrafficMonitor: start expired. level:-1
08-01 12:07:51.969  1147  1147 I TrafficMonitor: gettimer:interval=2000
08-01 12:07:51.983 18678 18678 I QueryController: Matched selector: UiSelector[INSTANCE=0, RESOURCE_ID=android:id/switch_widget] <<==>> [android.view.accessibility.AccessibilityNodeInfo@3dd8a; boundsInParent: Rect(0, 0 - 162, 72); boundsInScreen: Rect(870, 264 - 1032, 336); packageName: com.android.settings; className: android.widget.Switch; text: null; error: null; maxTextLength: -1; contentDescription: null; viewIdResName: android:id/switch_widget; checkable: true; checked: true; focusable: false; focused: false; selected: false; clickable: true; longClickable: false; contextClickable: false; enabled: true; password: false; scrollable: false; importantForAccessibility: true; actions: [AccessibilityAction: ACTION_SELECT - null, AccessibilityAction: ACTION_CLEAR_SELECTION - null, AccessibilityAction: ACTION_CLICK - null, AccessibilityAction: ACTION_ACCESSIBILITY_FOCUS - null, AccessibilityAction: ACTION_SHOW_ON_SCREEN - null]]
08-01 12:07:52.060 18678 18678 I QueryController: Matched selector: UiSelector[INSTANCE=0, RESOURCE_ID=android:id/switch_widget] <<==>> [android.view.accessibility.AccessibilityNodeInfo@3dd8a; boundsInParent: Rect(0, 0 - 162, 72); boundsInScreen: Rect(870, 264 - 1032, 336); packageName: com.android.settings; className: android.widget.Switch; text: null; error: null; maxTextLength: -1; contentDescription: null; viewIdResName: android:id/switch_widget; checkable: true; checked: true; focusable: false; focused: false; selected: false; clickable: true; longClickable: false; contextClickable: false; enabled: true; password: false; scrollable: false; importantForAccessibility: true; actions: [AccessibilityAction: ACTION_SELECT - null, AccessibilityAction: ACTION_CLEAR_SELECTION - null, AccessibilityAction: ACTION_CLICK - null, AccessibilityAction: ACTION_ACCESSIBILITY_FOCUS - null, AccessibilityAction: ACTION_SHOW_ON_SCREEN - null]]
08-01 12:07:52.063 18678 18678 D InteractionController: clickAndSync(951, 300)
08-01 12:07:52.071  1072  1096 I OAM     : [check_file_size:505]/data/log/hi110x/bfg_log/bfg_log_1 log file beyond size=10240Byte, creat new file
08-01 12:07:52.071  1072  1096 I OAM     : [rename_old_file:210]rename_old_file
08-01 12:07:52.071  1072  1096 I OAM     :
08-01 12:07:52.184 18707 18707 I Bluetooth_settings: BluetoothEnabler:onPreferenceChange  before set bt checked = false, btEnable = true, pref enabled = true
08-01 12:07:52.184 18707 18707 D BluetoothSettings:  onBtSwitchChange() BT switch status:false
08-01 12:07:52.185 18707 18707 I BluetoothAdapter: BT-Disable-FW Start to disable Bluetooth!
08-01 12:07:52.186  1147  1988 D BluetoothManagerService: disable(): mBluetooth = android.bluetooth.IBluetooth$Stub$Proxy@1132b4e mBinding = false
08-01 12:07:52.186  1147  1988 D BluetoothManagerService: Persisting Bluetooth Setting: 0
08-01 12:07:52.187  1147  1171 D BluetoothManagerService: MESSAGE_DISABLE: mBluetooth = android.bluetooth.IBluetooth$Stub$Proxy@1132b4e
08-01 12:07:52.188 18707 18707 I Bluetooth_settings: BluetoothEnabler:BT-Disable-ST  begin disable bt
08-01 12:07:52.189 18707 18707 V AudioManager: playSoundEffect   effectType: 0
08-01 12:07:52.189  1147  1171 D BluetoothManagerService: Sending off request.
08-01 12:07:52.192  1147  1657 I Bluetooth_framework: BluetoothManagerService:mBluetoothCallback, onBluetoothStateChange prevState=12, newState=13
08-01 12:07:52.192  1147  1171 D BluetoothManagerService: MESSAGE_BLUETOOTH_STATE_CHANGE: ON > TURNING_OFF
08-01 12:07:52.192  1147  1171 D BluetoothManagerService: Sending BLE State Change: ON > TURNING_OFF
08-01 12:07:52.192 19419 19436 I bt_btif bt interface: cancel_discovery
08-01 12:07:52.193 19419 19436 I bt_btif bt interface: set_adapter_property
08-01 12:07:52.193 19419 19456 W bt_btm  : BTM_SetDiscoverability
08-01 12:07:52.193 19419 19456 W bt_btm  : BTM_SetConnectability
08-01 12:07:52.193  1147  1171 I Bluetooth_framework: BluetoothManagerService:isStandardBroadcast=true, prevState=12, newState=13
08-01 12:07:52.193  1147  1171 I Bluetooth_framework: BluetoothManagerService:send ACTION_STATE_CHANGED, newState=13, prevState=12
08-01 12:07:52.199  1886  2035 I StateActionFactory: not make action for msgId: 336
08-01 12:07:52.201  1147  1147 D AudioService: mConnectedBTDevicesList size 0
08-01 12:07:52.201  1147  1147 D Telecom-BluetoothPhoneService: Bluetooth Adapter state: 13
08-01 12:07:52.202 19419 19419 D btservice-BluetoothPhonePolicy: Received intent Intent { act=android.bluetooth.adapter.action.STATE_CHANGED flg=0x15000010 (has extras) }
08-01 12:07:52.202 19419 19456 W bt_btif : bta_dm_bl_change_cback:  p_msg->busy_level: 0, p_msg->busy_level_flags:18
08-01 12:07:52.203 27577 27756 I BluetoothEventManager: AdapterStateChangedHandler settings setup bt:1
08-01 12:07:52.203 19095 19095 I HwInstantOnline-IotWrapper: receiver.onReceive: android.bluetooth.adapter.action.STATE_CHANGED
08-01 12:07:52.203 19095 19095 E HwInstantOnline-InstantOnlineService: AdapterListener.onIotStateChange: 1
08-01 12:07:52.205 19077 19136 I nearby  : BcApi:handleMessage what=3 arg1=13 arg2=0 device=ll
08-01 12:07:52.206 19077 19136 W nearby  : BcApi:handleMessage MESSAGE_BLUETOOTH_STATE_CHANGE 13
08-01 12:07:52.207 19077 19136 I nearby  : BcApi:Socket cancel Thread[Thread-8,5,main] ServerPort=5
08-01 12:07:52.207 19077 19136 D BluetoothSocket: close() this: android.bluetooth.BluetoothSocket@9a7d7f, mSocketState: LISTENING
08-01 12:07:52.207 19095 19095 I HwInstantOnline-InstantOnlineService: checkAndSwitchDiscoverableStatus: false true false false
08-01 12:07:52.207 19077 19481 E nearby  : BcApi:Socket accept() ERROR:read failed, socket might closed or timeout, read ret: -1
08-01 12:07:52.207 19077 19136 I nearby  : BcApi:handleMessage what=1 arg1=3 arg2=0 device=ll
08-01 12:07:52.207 19109 19109 I HwShare : HwShareAdapter:===>setDiscoverableState:false|registerReceiverStatus = false
08-01 12:07:52.207 19109 19109 W HwShare : HwShareAdapter:===>registerReceiverStatus is repeat,so the operation is invalid !
08-01 12:07:52.207 19077 19481 I nearby  : BcApi:END mAcceptThread with isClosed=true
08-01 12:07:52.207 19077 19136 I nearby  : BcApi:handleMessage MESSAGE_STATE_CHANGE_ACCEPT 3 Socket=null-1
08-01 12:07:52.207 19109 19109 I HwShare : HwShareAdapter:===>unPublish is call
08-01 12:07:52.207 19095 19095 I HwInstantOnline-NearbyWrapper: setDiscoverableStatus: false
08-01 12:07:52.207 19095 19095 E HwInstantOnline-NearbyWrapper: setDiscoverableStatus: adapter is null
08-01 12:07:52.208 19077 19077 I nearby  : BleGattServer:shutdownServer android.bluetooth.BluetoothGattServer@d65be9e
08-01 12:07:52.208 19077 19077 D BluetoothGattServer: close()
08-01 12:07:52.208 19077 19077 D BluetoothGattServer: unregisterCallback() - mServerIf=5
08-01 12:07:52.210 19419 19433 W Bth-btfreeze: BluetoothFreeze:tag: 182  uid: 1000  pid: 19077
08-01 12:07:52.210 19077 19136 I nearby  : BcApi:handleMessage what=1 arg1=-1 arg2=0 device=ll
08-01 12:07:52.210 19419 19444 W bt_btif : HAL bt_hal_cbacks->discovery_state_changed_cb
08-01 12:07:52.210 19077 19136 I nearby  : BcApi:handleMessage MESSAGE_STATE_CHANGE_ACCEPT -1 Socket=null-1
08-01 12:07:52.214  1886  2035 D BluetoothState: not find active bluetooth for inactive event uid: 1000, pid:19077, reason:BLE_CONNECT
08-01 12:07:52.216 18707 18707 I BluetoothEventManager: AdapterStateChangedHandler settings setup bt:1
08-01 12:07:52.216 18707 18707 I Bluetooth_settings: BluetoothSettings:onBluetoothStateChanged
08-01 12:07:52.219 18707 18707 I Bluetooth_stlib: CachedBluetoothDevice:mProfiles size=0
08-01 12:07:52.220 18707 18707 I BluetoothClass: enableNoAutoConnect: 0
08-01 12:07:52.220 18707 18707 I BluetoothClass: enableNoAutoConnect: 1
08-01 12:07:52.221 18707 18707 I Bluetooth_stlib: CachedBluetoothDevice:mProfiles size=0
08-01 12:07:52.222 18707 18707 I BluetoothClass: enableNoAutoConnect: 0
08-01 12:07:52.222 18707 18707 I BluetoothClass: enableNoAutoConnect: 1
08-01 12:07:52.223 18707 18707 I Bluetooth_stlib: CachedBluetoothDevice:mProfiles size=0
08-01 12:07:52.223 18707 18707 I BluetoothClass: enableNoAutoConnect: 0
08-01 12:07:52.223 18707 18707 I BluetoothClass: enableNoAutoConnect: 1
08-01 12:07:52.223 19419 19456 E bt_att  : Active Service Found
08-01 12:07:52.224 19419 19456 E bt_att  : Active Service Found
08-01 12:07:52.224 19419 19444 W bt_btif : HAL bt_gatt_callbacks->server->service_deleted_cb
08-01 12:07:52.226 19419 19419 I BD.Reporter: com.huawei.bd.IBDService$Stub$Proxy@6163f47
08-01 12:07:52.227  1886  2035 D BluetoothState: finishDiscovery
08-01 12:07:52.227  1886  2035 D BluetoothState: stop bt uid:1000 state:BREDR_DISCOVERY total(ms):1116587
08-01 12:07:52.227  1886  2035 I PGServer: report state:8 event type:2 pid:0 uid:1000 pkg:null to pid: 1147
08-01 12:07:52.227  1886  2035 I BluetoothState: finish bredr discovery uid: 1000
08-01 12:07:52.227  1886  2035 I StateActionFactory: not make action for msgId: 341
08-01 12:07:52.229 19419 19474 D BluetoothSdpJni: sdpRemoveSdpRecordNative
08-01 12:07:52.228 18707 18707 I Bluetooth_stlib: CachedBluetoothDevice:mProfiles size=0
08-01 12:07:52.229 19419 19474 D BluetoothSdpJni: SDP Remove record success - handle: 0
08-01 12:07:52.229 19419 19474 D BluetoothMapMasInstance0: RemoveSDPrecord returns true
08-01 12:07:52.229 19419 19474 D BluetoothSocket: close() this: android.bluetooth.BluetoothSocket@e20912, mSocketState: LISTENING
08-01 12:07:52.229 19419 19474 D ObexServerSockets0: shutdown called from another thread - interrupt().
08-01 12:07:52.229 19419 19474 D BluetoothSocket: close() this: android.bluetooth.BluetoothSocket@4ed88e3, mSocketState: LISTENING
08-01 12:07:52.229 19419 19474 D ObexServerSockets0: shutdown called from another thread - interrupt().
08-01 12:07:52.229 19419 19489 E Bth     : ObexServerSockets0:IOException ex=java.io.IOException: read failed, socket might closed or timeout, read ret: -1, mStopped=true
08-01 12:07:52.229 19419 19419 D BluetoothSocket: close() this: android.bluetooth.BluetoothSocket@b6aa2e0, mSocketState: LISTENING
08-01 12:07:52.229 19419 19489 D ObexServerSockets0: AcceptThread ended for: ServerSocket: Type: TYPE_RFCOMM Channel: 6
08-01 12:07:52.229 18707 18707 I BluetoothClass: enableNoAutoConnect: 0
08-01 12:07:52.230 18707 18707 I BluetoothClass: enableNoAutoConnect: 1
08-01 12:07:52.230 19419 19490 E Bth     : ObexServerSockets0:IOException ex=java.io.IOException: read failed, socket might closed or timeout, read ret: -1, mStopped=true
08-01 12:07:52.230 19419 19490 D ObexServerSockets0: AcceptThread ended for: ServerSocket: Type: TYPE_L2CAP Channel: 4097
08-01 12:07:52.230 19419 19419 D ObexServerSockets2: shutdown called from another thread - interrupt().
08-01 12:07:52.230 19419 19493 E Bth     : ObexServerSockets2:IOException ex=java.io.IOException: read failed, socket might closed or timeout, read ret: -1, mStopped=true
08-01 12:07:52.230 19419 19493 D ObexServerSockets2: AcceptThread ended for: ServerSocket: Type: TYPE_RFCOMM Channel: 8
08-01 12:07:52.230 19419 19459 E bt_btif : SOCK_LIST: free(id = 1) - NO app_fd!
08-01 12:07:52.231 19419 19474 E Bth     : ObexServerSockets0:synchronized shutdown(), finally mRfcommThread and mL2capThread are null
08-01 12:07:52.232 19419 19419 D BluetoothSocket: close() this: android.bluetooth.BluetoothSocket@347c999, mSocketState: LISTENING
08-01 12:07:52.233 19419 19494 E Bth     : ObexServerSockets2:IOException ex=java.io.IOException: read failed, socket might closed or timeout, read ret: -1, mStopped=true
08-01 12:07:52.233 19419 19494 D ObexServerSockets2: AcceptThread ended for: ServerSocket: Type: TYPE_L2CAP Channel: 4101
08-01 12:07:52.234 19419 19459 E bt_btif : SOCK_LIST: free(id = 3) - NO app_fd!
08-01 12:07:52.234 18707 18707 I Bluetooth_stlib: CachedBluetoothDevice:mProfiles size=0
08-01 12:07:52.235 19419 19419 D ObexServerSockets2: shutdown called from another thread - interrupt().
08-01 12:07:52.235  1818  3375 E BDLog   : BD.FilterImpl:com.android.bluetooth15 is illLegal
08-01 12:07:52.235 19419 19419 D BluetoothSdpJni: sdpRemoveSdpRecordNative
08-01 12:07:52.235 19419 19419 D BluetoothSdpJni: SDP Remove record success - handle: 2
08-01 12:07:52.235 19419 19419 D btservice-BluetoothAdapterService: getAdapterService() - returning com.android.bluetooth.btservice.AdapterService@55178
08-01 12:07:52.236 18707 18707 I BluetoothClass: enableNoAutoConnect: 0
08-01 12:07:52.236 19419 19419 D hfp-HeadsetService: Received stop request...Stopping profile...
08-01 12:07:52.236 18707 18707 I BluetoothClass: enableNoAutoConnect: 1
08-01 12:07:52.237 19419 19419 D btservice-BluetoothAdapterService: getAdapterService() - returning com.android.bluetooth.btservice.AdapterService@55178
08-01 12:07:52.238  1147  1147 D BluetoothHeadset: Proxy object disconnected
08-01 12:07:52.238 27577 28714 D BluetoothHeadset: Proxy object disconnected
08-01 12:07:52.238  1147  1147 D BluetoothHeadset: Proxy object disconnected
08-01 12:07:52.238  1147  1147 D BluetoothHeadset: Proxy object disconnected
08-01 12:07:52.238 27577 27577 I Bluetooth_stlib: HeadsetProfile:Bluetooth service disconnected
08-01 12:07:52.238  1147  1147 D BluetoothHeadset: Proxy object disconnected
08-01 12:07:52.238 27577 28714 D BluetoothHeadset: Proxy object disconnected
08-01 12:07:52.238 27577 28631 D BluetoothHeadset: Proxy object disconnected
08-01 12:07:52.238 18707 18819 D BluetoothHeadset: Proxy object disconnected
08-01 12:07:52.238 27577 27577 I BluetoothEventManager: onHeadsetServiceDisconnected...
08-01 12:07:52.239  1147  1147 D BluetoothManagerService: onServiceDisconnected, unbind service with intent: Intent { act=android.bluetooth.IBluetoothHeadset cmp=com.android.bluetooth/.hfp.HeadsetService }
08-01 12:07:52.239  1818  1923 D BluetoothHeadset: Proxy object disconnected
08-01 12:07:52.239 18707 18819 D BluetoothHeadset: Proxy object disconnected
08-01 12:07:52.239  1901  1915 D BluetoothHeadset: Proxy object disconnected
08-01 12:07:52.239  1818 11392 D BluetoothHeadset: Proxy object disconnected
08-01 12:07:52.239 18707 18707 I Bluetooth_stlib: CachedBluetoothDevice:mProfiles size=0
08-01 12:07:52.240 18707 18707 I BluetoothClass: enableNoAutoConnect: 0
08-01 12:07:52.240 18707 18707 I BluetoothClass: enableNoAutoConnect: 1
08-01 12:07:52.242  1147  1147 D AudioService: onServiceDisconnected profile=1
08-01 12:07:52.242  1147  1147 D HwCHRWifiRelatedStateMonitor:   mBluetoothHeadset onServiceDisconnected
08-01 12:07:52.242  1147  1147 I Telecom-BluetoothDeviceManager: Lost BluetoothHeadset service. Removing all tracked devices.
08-01 12:07:52.243 18707 18707 I Bluetooth_stlib: CachedBluetoothDevice:mProfiles size=0
08-01 12:07:52.243 18707 18707 I BluetoothClass: enableNoAutoConnect: 0
08-01 12:07:52.243 18707 18707 I BluetoothClass: enableNoAutoConnect: 1
08-01 12:07:52.244 19419 19419 D btservice-BluetoothAdapterService: getAdapterService() - returning com.android.bluetooth.btservice.AdapterService@55178
08-01 12:07:52.245 19419 19419 D a2dp-A2dpService: Received stop request...Stopping profile...
08-01 12:07:52.245 27577 27756 I Bluetooth_stlib: CachedBluetoothDevice: Clearing all connection state for dev:**:**:**:E0:8B:CA
08-01 12:07:52.245 19419 19467 D A2dpStateMachine: Exit Disconnected: -1
08-01 12:07:52.245 18707 18707 I Bluetooth_stlib: CachedBluetoothDevice:mProfiles size=0
08-01 12:07:52.246  1147  2852 D MediaSessionService: The callback null is set by com.android.bluetooth
08-01 12:07:52.246 18707 18707 I BluetoothClass: enableNoAutoConnect: 0
08-01 12:07:52.246 18707 18707 I BluetoothClass: enableNoAutoConnect: 1
08-01 12:07:52.246 27577 27756 I Bluetooth_stlib: CachedBluetoothDevice: Clearing all connection state for dev:**:**:**:5A:D9:A7
08-01 12:07:52.247 27577 27756 I Bluetooth_stlib: CachedBluetoothDevice: Clearing all connection state for dev:**:**:**:E2:18:1B
08-01 12:07:52.247 18707 18707 I Bluetooth_stlib: CachedBluetoothDevice:mProfiles size=0
08-01 12:07:52.248 27577 27756 I Bluetooth_stlib: CachedBluetoothDevice: Clearing all connection state for dev:**:**:**:10:D7:C6
08-01 12:07:52.248 18707 18707 I BluetoothClass: enableNoAutoConnect: 0
08-01 12:07:52.248 18707 18707 I BluetoothClass: enableNoAutoConnect: 1
08-01 12:07:52.248 27577 27756 I Bluetooth_stlib: CachedBluetoothDevice: Clearing all connection state for dev:**:**:**:0E:0F:6C
08-01 12:07:52.249 19419 19419 D btservice-BluetoothAdapterService: getAdapterService() - returning com.android.bluetooth.btservice.AdapterService@55178
08-01 12:07:52.250  1147  1147 D BluetoothA2dp: Proxy object disconnected
08-01 12:07:52.250  1818  1818 D BluetoothA2dp: Proxy object disconnected
08-01 12:07:52.250  1147  1147 D HwCHRWifiRelatedStateMonitor:   mBluetoothA2dp onServiceDisconnected
08-01 12:07:52.250 27577 27756 I Bluetooth_stlib: CachedBluetoothDevice: Clearing all connection state for dev:**:**:**:E2:18:17
08-01 12:07:52.250  1147  1147 D BluetoothA2dp: Proxy object disconnected
08-01 12:07:52.250  1147  1147 D AudioService: onServiceDisconnected profile=2
08-01 12:07:52.250  1147  1147 D AudioService: mConnectedBTDevicesList size 0
08-01 12:07:52.250 27577 27577 D BluetoothA2dp: Proxy object disconnected
08-01 12:07:52.250 18707 18707 I Bluetooth_stlib: CachedBluetoothDevice:mProfiles size=0
08-01 12:07:52.250 27577 27577 I Bluetooth_stlib: A2dpProfile:Bluetooth service disconnected
08-01 12:07:52.251 27577 27756 I Bluetooth_stlib: CachedBluetoothDevice: Clearing all connection state for dev:**:**:**:24:11:C5
08-01 12:07:52.251 18707 18707 I BluetoothClass: enableNoAutoConnect: 0
08-01 12:07:52.251 18707 18707 I BluetoothClass: enableNoAutoConnect: 1
08-01 12:07:52.251 19419 19419 D BluetoothSocket: close() this: android.bluetooth.BluetoothSocket@a53a45e, mSocketState: LISTENING
08-01 12:07:52.252 19419 19419 D ObexServerSockets1: shutdown called from another thread - interrupt().
08-01 12:07:52.252 19419 19419 D BluetoothSocket: close() this: android.bluetooth.BluetoothSocket@65d03f, mSocketState: LISTENING
08-01 12:07:52.252 19419 19419 D ObexServerSockets1: shutdown called from another thread - interrupt().
08-01 12:07:52.252 19419 19419 D btservice-BluetoothAdapterService: getAdapterService() - returning com.android.bluetooth.btservice.AdapterService@55178
08-01 12:07:52.252 19419 19459 E bt_btif : SOCK_LIST: free(id = 2) - NO app_fd!
08-01 12:07:52.252 19419 19491 E Bth     : ObexServerSockets1:IOException ex=java.io.IOException: read failed, socket might closed or timeout, read ret: -1, mStopped=true
08-01 12:07:52.252 19419 19491 D ObexServerSockets1: AcceptThread ended for: ServerSocket: Type: TYPE_RFCOMM Channel: 7
08-01 12:07:52.252 27577 27756 I Bluetooth_stlib: CachedBluetoothDevice: Clearing all connection state for dev:**:**:**:E2:18:9A
08-01 12:07:52.252 19419 19492 E Bth     : ObexServerSockets1:IOException ex=java.io.IOException: read failed, socket might closed or timeout, read ret: -1, mStopped=true
08-01 12:07:52.252 19419 19492 D ObexServerSockets1: AcceptThread ended for: ServerSocket: Type: TYPE_L2CAP Channel: 4099
08-01 12:07:52.252 19419 19419 D hid-HidService: Received stop request...Stopping profile...
08-01 12:07:52.252 19419 19492 D ObexServerSockets1: AcceptThread ended for: ServerSocket: Type: TYPE_L2CAP Channel: 4099
08-01 12:07:52.253 19419 19419 D btservice-BluetoothAdapterService: getAdapterService() - returning com.android.bluetooth.btservice.AdapterService@55178
08-01 12:07:52.253 18707 18707 I Bluetooth_stlib: CachedBluetoothDevice:mProfiles size=0
08-01 12:07:52.253 27577 27756 I Bluetooth_stlib: CachedBluetoothDevice: Clearing all connection state for dev:**:**:**:E2:18:31
08-01 12:07:52.254 27577 27577 D BluetoothInputDevice: Proxy object disconnected
08-01 12:07:52.254 27577 27577 I Bluetooth_stlib: HidProfile:Bluetooth service disconnected
08-01 12:07:52.254 18707 18707 I BluetoothClass: enableNoAutoConnect: 0
08-01 12:07:52.254 27577 27756 I Bluetooth_stlib: CachedBluetoothDevice: Clearing all connection state for dev:**:**:**:40:D5:B2
08-01 12:07:52.255 19419 19419 D btservice-BluetoothAdapterService: getAdapterService() - returning com.android.bluetooth.btservice.AdapterService@55178
08-01 12:07:52.255 27577 27756 I Bluetooth_stlib: CachedBluetoothDevice: Clearing all connection state for dev:**:**:**:C8:EE:DD
08-01 12:07:52.255 19419 19419 D hdp-HealthService: Received stop request...Stopping profile...
08-01 12:07:52.256 19419 19419 D btservice-BluetoothAdapterService: getAdapterService() - returning com.android.bluetooth.btservice.AdapterService@55178
08-01 12:07:52.256 18707 18707 I Bluetooth_stlib: CachedBluetoothDevice:mProfiles size=0
08-01 12:07:52.256 27577 27756 I Bluetooth_stlib: CachedBluetoothDevice: Clearing all connection state for dev:**:**:**:5C:B8:3B
08-01 12:07:52.256 27577 27756 I Bluetooth_stlib: CachedBluetoothDevice: Clearing all connection state for dev:**:**:**:68:B5:93
08-01 12:07:52.257 19419 19419 D btservice-BluetoothAdapterService: getAdapterService() - returning com.android.bluetooth.btservice.AdapterService@55178
08-01 12:07:52.257 19419 19419 W libc    : Set property "bluetooth.sco" to "off"
08-01 12:07:52.258 27577 27756 I Bluetooth_stlib: CachedBluetoothDevice: Clearing all connection state for dev:**:**:**:E2:18:0F
08-01 12:07:52.258 18707 18707 I Bluetooth_stlib: CachedBluetoothDevice:mProfiles size=0
08-01 12:07:52.258 27577 27756 I Bluetooth_stlib: CachedBluetoothDevice: Clearing all connection state for dev:**:**:**:26:B0:06
