08-01 12:07:46.814  1074  1087 I GNSS_CONTROL: void EACommMgr::ProcessCtrlMessage(AGNSSMessage *) -- 226: EACommMgr::ProcessCtrlMessage:message->cmd_id:0x00000661
08-01 12:07:46.814  1074  1087 I GNSS_CONTROL: virtual AGNSS_STATUS_ENUM_UINT32 EACommMgr::SendMsg2EA(AGNSSMessage *) -- 528: write msg to socket cmd_id is 0x00000661
08-01 12:07:46.815  1074  1087 I GNSS_CONTROL: static THREAD_HANDLE CtrlCommMgr::ProcessThreadProc(void *) -- 122: process cmd id:0x00000667
08-01 12:07:46.815  1074  1087 I GNSS_CONTROL: virtual void CtrlFSMSISessionState::PGPSInjectGANSSAlmanac(CtrlFSM &) -- 1021: PGPSInjectGANSSAlmanac cmd received by CtrlFSMSISessionState
08-01 12:07:46.815  1074  1087 I GNSS_CONTROL: void EACommMgr::ProcessCtrlMessage(AGNSSMessage *) -- 226: EACommMgr::ProcessCtrlMessage:message->cmd_id:0x00000667
08-01 12:07:46.815  1074  1087 I GNSS_CONTROL: virtual AGNSS_STATUS_ENUM_UINT32 EACommMgr::SendMsg2EA(AGNSSMessage *) -- 528: write msg to socket cmd_id is 0x00000667
08-01 12:07:46.817  1074  1087 I GNSS_CONTROL: static THREAD_HANDLE CtrlCommMgr::ProcessThreadProc(void *) -- 122: process cmd id:0x00000669
08-01 12:07:46.817  1074  1087 I GNSS_CONTROL: virtual void CtrlFSMSISessionState::PGPSInjectGANSSAddlUTCModel(CtrlFSM &) -- 1037: PGPSInjectGANSSAddlUTCModel cmd received by CtrlFSMSISessionState
08-01 12:07:46.817  1074  1087 I GNSS_CONTROL: void EACommMgr::ProcessCtrlMessage(AGNSSMessage *) -- 226: EACommMgr::ProcessCtrlMessage:message->cmd_id:0x00000669
08-01 12:07:46.817  1074  1087 I GNSS_CONTROL: virtual AGNSS_STATUS_ENUM_UINT32 EACommMgr::SendMsg2EA(AGNSSMessage *) -- 528: write msg to socket cmd_id is 0x00000669
08-01 12:07:47.146   669   669 E WifiHAL : enter wifi_get_link_stats
08-01 12:07:47.156   758   758 E wificond: Failed to get NL80211_RATE_INFO_NOISE
08-01 12:07:47.156   758   758 E wificond: Failed to get NL80211_RATE_INFO_SNR
08-01 12:07:47.156   758   758 E wificond: Failed to get NL80211_STA_INFO_CNAHLOAD
08-01 12:07:47.156  1147  1344 E WificondControl: Noise: 0, Snr: -1, Chload: -1
08-01 12:07:47.156  1147  1346 D HwWifiCHRStateManager: handleMessage : 1001
08-01 12:07:47.157  1147  1346 D HwWifiCHRStateManager: handleUpdateChannel:2412
08-01 12:07:47.157  1147  1346 V HwWifiServiceFactory: get AllImpl object = com.android.server.wifi.HwWifiServiceFactoryImpl@c8e97fe
08-01 12:07:47.158  1147  1344 D WifiScoreReport: Score = 100, wifiConnectivityManagerEnabled = false, lowScoreCount = 0
08-01 12:07:47.187  1072  1096 I OAM     : [check_file_size:505]/data/log/hi110x/bfg_log/bfg_log_1 log file beyond size=10240Byte, creat new file
08-01 12:07:47.187  1072  1096 I OAM     : [rename_old_file:210]rename_old_file
08-01 12:07:47.187  1072  1096 I OAM     :
08-01 12:07:47.313  1073  1073 I GNSS_ENGINE: [sem] Wait ea start finish sem timeout.
08-01 12:07:47.313  1073  1073 I GNSS_ENGINE: recv engineassist message cmd_id: 0x00000652
08-01 12:07:47.313  1073  1073 I GNSS_ENGINE: listen thread receive socket_data!
08-01 12:07:47.313  1073  1073 I GNSS_ENGINE: recv engineassist message cmd_id: 0x00000655
08-01 12:07:47.313  1073  1073 I GNSS_ENGINE: recv engineassist message cmd_id: 0x00000656
08-01 12:07:47.313  1073  1073 I GNSS_ENGINE: recv engineassist message cmd_id: 0x00000654
08-01 12:07:47.324  1073  1073 I GNSS_ENGINE: recv engineassist message cmd_id: 0x00000657
08-01 12:07:47.326  1073  1073 I GNSS_ENGINE: recv engineassist message cmd_id: 0x00000659
08-01 12:07:47.326  1073  1073 I GNSS_ENGINE: recv engineassist message cmd_id: 0x0000065a
08-01 12:07:47.326  1073  1073 I GNSS_ENGINE: recv engineassist message cmd_id: 0x0000065d
08-01 12:07:47.327  1073  1073 I GNSS_ENGINE: recv engineassist message cmd_id: 0x0000065f
08-01 12:07:47.327  1073  1073 I GNSS_ENGINE: listen thread receive socket_data!
08-01 12:07:47.327  1073  1073 I GNSS_ENGINE: recv engineassist message cmd_id: 0x00000661
08-01 12:07:47.338  1073  1073 I GNSS_ENGINE: listen thread receive socket_data!
08-01 12:07:47.338  1073  1073 I GNSS_ENGINE: recv engineassist message cmd_id: 0x00000667
08-01 12:07:47.338  1073  1073 I GNSS_ENGINE: the glonass alm_number:24
08-01 12:07:47.340  1073  1073 I GNSS_ENGINE: recv engineassist message cmd_id: 0x00000669
08-01 12:07:47.340  1073  1073 I GNSS_ENGINE: recv engineassist message cmd_id: 0x0000066a
08-01 12:07:47.340  1073  1073 I GNSS_ENGINE: listen thread receive socket_data!
08-01 12:07:47.340  1073  1073 I GNSS_ENGINE: recv engineassist message cmd_id: 0x00000661
08-01 12:07:47.350  1073  1073 W GNSS_ENGINE: remove /data/log/gps/eph_alm/eph_alm_inject_glonass_2019_7_30_12_8_54.dat fail, errno:No such file or directory
08-01 12:07:47.352  1073  1073 W GNSS_ENGINE: remove /data/log/gps/eph_alm/eph_alm_inject_glonass_2019_7_30_12_9_4.dat fail, errno:No such file or directory
08-01 12:07:47.353  1073  1073 W GNSS_ENGINE: remove /data/log/gps/eph_alm/eph_alm_inject_glonass_2019_7_30_12_9_14.dat fail, errno:No such file or directory
08-01 12:07:47.357  1073  1073 I GNSS_ENGINE: recv engineassist message cmd_id: 0x00000667
08-01 12:07:47.358  1073  1073 I GNSS_ENGINE: recv engineassist message cmd_id: 0x00000669
08-01 12:07:47.416  1147  1401 D HwArpVerifier: performPollAndLog:
08-01 12:07:47.419  1147  1401 D hw_netstat: total/0/40,unknown:0/0/40
08-01 12:07:47.486  1147  1737 W Watchdog: hungtask: writing kick
08-01 12:07:47.488  1147  1170 I EventHub: EventHub monitor: no key events in the past 4001s, no motion events in the past 154s
08-01 12:07:47.532  1147  1657 W ActivityManager: Sending non-protected broadcast bluetooth.action.FOUND_BT_FOR_BEAM from system 19419:com.android.bluetooth/1002 pkg com.android.bluetooth
08-01 12:07:47.535 27577 27756 I Bluetooth_stlib: CachedBluetoothDevice:Device has no name (yet), use address: **:**:**:0D:FB:06
08-01 12:07:47.537 18707 18707 I Bluetooth_stlib: CachedBluetoothDevice:Device has no name (yet), use address: **:**:**:0D:FB:06
08-01 12:07:47.543 27577 27577 D StatusBarIconController: setIconVisibility icon is null or visibility not change visibility=true
08-01 12:07:47.544 18707 18707 I Bluetooth_stlib: CachedBluetoothDevice:mProfiles size=0
08-01 12:07:47.546 27577 27756 I Bluetooth_stlib: BluetoothEventManager:DeviceFoundHandler created new CachedBluetoothDevice: **:**:**:0D:FB:06 , manufacturerSpecificData: null , Devicetype: 1
08-01 12:07:47.550 27577 27577 D StatusBarIconController: setIconVisibility icon is null or visibility not change visibility=true
08-01 12:07:47.553 27577 27577 D StatusBarIconController: setIconVisibility icon is null or visibility not change visibility=true
08-01 12:07:47.554 18707 18707 I Bluetooth_stlib: BluetoothEventManager:DeviceFoundHandler created new CachedBluetoothDevice: **:**:**:0D:FB:06 , manufacturerSpecificData: null , Devicetype: 1
08-01 12:07:47.555 18707 18707 I Bluetooth_stlib: CachedBluetoothDevice:mProfiles size=0
08-01 12:07:47.555 27577 27577 D StatusBarIconController: setIconVisibility icon is null or visibility not change visibility=true
08-01 12:07:47.556 18707 18707 I Bluetooth_stlib: CachedBluetoothDevice:mProfiles size=0
08-01 12:07:47.558 27577 27577 D StatusBarIconController: setIconVisibility icon is null or visibility not change visibility=true
08-01 12:07:47.558 18707 18707 I Bluetooth_stlib: CachedBluetoothDevice:mProfiles size=0
08-01 12:07:47.561 27577 27577 D StatusBarIconController: setIconVisibility icon is null or visibility not change visibility=true
08-01 12:07:47.563 27577 27577 I chatty  : uid=10039(u0_a39) com.android.systemui identical 1 line
08-01 12:07:47.566 27577 27577 D StatusBarIconController: setIconVisibility icon is null or visibility not change visibility=true
08-01 12:07:47.582  1072  1096 I OAM     : [check_file_size:505]/data/log/hi110x/bfg_log/bfg_log_1 log file beyond size=10240Byte, creat new file
08-01 12:07:47.582  1072  1096 I OAM     : [rename_old_file:210]rename_old_file
08-01 12:07:47.582  1072  1096 I OAM     :
08-01 12:07:47.719  1073  2033 I GNSS_ENGINE: ------->>>read device data, the size is 7664
08-01 12:07:47.719  1073  2029 I GNSS_ENGINE: calculate thread:host engine state: 0x4
08-01 12:07:47.719  1073  2029 I GNSS_ENGINE: enter the device measure data wait function!
08-01 12:07:47.719  1073  2029 I GNSS_ENGINE: The begin time is 2019-08-01 04-07-47.719574
08-01 12:07:47.721  1073  2029 I GNSS_ENGINE: $RCVRTIME,1,16,360486.0000000000,1,2
08-01 12:07:47.721  1073  2029 I GNSS_ENGINE: process bb data, number of raw_measurment: 22
08-01 12:07:47.721  1073  2029 I GNSS_ENGINE: number_valid_ggbq_ephemeris: 31, fffffff7, 4, 100610, 3, 1240, 0, 0
08-01 12:07:47.721  1073  2029 I GNSS_ENGINE: number_valid_ggbq_almanac: 32, 24, 17, 0
08-01 12:07:47.721  1073  2029 I GNSS_ENGINE: carrier_phase: 17,107794.72,21607528.38,-336.75
08-01 12:07:47.721  1073  2029 I GNSS_ENGINE: carrier_phase: 6,69886.66,21306599.15,-214.76
08-01 12:07:47.722  1073  2029 I GNSS_ENGINE: kalm_normal_locate: num_used_msr: 17
08-01 12:07:47.723  1073  2029 I GNSS_ENGINE: doppler bias:-740.619497
08-01 12:07:47.723  1073  2029 I GNSS_ENGINE: 34, 61, 3, 0, 2, 1, 5, 0, 29, 127.769551, 51.201730, -316, 671.868225, 168.996628, 168, 3, 1, 26, 6, 0, 0
08-01 12:07:47.723  1073  2029 I GNSS_ENGINE: 17, 61, 3, 4, 2, 1, 5, 0, 38, 3.258494, 50.627299, 16, 1769.629883, 2076.996582, 1769, 3, 1, 143, 2, 0, 0
08-01 12:07:47.723  1073  2029 I GNSS_ENGINE: 6, 61, 3, 4, 2, 1, 5, 0, 38, 291.193013, 50.978308, 16, 1128.551025, 133.995621, 1128, 3, 1, 146, 2, 0, 4
08-01 12:07:47.723  1073  2029 I GNSS_ENGINE: 36, 61, 3, 0, 2, 1, 5, 0, 30, 189.854279, 63.894503, -316, 732.451904, 822.993225, 822, 3, 1, 27, 6, 1, 0
08-01 12:07:47.723  1073  2029 I GNSS_ENGINE: 37, 61, 3, 1, 2, 1, 5, 0, 27, 109.906702, 33.251059, -316, 725.567566, -140.007126, -142, 3, 1, 16, 6, 1, 0
08-01 12:07:47.723  1073  2029 I GNSS_ENGINE: 39, 61, 3, 1, 2, 1, 5, 0, 26, 167.769450, 10.092664, -316, 1908.574707, 1465.994873, 1466, 3, 1, 20, 5, 0, 0
08-01 12:07:47.723  1073  2029 I GNSS_ENGINE: 40, 61, 3, 0, 2, 1, 5, 0, 32, 179.320577, 57.349545, -316, -268.189484, -97.003067, -263, 1, 1, 25, 5, 0, 0
08-01 12:07:47.723  1073  2029 I GNSS_ENGINE: 4, 61, 0, 1, 0, 1, 5, 4, 0, 154.721518, 7.779001, 10, 2307.392822, 2670.996582, 2672, 7, 1, 0, 0, 0, 0
08-01 12:07:47.723  1073  2029 I GNSS_ENGINE: 41, 61, 3, 0, 2, 1, 5, 0, 31, 332.978149, 59.696921, -316, 177.632782, 391.999969, 390, 3, 1, 15, 5, 0, 0
08-01 12:07:47.723  1073  2029 I GNSS_ENGINE: 2, 61, 3, 1, 2, 1, 5, 0, 29, 259.152076, 17.362120, 16, 2287.874023, 1993.997314, 2286, 3, 1, 42, 5, 0, 0
08-01 12:07:47.723  1073  2029 I GNSS_ENGINE: 94, 61, 0, 1, 0, 0, 5, 0, 0, 202.182360, -8.100797, 1308, 1243.959595, 743.984680, 0, 21, 1, 0, 0, 0, 0
08-01 12:07:47.723  1073  2029 I GNSS_ENGINE: 80, 61, 3, 1, 1, 1, 5, 0, 26, 112.555293, 5.477555, 1308, -3241.431396, 741.987000, -1534, 21, 1, 8, 5, 0, 0
08-01 12:07:47.723  1073  2029 I GNSS_ENGINE: 93, 61, 0, 1, 0, 1, 5, 0, 0, 191.273493, 45.277645, 1308, -759.935486, 739.989319, 4054, 21, 1, 0, 0, 0, 0
08-01 12:07:47.723  1073  2029 I GNSS_ENGINE: 73, 61, 0, 1, 0, 0, 5, 0, 0, 300.979271, 4.413044, 1308, -759.935486, 739.989319, 0, 21, 1, 0, 0, 0, 0
08-01 12:07:47.723  1073  2029 I GNSS_ENGINE: 82, 61, 3, 1, 2, 1, 5, 0, 30, 310.837715, 25.962444, 1309, 2553.090088, 742.985840, 2538, 3, 1, 10, 5, 0, 0
08-01 12:07:47.723  1073  2029 I GNSS_ENGINE: 74, 61, 0, 1, 0, 0, 5, 0, 0, 343.439061, -11.844911, 1308, -759.935486, 739.989319, 0, 21, 1, 0, 0, 0, 0
08-01 12:07:47.723  1073  2029 I GNSS_ENGINE: 83, 61, 0, 1, 0, 1, 5, 0, 0, 322.753389, 11.300867, 1309, -759.935486, 739.989319, 3513, 21, 1, 0, 0, 0, 0
08-01 12:07:47.724  1073  2029 I GNSS_ENGINE: 92, 61, 3, 1, 2, 1, 5, 0, 29, 314.848164, 25.960451, 1308, 1647.446289, 742.985840, 1632, 3, 1, 10, 5, 0, 0
08-01 12:07:47.724  1073  2029 I GNSS_ENGINE: 81, 61, 3, 1, 2, 1, 5, 0, 29, 241.546054, 46.529332, 1308, -1308.116089, 740.988159, -1322, 3, 1, 55, 5, 0, 0
08-01 12:07:47.724  1073  2029 I GNSS_ENGINE: 76, 61, 3, 1, 2, 1, 5, 0, 30, 80.697397, 38.579447, 1308, 1176.898804, 750.992004, 1162, 3, 1, 53, 5, 0, 0
08-01 12:07:47.724  1073  2029 I GNSS_ENGINE: 35, 61, 3, 1, 2, 1, 5, 0, 27, 236.572684, 46.892335, -316, 755.409973, 1410.996948, 1409, 3, 1, 29, 6, 0, 0
08-01 12:07:47.724  1073  2029 I GNSS_ENGINE: 38, 61, 3, 0, 2, 1, 5, 0, 29, 255.047867, 23.322401, -316, 754.042297, 648.994690, 1746, 3, 1, 52, 6, 1, 0
08-01 12:07:47.724  1073  2029 I GNSS_ENGINE: 95, 61, 0, 1, 0, 0, 5, 0, 0, 208.202929, -43.297563, 1308, 1243.959595, 743.984680, 0, 21, 1, 0, 0, 0, 0
08-01 12:07:47.724  1073  2029 I GNSS_ENGINE: 46, 61, 3, 4, 2, 1, 5, 0, 34, 299.551816, 52.500763, -316, 303.563904, -1609.006226, 311, 1, 1, 47, 2, 0, 0
08-01 12:07:47.724  1073  2029 I GNSS_ENGINE: 43, 61, 3, 4, 2, 1, 5, 0, 33, 234.725407, 70.156910, -316, 177.694244, 1223.998169, 185, 1, 1, 123, 2, 0, 0
08-01 12:07:47.724  1073  2029 I GNSS_ENGINE: 3, 61, 3, 5, 2, 1, 5, 1, 32, 45.800900, 28.686991, 16, -1878.496094, -2565.002441, -1879, 3, 1, 40, 5, 0, 0
08-01 12:07:47.724  1073  2029 I GNSS_ENGINE: 9, 61, 3, 5, 2, 1, 5, 0, 26, 133.923811, 12.725950, 16, 2701.660156, 1848.997559, 2698, 3, 1, 40, 5, 0, 0
08-01 12:07:47.725  1073  2029 I GNSS_ENGINE: 75, 61, 0, 1, 0, 0, 5, 0, 0, 26.391868, -28.279316, 1308, 1243.959595, 743.984680, 0, 21, 1, 0, 0, 0, 0
08-01 12:07:47.725  1073  2029 I GNSS_ENGINE: 19, 61, 3, 5, 2, 1, 5, 1, 34, 339.850323, 42.702624, 16, 2178.454590, 1382.995605, 2178, 3, 1, 40, 2, 0, 0
08-01 12:07:47.725  1073  2029 I GNSS_ENGINE: 22, 61, 3, 5, 2, 1, 5, 0, 26, 40.433656, 9.589875, 16, -2473.589844, -2457.002686, -2475, 3, 1, 40, 5, 0, 0
08-01 12:07:47.725  1073  2029 I GNSS_ENGINE: 23, 61, 3, 5, 2, 1, 5, 1, 27, 95.600140, 10.403748, 16, 1699.649292, 1195.998291, 1696, 3, 1, 40, 5, 0, 0
08-01 12:07:47.725  1073  2029 I GNSS_ENGINE: 28, 61, 3, 5, 2, 1, 5, 1, 34, 165.525870, 69.416422, 16, -282.054199, -1718.003052, -283, 3, 1, 40, 2, 0, 0
08-01 12:07:47.725  1073  2029 I GNSS_ENGINE: 30, 61, 3, 5, 2, 1, 5, 1, 26, 185.691273, 8.241614, 16, -1708.431519, 750.999695, -1711, 3, 1, 40, 5, 0, 0
08-01 12:07:47.725  1073  2029 I GNSS_ENGINE: ota_run: 0, scene change: 1, base_svid: 0, init tran time: 0, strong_flag: 0, predict_valid: 0
08-01 12:07:47.725  1073  2029 I GNSS_ENGINE: [CMD] GPS BIT: 6, 2, 0x88b00408, 0x1d034b88, ffffffff, ffffffff
08-01 12:07:47.726  1073  2029 I GNSS_ENGINE: [CMD] GPS BIT: 28, 2, 0x8b0038c, 0x62fcb4a8, ffffffff, ffffffff
08-01 12:07:47.726  1073  2029 I GNSS_ENGINE: [CMD] GPS BIT END: 37179385757
08-01 12:07:47.727  1073  2029 I GNSS_ENGINE: [CMD] SET REACQ: 17, 0, 1770.548340, 8, 509, 52.070702, 1123, 4
08-01 12:07:47.727  1073  2029 I GNSS_ENGINE: [CMD] SET REACQ: 6, 0, 1129.802612, 9, 547, 55.958099, 717, 4
08-01 12:07:47.727  1073  2029 I GNSS_ENGINE: [CMD] SET REACQ: 2, 0, 2287.260742, 19, 6349, 649.502686, 1451, 4
08-01 12:07:47.727  1073  2029 I GNSS_ENGINE: [CMD] SET REACQ: 0, 1, 2540.181885, 6, 4839, 247.272903, 1585, 4
08-01 12:07:47.727  1073  2029 I GNSS_ENGINE: [CMD] SET REACQ: 4, 1, 1632.617310, 6, 4654, 237.819397, 1017, 4
08-01 12:07:47.727  1073  2029 I GNSS_ENGINE: [CMD] SET REACQ: -7, 1, -1320.839844, 1, 9793, 500.422302, -826, 4
08-01 12:07:47.727  1073  2029 I GNSS_ENGINE: [CMD] SET REACQ: 1, 1, 1163.406738, 9, 9434, 482.077393, 725, 4
08-01 12:07:47.727  1073  2029 I GNSS_ENGINE: [CMD] SET REACQ: 3, 0, -1878.755371, 4, 1137, 116.315102, -1192, 4
08-01 12:07:47.727  1073  2029 I GNSS_ENGINE: [CMD] SET REACQ: 9, 0, 2699.353027, 18, 9834, 1006.018188, 1713, 4
08-01 12:07:47.727  1073  2029 I GNSS_ENGINE: [CMD] SET REACQ: 19, 0, 2178.952393, 7, 9308, 952.208374, 1383, 4
08-01 12:07:47.727  1073  2029 I GNSS_ENGINE: [CMD] SET REACQ: 22, 0, -2475.023438, 16, 2645, 270.583496, -1571, 4
08-01 12:07:47.727  1073  2029 I GNSS_ENGINE: [CMD] SET REACQ: 23, 0, 1697.363892, 16, 8889, 909.344727, 1077, 4
08-01 12:07:47.727  1073  2029 I GNSS_ENGINE: [CMD] SET REACQ: 28, 0, -281.890533, 12, 1170, 119.691002, -178, 4
08-01 12:07:47.727  1073  2029 I GNSS_ENGINE: [CMD] SET REACQ: 30, 0, -1711.009644, 17, 3766, 385.261810, -1086, 4
08-01 12:07:47.727  1073  2029 I GNSS_ENGINE: [CMD] SET REACQ COMMON: 61, -469
08-01 12:07:47.727  1073  2029 I GNSS_ENGINE: [CMD] SET DOPPLER BIAS: 160653
08-01 12:07:47.727  1073  2029 I GNSS_ENGINE: write device BFG tty data OK, the size is 317
08-01 12:07:47.727  1073  2029 I GNSS_ENGINE: [INTERCEPT-INFO] amount: 0, interval: 0, hor_acc: 0, ver_acc: 0
08-01 12:07:47.727  1073  2029 I GNSS_ENGINE: RTD is unavailable...
08-01 12:07:47.729  1073  2033 I GNSS_ENGINE: ------->>>read device ack, the size is 8, data_type: 2
08-01 12:07:47.730  1073  2029 I GNSS_ENGINE: calculate thread receive the device ack!
08-01 12:07:47.730  1073  2029 I GNSS_ENGINE: Hor acc:8.357589 HorUnc:6 Ver acc:5.000000 VerUnc:4
08-01 12:07:47.730  1073  2029 I GNSS_ENGINE: wk:360486.000000, locflag:1, loctype:1, pgh_dop:1.143256,1.278942,0.641788, ems:2.922816, qop:8.357589, speed:0.000000, course:0.000000, version_mode: 2 0
08-01 12:07:47.730  1073  2029 I GNSS_ENGINE: calculate thread: enter start while
08-01 12:07:47.730  1073  1073 I GNSS_ENGINE: send message to adapte cmd_id:0x00000005, size: 2152
08-01 12:07:47.730  1073  1073 I GNSS_ENGINE: send message to adapte cmd_id:0x00000006, size: 124
08-01 12:07:47.730  1073  1073 I GNSS_ENGINE: send message to adapte cmd_id:0x0000001a, size: 20
08-01 12:07:47.730  1073  1073 I GNSS_ENGINE: send message to adapte cmd_id:0x00000009, size: 4368
08-01 12:07:47.731  1074  1087 I GNSS_CONTROL: static THREAD_HANDLE CtrlCommMgr::ProcessThreadProc(void *) -- 122: process cmd id:0x00000105
08-01 12:07:47.731  1074  1087 I GNSS_CONTROL: virtual void CtrlFSMSISessionState::EngineReportAFPos(CtrlFSM &) -- 1300: EngineReportAFPos cmd received by CtrlFSMSISessionState
08-01 12:07:47.731  1074  1087 I GNSS_CONTROL: AGNSS_STATUS_ENUM_UINT32 NetworkCommunication::send_message(AGNSSMessage *) -- 439: src_id:0x11110004, dst_id:0x11110001, cmd_id:0x00000205
08-01 12:07:47.731  1074  1087 I GNSS_CONTROL: static THREAD_HANDLE CtrlCommMgr::ProcessThreadProc(void *) -- 122: process cmd id:0x00000106
08-01 12:07:47.731  1074  1087 I GNSS_CONTROL: virtual void CtrlFSMSISessionState::EngineReportPos2Server(CtrlFSM &) -- 1328: EngineReportPos2Server cmd received by CtrlFSMSISessionState
08-01 12:07:47.731  1074  1087 I GNSS_CONTROL: void AgnssProxy::send_msg_2_agnss(AGNSSMessage *) -- 221: message->cmd_id: 0x00000308
08-01 12:07:47.731  1074  1087 I GNSS_CONTROL: void AgnssProxy::send_msg_2_user_plane(AGNSSMessage *) -- 399: type:0,message->cmd_id: 0x00000308
08-01 12:07:47.731  1074  1087 I GNSS_CONTROL: virtual AGNSS_STATUS_ENUM AgnssGul::OnMessage(AGNSSMessage *) -- 170: message is send to supl_assist
08-01 12:07:47.731  1074  1087 I GNSS_CONTROL: virtual AGNSS_STATUS_ENUM_UINT32 SACommMgr::SendMsg2SA(AGNSSMessage *) -- 105: msg cmd id:0x00000308
08-01 12:07:47.731  1147  1187 E GnssLocationProvider: [LocMgr] Debug: gnssLocationCb in
08-01 12:07:47.731  1147  1187 E GnssLocationProvider: [LocMgr] Debug: gnssLocationCb in2
08-01 12:07:47.731  1074  1087 I GNSS_CONTROL: static THREAD_HANDLE CtrlCommMgr::ProcessThreadProc(void *) -- 122: process cmd id:0x0000001a
08-01 12:07:47.731  1074  1087 I GNSS_CONTROL: virtual void CtrlFSMState::EngineReportIsStaticState(CtrlFSM &) -- 1500: EngineReportIsStaticState cmd received by CtrlFSMSISessionState
08-01 12:07:47.731  1074  1087 I GNSS_CONTROL: void AgnssProxy::send_msg_2_agnss(AGNSSMessage *) -- 221: message->cmd_id: 0x0000001a
08-01 12:07:47.731  1074  1087 I GNSS_CONTROL: void AgnssProxy::send_msg_2_user_plane(AGNSSMessage *) -- 399: type:0,message->cmd_id: 0x0000001a
08-01 12:07:47.731  1074  1087 I GNSS_CONTROL: virtual AGNSS_STATUS_ENUM AgnssGul::OnMessage(AGNSSMessage *) -- 170: message is send to supl_assist
08-01 12:07:47.731  1074  1087 I GNSS_CONTROL: virtual AGNSS_STATUS_ENUM_UINT32 SACommMgr::SendMsg2SA(AGNSSMessage *) -- 105: msg cmd id:0x0000001a
08-01 12:07:47.732  1074  1087 I GNSS_CONTROL: static THREAD_HANDLE CtrlCommMgr::ProcessThreadProc(void *) -- 122: process cmd id:0x00000109
08-01 12:07:47.732  1074  1087 I GNSS_CONTROL: virtual void CtrlFSMSISessionState::EngineNMEAReport(CtrlFSM &) -- 1405: EngineNMEAReport cmd received by CtrlFSMSISessionState
08-01 12:07:47.732  1074  1087 I GNSS_CONTROL: AGNSS_STATUS_ENUM_UINT32 NetworkCommunication::send_message(AGNSSMessage *) -- 439: src_id:0x11110004, dst_id:0x11110001, cmd_id:0x00000206
08-01 12:07:47.732  1147  1187 V GnssLocationProvider: reportLocation Location[gps 23******,114****** hAcc=5 et=?!? alt=115.9016601042822 vel=0.0 bear=0.0 vAcc=??? sAcc=??? bAcc=???]
08-01 12:07:47.733  1147  9020 E GnssLocationProvider: [LocMgr] Debug: gnssSvStatusCb in
08-01 12:07:47.733  1147  9020 D GnssLocationProvider: has no location last time
08-01 12:07:47.734 18707 18707 I Bluetooth_stlib: CachedBluetoothDevice:Device has no name (yet), use address: **:**:**:DF:34:8C
08-01 12:07:47.734  1147  1771 I LocationManagerService: incoming location: Location[gps 23******,114****** hAcc=5 et=+13d3h12m42s465ms alt=115.9016601042822 vel=0.0 bear=0.0 vAcc=??? sAcc=??? bAcc=???]; passive:false
08-01 12:07:47.734  1147  9020 V GnssLocationProvider: SV count: 28
08-01 12:07:47.737  1147  1771 I LocationManagerService: incoming location: Location[gps 23******,114****** hAcc=5 et=+13d3h12m42s465ms alt=115.9016601042822 vel=0.0 bear=0.0 vAcc=??? sAcc=??? bAcc=???]; passive:true
08-01 12:07:47.738  1147  1771 I LocationManagerService: key of receiver: 3f16b03
08-01 12:07:47.740 18707 18707 I Bluetooth_stlib: CachedBluetoothDevice:mProfiles size=0
08-01 12:07:47.741  1147  1771 I ctaifs  : <Android 系统>[Android 系统][system]:[handleLocationChangedLocked] 读取定位信息
08-01 12:07:47.741  1147  1771 I LocationManagerService: key of receiver: 9a4cb28
08-01 12:07:47.741  1147  1771 W ProcBatteryStats: timer is running , not start, name: , uid: 1000, tag: LocationManagerService
08-01 12:07:47.742  1147 10270 W ActivityManager: Sending non-protected broadcast bluetooth.action.FOUND_BT_FOR_BEAM from system 19419:com.android.bluetooth/1002 pkg com.android.bluetooth
08-01 12:07:47.742 18707 18707 I BluetoothClass: enableNoAutoConnect: 0
08-01 12:07:47.743  1147  1771 I ctaifs  : <Android 系统>[Android 系统][system]:[handleLocationChangedLocked] 读取定位信息
08-01 12:07:47.744  1147  1771 W ProcBatteryStats: timer is not running , not stop, name: , uid: 1000, tag: LocationManagerService
08-01 12:07:47.745 27577 27756 I Bluetooth_stlib: CachedBluetoothDevice:Device has no name (yet), use address: **:**:**:DF:34:8C
08-01 12:07:47.750 18707 18707 I Bluetooth_stlib: BluetoothEventManager:DeviceFoundHandler created new CachedBluetoothDevice: **:**:**:DF:34:8C , manufacturerSpecificData: null , Devicetype: 1
08-01 12:07:47.750 18707 18707 I Bluetooth_stlib: CachedBluetoothDevice:mProfiles size=0
08-01 12:07:47.750 18707 18707 I BluetoothClass: enableNoAutoConnect: 0
08-01 12:07:47.751 18707 18707 I Bluetooth_stlib: CachedBluetoothDevice:mProfiles size=0
08-01 12:07:47.751 27577 27577 D StatusBarIconController: setIconVisibility icon is null or visibility not change visibility=true
08-01 12:07:47.752 18707 18707 I BluetoothClass: enableNoAutoConnect: 0
08-01 12:07:47.753 27577 27756 I Bluetooth_stlib: BluetoothEventManager:DeviceFoundHandler created new CachedBluetoothDevice: **:**:**:DF:34:8C , manufacturerSpecificData: null , Devicetype: 1
08-01 12:07:47.753 18707 18707 I Bluetooth_stlib: CachedBluetoothDevice:mProfiles size=0
08-01 12:07:47.754 18707 18707 I BluetoothClass: enableNoAutoConnect: 0
08-01 12:07:47.755 27577 27577 D StatusBarIconController: setIconVisibility icon is null or visibility not change visibility=true
08-01 12:07:47.761 27577 27577 I chatty  : uid=10039(u0_a39) com.android.systemui identical 5 lines
08-01 12:07:47.761 27577 27577 D StatusBarIconController: setIconVisibility icon is null or visibility not change visibility=true
08-01 12:07:47.793 27577 27577 W ResourceType: No package identifier when getting value for resource number 0x00000000
08-01 12:07:47.793 27577 27577 E HwNotchUtils: setIconForView iconId is not found
08-01 12:07:47.794 27577 27577 W ResourceType: No package identifier when getting value for resource number 0x00000000
08-01 12:07:47.794 27577 27577 E HwNotchUtils: setIconForView iconId is not found
08-01 12:07:47.957  1072  1096 I OAM     : [check_file_size:505]/data/log/hi110x/bfg_log/bfg_log_1 log file beyond size=10240Byte, creat new file
08-01 12:07:47.957  1072  1096 I OAM     : [rename_old_file:210]rename_old_file
08-01 12:07:47.957  1072  1096 I OAM     :
08-01 12:07:48.310  1072  1096 I OAM     : [check_file_size:505]/data/log/hi110x/bfg_log/bfg_log_1 log file beyond size=10240Byte, creat new file
08-01 12:07:48.310  1072  1096 I OAM     : [rename_old_file:210]rename_old_file
08-01 12:07:48.310  1072  1096 I OAM     :
08-01 12:07:48.718  1073  2033 I GNSS_ENGINE: ------->>>read device data, the size is 7664
08-01 12:07:48.719  1073  2029 I GNSS_ENGINE: calculate thread:host engine state: 0x4
08-01 12:07:48.720  1072  1096 I OAM     : [check_file_size:505]/data/log/hi110x/bfg_log/bfg_log_1 log file beyond size=10240Byte, creat new file
08-01 12:07:48.720  1072  1096 I OAM     : [rename_old_file:210]rename_old_file
08-01 12:07:48.720  1072  1096 I OAM     :
08-01 12:07:48.720  1073  2029 I GNSS_ENGINE: enter the device measure data wait function!
08-01 12:07:48.720  1073  2029 I GNSS_ENGINE: The begin time is 2019-08-01 04-07-48.720306
08-01 12:07:48.723  1073  2029 I GNSS_ENGINE: $RCVRTIME,1,16,360487.0000000000,1,2
08-01 12:07:48.724  1073  2029 I GNSS_ENGINE: process bb data, number of raw_measurment: 22
08-01 12:07:48.725  1073  2029 I GNSS_ENGINE: number_valid_ggbq_ephemeris: 31, fffffff7, 4, 100610, 3, 1240, 0, 0
08-01 12:07:48.725  1073  2029 I GNSS_ENGINE: number_valid_ggbq_almanac: 32, 24, 17, 0
08-01 12:07:48.725  1073  2029 I GNSS_ENGINE: carrier_phase: 17,109561.70,21607191.37,-336.83
08-01 12:07:48.725  1073  2029 I GNSS_ENGINE: carrier_phase: 6,71012.80,21306384.53,-214.76
08-01 12:07:48.725  1073  2029 I GNSS_ENGINE: carrier_phase: 46,99076442.83,37314580.60,-58.13
08-01 12:07:48.725  1073  2029 I GNSS_ENGINE: carrier_phase: 43,123384835.28,35923165.95,-33.95
08-01 12:07:48.725  1073  2029 I GNSS_ENGINE: carrier_phase: 19,89957.53,21643128.94,-414.40
08-01 12:07:48.725  1073  2029 I GNSS_ENGINE: carrier_phase: 28,255449869.54,20388617.47,53.85
08-01 12:07:48.728  1073  2029 I GNSS_ENGINE: kalm_normal_locate: num_used_msr: 17
08-01 12:07:48.731  1073  2029 I GNSS_ENGINE: doppler bias:-739.864923
08-01 12:07:48.731  1073  2029 I GNSS_ENGINE: 34, 62, 3, 0, 2, 1, 5, 0, 29, 127.769551, 51.201730, -316, 671.991150, 168.996628, 167, 3, 1, 27, 6, 1, 0
08-01 12:07:48.731  1073  2029 I GNSS_ENGINE: 17, 62, 3, 4, 2, 1, 5, 0, 37, 3.268990, 50.630364, 16, 1770.073608, 2076.996582, 1768, 3, 1, 144, 2, 0, 0
08-01 12:07:48.731  1073  2029 I GNSS_ENGINE: 6, 62, 3, 4, 2, 1, 5, 0, 38, 291.205909, 50.979702, 16, 1128.597046, 133.995621, 1127, 3, 1, 147, 2, 0, 4
08-01 12:07:48.731  1073  2029 I GNSS_ENGINE: 36, 62, 3, 0, 2, 1, 5, 0, 29, 189.854279, 63.894503, -316, 729.509155, 822.993225, 821, 3, 1, 28, 6, 1, 0
08-01 12:07:48.732  1073  2029 I GNSS_ENGINE: 37, 62, 3, 1, 2, 1, 5, 0, 27, 109.906702, 33.251059, -316, 723.539124, -140.007126, -143, 3, 1, 17, 6, 1, 0
08-01 12:07:48.732  1073  2029 I GNSS_ENGINE: 39, 62, 3, 1, 2, 1, 5, 0, 26, 167.769450, 10.092664, -316, 1905.893188, 1465.994873, 1465, 3, 1, 21, 5, 0, 0
08-01 12:07:48.732  1073  2029 I GNSS_ENGINE: 40, 62, 3, 0, 2, 1, 5, 0, 32, 179.323958, 57.345743, -316, -270.463745, -97.003067, -264, 1, 1, 26, 5, 0, 0
08-01 12:07:48.732  1073  2029 I GNSS_ENGINE: 4, 62, 0, 1, 0, 1, 5, 4, 0, 154.698307, 7.792850, 10, 3216.401855, 2670.996582, 2672, 7, 1, 0, 0, 0, 0
08-01 12:07:48.732  1073  2029 I GNSS_ENGINE: 41, 62, 3, 0, 2, 1, 5, 0, 30, 332.978149, 59.696921, -316, 176.234406, 391.999969, 389, 3, 1, 16, 5, 0, 0
08-01 12:07:48.732  1073  2029 I GNSS_ENGINE: 2, 62, 3, 1, 2, 1, 5, 0, 29, 259.158891, 17.365859, 16, 2286.346924, 1993.997314, 2285, 3, 1, 43, 5, 0, 0
08-01 12:07:48.732  1073  2029 I GNSS_ENGINE: 94, 62, 0, 1, 0, 0, 5, 0, 0, 202.182360, -8.100797, 1308, 244.009781, 743.984680, 0, 21, 1, 0, 0, 0, 0
08-01 12:07:48.732  1073  2029 I GNSS_ENGINE: 80, 62, 3, 1, 2, 1, 5, 0, 26, 112.555293, 5.477555, 1308, -3243.029541, 741.987000, -1535, 21, 1, 9, 5, 0, 0
08-01 12:07:48.732  1073  2029 I GNSS_ENGINE: 93, 62, 0, 1, 0, 1, 5, 0, 0, 191.273493, 45.277645, 1308, 2739.889160, 739.989319, 4053, 21, 1, 0, 0, 0, 0
08-01 12:07:48.732  1073  2029 I GNSS_ENGINE: 73, 62, 0, 1, 0, 0, 5, 0, 0, 300.979271, 4.413044, 1309, 2739.889160, 739.989319, 0, 21, 1, 0, 0, 0, 0
08-01 12:07:48.732  1073  2029 I GNSS_ENGINE: 82, 62, 3, 1, 2, 1, 5, 0, 30, 310.829161, 25.966175, 1309, 2550.738770, 742.985840, 2537, 3, 1, 11, 5, 0, 0
08-01 12:07:48.733  1073  2029 I GNSS_ENGINE: 74, 62, 0, 1, 0, 0, 5, 0, 0, 343.439061, -11.844911, 1308, 2739.889160, 739.989319, 0, 21, 1, 0, 0, 0, 0
08-01 12:07:48.733  1073  2029 I GNSS_ENGINE: 83, 62, 0, 1, 0, 1, 5, 0, 0, 322.753389, 11.300867, 1309, 2739.889160, 739.989319, 3512, 21, 1, 0, 0, 0, 0
08-01 12:07:48.734  1073  2029 I GNSS_ENGINE: 92, 62, 3, 1, 2, 1, 5, 0, 29, 314.857529, 25.962297, 1308, 1644.265381, 742.985840, 1631, 3, 1, 11, 5, 0, 0
08-01 12:07:48.734  1073  2029 I GNSS_ENGINE: 81, 62, 3, 1, 2, 1, 5, 0, 29, 241.534598, 46.523159, 1308, -1313.402344, 740.988159, -1323, 3, 1, 56, 5, 0, 0
08-01 12:07:48.734  1073  2029 I GNSS_ENGINE: 76, 62, 3, 1, 2, 1, 5, 0, 30, 80.685278, 38.580537, 1308, 1174.286499, 750.992004, 1160, 3, 1, 54, 5, 0, 0
08-01 12:07:48.734  1073  2029 I GNSS_ENGINE: 35, 62, 3, 1, 2, 1, 5, 0, 27, 236.572684, 46.892335, -316, 755.217834, 1410.996948, 1408, 3, 1, 30, 6, 0, 0
08-01 12:07:48.734  1073  2029 I GNSS_ENGINE: 38, 62, 3, 0, 2, 1, 5, 0, 29, 255.047867, 23.322401, -316, 750.162170, 648.994690, 1745, 3, 1, 53, 6, 1, 0
08-01 12:07:48.734  1073  2029 I GNSS_ENGINE: 95, 62, 0, 1, 0, 0, 5, 0, 0, 208.202929, -43.297563, 1308, 244.009781, 743.984680, 0, 21, 1, 0, 0, 0, 0
08-01 12:07:48.734  1073  2029 I GNSS_ENGINE: 46, 62, 3, 4, 2, 1, 5, 0, 33, 299.557193, 52.499297, -316, 302.687988, -1609.006226, 310, 1, 1, 48, 2, 0, 0
08-01 12:07:48.734  1073  2029 I GNSS_ENGINE: 43, 62, 3, 4, 2, 1, 5, 0, 33, 234.719840, 70.153189, -316, 176.810654, 1223.998169, 183, 1, 1, 124, 2, 0, 0
08-01 12:07:48.734  1073  2029 I GNSS_ENGINE: 3, 62, 3, 5, 2, 1, 5, 1, 32, 45.796196, 28.681248, 16, -1880.040405, -2565.002441, -1881, 3, 1, 41, 5, 0, 0
08-01 12:07:48.734  1073  2029 I GNSS_ENGINE: 9, 62, 3, 5, 2, 1, 5, 0, 26, 133.917475, 12.729545, 16, 2700.306152, 1848.997559, 2697, 3, 1, 41, 5, 0, 0
08-01 12:07:48.734  1073  2029 I GNSS_ENGINE: 75, 62, 0, 1, 0, 0, 5, 0, 0, 26.391868, -28.279316, 1308, 244.009781, 743.984680, 0, 21, 1, 0, 0, 0, 0
08-01 12:07:48.734  1073  2029 I GNSS_ENGINE: 19, 62, 3, 5, 2, 1, 5, 1, 34, 339.858942, 42.706691, 16, 2177.705322, 1382.995605, 2177, 3, 1, 41, 2, 0, 0
08-01 12:07:48.734  1073  2029 I GNSS_ENGINE: 22, 62, 3, 5, 2, 1, 5, 0, 26, 40.431807, 9.584152, 16, -2475.987061, -2457.002686, -2476, 3, 1, 41, 5, 0, 0
08-01 12:07:48.734  1073  2029 I GNSS_ENGINE: 23, 62, 3, 5, 2, 1, 5, 1, 28, 95.593181, 10.405854, 16, 1697.396118, 1195.998291, 1695, 3, 1, 41, 5, 0, 0
08-01 12:07:48.734  1073  2029 I GNSS_ENGINE: 28, 62, 3, 5, 2, 1, 5, 1, 34, 165.529947, 69.407660, 16, -282.999237, -1718.003052, -284, 3, 1, 41, 2, 0, 0
08-01 12:07:48.734  1073  2029 I GNSS_ENGINE: 30, 62, 3, 5, 2, 1, 5, 1, 26, 185.686334, 8.237339, 16, -1710.212036, 750.999695, -1712, 3, 1, 41, 5, 0, 0
08-01 12:07:48.735  1073  2029 I GNSS_ENGINE: ota_run: 0, scene change: 1, base_svid: 0, init tran time: 0, strong_flag: 0, predict_valid: 0
08-01 12:07:48.736  1073  2029 I GNSS_ENGINE: save bit aiding data to file ok, gps time: 0
08-01 12:07:48.737  1073  2029 I GNSS_ENGINE: [CMD] GPS BIT: 17, 2, 0x88b00408, 0x1d034b88, ffffffff, ffffffff
08-01 12:07:48.737  1073  2029 I GNSS_ENGINE: [CMD] GPS BIT: 6, 2, 0x88b00408, 0x1d034b88, ffffffff, ffffffff
08-01 12:07:48.737  1073  2029 I GNSS_ENGINE: [CMD] GPS BIT: 28, 2, 0x8b0038c, 0x62fcb4a8, ffffffff, ffffffff
08-01 12:07:48.737  1073  2029 I GNSS_ENGINE: [CMD] GPS BIT END: 37179418519
08-01 12:07:48.737  1073  2029 I GNSS_ENGINE: [CMD] SET REACQ: 17, 0, 1769.741577, 7, 9726, 994.969788, 1123, 4
08-01 12:07:48.737  1073  2029 I GNSS_ENGINE: [CMD] SET REACQ: 6, 0, 1128.751465, 8, 9759, 998.345703, 716, 4
08-01 12:07:48.737  1073  2029 I GNSS_ENGINE: [CMD] SET REACQ: 2, 0, 2286.278809, 19, 5568, 569.606384, 1451, 4
08-01 12:07:48.737  1073  2029 I GNSS_ENGINE: [CMD] SET REACQ: 0, 1, 2538.676025, 6, 4060, 207.466003, 1584, 4
08-01 12:07:48.737  1073  2029 I GNSS_ENGINE: [CMD] SET REACQ: 4, 1, 1631.895020, 6, 3869, 197.705902, 1017, 4
08-01 12:07:48.738  1073  2029 I GNSS_ENGINE: [CMD] SET REACQ: -7, 1, -1322.299683, 1, 8990, 459.389008, -827, 4
08-01 12:07:48.738  1073  2029 I GNSS_ENGINE: [CMD] SET REACQ: 1, 1, 1161.839355, 9, 8646, 441.810608, 724, 4
08-01 12:07:48.738  1073  2029 I GNSS_ENGINE: [CMD] SET REACQ: 3, 0, -1879.935547, 4, 330, 33.758999, -1193, 4
08-01 12:07:48.738  1073  2029 I GNSS_ENGINE: [CMD] SET REACQ: 9, 0, 2698.647705, 18, 9056, 926.428772, 1712, 4
08-01 12:07:48.738  1073  2029 I GNSS_ENGINE: [CMD] SET REACQ: 19, 0, 2178.127197, 7, 8527, 872.312073, 1382, 4
08-01 12:07:48.738  1073  2029 I GNSS_ENGINE: [CMD] SET REACQ: 22, 0, -2475.950195, 16, 1834, 187.618195, -1571, 4
08-01 12:07:48.738  1073  2029 I GNSS_ENGINE: [CMD] SET REACQ: 23, 0, 1696.405029, 16, 8105, 829.141479, 1076, 4
08-01 12:07:48.738  1073  2029 I GNSS_ENGINE: [CMD] SET REACQ: 28, 0, -283.227448, 12, 373, 38.157902, -179, 4
08-01 12:07:48.738  1073  2029 I GNSS_ENGINE: [CMD] SET REACQ: 30, 0, -1711.521362, 17, 2960, 302.808014, -1086, 4
08-01 12:07:48.738  1073  2029 I GNSS_ENGINE: [CMD] SET REACQ COMMON: 62, -469
08-01 12:07:48.738  1073  2029 I GNSS_ENGINE: [CMD] SET_PPS: 62, 6187496, 1210005510, -155, 1
08-01 12:07:48.738  1073  2029 I GNSS_ENGINE: [CMD] SET DOPPLER BIAS: 160489
08-01 12:07:48.738  1073  2029 I GNSS_ENGINE: write device BFG tty data OK, the size is 359
08-01 12:07:48.738  1073  2029 I GNSS_ENGINE: [INTERCEPT-INFO] amount: 0, interval: 0, hor_acc: 0, ver_acc: 0
08-01 12:07:48.741  1073  2029 I GNSS_ENGINE: RTD is unavailable...
08-01 12:07:48.741  1073  2033 I GNSS_ENGINE: ------->>>read device ack, the size is 8, data_type: 2
08-01 12:07:48.742  1073  2029 I GNSS_ENGINE: calculate thread receive the device ack!
08-01 12:07:48.742  1073  2029 I GNSS_ENGINE: Hor acc:8.318857 HorUnc:6 Ver acc:5.000000 VerUnc:4
08-01 12:07:48.742  1073  2029 I GNSS_ENGINE: wk:360487.000000, locflag:1, loctype:1, pgh_dop:1.143283,1.278973,0.641785, ems:2.933683, qop:8.318857, speed:0.000000, course:0.000000, version_mode: 2 0
08-01 12:07:48.742  1073  1073 I GNSS_ENGINE: send message to adapte cmd_id:0x00000005, size: 2152
08-01 12:07:48.743  1073  1073 I GNSS_ENGINE: send message to adapte cmd_id:0x00000006, size: 124
08-01 12:07:48.743  1073  1073 I GNSS_ENGINE: send message to adapte cmd_id:0x0000001a, size: 20
08-01 12:07:48.743  1073  1073 I GNSS_ENGINE: send message to adapte cmd_id:0x00000009, size: 4368
08-01 12:07:48.743  1073  2029 I GNSS_ENGINE: calculate thread: enter start while
08-01 12:07:48.743  1074  1087 I GNSS_CONTROL: static THREAD_HANDLE CtrlCommMgr::ProcessThreadProc(void *) -- 122: process cmd id:0x00000105
08-01 12:07:48.743  1074  1087 I GNSS_CONTROL: virtual void CtrlFSMSISessionState::EngineReportAFPos(CtrlFSM &) -- 1300: EngineReportAFPos cmd received by CtrlFSMSISessionState
08-01 12:07:48.743  1074  1087 I GNSS_CONTROL: AGNSS_STATUS_ENUM_UINT32 NetworkCommunication::send_message(AGNSSMessage *) -- 439: src_id:0x11110004, dst_id:0x11110001, cmd_id:0x00000205
08-01 12:07:48.743  1074  1087 I GNSS_CONTROL: static THREAD_HANDLE CtrlCommMgr::ProcessThreadProc(void *) -- 122: process cmd id:0x00000106
08-01 12:07:48.743  1074  1087 I GNSS_CONTROL: virtual void CtrlFSMSISessionState::EngineReportPos2Server(CtrlFSM &) -- 1328: EngineReportPos2Server cmd received by CtrlFSMSISessionState
08-01 12:07:48.743  1074  1087 I GNSS_CONTROL: void AgnssProxy::send_msg_2_agnss(AGNSSMessage *) -- 221: message->cmd_id: 0x00000308
08-01 12:07:48.743  1074  1087 I GNSS_CONTROL: void AgnssProxy::send_msg_2_user_plane(AGNSSMessage *) -- 399: type:0,message->cmd_id: 0x00000308
08-01 12:07:48.743  1074  1087 I GNSS_CONTROL: virtual AGNSS_STATUS_ENUM AgnssGul::OnMessage(AGNSSMessage *) -- 170: message is send to supl_assist
08-01 12:07:48.743  1074  1087 I GNSS_CONTROL: virtual AGNSS_STATUS_ENUM_UINT32 SACommMgr::SendMsg2SA(AGNSSMessage *) -- 105: msg cmd id:0x00000308
08-01 12:07:48.745  1147  2014 E GnssLocationProvider: [LocMgr] Debug: gnssLocationCb in
08-01 12:07:48.745  1147  2014 E GnssLocationProvider: [LocMgr] Debug: gnssLocationCb in2
08-01 12:07:48.746  1147  2014 V GnssLocationProvider: reportLocation Location[gps 23******,114****** hAcc=5 et=?!? alt=115.9016601042822 vel=0.0 bear=0.0 vAcc=??? sAcc=??? bAcc=???]
08-01 12:07:48.747  1074  1087 I GNSS_CONTROL: static THREAD_HANDLE CtrlCommMgr::ProcessThreadProc(void *) -- 122: process cmd id:0x0000001a
08-01 12:07:48.748  1074  1087 I GNSS_CONTROL: virtual void CtrlFSMState::EngineReportIsStaticState(CtrlFSM &) -- 1500: EngineReportIsStaticState cmd received by CtrlFSMSISessionState
08-01 12:07:48.748  1074  1087 I GNSS_CONTROL: void AgnssProxy::send_msg_2_agnss(AGNSSMessage *) -- 221: message->cmd_id: 0x0000001a
08-01 12:07:48.748  1074  1087 I GNSS_CONTROL: void AgnssProxy::send_msg_2_user_plane(AGNSSMessage *) -- 399: type:0,message->cmd_id: 0x0000001a
08-01 12:07:48.748  1074  1087 I GNSS_CONTROL: virtual AGNSS_STATUS_ENUM AgnssGul::OnMessage(AGNSSMessage *) -- 170: message is send to supl_assist
08-01 12:07:48.748  1074  1087 I GNSS_CONTROL: virtual AGNSS_STATUS_ENUM_UINT32 SACommMgr::SendMsg2SA(AGNSSMessage *) -- 105: msg cmd id:0x0000001a
08-01 12:07:48.748  1074  1087 I GNSS_CONTROL: static THREAD_HANDLE CtrlCommMgr::ProcessThreadProc(void *) -- 122: process cmd id:0x00000109
08-01 12:07:48.748  1074  1087 I GNSS_CONTROL: virtual void CtrlFSMSISessionState::EngineNMEAReport(CtrlFSM &) -- 1405: EngineNMEAReport cmd received by CtrlFSMSISessionState
08-01 12:07:48.748  1074  1087 I GNSS_CONTROL: AGNSS_STATUS_ENUM_UINT32 NetworkCommunication::send_message(AGNSSMessage *) -- 439: src_id:0x11110004, dst_id:0x11110001, cmd_id:0x00000206
08-01 12:07:48.748  1147  1187 E GnssLocationProvider: [LocMgr] Debug: gnssSvStatusCb in
08-01 12:07:48.749  1147  1187 D GnssLocationProvider: has no location last time
08-01 12:07:48.752  1147  1771 I LocationManagerService: incoming location: Location[gps 23******,114****** hAcc=5 et=+13d3h12m43s479ms alt=115.9016601042822 vel=0.0 bear=0.0 vAcc=??? sAcc=??? bAcc=???]; passive:false
08-01 12:07:48.755  1147  1187 V GnssLocationProvider: SV count: 28
08-01 12:07:48.757  1147  1771 I LocationManagerService: incoming location: Location[gps 23******,114****** hAcc=5 et=+13d3h12m43s479ms alt=115.9016601042822 vel=0.0 bear=0.0 vAcc=??? sAcc=??? bAcc=???]; passive:true
08-01 12:07:48.758  1147  1771 I LocationManagerService: key of receiver: 3f16b03
08-01 12:07:48.760  1147  1771 I ctaifs  : <Android 系统>[Android 系统][system]:[handleLocationChangedLocked] 读取定位信息
08-01 12:07:48.761  1147  1771 I LocationManagerService: key of receiver: 9a4cb28
08-01 12:07:48.761  1147  1771 W ProcBatteryStats: timer is running , not start, name: , uid: 1000, tag: LocationManagerService
08-01 12:07:48.762  1147  1771 I ctaifs  : <Android 系统>[Android 系统][system]:[handleLocationChangedLocked] 读取定位信息
08-01 12:07:48.763  1147  1771 W ProcBatteryStats: timer is not running , not stop, name: , uid: 1000, tag: LocationManagerService
08-01 12:07:49.126  1072  1096 I OAM     : [check_file_size:505]/data/log/hi110x/bfg_log/bfg_log_1 log file beyond size=10240Byte, creat new file
08-01 12:07:49.126  1072  1096 I OAM     : [rename_old_file:210]rename_old_file
08-01 12:07:49.126  1072  1096 I OAM     :
08-01 12:07:49.479  1072  1096 I OAM     : [check_file_size:505]/data/log/hi110x/bfg_log/bfg_log_1 log file beyond size=10240Byte, creat new file
08-01 12:07:49.479  1072  1096 I OAM     : [rename_old_file:210]rename_old_file
08-01 12:07:49.479  1072  1096 I OAM     :
08-01 12:07:49.603  1886  2177 I DeviceStateService: apk installing? pkg: com.huawei.appmarket, uid: 10088, curr: 1134764335, last: 1074742026
08-01 12:07:49.603  1886  2177 I AppManager: ignore audio by app type, app : com.huawei.appmarket, type : 20
08-01 12:07:49.603  1886  2177 I ash     :  ignore audio app: com.huawei.appmarket
08-01 12:07:49.606  1886  2177 I AppManager: get vpns from sys:{}
08-01 12:07:49.606  1886  2177 I ash     : com.huawei.appmarket { doze duration=60036 UptimeDuration=60035 } transition to: hibernation reason:
08-01 12:07:49.606  1886  2177 I ash     : hibernation takeover action: 2
08-01 12:07:49.606  1886  2177 I ash     : doze no need clear action: 2
08-01 12:07:49.606  1886  2177 I ash     : perform hibernation actions: com.huawei.appmarket
08-01 12:07:49.608  1886  2177 I ash     : not perform alarm action:com.huawei.appmarket
08-01 12:07:49.608  1886  2177 I ash     : h takeover proxy gps pkg:com.huawei.appmarket
08-01 12:07:49.609  1886  2177 I ash     : perform delay action: com.huawei.appmarket
08-01 12:07:49.610   762 14169 I Pged-IPgedBinderService: ****action is 1, pid num is 2***
08-01 12:07:49.610   762 14169 I Pged-Freezer: freezePids
08-01 12:07:49.610   762 14169 I Pged-Freezer: Freeze process: 12736
08-01 12:07:49.613  1147  1345 D HwWifiStatStore: handleMessage : 200
08-01 12:07:49.617  1886  2177 D PgedBinderAdapter: frz ok, pid: [12736]
08-01 12:07:49.617  1886  2177 I PGServer: report state:6 event type:1 pid:0 uid:10088 pkg:com.huawei.appmarket to pid: 1147
08-01 12:07:49.617  1886  2177 I ash     : Freeze com.huawei.appmarket OK !
08-01 12:07:49.618  1147  9139 I PGManagerService: proxyWakeLockByPidUid, pid: 12736, uid: 10088, proxy: true
08-01 12:07:49.619  1886  2177 I ash     : Proxy wakelock uid = 10088 pid = 12736
08-01 12:07:49.625   487 29290 I Netd    : Destroyed 1 sockets for UidRanges{ 10088 } skip={} in 1.1 ms
08-01 12:07:49.626  1886  2177 I AppManager: close sockets for uid : 10088, succ: true spend(ms):5
08-01 12:07:49.626  1886  2177 I ash     : close sockets >> com.huawei.appmarket, uids : [10088]
08-01 12:07:49.628  1147  9139 D HwWifiService: binder uid:10088, proxy :true
08-01 12:07:49.628  1147  9139 D WifiLockManager: send CMD_LOCKS_CHANGED
08-01 12:07:49.629  1886  2177 I AppManager: proxy wifi lock:10088 proxy true
08-01 12:07:49.629  1886  2177 I ash     : proxy wifi lock:10088
08-01 12:07:49.632   757   757 E Thermal-daemon: [battery] temp_new :32  temp_old :31
08-01 12:07:49.632  1886  1898 I ThermalService: Receive temperature change, type: 9, temp: 32 from thermald
08-01 12:07:49.633  1886  1898 I ThermalTrace_ThermalRaise: Battery:30,31,32
08-01 12:07:49.633   757   757 E Thermal-daemon: Report temperature: [battery] temp :32  report_threshold:1
08-01 12:07:49.719  1073  2033 I GNSS_ENGINE: ------->>>read device data, the size is 7664
08-01 12:07:49.719  1073  2029 I GNSS_ENGINE: calculate thread:host engine state: 0x4
08-01 12:07:49.719  1073  2029 I GNSS_ENGINE: enter the device measure data wait function!
08-01 12:07:49.719  1073  2029 I GNSS_ENGINE: The begin time is 2019-08-01 04-07-49.719879
08-01 12:07:49.721  1073  2029 I GNSS_ENGINE: $RCVRTIME,1,16,360488.0000000000,1,2
08-01 12:07:49.721  1073  2029 I GNSS_ENGINE: process bb data, number of raw_measurment: 22
08-01 12:07:49.721  1073  2029 I GNSS_ENGINE: number_valid_ggbq_ephemeris: 31, fffffff7, 4, 100610, 3, 1240, 0, 0
08-01 12:07:49.721  1073  2029 I GNSS_ENGINE: number_valid_ggbq_almanac: 32, 24, 17, 0
08-01 12:07:49.721  1073  2029 I GNSS_ENGINE: carrier_phase: 17,111328.42,21606854.91,-336.60
08-01 12:07:49.721  1073  2029 I GNSS_ENGINE: carrier_phase: 6,72138.35,21306170.49,-214.59
08-01 12:07:49.721  1073  2029 I GNSS_ENGINE: carrier_phase: 43,125447513.70,35923133.08,-33.85
08-01 12:07:49.721  1073  2029 I GNSS_ENGINE: carrier_phase: 19,92132.63,21642714.17,-414.27
08-01 12:07:49.721  1073  2029 I GNSS_ENGINE: carrier_phase: 28,261637083.00,20388670.65,54.18
08-01 12:07:49.722  1073  2029 I GNSS_ENGINE: kalm_normal_locate: num_used_msr: 17
08-01 12:07:49.722  1073  2029 I GNSS_ENGINE: doppler bias:-738.788194
08-01 12:07:49.723  1073  2029 I GNSS_ENGINE: 34, 63, 3, 0, 2, 1, 5, 0, 28, 127.773088, 51.199503, -316, 678.114807, 168.996628, 166, 3, 1, 28, 6, 0, 0
08-01 12:07:49.723  1073  2029 I GNSS_ENGINE: 17, 63, 3, 4, 2, 1, 5, 0, 37, 3.279488, 50.633429, 16, 1768.869141, 2076.996582, 1767, 3, 1, 145, 2, 0, 0
08-01 12:07:49.723  1073  2029 I GNSS_ENGINE: 6, 63, 3, 4, 2, 1, 5, 0, 38, 291.218805, 50.981096, 16, 1127.669312, 133.995621, 1126, 3, 1, 148, 2, 0, 4
08-01 12:07:49.723  1073  2029 I GNSS_ENGINE: 36, 63, 3, 0, 2, 1, 5, 0, 29, 189.854279, 63.894503, -316, 729.539917, 822.993225, 820, 3, 1, 29, 6, 1, 0
08-01 12:07:49.723  1073  2029 I GNSS_ENGINE: 37, 63, 3, 1, 2, 1, 5, 0, 27, 109.906702, 33.251059, -316, 724.745422, -140.007126, -144, 3, 1, 18, 6, 1, 0
08-01 12:07:49.723  1073  2029 I GNSS_ENGINE: 39, 63, 3, 1, 2, 1, 5, 0, 25, 167.769450, 10.092664, -316, 1904.448730, 1465.994873, 1464, 3, 1, 22, 5, 0, 0
08-01 12:07:49.723  1073  2029 I GNSS_ENGINE: 40, 63, 3, 0, 2, 1, 5, 0, 31, 179.327339, 57.341940, -316, -272.069580, -97.003067, -265, 1, 1, 27, 5, 0, 0
08-01 12:07:49.723  1073  2029 I GNSS_ENGINE: 4, 63, 0, 1, 0, 1, 5, 4, 0, 154.698307, 7.792850, 10, 2125.591064, 2670.996582, 2671, 7, 1, 0, 0, 0, 0
08-01 12:07:49.723  1073  2029 I GNSS_ENGINE: 41, 63, 3, 0, 2, 1, 5, 0, 30, 332.978149, 59.696921, -316, 174.375015, 391.999969, 388, 3, 1, 17, 5, 0, 0
08-01 12:07:49.723  1073  2029 I GNSS_ENGINE: 2, 63, 3, 1, 2, 1, 5, 0, 29, 259.165706, 17.369597, 16, 2284.877441, 1993.997314, 2283, 3, 1, 44, 5, 0, 0
08-01 12:07:49.723  1073  2029 I GNSS_ENGINE: 94, 63, 0, 1, 0, 0, 5, 0, 0, 202.182360, -8.100797, 1308, 1743.934570, 743.984680, 0, 21, 1, 0, 0, 0, 0
08-01 12:07:49.723  1073  2029 I GNSS_ENGINE: 80, 63, 3, 1, 2, 1, 5, 0, 26, 112.555293, 5.477555, 1308, -3243.244629, 741.987000, -1536, 21, 1, 10, 5, 0, 0
08-01 12:07:49.723  1073  2029 I GNSS_ENGINE: 93, 63, 0, 1, 0, 1, 5, 0, 0, 191.273493, 45.277645, 1308, -1259.910400, 739.989319, 4052, 21, 1, 0, 0, 0, 0
08-01 12:07:49.723  1073  2029 I GNSS_ENGINE: 73, 63, 0, 1, 0, 0, 5, 0, 0, 300.979271, 4.413044, 1309, -1259.910400, 739.989319, 0, 21, 1, 0, 0, 0, 0
08-01 12:07:49.723  1073  2029 I GNSS_ENGINE: 82, 63, 3, 1, 2, 1, 5, 0, 30, 310.820607, 25.969906, 1309, 2546.282471, 742.985840, 2535, 3, 1, 12, 5, 0, 0
08-01 12:07:49.723  1073  2029 I GNSS_ENGINE: 74, 63, 0, 1, 0, 0, 5, 0, 0, 343.439061, -11.844911, 1308, -1259.910400, 739.989319, 0, 21, 1, 0, 0, 0, 0
08-01 12:07:49.723  1073  2029 I GNSS_ENGINE: 83, 63, 0, 1, 0, 1, 5, 0, 0, 322.753389, 11.300867, 1309, -1259.910400, 739.989319, 3511, 21, 1, 0, 0, 0, 0
08-01 12:07:49.723  1073  2029 I GNSS_ENGINE: 92, 63, 3, 1, 2, 1, 5, 0, 27, 314.866895, 25.964144, 1308, 1645.356445, 742.985840, 1630, 3, 1, 12, 5, 0, 0
08-01 12:07:49.723  1073  2029 I GNSS_ENGINE: 81, 63, 3, 1, 2, 1, 5, 0, 29, 241.523144, 46.516985, 1308, -1314.355103, 740.988159, -1325, 3, 1, 57, 5, 0, 0
08-01 12:07:49.723  1073  2029 I GNSS_ENGINE: 76, 63, 3, 1, 2, 1, 5, 0, 29, 80.673158, 38.581625, 1308, 1171.105591, 750.992004, 1158, 3, 1, 55, 5, 0, 0
08-01 12:07:49.723  1073  2029 I GNSS_ENGINE: 35, 63, 3, 1, 2, 1, 5, 0, 27, 236.572684, 46.892335, -316, 751.568237, 1410.996948, 1407, 3, 1, 31, 6, 0, 0
08-01 12:07:49.723  1073  2029 I GNSS_ENGINE: 38, 63, 3, 0, 2, 1, 5, 0, 29, 255.047867, 23.322401, -316, 746.627808, 648.994690, 1744, 3, 1, 54, 6, 1, 0
08-01 12:07:49.723  1073  2029 I GNSS_ENGINE: 95, 63, 0, 1, 0, 0, 5, 0, 0, 208.202929, -43.297563, 1308, 1743.934570, 743.984680, 0, 21, 1, 0, 0, 0, 0
08-01 12:07:49.723  1073  2029 I GNSS_ENGINE: 46, 63, 3, 4, 2, 1, 5, 0, 33, 299.562568, 52.497831, -316, 301.727570, -1609.006226, 309, 1, 1, 49, 2, 0, 0
08-01 12:07:49.723  1073  2029 I GNSS_ENGINE: 43, 63, 3, 4, 2, 1, 5, 0, 31, 234.714274, 70.149467, -316, 176.242081, 1223.998169, 182, 1, 1, 125, 2, 0, 0
08-01 12:07:49.723  1073  2029 I GNSS_ENGINE: 3, 63, 3, 5, 2, 1, 5, 1, 31, 45.791493, 28.675504, 16, -1882.189941, -2565.002441, -1882, 3, 1, 42, 5, 0, 0
08-01 12:07:49.723  1073  2029 I GNSS_ENGINE: 9, 63, 3, 5, 2, 1, 5, 0, 26, 133.911138, 12.733139, 16, 2698.168213, 1848.997559, 2696, 3, 1, 42, 5, 0, 0
08-01 12:07:49.723  1073  2029 I GNSS_ENGINE: 75, 63, 0, 1, 0, 0, 5, 0, 0, 26.391868, -28.279316, 1308, 1743.934570, 743.984680, 0, 21, 1, 0, 0, 0, 0
08-01 12:07:49.724  1073  2029 I GNSS_ENGINE: 19, 63, 3, 5, 2, 1, 5, 1, 33, 339.867561, 42.710757, 16, 2176.996582, 1382.995605, 2176, 3, 1, 42, 2, 0, 0
08-01 12:07:49.724  1073  2029 I GNSS_ENGINE: 22, 63, 3, 5, 2, 1, 5, 0, 26, 40.429960, 9.578429, 16, -2477.208496, -2457.002686, -2478, 3, 1, 42, 5, 0, 0
08-01 12:07:49.724  1073  2029 I GNSS_ENGINE: 23, 63, 3, 5, 2, 1, 5, 1, 28, 95.586221, 10.407960, 16, 1695.713501, 1195.998291, 1694, 3, 1, 42, 5, 0, 0
08-01 12:07:49.724  1073  2029 I GNSS_ENGINE: 28, 63, 3, 5, 2, 1, 5, 1, 34, 165.534022, 69.398897, 16, -284.699188, -1718.003052, -286, 3, 1, 42, 2, 0, 0
08-01 12:07:49.724  1073  2029 I GNSS_ENGINE: 30, 63, 3, 5, 2, 1, 5, 1, 26, 185.681395, 8.233064, 16, -1710.448364, 750.999695, -1712, 3, 1, 42, 5, 0, 0
08-01 12:07:49.724  1073  2029 I GNSS_ENGINE: ota_run: 0, scene change: 1, base_svid: 0, init tran time: 0, strong_flag: 0, predict_valid: 0
08-01 12:07:49.724  1073  2029 I GNSS_ENGINE: [CMD] GPS BIT: 17, 2, 0x88b00408, 0x1d034b88, ffffffff, ffffffff
08-01 12:07:49.724  1073  2029 I GNSS_ENGINE: [CMD] GPS BIT: 6, 2, 0x88b00408, 0x1d034b88, ffffffff, ffffffff
08-01 12:07:49.724  1073  2029 I GNSS_ENGINE: [CMD] GPS BIT: 28, 2, 0x8b0038c, 0x62fcb4a8, ffffffff, ffffffff
