08-01 12:07:52.259 27577 27756 I Bluetooth_stlib: CachedBluetoothDevice: Clearing all connection state for dev:**:**:**:6B:E6:2E
08-01 12:07:52.260 18707 18707 I Bluetooth_stlib: CachedBluetoothDevice:mProfiles size=0
08-01 12:07:52.260 27577 27756 I Bluetooth_stlib: CachedBluetoothDevice: Clearing all connection state for dev:**:**:**:13:92:D0
08-01 12:07:52.261 18707 18707 I BluetoothClass: enableNoAutoConnect: 0
08-01 12:07:52.261 27577 27756 I Bluetooth_stlib: CachedBluetoothDevice: Clearing all connection state for dev:**:**:**:E2:18:E2
08-01 12:07:52.262 19419 19419 D btservice-BluetoothAdapterService: getAdapterService() - returning com.android.bluetooth.btservice.AdapterService@55178
08-01 12:07:52.262 27577 27756 I Bluetooth_stlib: CachedBluetoothDevice: Clearing all connection state for dev:**:**:**:E2:18:C2
08-01 12:07:52.262 19419 19419 W BluetoothHeadsetServiceJni: Cleaning up Bluetooth Handsfree Interface...
08-01 12:07:52.262 19419 19419 W BluetoothHeadsetServiceJni: Cleaning up Bluetooth Handsfree callback object
08-01 12:07:52.263 19419 19444 I bt_btif_queue: queue_int_cleanup: UUID=111F
08-01 12:07:52.263 19419 19444 I bt_btif_storage: btif_storage_get_adapter_property service_mask:0x20100008
08-01 12:07:52.263 18707 18707 I Bluetooth_stlib: CachedBluetoothDevice:mProfiles size=0
08-01 12:07:52.263 19419 19444 W bt_btif : HAL bt_hal_cbacks->adapter_properties_cb
08-01 12:07:52.263 19419 19419 D btservice-BluetoothAdapterService: getAdapterService() - returning com.android.bluetooth.btservice.AdapterService@55178
08-01 12:07:52.263 19419 19456 E bt_btif : bte_hf_evt: p_data is null
08-01 12:07:52.263 27577 27756 I Bluetooth_stlib: CachedBluetoothDevice: Clearing all connection state for dev:**:**:**:E2:19:AE
08-01 12:07:52.263 18707 18707 I BluetoothClass: enableNoAutoConnect: 0
08-01 12:07:52.264 19419 19419 D pan-PanService: Received stop request...Stopping profile...
08-01 12:07:52.264 19419 19419 D btservice-BluetoothAdapterService: getAdapterService() - returning com.android.bluetooth.btservice.AdapterService@55178
08-01 12:07:52.264 27577 27756 I Bluetooth_stlib: CachedBluetoothDevice: Clearing all connection state for dev:**:**:**:46:45:08
08-01 12:07:52.265 18707 18707 I Bluetooth_stlib: CachedBluetoothDevice:mProfiles size=0
08-01 12:07:52.265 27577 27756 I Bluetooth_stlib: CachedBluetoothDevice: Clearing all connection state for dev:**:**:**:E2:18:26
08-01 12:07:52.265 27577 27577 I Bluetooth_stlib: PanProfile:Bluetooth service disconnected
08-01 12:07:52.266 18707 18707 I BluetoothClass: enableNoAutoConnect: 0
08-01 12:07:52.266 19419 19419 D btservice-BluetoothAdapterService: getAdapterService() - returning com.android.bluetooth.btservice.AdapterService@55178
08-01 12:07:52.267 19419 19419 D BluetoothMapService: Received stop request...Stopping profile...
08-01 12:07:52.267 27577 27756 I Bluetooth_stlib: CachedBluetoothDevice: Clearing all connection state for dev:**:**:**:F0:0E:F4
08-01 12:07:52.267 18707 18707 I Bluetooth_stlib: CachedBluetoothDevice:mProfiles size=0
08-01 12:07:52.268 19419 19419 D btservice-BluetoothAdapterService: getAdapterService() - returning com.android.bluetooth.btservice.AdapterService@55178
08-01 12:07:52.268 27577 27756 I Bluetooth_stlib: CachedBluetoothDevice: Clearing all connection state for dev:**:**:**:F8:D8:97
08-01 12:07:52.269 27577 27756 I Bluetooth_stlib: CachedBluetoothDevice: Clearing all connection state for dev:**:**:**:FA:50:57
08-01 12:07:52.269 27577 27577 D BluetoothMap: Proxy object disconnected
08-01 12:07:52.269 27577 27577 I Bluetooth_stlib: MapProfile:Bluetooth service disconnected
08-01 12:07:52.270 18707 18707 I Bluetooth_stlib: CachedBluetoothDevice:mProfiles size=0
08-01 12:07:52.270 27577 27756 I Bluetooth_stlib: CachedBluetoothDevice: Clearing all connection state for dev:**:**:**:27:9F:A0
08-01 12:07:52.270 19419 19419 D btservice-BluetoothAdapterService: getAdapterService() - returning com.android.bluetooth.btservice.AdapterService@55178
08-01 12:07:52.270 19419 19419 D BluetoothOppService: Received stop request...Stopping profile...
08-01 12:07:52.271 19419 19419 D btservice-BluetoothAdapterService: getAdapterService() - returning com.android.bluetooth.btservice.AdapterService@55178
08-01 12:07:52.271 27577 27577 I PhoneStatusBarPolicy: updateBluetooth::bluetoothEnabled:false, bluetoothConnected=false, bluetoothTransfering=false
08-01 12:07:52.272 19419 19419 D btservice-BluetoothAdapterService: getAdapterService() - returning com.android.bluetooth.btservice.AdapterService@55178
08-01 12:07:52.272 18707 18707 I Bluetooth_stlib: CachedBluetoothDevice:mProfiles size=0
08-01 12:07:52.273 19419 19419 D BluetoothPbapService: Received stop request...Stopping profile...
08-01 12:07:52.273 19419 19419 V pbap-BluetoothPbapService: stop()
08-01 12:07:52.273 19419 19419 D btservice-BluetoothAdapterService: getAdapterService() - returning com.android.bluetooth.btservice.AdapterService@55178
08-01 12:07:52.275 18707 18707 I Bluetooth_stlib: CachedBluetoothDevice:mProfiles size=0
08-01 12:07:52.275 18707 18707 I BluetoothClass: enableNoAutoConnect: 0
08-01 12:07:52.276 19419 19419 D BluetoothA2dp: Proxy object disconnected
08-01 12:07:52.276 19419 19419 D btservice-BluetoothAdapterService: getAdapterService() - returning com.android.bluetooth.btservice.AdapterService@55178
08-01 12:07:52.277 19419 19419 D btservice-BluetoothAdapterService: getAdapterService() - returning com.android.bluetooth.btservice.AdapterService@55178
08-01 12:07:52.277 19419 19444 I bt_btif_queue: queue_int_cleanup: UUID=110A
08-01 12:07:52.277 18707 18707 I Bluetooth_stlib: CachedBluetoothDevice: Clearing all connection state for dev:**:**:**:E0:8B:CA
08-01 12:07:52.278 19419 19468 W bt_osi_thread: run_thread: thread id 19468, thread name btif_a2dp_source exited
08-01 12:07:52.278 19419 19419 D btservice-BluetoothAdapterService: getAdapterService() - returning com.android.bluetooth.btservice.AdapterService@55178
08-01 12:07:52.278 19419 19419 W BluetoothHidServiceJni: Cleaning up Bluetooth HID Interface...
08-01 12:07:52.278 18707 18707 I Bluetooth_stlib: CachedBluetoothDevice: Clearing all connection state for dev:**:**:**:5A:D9:A7
08-01 12:07:52.278 19419 19419 W BluetoothHidServiceJni: Cleaning up Bluetooth GID callback object
08-01 12:07:52.278 19419 19456 D bt_dump_addr: bta_av_ssm_execute: bd_addr 00-00-00-00-xx-xx
08-01 12:07:52.278 19419 19456 W bt_avp  : SCB hdl=1 event=0/API_REMOVE_EVT state=SCB_IDLE_ST
08-01 12:07:52.278 19419 19456 W bt_avp  : SCB hdl=2 event=0/API_REMOVE_EVT state=SCB_IDLE_ST
08-01 12:07:52.278 19419 19456 W bt_avp  : SCB hdl=3 event=0/API_REMOVE_EVT state=SCB_IDLE_ST
08-01 12:07:52.278 19419 19456 W bt_avp  : SCB hdl=4 event=0/API_REMOVE_EVT state=SCB_IDLE_ST
08-01 12:07:52.278 19419 19456 D bt_dump_addr: bta_av_ssm_execute: bd_addr 00-00-00-00-xx-xx
08-01 12:07:52.278 19419 19456 W bt_avp  : SCB hdl=5 event=0/API_REMOVE_EVT state=SCB_IDLE_ST
08-01 12:07:52.278 19419 19456 W bt_avp  : SCB hdl=6 event=0/API_REMOVE_EVT state=SCB_IDLE_ST
08-01 12:07:52.278 19419 19456 W bt_avp  : SCB hdl=7 event=0/API_REMOVE_EVT state=SCB_IDLE_ST
08-01 12:07:52.278 19419 19456 W bt_avp  : SCB hdl=8 event=0/API_REMOVE_EVT state=SCB_IDLE_ST
08-01 12:07:52.279 19419 19419 D btservice-BluetoothAdapterService: getAdapterService() - returning com.android.bluetooth.btservice.AdapterService@55178
08-01 12:07:52.279 19419 19419 W BluetoothHealthServiceJni: Cleaning up Bluetooth Health Interface...
08-01 12:07:52.279 18707 18707 I Bluetooth_stlib: CachedBluetoothDevice: Clearing all connection state for dev:**:**:**:E2:18:1B
08-01 12:07:52.279 19419 19419 W BluetoothHealthServiceJni: Cleaning up Bluetooth Health object
08-01 12:07:52.279 19419 19456 W bt_btif : bta_av_disable: free accept_signalling_timer[0]
08-01 12:07:52.279 19419 19456 W bt_btif : bta_av_disable: free accept_signalling_timer[1]
08-01 12:07:52.279 19419 19444 I bt_btif_storage: btif_storage_get_adapter_property service_mask:0x20000000
08-01 12:07:52.280 18707 18707 I Bluetooth_stlib: CachedBluetoothDevice: Clearing all connection state for dev:**:**:**:10:D7:C6
08-01 12:07:52.280 19419 19419 D btservice-BluetoothAdapterService: getAdapterService() - returning com.android.bluetooth.btservice.AdapterService@55178
08-01 12:07:52.280 19419 19444 I bt_btif_storage: btif_storage_get_adapter_property service_mask:0x20000000
08-01 12:07:52.280 19419 19419 W BluetoothPanServiceJni: Cleaning up Bluetooth PAN Interface...
08-01 12:07:52.280 19419 19419 D BluetoothPanServiceJni: cleanupNative(L189): sJniCallbacksObj has init before clean? 1
08-01 12:07:52.280 19419 19419 W BluetoothPanServiceJni: Cleaning up Bluetooth PAN callback object
08-01 12:07:52.280 19419 19444 E bt_btif : btif_in_execute_service_request: Unknown service 27 being disabled
08-01 12:07:52.280 27577 27577 D StatusBarIconController: setIconVisibility icon is null or visibility not change visibility=false
08-01 12:07:52.280 27577 27577 I chatty  : uid=10039(u0_a39) com.android.systemui identical 2 lines
08-01 12:07:52.280 27577 27577 D StatusBarIconController: setIconVisibility icon is null or visibility not change visibility=false
08-01 12:07:52.280 27577 27577 D BluetoothPbap: Proxy object disconnected
08-01 12:07:52.280 27577 27577 I Bluetooth_stlib: PbapServerProfile:Bluetooth service disconnected
08-01 12:07:52.280 27577 27577 D StatusBarIconController: setIconVisibility icon is null or visibility not change visibility=false
08-01 12:07:52.281 27577 27577 I chatty  : uid=10039(u0_a39) com.android.systemui identical 6 lines
08-01 12:07:52.281 27577 27577 D StatusBarIconController: setIconVisibility icon is null or visibility not change visibility=false
08-01 12:07:52.281 18707 18707 I Bluetooth_stlib: CachedBluetoothDevice: Clearing all connection state for dev:**:**:**:0E:0F:6C
08-01 12:07:52.281 19419 19419 D btservice-BluetoothAdapterService: getAdapterService() - returning com.android.bluetooth.btservice.AdapterService@55178
08-01 12:07:52.281 19419 19419 D btservice-BluetoothAdapterService: getAdapterService() - returning com.android.bluetooth.btservice.AdapterService@55178
08-01 12:07:52.282 18707 18707 I Bluetooth_stlib: CachedBluetoothDevice: Clearing all connection state for dev:**:**:**:E2:18:17
08-01 12:07:52.282 27577 27577 D StatusBarIconController: setIconVisibility icon is null or visibility not change visibility=false
08-01 12:07:52.283 18707 18707 I Bluetooth_stlib: CachedBluetoothDevice: Clearing all connection state for dev:**:**:**:24:11:C5
08-01 12:07:52.284 18707 18707 I Bluetooth_stlib: CachedBluetoothDevice: Clearing all connection state for dev:**:**:**:E2:18:9A
08-01 12:07:52.283 27577 27577 D StatusBarIconController: setIconVisibility icon is null or visibility not change visibility=false
08-01 12:07:52.284 19419 19419 D btservice-BluetoothAdapterService: getAdapterService() - returning com.android.bluetooth.btservice.AdapterService@55178
08-01 12:07:52.285  1147  1988 I Bluetooth_framework: BluetoothManagerService:mBluetoothCallback, onBluetoothStateChange prevState=13, newState=15
08-01 12:07:52.285  1147  1171 D BluetoothManagerService: MESSAGE_BLUETOOTH_STATE_CHANGE: TURNING_OFF > BLE_ON
08-01 12:07:52.285  1147  1171 D BluetoothManagerService: Intermediate off, back to LE only mode
08-01 12:07:52.285  1147  1171 D BluetoothManagerService: Sending BLE State Change: TURNING_OFF > BLE_ON
08-01 12:07:52.285 18707 18707 I Bluetooth_stlib: CachedBluetoothDevice: Clearing all connection state for dev:**:**:**:E2:18:31
08-01 12:07:52.286 18707 18707 I Bluetooth_stlib: CachedBluetoothDevice: Clearing all connection state for dev:**:**:**:40:D5:B2
08-01 12:07:52.286 27577 27577 D StatusBarIconController: setIconVisibility icon is null or visibility not change visibility=false
08-01 12:07:52.287 18707 18707 I Bluetooth_stlib: CachedBluetoothDevice: Clearing all connection state for dev:**:**:**:C8:EE:DD
08-01 12:07:52.287  1147  1171 D BluetoothManagerService: Calling sendBrEdrDownCallback callbacks
08-01 12:07:52.287  1147  1171 D BluetoothManagerService: isBleAppPresent() count: 0
08-01 12:07:52.288  1147  1988 I Bluetooth_framework: BluetoothManagerService:mBluetoothCallback, onBluetoothStateChange prevState=15, newState=16
08-01 12:07:52.288 27577 27577 D StatusBarIconController: setIconVisibility icon is null or visibility not change visibility=false
08-01 12:07:52.288 18707 18707 I Bluetooth_stlib: CachedBluetoothDevice: Clearing all connection state for dev:**:**:**:5C:B8:3B
08-01 12:07:52.288 19419 19436 I bt_btif bt interface: set_adapter_property
08-01 12:07:52.289 18707 18707 I Bluetooth_stlib: CachedBluetoothDevice: Clearing all connection state for dev:**:**:**:68:B5:93
08-01 12:07:52.289 19419 19456 W bt_btm  : BTM_SetDiscoverability
08-01 12:07:52.289 19419 19456 W bt_btm  : BTM_SetConnectability
08-01 12:07:52.290 18707 18707 I Bluetooth_stlib: CachedBluetoothDevice: Clearing all connection state for dev:**:**:**:E2:18:0F
08-01 12:07:52.289 19419 19436 I bt_btif bt interface: disable
08-01 12:07:52.291 18707 18707 I Bluetooth_stlib: CachedBluetoothDevice: Clearing all connection state for dev:**:**:**:26:B0:06
08-01 12:07:52.291 19419 19439 D bt_stack_manager: event_stack_hdl_bt state: 2, evt:3
08-01 12:07:52.291 19419 19439 D bt_stack_manager: event_shut_down_bt is shutting down the stack.
08-01 12:07:52.291 19419 19439 I bt_btif_sock: btif_sock_cleanup thread_stop ok
08-01 12:07:52.292 19419 19460 W bt_osi_thread: run_thread: thread id 19460, thread name btif_sock exited
08-01 12:07:52.292 27577 27577 D StatusBarIconController: setIconVisibility icon is null or visibility not change visibility=false
08-01 12:07:52.292 18707 18707 I Bluetooth_stlib: CachedBluetoothDevice: Clearing all connection state for dev:**:**:**:6B:E6:2E
08-01 12:07:52.293 18707 18707 I Bluetooth_stlib: CachedBluetoothDevice: Clearing all connection state for dev:**:**:**:13:92:D0
08-01 12:07:52.293 19419 19439 I bt_btif_sock: btif_sock_cleanup thread_join ok
08-01 12:07:52.293 27577 27577 D StatusBarIconController: setIconVisibility icon is null or visibility not change visibility=false
08-01 12:07:52.293 19419 19456 E bt_btif : bta_jv_disable
08-01 12:07:52.293 19419 19439 I bt_btif_sock: btif_sock_cleanup btif_sock_cleanup end
08-01 12:07:52.294 19419 19456 W bt_btif : bta_sys_disable: module 0
08-01 12:07:52.294 19419 19456 W bt_btm  : BTM_SetDiscoverability
08-01 12:07:52.294 19419 19456 W bt_btm  : BTM_SetConnectability
08-01 12:07:52.294 19419 19456 W bt_btif : bta_dm_disable BTA_DISABLE_DELAY set to 200 ms
08-01 12:07:52.294 19419 19439 I bt_core_module: module_shut_down Shutting down module "btif_config_module"
08-01 12:07:52.294 18707 18707 I Bluetooth_stlib: CachedBluetoothDevice: Clearing all connection state for dev:**:**:**:E2:18:E2
08-01 12:07:52.294  1147 19486 E GrabService: accept sercer socket error.
08-01 12:07:52.295 19063 19063 I iConnect: ConnectService:onUnbind
08-01 12:07:52.295 18707 18707 I Bluetooth_stlib: CachedBluetoothDevice: Clearing all connection state for dev:**:**:**:E2:18:C2
08-01 12:07:52.295 27577 27577 D StatusBarIconController: setIconVisibility icon is null or visibility not change visibility=false
08-01 12:07:52.296 18707 18707 I Bluetooth_stlib: CachedBluetoothDevice: Clearing all connection state for dev:**:**:**:E2:19:AE
08-01 12:07:52.297 18707 18707 I Bluetooth_stlib: CachedBluetoothDevice: Clearing all connection state for dev:**:**:**:46:45:08
08-01 12:07:52.298 27577 27577 D StatusBarIconController: setIconVisibility icon is null or visibility not change visibility=false
08-01 12:07:52.298 18707 18707 I Bluetooth_stlib: CachedBluetoothDevice: Clearing all connection state for dev:**:**:**:E2:18:26
08-01 12:07:52.298 27577 27577 D StatusBarIconController: setIconVisibility icon is null or visibility not change visibility=false
08-01 12:07:52.299 18707 18707 I Bluetooth_stlib: CachedBluetoothDevice: Clearing all connection state for dev:**:**:**:F0:0E:F4
08-01 12:07:52.299 27577 27577 D StatusBarIconController: setIconVisibility icon is null or visibility not change visibility=false
08-01 12:07:52.300 18707 18707 I Bluetooth_stlib: CachedBluetoothDevice: Clearing all connection state for dev:**:**:**:F8:D8:97
08-01 12:07:52.300  1147  1171 W ActivityManager: Unbind failed: could not find connection for android.os.BinderProxy@47feb00
08-01 12:07:52.300 18707 18707 I Bluetooth_stlib: CachedBluetoothDevice: Clearing all connection state for dev:**:**:**:FA:50:57
08-01 12:07:52.301 27577 27577 D StatusBarIconController: setIconVisibility icon is null or visibility not change visibility=false
08-01 12:07:52.301 18707 18707 I Bluetooth_stlib: CachedBluetoothDevice: Clearing all connection state for dev:**:**:**:27:9F:A0
08-01 12:07:52.303 27577 27577 D StatusBarIconController: setIconVisibility icon is null or visibility not change visibility=false
08-01 12:07:52.304 27577 27577 I chatty  : uid=10039(u0_a39) com.android.systemui identical 1 line
08-01 12:07:52.305 27577 27577 D StatusBarIconController: setIconVisibility icon is null or visibility not change visibility=false
08-01 12:07:52.306 19095 19095 I HwInstantOnline-InstantOnlineService: onUnbind: start0
08-01 12:07:52.306 19095 19095 I HwInstantOnline-InstantOnlineService: switchDiscoverStatus:false
08-01 12:07:52.306 27577 27577 D StatusBarIconController: setIconVisibility icon is null or visibility not change visibility=false
08-01 12:07:52.306 19095 19095 I HwInstantOnline-NearbyWrapper: setDiscoverStatus: false
08-01 12:07:52.306 19095 19095 E HwInstantOnline-NearbyWrapper: setDiscoverStatus: adapter is null
08-01 12:07:52.306 19095 19095 I HwInstantOnline-InstantOnlineService: onDestroy: start
08-01 12:07:52.307 27577 27577 D StatusBarIconController: setIconVisibility icon is null or visibility not change visibility=false
08-01 12:07:52.308 27577 27577 I chatty  : uid=10039(u0_a39) com.android.systemui identical 2 lines
08-01 12:07:52.309 27577 27577 D StatusBarIconController: setIconVisibility icon is null or visibility not change visibility=false
08-01 12:07:52.310  1147  1171 I Bluetooth_framework: BluetoothManagerService:isStandardBroadcast=true, prevState=13, newState=10
08-01 12:07:52.310  1147  1171 I Bluetooth_framework: BluetoothManagerService:send ACTION_STATE_CHANGED, newState=10, prevState=13
08-01 12:07:52.310 27577 27577 D StatusBarIconController: setIconVisibility icon is null or visibility not change visibility=false
08-01 12:07:52.312  1147  1171 D BluetoothManagerService: MESSAGE_BLUETOOTH_STATE_CHANGE: BLE_ON > BLE_TURNING_OFF
08-01 12:07:52.312  1147  1171 D BluetoothManagerService: Sending BLE State Change: BLE_ON > BLE_TURNING_OFF
08-01 12:07:52.312 27577 27577 D StatusBarIconController: setIconVisibility icon is null or visibility not change visibility=false
08-01 12:07:52.313  1147  1171 I Bluetooth_framework: BluetoothManagerService:isStandardBroadcast=false, prevState=15, newState=16
08-01 12:07:52.313 27577 27577 D StatusBarIconController: setIconVisibility icon is null or visibility not change visibility=false
08-01 12:07:52.314 19109 19109 I HwShare : HuaweiIdInfoGetter:===>unRegisterAccountReceiver
08-01 12:07:52.314 19109 19109 I HwShare : HuaweiIdInfoGetter:===>unRegisterAccountReceiver start
08-01 12:07:52.315  1072  1096 I OAM     : [check_file_size:505]/data/log/hi110x/bfg_log/bfg_log_1 log file beyond size=10240Byte, creat new file
08-01 12:07:52.315 19063 19063 I iConnect: ConnectService:onDestroy
08-01 12:07:52.316  1072  1096 I OAM     : [rename_old_file:210]rename_old_file
08-01 12:07:52.316  1072  1096 I OAM     :
08-01 12:07:52.316 27577 27577 D StatusBarIconController: setIconVisibility icon is null or visibility not change visibility=false
08-01 12:07:52.317 27577 27577 I chatty  : uid=10039(u0_a39) com.android.systemui identical 1 line
08-01 12:07:52.317 27577 27577 D StatusBarIconController: setIconVisibility icon is null or visibility not change visibility=false
08-01 12:07:52.318  1886  2035 I BluetoothState: bluetooth state off
08-01 12:07:52.318  1886  2035 I StateActionFactory: not make action for msgId: 336
08-01 12:07:52.318  1147  1147 D TAG     : bluetooth off, stop all bluetooch thread.
08-01 12:07:52.318  1147  1147 D BluetoothSocket: close() this: android.bluetooth.BluetoothSocket@5b1797e, mSocketState: LISTENING
08-01 12:07:52.319  1147  1147 D Telecom-BluetoothPhoneService: Bluetooth Adapter state: 10
08-01 12:07:52.319  1147  1394 D GrabService: bluetooth is disconnect
08-01 12:07:52.321 19419 19419 D btservice-BluetoothPhonePolicy: Received intent Intent { act=android.bluetooth.adapter.action.STATE_CHANGED flg=0x15000010 (has extras) }
08-01 12:07:52.322 19419 19439 I bt_core_module: module_shut_down Shutdown of module "btif_config_module" completed
08-01 12:07:52.323 18707 18707 I Bluetooth_settings: BluetoothSettings: onCreateOptionsMenu() --mInPairing:false
08-01 12:07:52.323 27577 27756 I BluetoothEventManager: AdapterStateChangedHandler settings setup bt:0
08-01 12:07:52.323 19077 19136 I nearby  : BcApi:handleMessage what=3 arg1=10 arg2=0 device=ll
08-01 12:07:52.323 27577 27756 I BluetoothEventManager: setup bt from systemUI or thirty app
08-01 12:07:52.323 19077 19136 W nearby  : BcApi:handleMessage MESSAGE_BLUETOOTH_STATE_CHANGE 10
08-01 12:07:52.323 27577 27756 I Bluetooth_stlib: BluetoothDiscoverableTimeoutReceiver:cancelDiscoverableAlarm(): Enter
08-01 12:07:52.327 27577 27577 D StatusBarIconController: setIconVisibility icon is null or visibility not change visibility=false
08-01 12:07:52.329 27577 27756 I Bluetooth_stlib: CachedBluetoothDevice: Clearing all connection state for dev:**:**:**:E0:8B:CA
08-01 12:07:52.329 27577 27756 I Bluetooth_stlib: CachedBluetoothDevice: Clearing all connection state for dev:**:**:**:5A:D9:A7
08-01 12:07:52.329 27577 27756 I Bluetooth_stlib: CachedBluetoothDevice: Clearing all connection state for dev:**:**:**:E2:18:1B
08-01 12:07:52.329 27577 27756 I Bluetooth_stlib: CachedBluetoothDevice: Clearing all connection state for dev:**:**:**:10:D7:C6
08-01 12:07:52.330 27577 27756 I Bluetooth_stlib: CachedBluetoothDevice: Clearing all connection state for dev:**:**:**:0E:0F:6C
08-01 12:07:52.330 27577 27756 I Bluetooth_stlib: CachedBluetoothDevice: Clearing all connection state for dev:**:**:**:E2:18:17
08-01 12:07:52.330 27577 27756 I Bluetooth_stlib: CachedBluetoothDevice: Clearing all connection state for dev:**:**:**:24:11:C5
08-01 12:07:52.330 27577 27756 I Bluetooth_stlib: CachedBluetoothDevice: Clearing all connection state for dev:**:**:**:E2:18:9A
08-01 12:07:52.330 27577 27756 I Bluetooth_stlib: CachedBluetoothDevice: Clearing all connection state for dev:**:**:**:E2:18:31
08-01 12:07:52.330 27577 27756 I Bluetooth_stlib: CachedBluetoothDevice: Clearing all connection state for dev:**:**:**:40:D5:B2
08-01 12:07:52.330 27577 27756 I Bluetooth_stlib: CachedBluetoothDevice: Clearing all connection state for dev:**:**:**:C8:EE:DD
08-01 12:07:52.330 27577 27756 I Bluetooth_stlib: CachedBluetoothDevice: Clearing all connection state for dev:**:**:**:5C:B8:3B
08-01 12:07:52.330 27577 27756 I Bluetooth_stlib: CachedBluetoothDevice: Clearing all connection state for dev:**:**:**:68:B5:93
08-01 12:07:52.330 27577 27756 I Bluetooth_stlib: CachedBluetoothDevice: Clearing all connection state for dev:**:**:**:E2:18:0F
08-01 12:07:52.330 27577 27756 I Bluetooth_stlib: CachedBluetoothDevice: Clearing all connection state for dev:**:**:**:26:B0:06
08-01 12:07:52.330 27577 27756 I Bluetooth_stlib: CachedBluetoothDevice: Clearing all connection state for dev:**:**:**:6B:E6:2E
08-01 12:07:52.330 27577 27756 I Bluetooth_stlib: CachedBluetoothDevice: Clearing all connection state for dev:**:**:**:13:92:D0
08-01 12:07:52.330 27577 27756 I Bluetooth_stlib: CachedBluetoothDevice: Clearing all connection state for dev:**:**:**:E2:18:E2
08-01 12:07:52.330 27577 27756 I Bluetooth_stlib: CachedBluetoothDevice: Clearing all connection state for dev:**:**:**:E2:18:C2
08-01 12:07:52.330 27577 27756 I Bluetooth_stlib: CachedBluetoothDevice: Clearing all connection state for dev:**:**:**:E2:19:AE
08-01 12:07:52.330 27577 27756 I Bluetooth_stlib: CachedBluetoothDevice: Clearing all connection state for dev:**:**:**:46:45:08
08-01 12:07:52.330 27577 27756 I Bluetooth_stlib: CachedBluetoothDevice: Clearing all connection state for dev:**:**:**:E2:18:26
08-01 12:07:52.330 27577 27756 I Bluetooth_stlib: CachedBluetoothDevice: Clearing all connection state for dev:**:**:**:F0:0E:F4
08-01 12:07:52.330 27577 27756 I Bluetooth_stlib: CachedBluetoothDevice: Clearing all connection state for dev:**:**:**:F8:D8:97
08-01 12:07:52.330 27577 27756 I Bluetooth_stlib: CachedBluetoothDevice: Clearing all connection state for dev:**:**:**:FA:50:57
08-01 12:07:52.330 27577 27756 I Bluetooth_stlib: CachedBluetoothDevice: Clearing all connection state for dev:**:**:**:27:9F:A0
08-01 12:07:52.332 19095 19095 I HwInstantOnline-NearbyWrapper: release: start
08-01 12:07:52.332 19095 19095 E HwInstantOnline-NearbyWrapper: release: unregisterReceiver bluetoothReceiver
08-01 12:07:52.332 19095 19095 E HwInstantOnline-NearbyWrapper: java.lang.IllegalArgumentException: Receiver not registered: com.huawei.android.instantonline.iot.nearby.NearbyWrapper$MyBluetoothOpenReceiver@6364f69
08-01 12:07:52.332 19095 19095 E HwInstantOnline-NearbyWrapper: 	at android.app.LoadedApk.forgetReceiverDispatcher(LoadedApk.java:1280)
08-01 12:07:52.332 19095 19095 E HwInstantOnline-NearbyWrapper: 	at android.app.ContextImpl.unregisterReceiver(ContextImpl.java:1629)
08-01 12:07:52.332 19095 19095 E HwInstantOnline-NearbyWrapper: 	at android.content.ContextWrapper.unregisterReceiver(ContextWrapper.java:639)
08-01 12:07:52.332 19095 19095 E HwInstantOnline-NearbyWrapper: 	at com.huawei.android.instantonline.iot.nearby.NearbyWrapper.release(NearbyWrapper.java:111)
08-01 12:07:52.332 19095 19095 E HwInstantOnline-NearbyWrapper: 	at com.huawei.android.instantonline.InstantOnlineService.onDestroy(InstantOnlineService.java:678)
08-01 12:07:52.332 19095 19095 E HwInstantOnline-NearbyWrapper: 	at android.app.ActivityThread.handleStopService(ActivityThread.java:4090)
08-01 12:07:52.332 19095 19095 E HwInstantOnline-NearbyWrapper: 	at android.app.ActivityThread.-wrap27(Unknown Source:0)
08-01 12:07:52.332 19095 19095 E HwInstantOnline-NearbyWrapper: 	at android.app.ActivityThread$H.handleMessage(ActivityThread.java:2025)
08-01 12:07:52.332 19095 19095 E HwInstantOnline-NearbyWrapper: 	at android.os.Handler.dispatchMessage(Handler.java:108)
08-01 12:07:52.332 19095 19095 E HwInstantOnline-NearbyWrapper: 	at android.os.Looper.loop(Looper.java:166)
08-01 12:07:52.332 19095 19095 E HwInstantOnline-NearbyWrapper: 	at android.app.ActivityThread.main(ActivityThread.java:7425)
08-01 12:07:52.332 19095 19095 E HwInstantOnline-NearbyWrapper: 	at java.lang.reflect.Method.invoke(Native Method)
08-01 12:07:52.332 19095 19095 E HwInstantOnline-NearbyWrapper: 	at com.android.internal.os.Zygote$MethodAndArgsCaller.run(Zygote.java:245)
08-01 12:07:52.332 19095 19095 E HwInstantOnline-NearbyWrapper: 	at com.android.internal.os.ZygoteInit.main(ZygoteInit.java:921)
08-01 12:07:52.333 19095 19095 E HwInstantOnline-NearbyWrapper: release: unregisterReceiver bootReceiver
08-01 12:07:52.333 19095 19095 E HwInstantOnline-NearbyWrapper: java.lang.IllegalArgumentException: Receiver not registered: com.huawei.android.instantonline.iot.nearby.NearbyWrapper$MyBroadcastReceiver@e59d28f
08-01 12:07:52.333 19095 19095 E HwInstantOnline-NearbyWrapper: 	at android.app.LoadedApk.forgetReceiverDispatcher(LoadedApk.java:1280)
08-01 12:07:52.333 19095 19095 E HwInstantOnline-NearbyWrapper: 	at android.app.ContextImpl.unregisterReceiver(ContextImpl.java:1629)
08-01 12:07:52.333 19095 19095 E HwInstantOnline-NearbyWrapper: 	at android.content.ContextWrapper.unregisterReceiver(ContextWrapper.java:639)
08-01 12:07:52.333 19095 19095 E HwInstantOnline-NearbyWrapper: 	at com.huawei.android.instantonline.iot.nearby.NearbyWrapper.release(NearbyWrapper.java:116)
08-01 12:07:52.333 19095 19095 E HwInstantOnline-NearbyWrapper: 	at com.huawei.android.instantonline.InstantOnlineService.onDestroy(InstantOnlineService.java:678)
08-01 12:07:52.333 19095 19095 E HwInstantOnline-NearbyWrapper: 	at android.app.ActivityThread.handleStopService(ActivityThread.java:4090)
08-01 12:07:52.333 19095 19095 E HwInstantOnline-NearbyWrapper: 	at android.app.ActivityThread.-wrap27(Unknown Source:0)
08-01 12:07:52.333 19095 19095 E HwInstantOnline-NearbyWrapper: 	at android.app.ActivityThread$H.handleMessage(ActivityThread.java:2025)
08-01 12:07:52.333 19095 19095 E HwInstantOnline-NearbyWrapper: 	at android.os.Handler.dispatchMessage(Handler.java:108)
08-01 12:07:52.333 19095 19095 E HwInstantOnline-NearbyWrapper: 	at android.os.Looper.loop(Looper.java:166)
08-01 12:07:52.333 19095 19095 E HwInstantOnline-NearbyWrapper: 	at android.app.ActivityThread.main(ActivityThread.java:7425)
08-01 12:07:52.333 19095 19095 E HwInstantOnline-NearbyWrapper: 	at java.lang.reflect.Method.invoke(Native Method)
08-01 12:07:52.333 19095 19095 E HwInstantOnline-NearbyWrapper: 	at com.android.internal.os.Zygote$MethodAndArgsCaller.run(Zygote.java:245)
08-01 12:07:52.333 19095 19095 E HwInstantOnline-NearbyWrapper: 	at com.android.internal.os.ZygoteInit.main(ZygoteInit.java:921)
08-01 12:07:52.334 19095 19095 E HwInstantOnline-NearbyWrapper: release: unregisterReceiver huaweiIdReceiver
08-01 12:07:52.334 19095 19095 E HwInstantOnline-NearbyWrapper: java.lang.IllegalArgumentException: Receiver not registered: com.huawei.android.instantonline.iot.nearby.NearbyWrapper$HuaweiIdReceiver@bdb7925
08-01 12:07:52.334 19095 19095 E HwInstantOnline-NearbyWrapper: 	at android.app.LoadedApk.forgetReceiverDispatcher(LoadedApk.java:1280)
08-01 12:07:52.334 19095 19095 E HwInstantOnline-NearbyWrapper: 	at android.app.ContextImpl.unregisterReceiver(ContextImpl.java:1629)
08-01 12:07:52.334 19095 19095 E HwInstantOnline-NearbyWrapper: 	at android.content.ContextWrapper.unregisterReceiver(ContextWrapper.java:639)
08-01 12:07:52.334 19095 19095 E HwInstantOnline-NearbyWrapper: 	at com.huawei.android.instantonline.iot.nearby.NearbyWrapper.release(NearbyWrapper.java:122)
08-01 12:07:52.334 19095 19095 E HwInstantOnline-NearbyWrapper: 	at com.huawei.android.instantonline.InstantOnlineService.onDestroy(InstantOnlineService.java:678)
08-01 12:07:52.334 19095 19095 E HwInstantOnline-NearbyWrapper: 	at android.app.ActivityThread.handleStopService(ActivityThread.java:4090)
08-01 12:07:52.334 19095 19095 E HwInstantOnline-NearbyWrapper: 	at android.app.ActivityThread.-wrap27(Unknown Source:0)
08-01 12:07:52.334 19095 19095 E HwInstantOnline-NearbyWrapper: 	at android.app.ActivityThread$H.handleMessage(ActivityThread.java:2025)
08-01 12:07:52.334 19095 19095 E HwInstantOnline-NearbyWrapper: 	at android.os.Handler.dispatchMessage(Handler.java:108)
08-01 12:07:52.334 19095 19095 E HwInstantOnline-NearbyWrapper: 	at android.os.Looper.loop(Looper.java:166)
08-01 12:07:52.334 19095 19095 E HwInstantOnline-NearbyWrapper: 	at android.app.ActivityThread.main(ActivityThread.java:7425)
08-01 12:07:52.334 19095 19095 E HwInstantOnline-NearbyWrapper: 	at java.lang.reflect.Method.invoke(Native Method)
08-01 12:07:52.334 19095 19095 E HwInstantOnline-NearbyWrapper: 	at com.android.internal.os.Zygote$MethodAndArgsCaller.run(Zygote.java:245)
08-01 12:07:52.334 19095 19095 E HwInstantOnline-NearbyWrapper: 	at com.android.internal.os.ZygoteInit.main(ZygoteInit.java:921)
08-01 12:07:52.339 19109 19109 E HwShare : HwShareAdapter:==>error unbindService Service not registered: com.huawei.android.hwshare.common.HwShareAdapter$DTCPServiceConnection@5200643
08-01 12:07:52.342 18707 18707 I Bluetooth_settings: BluetoothEnabler:onReceive Action = android.bluetooth.adapter.action.STATE_CHANGED, bluetooth adapter state = 13, getBluetoothState = 10
08-01 12:07:52.342 18707 18707 I Bluetooth_settings: BluetoothEnabler:handleStateChanged STATE_TURNING_OFF: enable false
08-01 12:07:52.347 18707 18707 W ContextImpl: Calling a method in the system process without a qualified user: android.app.ContextImpl.startService:1656 android.content.ContextWrapper.startService:644 android.content.ContextWrapper.startService:644 com.android.settings.bluetooth.DockEventReceiver.beginStartingService:161 com.android.settings.bluetooth.DockEventReceiver.onReceive:141
08-01 12:07:52.354 18707 18707 I Bluetooth_settings: BluetoothSettings:onScanningStateChanged started:false
08-01 12:07:52.356 18707 18707 V BluetoothDiscoveryReceiver: Received: android.bluetooth.adapter.action.DISCOVERY_FINISHED
08-01 12:07:52.356 18707 18707 I BluetoothEventManager: onHeadsetServiceDisconnected...
08-01 12:07:52.356 18707 18707 I Bluetooth_stlib: HeadsetProfile:Bluetooth service disconnected
08-01 12:07:52.356 18707 18707 D BluetoothA2dp: Proxy object disconnected
08-01 12:07:52.356 18707 18707 I Bluetooth_stlib: A2dpProfile:Bluetooth service disconnected
08-01 12:07:52.356 18707 18707 D BluetoothInputDevice: Proxy object disconnected
08-01 12:07:52.356 18707 18707 I Bluetooth_stlib: HidProfile:Bluetooth service disconnected
08-01 12:07:52.356 18707 18707 D BluetoothPan: BluetoothPAN Proxy object disconnected
08-01 12:07:52.356 18707 18707 I Bluetooth_stlib: PanProfile:Bluetooth service disconnected
08-01 12:07:52.356 18707 18707 D BluetoothMap: Proxy object disconnected
08-01 12:07:52.357 18707 18707 I Bluetooth_stlib: MapProfile:Bluetooth service disconnected
08-01 12:07:52.357 18707 18707 D BluetoothPbap: Proxy object disconnected
08-01 12:07:52.357 18707 18707 I Bluetooth_stlib: PbapServerProfile:Bluetooth service disconnected
08-01 12:07:52.362 18707 18707 I BluetoothEventManager: AdapterStateChangedHandler settings setup bt:0
08-01 12:07:52.363 18707 18707 I BluetoothEventManager: setup bt from systemUI or thirty app
08-01 12:07:52.363 18707 18707 I Bluetooth_stlib: BluetoothDiscoverableTimeoutReceiver:cancelDiscoverableAlarm(): Enter
08-01 12:07:52.363  1147 16179 V BroadcastQueue: Finished with ordered broadcast BroadcastRecord{2a85d83 u0 android.bluetooth.adapter.action.DISCOVERY_FINISHED}
08-01 12:07:52.365 18707 18707 I Bluetooth_settings: BluetoothSettings:onBluetoothStateChanged
08-01 12:07:52.367 18707 18707 I Bluetooth_stlib: CachedBluetoothDevice: Clearing all connection state for dev:**:**:**:E0:8B:CA
08-01 12:07:52.368 18707 18707 I Bluetooth_stlib: CachedBluetoothDevice: Clearing all connection state for dev:**:**:**:5A:D9:A7
08-01 12:07:52.368 18707 18707 I Bluetooth_stlib: CachedBluetoothDevice: Clearing all connection state for dev:**:**:**:E2:18:1B
08-01 12:07:52.368 18707 18707 I Bluetooth_stlib: CachedBluetoothDevice: Clearing all connection state for dev:**:**:**:10:D7:C6
08-01 12:07:52.368 18707 18707 I Bluetooth_stlib: CachedBluetoothDevice: Clearing all connection state for dev:**:**:**:0E:0F:6C
08-01 12:07:52.368 18707 18707 I Bluetooth_stlib: CachedBluetoothDevice: Clearing all connection state for dev:**:**:**:E2:18:17
08-01 12:07:52.368 18707 18707 I Bluetooth_stlib: CachedBluetoothDevice: Clearing all connection state for dev:**:**:**:24:11:C5
08-01 12:07:52.368 18707 18707 I Bluetooth_stlib: CachedBluetoothDevice: Clearing all connection state for dev:**:**:**:E2:18:9A
08-01 12:07:52.368 18707 18707 I Bluetooth_stlib: CachedBluetoothDevice: Clearing all connection state for dev:**:**:**:E2:18:31
08-01 12:07:52.368 18707 18707 I Bluetooth_stlib: CachedBluetoothDevice: Clearing all connection state for dev:**:**:**:40:D5:B2
08-01 12:07:52.368 18707 18707 I Bluetooth_stlib: CachedBluetoothDevice: Clearing all connection state for dev:**:**:**:C8:EE:DD
08-01 12:07:52.368 18707 18707 I Bluetooth_stlib: CachedBluetoothDevice: Clearing all connection state for dev:**:**:**:5C:B8:3B
08-01 12:07:52.368 18707 18707 I Bluetooth_stlib: CachedBluetoothDevice: Clearing all connection state for dev:**:**:**:68:B5:93
08-01 12:07:52.368 18707 18707 I Bluetooth_stlib: CachedBluetoothDevice: Clearing all connection state for dev:**:**:**:E2:18:0F
08-01 12:07:52.368 18707 18707 I Bluetooth_stlib: CachedBluetoothDevice: Clearing all connection state for dev:**:**:**:26:B0:06
08-01 12:07:52.368 18707 18707 I Bluetooth_stlib: CachedBluetoothDevice: Clearing all connection state for dev:**:**:**:6B:E6:2E
08-01 12:07:52.368 18707 18707 I Bluetooth_stlib: CachedBluetoothDevice: Clearing all connection state for dev:**:**:**:13:92:D0
08-01 12:07:52.368 18707 18707 I Bluetooth_stlib: CachedBluetoothDevice: Clearing all connection state for dev:**:**:**:E2:18:E2
08-01 12:07:52.368 18707 18707 I Bluetooth_stlib: CachedBluetoothDevice: Clearing all connection state for dev:**:**:**:E2:18:C2
08-01 12:07:52.368 18707 18707 I Bluetooth_stlib: CachedBluetoothDevice: Clearing all connection state for dev:**:**:**:E2:19:AE
08-01 12:07:52.368 18707 18707 I Bluetooth_stlib: CachedBluetoothDevice: Clearing all connection state for dev:**:**:**:46:45:08
08-01 12:07:52.368 18707 18707 I Bluetooth_stlib: CachedBluetoothDevice: Clearing all connection state for dev:**:**:**:E2:18:26
08-01 12:07:52.368 18707 18707 I Bluetooth_stlib: CachedBluetoothDevice: Clearing all connection state for dev:**:**:**:F0:0E:F4
08-01 12:07:52.368 18707 18707 I Bluetooth_stlib: CachedBluetoothDevice: Clearing all connection state for dev:**:**:**:F8:D8:97
08-01 12:07:52.368 18707 18707 I Bluetooth_stlib: CachedBluetoothDevice: Clearing all connection state for dev:**:**:**:FA:50:57
08-01 12:07:52.368 18707 18707 I Bluetooth_stlib: CachedBluetoothDevice: Clearing all connection state for dev:**:**:**:27:9F:A0
08-01 12:07:52.370 18707 18707 I Bluetooth_settings: BluetoothEnabler:onReceive Action = android.bluetooth.adapter.action.STATE_CHANGED, bluetooth adapter state = 10, getBluetoothState = 10
08-01 12:07:52.370 18707 18707 I Bluetooth_settings: BluetoothEnabler:handleStateChanged STATE_OFF: check false, enable true
08-01 12:07:52.372 18707 18707 I Bluetooth_settings: BluetoothEnabler:BT-Disable-ST  end disable bt
08-01 12:07:52.380 18707 18707 I Bluetooth_settings: BluetoothSettings: onCreateOptionsMenu() --mInPairing:false
08-01 12:07:52.395 18707 18707 D DockEventReceiver: finishStartingService: stopping service
08-01 12:07:52.406 18707 18707 D SettingsAppWidgetProvider: enable buttons...
08-01 12:07:52.406 18707 18707 D SettingsAppWidgetProvider: buttons enabled!
08-01 12:07:52.406 18707 18707 D SettingsAppWidgetProvider: getActualWifiState = 3
08-01 12:07:52.420 18707 18728 D Index   : Deleting data for locale 'zh_CN_#Hans' took 8 millis
08-01 12:07:52.424  3188  3188 I HiBoard_IntelligentBluetoothReceiver: onReceive ,intent:Intent { act=android.bluetooth.adapter.action.STATE_CHANGED flg=0x15000010 cmp=com.huawei.intelligent/.main.receiver.IntelligentBluetoothReceiver (has extras) }
08-01 12:07:52.424  1147  1401 D HwArpVerifier: performPollAndLog:
08-01 12:07:52.425 18707 18728 D Index   : Indexing locale 'zh_CN_#Hans' took 4 millis
08-01 12:07:52.426  1147  1401 D hw_netstat: total/92/92,android.uid.system:1000/92/52,com.huawei.appmarket/0/40
08-01 12:07:52.460  2983 21282 I HiBoard_HiBoardProvider: call method: getUserProtocolState
08-01 12:07:52.465  3188 19511 I HiBoard_IntelligentProvider: query data
08-01 12:07:52.490  1147  1883 V BroadcastQueue: Finished with ordered broadcast BroadcastRecord{466cc32 u-1 android.bluetooth.adapter.action.STATE_CHANGED}
08-01 12:07:52.493  3188 19511 I IntelligentIntentService: eventAction :class com.huawei.intelligent.main.businesslogic.parkingcar.a
08-01 12:07:52.493  3188 19511 I HiBoard_a: action: android.bluetooth.adapter.action.STATE_CHANGED
08-01 12:07:52.495 19419 19456 W bt_btif :  bta_dm_disable_conn_down_timer_cback() : Sends disable event to application
08-01 12:07:52.495 19419 19456 W bt_btif : bta_sys_hw_api_disable for 0, active modules: 0x0001
08-01 12:07:52.495 19419 19456 W bt_btif : bta_sys_disable: module 0
08-01 12:07:52.495 19419 19456 W bt_btif : call bta_sys_hw_co_disable
08-01 12:07:52.495 19419 19456 W bt_btif : bta_sys_hw_evt_disabled - module 0x0
08-01 12:07:52.495 19419 19456 W bt_btif : bta_dm_sys_hw_cback with event: 0
08-01 12:07:52.496 19419 19444 W bt_btif : btif_dm_disable_bt_services
08-01 12:07:52.496 19419 19444 W bt_btif : btif_dm_disable_bt_services i=29
08-01 12:07:52.496 19419 19444 W bt_btif : bte_main_disable
08-01 12:07:52.497 19419 19444 I bt_core_module: module_shut_down Shutting down module "hci_module"
08-01 12:07:52.497 19419 19444 I bt_hci  : hci_module_shut_down
08-01 12:07:52.497 19419 19453 W bt_osi_thread: run_thread: thread id 19453, thread name hci_thread exited
08-01 12:07:52.498   639  1129 I android.hardware.bluetooth@1.0-impl: BluetoothHci::close()
08-01 12:07:52.498   639  1129 D android.hardware.bluetooth@1.0-impl: low_power_mode_cb result: 0
08-01 12:07:52.498   639  1129 I         : bt uart_close
08-01 12:07:52.499   639  1129 I         : bt uart_close exit
08-01 12:07:52.499   639  1129 I         : [vendor/hisi/connectivity/hal/bt_service/priv/hal/src/bt_vendor_hisi.c: set_bt_power 162][bt_vendor] set_bt_power: val=0, ignore!
08-01 12:07:52.499   639  1129 I         : [vendor/hisi/connectivity/hal/bt_service/priv/hal/src/bt_vendor_hisi.c: hisi_cleanup 886][bt_vendor] cleanup
08-01 12:07:52.499   639  1129 I INI_SO  : [ini_module_fini:774]ini module fini func
08-01 12:07:52.500 19419 19444 I bt_core_module: module_shut_down Shutdown of module "hci_module" completed
08-01 12:07:52.500 19419 19444 I bt_core_module: module_shut_down Shutting down module "btsnoop_module"
08-01 12:07:52.500 19419 19444 I bt_core_module: module_shut_down Shutdown of module "btsnoop_module" completed
08-01 12:07:52.501 19419 19444 I bt_core_module: module_clean_up Cleaning up module "bte_logmsg_module"
08-01 12:07:52.501 19419 19444 I bt_core_module: module_clean_up Cleanup of module "bte_logmsg_module" completed
08-01 12:07:52.501 19419 19456 W bt_osi_thread: run_thread: thread id 19456, thread name bt_workqueue exited
08-01 12:07:52.501 19419 19444 W bt_btif : warning : fm task already off
08-01 12:07:52.502 19419 19439 I bt_core_module: module_shut_down Shutting down module "controller_module"
08-01 12:07:52.502 19419 19439 I bt_core_module: module_shut_down Shutdown of module "controller_module" completed
08-01 12:07:52.502 19419 19439 D bt_stack_manager: event_shut_down_bt finished.
08-01 12:07:52.502 19419 19444 D bt_stack_manager: event_signal_stack_down state:1
08-01 12:07:52.509   638   728 I ArData  : (ar_data_netlink_cb:789):cmd[2].length[20]
08-01 12:07:52.526 18707 18707 W ContextImpl: Calling a method in the system process without a qualified user: android.app.ContextImpl.startService:1656 android.content.ContextWrapper.startService:644 android.content.ContextWrapper.startService:644 com.android.settings.bluetooth.DockEventReceiver.beginStartingService:161 com.android.settings.bluetooth.DockEventReceiver.onReceive:141
08-01 12:07:52.528 19419 19419 D gatt-DebugUtils: handleDebugAction() action=null
08-01 12:07:52.528 19419 19419 D btservice-BluetoothAdapterService: getAdapterService() - returning com.android.bluetooth.btservice.AdapterService@55178
08-01 12:07:52.529 19419 19419 D gatt-GattService: Received stop request...Stopping profile...
08-01 12:07:52.534 19419 19419 D btservice-BluetoothAdapterService: getAdapterService() - returning com.android.bluetooth.btservice.AdapterService@55178
08-01 12:07:52.539 18707 18707 D DockEventReceiver: finishStartingService: stopping service
08-01 12:07:52.539  1147  1919 I Bluetooth_framework: BluetoothManagerService:mBluetoothCallback, onBluetoothStateChange prevState=16, newState=10
08-01 12:07:52.540  1147  1171 D BluetoothManagerService: MESSAGE_BLUETOOTH_STATE_CHANGE: BLE_TURNING_OFF > OFF
08-01 12:07:52.540  1147  1171 D BluetoothManagerService: Bluetooth is complete send Service Down
08-01 12:07:52.540  1147  1171 I Bluetooth_framework: BluetoothManagerService:Broadcasting onBluetoothStateChange(false) to 26 receivers.
08-01 12:07:52.540  1147  1171 D BluetoothHeadset: onBluetoothStateChange: up=false
08-01 12:07:52.540  1147  1171 D BluetoothHeadset: Proxy object disconnected
08-01 12:07:52.540  1147  1171 D BluetoothHeadset: onBluetoothStateChange: up=false
08-01 12:07:52.540  1147  1171 D BluetoothHeadset: Proxy object disconnected
08-01 12:07:52.540  1147  1171 D BluetoothA2dp: onBluetoothStateChange: up=false
08-01 12:07:52.540  1147  1147 D HwCHRWifiRelatedStateMonitor:   mBluetoothHeadset onServiceDisconnected
08-01 12:07:52.542 27577 28631 D BluetoothHeadset: onBluetoothStateChange: up=false
08-01 12:07:52.542  1818 11392 D BluetoothA2dp: onBluetoothStateChange: up=false
08-01 12:07:52.542 18707 18719 D BluetoothPan: onBluetoothStateChange on: false
08-01 12:07:52.543 18707 18819 D BluetoothPbap: onBluetoothStateChange: up=false
08-01 12:07:52.543  1147  1171 D BluetoothHeadset: onBluetoothStateChange: up=false
08-01 12:07:52.543 18707 19317 D BluetoothInputDevice: onBluetoothStateChange: up=false
08-01 12:07:52.543 27577 27755 D BluetoothA2dp: onBluetoothStateChange: up=false
08-01 12:07:52.543  1147  1171 D BluetoothHeadset: Proxy object disconnected
08-01 12:07:52.543  1147  1171 D BluetoothA2dp: onBluetoothStateChange: up=false
08-01 12:07:52.543 27577 28714 D BluetoothHeadset: onBluetoothStateChange: up=false
08-01 12:07:52.543 27577 27758 D BluetoothHeadset: Proxy object disconnected
08-01 12:07:52.543 27577 29177 D BluetoothPan: onBluetoothStateChange on: false
08-01 12:07:52.543 27577 29042 D BluetoothHeadset: onBluetoothStateChange: up=false
08-01 12:07:52.544  1818  1923 D BluetoothHeadset: onBluetoothStateChange: up=false
08-01 12:07:52.544 27577 28631 D BluetoothHeadset: Proxy object disconnected
08-01 12:07:52.544 27577 27577 I Bluetooth_stlib: HeadsetProfile:Bluetooth service disconnected
08-01 12:07:52.544  1818  3355 D BluetoothHeadset: Proxy object disconnected
08-01 12:07:52.544 27577 28631 D BluetoothHeadset: Proxy object disconnected
08-01 12:07:52.544 27577 27577 I BluetoothEventManager: onHeadsetServiceDisconnected...
08-01 12:07:52.545  1147  1147 I Telecom-BluetoothDeviceManager: Lost BluetoothHeadset service. Removing all tracked devices.
08-01 12:07:52.545 19419 19433 D BluetoothA2dp: onBluetoothStateChange: up=false
08-01 12:07:52.550  1147  1171 D BluetoothHeadset: onBluetoothStateChange: up=false
08-01 12:07:52.550 27577 28714 D BluetoothPbap: onBluetoothStateChange: up=false
08-01 12:07:52.550  1147  1171 D BluetoothHeadset: Proxy object disconnected
08-01 12:07:52.551 18707 19317 D BluetoothMap: onBluetoothStateChange: up=false
08-01 12:07:52.551  1901  1915 D BluetoothHeadset: onBluetoothStateChange: up=false
08-01 12:07:52.551 18707 18928 D BluetoothHeadset: onBluetoothStateChange: up=false
08-01 12:07:52.551 18707 19199 D BluetoothHeadset: Proxy object disconnected
08-01 12:07:52.551 18707 19209 D BluetoothHeadset: onBluetoothStateChange: up=false
08-01 12:07:52.551  1147  1171 I Bluetooth_framework: BluetoothManagerService:Calling onBluetoothServiceDown callbacks
08-01 12:07:52.552 18707 18707 I Bluetooth_stlib: HeadsetProfile:Bluetooth service disconnected
08-01 12:07:52.552 18707 19199 D BluetoothHeadset: Proxy object disconnected
08-01 12:07:52.552 19419 19461 D BluetoothAdapter: onBluetoothServiceDown: com.android.bluetooth.btservice.AdapterService$AdapterServiceBinder@695d889
08-01 12:07:52.552 19077 19089 D BluetoothAdapter: onBluetoothServiceDown: android.bluetooth.IBluetooth$Stub$Proxy@ebaff52
08-01 12:07:52.552  1147  1171 D BluetoothAdapter: onBluetoothServiceDown: android.bluetooth.IBluetooth$Stub$Proxy@1132b4e
08-01 12:07:52.552 18707 18707 I BluetoothEventManager: onHeadsetServiceDisconnected...
08-01 12:07:52.552  1818  1923 D BluetoothHeadset: onBluetoothStateChange: up=false
08-01 12:07:52.552 27577 28631 D BluetoothInputDevice: onBluetoothStateChange: up=false
08-01 12:07:52.552  5130  5142 D BluetoothAdapter: onBluetoothServiceDown: android.bluetooth.IBluetooth$Stub$Proxy@d686e59
08-01 12:07:52.552 18707 18819 D BluetoothA2dp: onBluetoothStateChange: up=false
08-01 12:07:52.552  1147  1147 D AudioService: onServiceDisconnected profile=1
08-01 12:07:52.552  1901  2123 D BluetoothAdapter: onBluetoothServiceDown: android.bluetooth.IBluetooth$Stub$Proxy@51b2eb7
08-01 12:07:52.553  1147  1171 D BluetoothManagerService: unbindAndFinish(): android.bluetooth.IBluetooth$Stub$Proxy@1132b4e mBinding = false mUnbinding = false
08-01 12:07:52.553 19095 19125 D BluetoothAdapter: onBluetoothServiceDown: android.bluetooth.IBluetooth$Stub$Proxy@7343b4a
08-01 12:07:52.553 19109 19122 D BluetoothAdapter: onBluetoothServiceDown: android.bluetooth.IBluetooth$Stub$Proxy@56eb79a
08-01 12:07:52.553  1901  2123 D BluetoothHeadset: Proxy object disconnected
08-01 12:07:52.553  9563 11578 D BluetoothAdapter: onBluetoothServiceDown: android.bluetooth.IBluetooth$Stub$Proxy@6c2da8a
08-01 12:07:52.554  1886  1898 D BluetoothAdapter: onBluetoothServiceDown: android.bluetooth.IBluetooth$Stub$Proxy@2ee28cd
08-01 12:07:52.554  1818  2872 D BluetoothHeadset: Proxy object disconnected
08-01 12:07:52.554 19063 19075 D BluetoothAdapter: onBluetoothServiceDown: android.bluetooth.IBluetooth$Stub$Proxy@7be7fea
08-01 12:07:52.554 18707 18928 D BluetoothAdapter: onBluetoothServiceDown: android.bluetooth.IBluetooth$Stub$Proxy@5f9f1bf
08-01 12:07:52.554 27577 27758 D BluetoothAdapter: onBluetoothServiceDown: android.bluetooth.IBluetooth$Stub$Proxy@3d0cb51
08-01 12:07:52.555  1818  3355 D BluetoothAdapter: onBluetoothServiceDown: android.bluetooth.IBluetooth$Stub$Proxy@639e217
08-01 12:07:52.572  1147  1171 D BluetoothManagerService: Sending BLE State Change: BLE_TURNING_OFF > OFF
08-01 12:07:52.577 19419 19419 W BluetoothSdpJni: Cleaning up Bluetooth SDP Interface...
08-01 12:07:52.577 19419 19419 W BluetoothSdpJni: Cleaning up Bluetooth SDP object
