08-01 12:07:52.577  1147  1171 I Bluetooth_framework: BluetoothManagerService:isStandardBroadcast=false, prevState=16, newState=10
08-01 12:07:52.578 19419 19419 I bt_btif bt interface: cleanup
08-01 12:07:52.578 19419 19419 D bt_stack_manager: event_stack_hdl_init state: 1, evt:5
08-01 12:07:52.578 19419 19419 D bt_stack_manager: event_clean_up_stack start.
08-01 12:07:52.578 19419 19419 W bt_btif : HAL bt_hal_cbacks->thread_evt_cb
08-01 12:07:52.579 19419 19419 E BluetoothServiceJni: Callback: 'callback_thread_event' is not called on the correct thread
08-01 12:07:52.579 19419 19419 I bt_btif_queue: btif_queue_release
08-01 12:07:52.579 19419 19444 W bt_osi_thread: run_thread: thread id 19444, thread name bt_jni_workqueue exited
08-01 12:07:52.580 19419 19419 I bt_core_module: module_clean_up Cleaning up module "stack_config_module"
08-01 12:07:52.580 19419 19419 I bt_core_module: module_clean_up Cleanup of module "stack_config_module" completed
08-01 12:07:52.580 19419 19419 I bt_core_module: module_clean_up Cleaning up module "interop_module"
08-01 12:07:52.580 19419 19419 I bt_core_module: module_clean_up Cleanup of module "interop_module" completed
08-01 12:07:52.580 19419 19419 I bt_core_module: module_clean_up Cleaning up module "btif_config_module"
08-01 12:07:52.582 18707 18707 D SettingsAppWidgetProvider: enable buttons...
08-01 12:07:52.582 18707 18707 D SettingsAppWidgetProvider: buttons enabled!
08-01 12:07:52.582 18707 18707 D SettingsAppWidgetProvider: getActualWifiState = 3
08-01 12:07:52.592 19419 19419 I bt_core_module: module_clean_up Cleanup of module "btif_config_module" completed
08-01 12:07:52.592 19419 19419 I bt_core_module: module_clean_up Cleaning up module "bt_utils_module"
08-01 12:07:52.592 19419 19419 I bt_core_module: module_clean_up Cleanup of module "bt_utils_module" completed
08-01 12:07:52.592 19419 19419 I bt_core_module: module_clean_up Cleaning up module "osi_module"
08-01 12:07:52.592 19419 19443 D bt_osi_alarm: callback_dispatch Callback thread exited
08-01 12:07:52.593 19419 19443 W bt_osi_thread: run_thread: thread id 19443, thread name alarm_dispatcher exited
08-01 12:07:52.593 19419 19442 W bt_osi_thread: run_thread: thread id 19442, thread name alarm_default_ca exited
08-01 12:07:52.594 19419 19419 I bt_core_module: module_clean_up Cleanup of module "osi_module" completed
08-01 12:07:52.594 19419 19419 D bt_stack_manager: event_clean_up_stack finished.
08-01 12:07:52.594 19419 19419 I BluetoothServiceJni: cleanupNative: return from cleanup
08-01 12:07:52.594 19419 19419 I BluetoothServiceJni: OoO sJniCallbacksObj has init before clean? 1
08-01 12:07:52.604  3188  3188 I HiBoard_IntelligentBluetoothReceiver: onReceive ,intent:Intent { act=android.bluetooth.adapter.action.STATE_CHANGED flg=0x15000010 cmp=com.huawei.intelligent/.main.receiver.IntelligentBluetoothReceiver (has extras) }
08-01 12:07:52.607 19419 19419 D BluetoothAdapter: unregisterAdapter
08-01 12:07:52.608 19419 19438 W Bth-btdft: StackExceptionCollector:ChrSocketHdr:mParamLen not valid, mParamLen=0
08-01 12:07:52.610 19419 19419 I zygote64: System.exit called, status: 0
08-01 12:07:52.610 19419 19419 I AndroidRuntime: VM exiting with result code 0, cleanup skipped.
08-01 12:07:52.616  1147  1345 D HwWifiStatStore: handleMessage : 200
08-01 12:07:52.642  1147  2852 V BroadcastQueue: Finished with ordered broadcast BroadcastRecord{6113f39 u-1 android.bluetooth.adapter.action.STATE_CHANGED}
08-01 12:07:52.642  2983 21282 I HiBoard_HiBoardProvider: call method: getUserProtocolState
08-01 12:07:52.670  1147  1684 I ActivityManager: Process com.android.bluetooth (pid 19419) has died: fore SVC
08-01 12:07:52.670  3188 19514 I HiBoard_IntelligentProvider: query data
08-01 12:07:52.671  1147  1684 D ActivityManager: cleanUpApplicationRecord app: ProcessRecord{8be1dee 19419:com.android.bluetooth/1002}, app.bad: false, restarting: false, allowRestart: true
08-01 12:07:52.680  1857  2181 E HsmCoreServiceImpl: onTransact in code is: 102
08-01 12:07:52.681  1857  2181 W MediaProcessHandler: processOp uid 1002 is not concerned!
08-01 12:07:52.681  1857  2181 I MediaProcessHandler: executedCallBack opType: 1 mMediaStatusObservers.size=0
08-01 12:07:52.681  3188 19514 I IntelligentIntentService: eventAction :class com.huawei.intelligent.main.businesslogic.parkingcar.a
08-01 12:07:52.681  3188 19514 I HiBoard_a: action: android.bluetooth.adapter.action.STATE_CHANGED
08-01 12:07:52.681  3188 19514 I HiBoard_a: handleStateChangeAction
08-01 12:07:52.683  1147  1310 W AwareLog: SchedLevelBoost: onProcessDied config not set!
08-01 12:07:52.683  3188 19514 I HiBoard_IntelligentProvider: Provider.call: storePrefString
08-01 12:07:52.719  1072  1096 I OAM     : [check_file_size:505]/data/log/hi110x/bfg_log/bfg_log_1 log file beyond size=10240Byte, creat new file
08-01 12:07:52.719  1073  2033 I GNSS_ENGINE: ------->>>read device data, the size is 7664
08-01 12:07:52.719  1072  1096 I OAM     : [rename_old_file:210]rename_old_file
08-01 12:07:52.719  1072  1096 I OAM     :
08-01 12:07:52.719  1073  2029 I GNSS_ENGINE: calculate thread:host engine state: 0x4
08-01 12:07:52.719  1073  2029 I GNSS_ENGINE: enter the device measure data wait function!
08-01 12:07:52.719  1073  2029 I GNSS_ENGINE: The begin time is 2019-08-01 04-07-52.719563
08-01 12:07:52.720  1073  2029 I GNSS_ENGINE: $RCVRTIME,1,16,360491.0000000000,1,2
08-01 12:07:52.721  1073  2029 I GNSS_ENGINE: process bb data, number of raw_measurment: 22
08-01 12:07:52.721  1073  2029 I GNSS_ENGINE: number_valid_ggbq_ephemeris: 31, fffffff7, 4, 100610, 3, 1240, 0, 0
08-01 12:07:52.721  1073  2029 I GNSS_ENGINE: number_valid_ggbq_almanac: 32, 24, 17, 0
08-01 12:07:52.721  1073  2029 I GNSS_ENGINE: carrier_phase: 17,116628.44,21605844.81,-336.68
08-01 12:07:52.721  1073  2029 I GNSS_ENGINE: carrier_phase: 6,75513.49,21305527.22,-214.51
08-01 12:07:52.721  1073  2029 I GNSS_ENGINE: carrier_phase: 46,107327662.07,37314348.92,-58.24
08-01 12:07:52.721  1073  2029 I GNSS_ENGINE: carrier_phase: 43,131635548.38,35923030.95,-33.78
08-01 12:07:52.721  1073  2029 I GNSS_ENGINE: carrier_phase: 19,98657.63,21641470.84,-414.31
08-01 12:07:52.721  1073  2029 I GNSS_ENGINE: carrier_phase: 28,280198720.22,20388833.87,54.40
08-01 12:07:52.722  1073  2029 I GNSS_ENGINE: kalm_normal_locate: num_used_msr: 17
08-01 12:07:52.722  1073  2029 I GNSS_ENGINE: doppler bias:-739.067206
08-01 12:07:52.722  1073  2029 I GNSS_ENGINE: 34, 66, 3, 0, 2, 1, 5, 0, 28, 127.773088, 51.199503, -316, 681.272705, 168.996628, 167, 3, 1, 31, 6, 1, 0
08-01 12:07:52.722  1073  2029 I GNSS_ENGINE: 17, 66, 3, 4, 2, 1, 5, 0, 36, 3.310986, 50.642622, 16, 1769.255249, 2076.996582, 1768, 3, 1, 148, 2, 0, 0
08-01 12:07:52.722  1073  2029 I GNSS_ENGINE: 6, 66, 3, 4, 2, 1, 5, 0, 37, 291.257497, 50.985272, 16, 1127.242920, 133.995621, 1126, 3, 1, 151, 2, 0, 4
08-01 12:07:52.722  1073  2029 I GNSS_ENGINE: 36, 66, 3, 0, 2, 1, 5, 0, 28, 189.854279, 63.894503, -316, 728.325928, 822.993225, 821, 3, 1, 32, 6, 1, 0
08-01 12:07:52.722  1073  2029 I GNSS_ENGINE: 37, 66, 3, 1, 2, 1, 5, 0, 27, 109.906702, 33.251059, -316, 724.192261, -140.007126, -143, 3, 1, 21, 6, 1, 0
08-01 12:07:52.722  1073  2029 I GNSS_ENGINE: 39, 66, 3, 1, 2, 1, 5, 0, 24, 167.769450, 10.092664, -316, 1904.809814, 1465.994873, 1465, 3, 1, 25, 5, 0, 0
08-01 12:07:52.722  1073  2029 I GNSS_ENGINE: 40, 66, 3, 0, 2, 1, 5, 0, 31, 179.337475, 57.330531, -316, -272.545959, -97.003067, -265, 1, 1, 30, 5, 0, 0
08-01 12:07:52.722  1073  2029 I GNSS_ENGINE: 4, 66, 0, 1, 0, 1, 5, 5, 0, 154.675096, 7.806707, 10, 2489.194824, 2670.996582, 2673, 7, 1, 0, 0, 0, 0
08-01 12:07:52.722  1073  2029 I GNSS_ENGINE: 41, 66, 3, 0, 2, 1, 5, 0, 30, 332.978149, 59.696921, -316, 174.313553, 391.999969, 389, 3, 1, 20, 5, 0, 0
08-01 12:07:52.722  1073  2029 I GNSS_ENGINE: 2, 66, 3, 1, 2, 1, 5, 0, 28, 259.186155, 17.380811, 16, 2284.059082, 1993.997314, 2284, 3, 1, 47, 5, 0, 0
08-01 12:07:52.722  1073  2029 I GNSS_ENGINE: 94, 66, 0, 1, 0, 0, 5, 0, 0, 202.182360, -8.100797, 1308, -761.933167, 737.991638, 0, 21, 1, 0, 0, 0, 0
08-01 12:07:52.723  1073  2029 I GNSS_ENGINE: 80, 66, 3, 1, 2, 1, 5, 0, 26, 112.555293, 5.477555, 1308, -3242.384277, 741.987000, -1535, 21, 1, 13, 5, 0, 0
08-01 12:07:52.723  1073  2029 I GNSS_ENGINE: 93, 66, 0, 1, 0, 1, 5, 0, 0, 191.273493, 45.277645, 1308, 3737.841309, 737.991638, 4053, 21, 1, 0, 0, 0, 0
08-01 12:07:52.723  1073  2029 I GNSS_ENGINE: 73, 66, 0, 1, 0, 0, 5, 0, 0, 300.979271, 4.413044, 1309, 3737.841309, 737.991638, 0, 21, 1, 0, 0, 0, 0
08-01 12:07:52.723  1073  2029 I GNSS_ENGINE: 82, 66, 3, 1, 2, 1, 5, 0, 29, 310.794933, 25.981088, 1309, 2546.236328, 742.985840, 2534, 3, 1, 15, 5, 0, 0
08-01 12:07:52.723  1073  2029 I GNSS_ENGINE: 74, 66, 0, 1, 0, 0, 5, 0, 0, 343.439061, -11.844911, 1309, 3737.841309, 737.991638, 0, 21, 1, 0, 0, 0, 0
08-01 12:07:52.723  1073  2029 I GNSS_ENGINE: 83, 66, 0, 1, 0, 1, 5, 0, 0, 322.753389, 11.300867, 1309, 3737.841309, 737.991638, 3512, 21, 1, 0, 0, 0, 0
08-01 12:07:52.723  1073  2029 I GNSS_ENGINE: 92, 66, 3, 1, 2, 1, 5, 0, 27, 314.894991, 25.969686, 1308, 1646.324585, 742.985840, 1631, 3, 1, 15, 5, 0, 0
08-01 12:07:52.723  1073  2029 I GNSS_ENGINE: 81, 66, 3, 1, 2, 1, 5, 0, 29, 241.488803, 46.498455, 1308, -1313.586670, 740.988159, -1326, 3, 1, 60, 5, 0, 0
08-01 12:07:52.723  1073  2029 I GNSS_ENGINE: 76, 66, 3, 1, 2, 1, 5, 0, 28, 80.636798, 38.584877, 1308, 1171.166992, 750.992004, 1156, 3, 1, 58, 5, 0, 0
08-01 12:07:52.723  1073  2029 I GNSS_ENGINE: 35, 66, 3, 1, 2, 1, 5, 0, 26, 236.579115, 46.895703, -316, 754.188293, 1410.996948, 1408, 3, 1, 34, 6, 0, 0
08-01 12:07:52.723  1073  2029 I GNSS_ENGINE: 38, 66, 3, 0, 2, 1, 5, 0, 28, 255.047867, 23.322401, -316, 746.766113, 648.994690, 1745, 3, 1, 57, 6, 1, 0
08-01 12:07:52.723  1073  2029 I GNSS_ENGINE: 95, 66, 0, 1, 0, 0, 5, 0, 0, 208.202929, -43.297563, 1308, -761.933167, 737.991638, 0, 21, 1, 0, 0, 0, 0
08-01 12:07:52.723  1073  2029 I GNSS_ENGINE: 46, 66, 3, 4, 2, 1, 5, 0, 32, 299.578692, 52.493434, -316, 303.271912, -1609.006226, 310, 1, 1, 52, 2, 0, 0
08-01 12:07:52.723  1073  2029 I GNSS_ENGINE: 43, 66, 3, 4, 2, 1, 5, 0, 31, 234.697592, 70.138300, -316, 175.919388, 1223.998169, 183, 1, 1, 128, 2, 0, 0
08-01 12:07:52.724  1073  2029 I GNSS_ENGINE: 3, 66, 3, 5, 2, 1, 5, 1, 31, 45.777395, 28.658270, 16, -1883.215576, -2565.002441, -1882, 3, 1, 45, 5, 0, 0
08-01 12:07:52.724  1073  2029 I GNSS_ENGINE: 9, 66, 3, 5, 2, 1, 5, 0, 26, 133.892128, 12.743923, 16, 2696.796631, 1848.997559, 2698, 3, 1, 45, 5, 0, 0
08-01 12:07:52.724  1073  2029 I GNSS_ENGINE: 75, 66, 0, 1, 0, 0, 5, 0, 0, 26.391868, -28.279316, 1308, -761.933167, 737.991638, 0, 21, 1, 0, 0, 0, 0
08-01 12:07:52.724  1073  2029 I GNSS_ENGINE: 19, 66, 3, 5, 2, 1, 5, 1, 33, 339.893421, 42.722958, 16, 2177.209717, 1382.995605, 2176, 3, 1, 45, 2, 0, 0
08-01 12:07:52.724  1073  2029 I GNSS_ENGINE: 22, 66, 3, 5, 2, 1, 5, 0, 26, 40.424423, 9.561260, 16, -2479.697998, -2457.002686, -2477, 3, 1, 45, 5, 0, 0
08-01 12:07:52.724  1073  2029 I GNSS_ENGINE: 23, 66, 3, 5, 2, 1, 5, 1, 28, 95.565341, 10.414274, 16, 1694.059692, 1195.998291, 1694, 3, 1, 45, 5, 0, 0
08-01 12:07:52.724  1073  2029 I GNSS_ENGINE: 28, 66, 3, 5, 2, 1, 5, 1, 33, 165.546229, 69.372608, 16, -285.863251, -1718.003052, -286, 3, 1, 45, 2, 0, 0
08-01 12:07:52.724  1073  2029 I GNSS_ENGINE: 30, 66, 3, 5, 2, 1, 5, 1, 25, 185.666577, 8.220242, 16, -1712.257812, 750.999695, -1711, 3, 1, 45, 5, 0, 0
08-01 12:07:52.724  1073  2029 I GNSS_ENGINE: ota_run: 0, scene change: 1, base_svid: 0, init tran time: 0, strong_flag: 0, predict_valid: 0
08-01 12:07:52.725  1073  2029 I GNSS_ENGINE: [CMD] GPS BIT: 17, 2, 0x88b00408, 0x1d034b88, ffffffff, ffffffff
08-01 12:07:52.725  1073  2029 I GNSS_ENGINE: [CMD] GPS BIT: 6, 2, 0x88b00408, 0x1d034b88, ffffffff, ffffffff
08-01 12:07:52.725  1073  2029 I GNSS_ENGINE: [CMD] GPS BIT: 28, 2, 0x8b0038c, 0x62fcb4a8, ffffffff, ffffffff
08-01 12:07:52.725  1073  2029 I GNSS_ENGINE: [CMD] GPS BIT END: 37179549599
08-01 12:07:52.725  1073  2029 I GNSS_ENGINE: [CMD] SET REACQ: 17, 0, 1768.741211, 8, 6520, 666.995972, 1122, 4
08-01 12:07:52.725  1073  2029 I GNSS_ENGINE: [CMD] SET REACQ: 6, 0, 1126.764526, 9, 6537, 668.735107, 715, 4
08-01 12:07:52.725  1073  2029 I GNSS_ENGINE: [CMD] SET REACQ: 2, 0, 2284.568604, 0, 2375, 242.962494, 1450, 4
08-01 12:07:52.725  1073  2029 I GNSS_ENGINE: [CMD] SET REACQ: 0, 1, 2534.880371, 7, 873, 44.610298, 1582, 4
08-01 12:07:52.725  1073  2029 I GNSS_ENGINE: [CMD] SET REACQ: 4, 1, 1631.203613, 7, 659, 33.674900, 1016, 4
08-01 12:07:52.725  1073  2029 I GNSS_ENGINE: [CMD] SET REACQ: -7, 1, -1325.926270, 2, 5706, 291.576599, -829, 4
08-01 12:07:52.725  1073  2029 I GNSS_ENGINE: [CMD] SET REACQ: 1, 1, 1157.813232, 0, 5424, 277.166412, 722, 4
08-01 12:07:52.725  1073  2029 I GNSS_ENGINE: [CMD] SET REACQ: 3, 0, -1882.447998, 4, 7031, 719.271301, -1194, 4
08-01 12:07:52.725  1073  2029 I GNSS_ENGINE: [CMD] SET REACQ: 9, 0, 2698.048340, 19, 5874, 600.910217, 1712, 4
08-01 12:07:52.725  1073  2029 I GNSS_ENGINE: [CMD] SET REACQ: 19, 0, 2177.039307, 8, 5331, 545.361328, 1381, 4
08-01 12:07:52.726  1073  2029 I GNSS_ENGINE: [CMD] SET REACQ: 22, 0, -2477.425293, 16, 8520, 871.596008, -1572, 4
08-01 12:07:52.726  1073  2029 I GNSS_ENGINE: [CMD] SET REACQ: 23, 0, 1694.786865, 17, 4897, 500.963104, 1075, 4
08-01 12:07:52.726  1073  2029 I GNSS_ENGINE: [CMD] SET REACQ: 28, 0, -286.353058, 12, 7115, 727.864502, -181, 4
08-01 12:07:52.726  1073  2029 I GNSS_ENGINE: [CMD] SET REACQ: 30, 0, -1711.350830, 17, 9666, 988.831787, -1086, 4
08-01 12:07:52.726  1073  2029 I GNSS_ENGINE: [CMD] SET REACQ COMMON: 66, -468
08-01 12:07:52.726  1073  2029 I GNSS_ENGINE: [CMD] SET_PPS: 66, 6187496, 270481414, -4320, 1
08-01 12:07:52.726  1073  2029 I GNSS_ENGINE: [CMD] SET DOPPLER BIAS: 160316
08-01 12:07:52.726  1073  2029 I GNSS_ENGINE: write device BFG tty data OK, the size is 359
08-01 12:07:52.726  1073  2029 I GNSS_ENGINE: [INTERCEPT-INFO] amount: 0, interval: 0, hor_acc: 0, ver_acc: 0
08-01 12:07:52.726  1073  2029 I GNSS_ENGINE: RTD is unavailable...
08-01 12:07:52.728  1073  2033 I GNSS_ENGINE: ------->>>read device ack, the size is 8, data_type: 2
08-01 12:07:52.728  1073  2029 I GNSS_ENGINE: calculate thread receive the device ack!
08-01 12:07:52.728  1073  2029 I GNSS_ENGINE: Hor acc:8.464018 HorUnc:6 Ver acc:5.000000 VerUnc:4
08-01 12:07:52.728  1073  1073 I GNSS_ENGINE: send message to adapte cmd_id:0x00000005, size: 2152
08-01 12:07:52.728  1073  1073 I GNSS_ENGINE: send message to adapte cmd_id:0x00000006, size: 124
08-01 12:07:52.728  1073  1073 I GNSS_ENGINE: send message to adapte cmd_id:0x0000001a, size: 20
08-01 12:07:52.728  1074  1087 I GNSS_CONTROL: static THREAD_HANDLE CtrlCommMgr::ProcessThreadProc(void *) -- 122: process cmd id:0x00000105
08-01 12:07:52.729  1073  1073 I GNSS_ENGINE: send message to adapte cmd_id:0x00000009, size: 4368
08-01 12:07:52.729  1074  1087 I GNSS_CONTROL: virtual void CtrlFSMSISessionState::EngineReportAFPos(CtrlFSM &) -- 1300: EngineReportAFPos cmd received by CtrlFSMSISessionState
08-01 12:07:52.729  1074  1087 I GNSS_CONTROL: AGNSS_STATUS_ENUM_UINT32 NetworkCommunication::send_message(AGNSSMessage *) -- 439: src_id:0x11110004, dst_id:0x11110001, cmd_id:0x00000205
08-01 12:07:52.729  1073  2029 I GNSS_ENGINE: wk:360491.000000, locflag:1, loctype:1, pgh_dop:1.143391,1.279097,0.641772, ems:2.927838, qop:8.464018, speed:0.000000, course:0.000000, version_mode: 2 0
08-01 12:07:52.729  1074  1087 I GNSS_CONTROL: static THREAD_HANDLE CtrlCommMgr::ProcessThreadProc(void *) -- 122: process cmd id:0x00000106
08-01 12:07:52.729  1074  1087 I GNSS_CONTROL: virtual void CtrlFSMSISessionState::EngineReportPos2Server(CtrlFSM &) -- 1328: EngineReportPos2Server cmd received by CtrlFSMSISessionState
08-01 12:07:52.729  1074  1087 I GNSS_CONTROL: void AgnssProxy::send_msg_2_agnss(AGNSSMessage *) -- 221: message->cmd_id: 0x00000308
08-01 12:07:52.729  1074  1087 I GNSS_CONTROL: void AgnssProxy::send_msg_2_user_plane(AGNSSMessage *) -- 399: type:0,message->cmd_id: 0x00000308
08-01 12:07:52.729  1074  1087 I GNSS_CONTROL: virtual AGNSS_STATUS_ENUM AgnssGul::OnMessage(AGNSSMessage *) -- 170: message is send to supl_assist
08-01 12:07:52.729  1074  1087 I GNSS_CONTROL: virtual AGNSS_STATUS_ENUM_UINT32 SACommMgr::SendMsg2SA(AGNSSMessage *) -- 105: msg cmd id:0x00000308
08-01 12:07:52.729  1073  2029 I GNSS_ENGINE: calculate thread: enter start while
08-01 12:07:52.729  1147  1187 E GnssLocationProvider: [LocMgr] Debug: gnssLocationCb in
08-01 12:07:52.729  1147  1187 E GnssLocationProvider: [LocMgr] Debug: gnssLocationCb in2
08-01 12:07:52.730  1147  1187 V GnssLocationProvider: reportLocation Location[gps 23******,114****** hAcc=5 et=?!? alt=115.9016601042822 vel=0.0 bear=0.0 vAcc=??? sAcc=??? bAcc=???]
08-01 12:07:52.730  1147  2014 E GnssLocationProvider: [LocMgr] Debug: gnssSvStatusCb in
08-01 12:07:52.730  1147  2014 D GnssLocationProvider: has no location last time
08-01 12:07:52.731  1147  2014 V GnssLocationProvider: SV count: 28
08-01 12:07:52.732  1147  1771 I LocationManagerService: incoming location: Location[gps 23******,114****** hAcc=5 et=+13d3h12m47s462ms alt=115.9016601042822 vel=0.0 bear=0.0 vAcc=??? sAcc=??? bAcc=???]; passive:false
08-01 12:07:52.733  1147  1771 I LocationManagerService: incoming location: Location[gps 23******,114****** hAcc=5 et=+13d3h12m47s462ms alt=115.9016601042822 vel=0.0 bear=0.0 vAcc=??? sAcc=??? bAcc=???]; passive:true
08-01 12:07:52.734  1147  1771 I LocationManagerService: key of receiver: 3f16b03
08-01 12:07:52.735  1147  1771 I ctaifs  : <Android 系统>[Android 系统][system]:[handleLocationChangedLocked] 读取定位信息
08-01 12:07:52.735  1147  1771 I LocationManagerService: key of receiver: 9a4cb28
08-01 12:07:52.736  1147  1771 W ProcBatteryStats: timer is running , not start, name: , uid: 1000, tag: LocationManagerService
08-01 12:07:52.736  1147  1771 I ctaifs  : <Android 系统>[Android 系统][system]:[handleLocationChangedLocked] 读取定位信息
08-01 12:07:52.737  1147  1771 W ProcBatteryStats: timer is not running , not stop, name: , uid: 1000, tag: LocationManagerService
08-01 12:07:52.759  1074  1087 I GNSS_CONTROL: static THREAD_HANDLE CtrlCommMgr::ProcessThreadProc(void *) -- 122: process cmd id:0x0000001a
08-01 12:07:52.759  1074  1087 I GNSS_CONTROL: virtual void CtrlFSMState::EngineReportIsStaticState(CtrlFSM &) -- 1500: EngineReportIsStaticState cmd received by CtrlFSMSISessionState
08-01 12:07:52.759  1074  1087 I GNSS_CONTROL: void AgnssProxy::send_msg_2_agnss(AGNSSMessage *) -- 221: message->cmd_id: 0x0000001a
08-01 12:07:52.759  1074  1087 I GNSS_CONTROL: void AgnssProxy::send_msg_2_user_plane(AGNSSMessage *) -- 399: type:0,message->cmd_id: 0x0000001a
08-01 12:07:52.759  1074  1087 I GNSS_CONTROL: virtual AGNSS_STATUS_ENUM AgnssGul::OnMessage(AGNSSMessage *) -- 170: message is send to supl_assist
08-01 12:07:52.759  1074  1087 I GNSS_CONTROL: virtual AGNSS_STATUS_ENUM_UINT32 SACommMgr::SendMsg2SA(AGNSSMessage *) -- 105: msg cmd id:0x0000001a
08-01 12:07:52.759  1074  1087 I GNSS_CONTROL: static THREAD_HANDLE CtrlCommMgr::ProcessThreadProc(void *) -- 122: process cmd id:0x00000109
08-01 12:07:52.759  1074  1087 I GNSS_CONTROL: virtual void CtrlFSMSISessionState::EngineNMEAReport(CtrlFSM &) -- 1405: EngineNMEAReport cmd received by CtrlFSMSISessionState
08-01 12:07:52.759  1074  1087 I GNSS_CONTROL: AGNSS_STATUS_ENUM_UINT32 NetworkCommunication::send_message(AGNSSMessage *) -- 439: src_id:0x11110004, dst_id:0x11110001, cmd_id:0x00000206
08-01 12:07:53.035 18678 18678 I QueryController: Matched selector: UiSelector[INSTANCE=0, RESOURCE_ID=android:id/switch_widget] <<==>> [android.view.accessibility.AccessibilityNodeInfo@3dd8a; boundsInParent: Rect(0, 0 - 162, 72); boundsInScreen: Rect(870, 249 - 1032, 321); packageName: com.android.settings; className: android.widget.Switch; text: null; error: null; maxTextLength: -1; contentDescription: null; viewIdResName: android:id/switch_widget; checkable: true; checked: false; focusable: false; focused: false; selected: false; clickable: true; longClickable: false; contextClickable: false; enabled: true; password: false; scrollable: false; importantForAccessibility: true; actions: [AccessibilityAction: ACTION_SELECT - null, AccessibilityAction: ACTION_CLEAR_SELECTION - null, AccessibilityAction: ACTION_CLICK - null, AccessibilityAction: ACTION_ACCESSIBILITY_FOCUS - null, AccessibilityAction: ACTION_SHOW_ON_SCREEN - null]]
08-01 12:07:53.074 18678 18678 I QueryController: Matched selector: UiSelector[INSTANCE=0, RESOURCE_ID=android:id/switch_widget] <<==>> [android.view.accessibility.AccessibilityNodeInfo@3dd8a; boundsInParent: Rect(0, 0 - 162, 72); boundsInScreen: Rect(870, 249 - 1032, 321); packageName: com.android.settings; className: android.widget.Switch; text: null; error: null; maxTextLength: -1; contentDescription: null; viewIdResName: android:id/switch_widget; checkable: true; checked: false; focusable: false; focused: false; selected: false; clickable: true; longClickable: false; contextClickable: false; enabled: true; password: false; scrollable: false; importantForAccessibility: true; actions: [AccessibilityAction: ACTION_SELECT - null, AccessibilityAction: ACTION_CLEAR_SELECTION - null, AccessibilityAction: ACTION_CLICK - null, AccessibilityAction: ACTION_ACCESSIBILITY_FOCUS - null, AccessibilityAction: ACTION_SHOW_ON_SCREEN - null]]
08-01 12:07:53.079 18678 18678 D InteractionController: clickAndSync(951, 285)
08-01 12:07:53.090  1147  1172 D SmartcareProc: onSignalStrengthsChanged: signalStrength is: SignalStrength: 99 -1 0 0 -80 -53 32767 -1 32767 99 0 0 0 2147483647 0 -1 true cdma , on sub: 0
08-01 12:07:53.090  1147  1172 D SmartcareProc: SignalStrength update result, ss: SignalStrengthInfo:211694203 mGsmSignalStrength: -1 mWcdmaRscp: -1 mWcdmaEcio: -1 mLteRsrp: -1 mLteRsrq: -1 mCdmaDbm: -80 mCdmaEcio: -53 mEvdoDbm: 32767mEvdoEcio: -1mLteRssnr: -1
08-01 12:07:53.091  1147  1147 I MQoS    : onSignal: mSubId=0,currDataSubID=0
08-01 12:07:53.091  1147  1147 I MQoS    : received cell-signal:5
08-01 12:07:53.107  1072  1096 I OAM     : [check_file_size:505]/data/log/hi110x/bfg_log/bfg_log_1 log file beyond size=10240Byte, creat new file
08-01 12:07:53.107  1072  1096 I OAM     : [rename_old_file:210]rename_old_file
08-01 12:07:53.107  1072  1096 I OAM     :
08-01 12:07:53.171   669   669 E WifiHAL : enter wifi_get_link_stats
08-01 12:07:53.172   651 10057 I audio_hw_primary: usb_ext_get_parameters: check show hires (false)
08-01 12:07:53.173   745   914 I hash_map_utils: key: 'typec_need_show_hires' value: ''
08-01 12:07:53.174  1147  1147 I HwAudioService: check HiRes Icon false
08-01 12:07:53.175  1147  1147 W ActivityManager: Sending non-protected broadcast huawei.intent.action.hideHiResIcon from system uid 1000 pkg null
08-01 12:07:53.175  1147  1147 I HwAudioService: broadcastHiresIntent : false
08-01 12:07:53.176 27577 27577 D StatusBarIconController: setIconVisibility icon is null or visibility not change visibility=false
08-01 12:07:53.183   758   758 E wificond: Failed to get NL80211_RATE_INFO_NOISE
08-01 12:07:53.183   758   758 E wificond: Failed to get NL80211_RATE_INFO_SNR
08-01 12:07:53.183   758   758 E wificond: Failed to get NL80211_STA_INFO_CNAHLOAD
08-01 12:07:53.183  1147  1344 E WificondControl: Noise: 0, Snr: -1, Chload: -1
08-01 12:07:53.184  1147  1346 D HwWifiCHRStateManager: handleMessage : 1001
08-01 12:07:53.184  1147  1346 D HwWifiCHRStateManager: handleUpdateChannel:2412
08-01 12:07:53.184  1147  1346 V HwWifiServiceFactory: get AllImpl object = com.android.server.wifi.HwWifiServiceFactoryImpl@c8e97fe
08-01 12:07:53.185  1147  1344 D WifiScoreReport: Score = 100, wifiConnectivityManagerEnabled = false, lowScoreCount = 0
08-01 12:07:53.200 18707 18707 I Bluetooth_settings: BluetoothEnabler:onPreferenceChange  before set bt checked = true, btEnable = false, pref enabled = true
08-01 12:07:53.200 18707 18707 D BluetoothSettings:  onBtSwitchChange() BT switch status:true
08-01 12:07:53.201 18707 18707 I BluetoothAdapter: BT enbale calling pid = 18707
08-01 12:07:53.201 18707 18707 I BluetoothAdapter: BT-Enable-FW enable():Start to enable Bluetooth!
08-01 12:07:53.201  1147  1497 D BluetoothManagerService: enable(com.android.settings):  mBluetooth =null mBinding = false mState = OFF
08-01 12:07:53.203  1147  1497 W ActivityManager: Sending non-protected broadcast android.bluetooth.GET_OPEN_BT_APP_NAME from system 1147:system/1000 pkg android
08-01 12:07:53.203  1147  1497 I Bluetooth_framework: BluetoothManagerService:enable returning
08-01 12:07:53.203 18707 18707 I Bluetooth_settings: BluetoothEnabler:BT-Enable-ST  begin enable bt
08-01 12:07:53.204  1147  1171 D BluetoothManagerService: MESSAGE_ENABLE(0): mBluetooth = null
08-01 12:07:53.204 18707 18707 V AudioManager: playSoundEffect   effectType: 0
08-01 12:07:53.205  1147  1171 V ActivityManager: startProcess: name=com.android.bluetooth app=null knownToBeDead=true thread=null pid=-1
08-01 12:07:53.227  1147  1171 I ActivityManager: Start proc 19516:com.android.bluetooth/1002 for service com.android.bluetooth/.btservice.AdapterService
08-01 12:07:53.229 19516 19516 I         : power log dlsym ok
08-01 12:07:53.234 19516 19516 I zygote64: Reinit property: dalvik.vm.checkjni= false
08-01 12:07:53.246 19516 19516 D ActivityThread: ActivityThread,attachApplication
08-01 12:07:53.247  1147  1497 D ActivityManager: ActivityManagerService,attachApplication,callingPid = 19516
08-01 12:07:53.262   414   414 W /system/bin/hwservicemanager: Cannot open /odm/manifest.xml
08-01 12:07:53.294  1147 19486 W GrabService: bluetooth is not enable.
08-01 12:07:53.295  1147 19486 D BluetoothSocket: close() this: android.bluetooth.BluetoothSocket@5b1797e, mSocketState: CLOSED
08-01 12:07:53.295   414   414 W /system/bin/hwservicemanager: Cannot open /odm/manifest.xml
08-01 12:07:53.297   644   644 I GRALLOC : 	 shrFd=10,fmt=0x1,intFmt=0x1,btStrd=256,size=4096,pid=644
08-01 12:07:53.297   644   644 I GRALLOC : 	 yuv=2,w=16,h=16,Stride u=0 v=0,offset u=0 v=0
08-01 12:07:53.297   644   644 I GRALLOC : 	 iova_size=4096,conUsg=0x100,proUsg=0x100,	 strd=64,[afbc]HdrStrd=0 PyldStrd=0 Scrmbl=0,ionhnd = 1
08-01 12:07:53.298 19516 19516 D HwFLClassLoader: get used feature list :/feature/used-list failed!
08-01 12:07:53.298 19516 19516 D HwFLClassLoader: USE_FEATURE_LIST had not init!
08-01 12:07:53.302 19516 19516 I zygote64: Failed to open app image /data/dalvik-cache/arm64/system@app@Bluetooth@Bluetooth.apk@classes.art Oat checksum 0x3a529bd3 does not match the image one 0x5f6033c3 in image /data/dalvik-cache/arm64/system@app@Bluetooth@Bluetooth.apk@classes.art
08-01 12:07:53.358 19516 19516 E MemoryLeakMonitorManager: MemoryLeakMonitor.jar is not exist!
08-01 12:07:53.364 19516 19516 W Settings: mValues not put! needsGenerationTracker: true currentGeneration: -1 name: bluetooth_disabled_profiles value: 0
08-01 12:07:53.366 19516 19516 W btservice-AdapterServiceConfig: Could not find profile bit mask
08-01 12:07:53.366 19516 19516 W btservice-AdapterServiceConfig: Could not find profile bit mask
08-01 12:07:53.366 19516 19516 I HwNcDftConnManager: start to bind to NcDftService
08-01 12:07:53.369  1818  1818 D Nc_DftService: onStartCommand
08-01 12:07:53.373 19516 19516 E Minikin : Could not get cmap table size!
08-01 12:07:53.386 19516 19516 I bt_btif bt interface: open_bluetooth_stack
08-01 12:07:53.386 19516 19516 I bt_btif bt interface: bluetooth__get_bluetooth_interface
08-01 12:07:53.390  1147  1171 I Bluetooth_framework: BluetoothManagerService:Added callback: android.bluetooth.IBluetoothManagerCallback$Stub$Proxy@5ed3e2e:true pid = 19516
08-01 12:07:53.392 19516 19516 D btservice-BluetoothAdapterState: make() - Creating AdapterState
08-01 12:07:53.396 19516 19516 D RadioStateMachine: Loading bluetoothex_jni JNI Library
08-01 12:07:53.399 19516 19534 I RadioStateMachine: Entering OffState
08-01 12:07:53.401  1147  1171 I Bluetooth_framework: BluetoothManagerService:Added state change callback: android.bluetooth.IBluetoothStateChangeCallback$Stub$Proxy@59d57eb:true pid = 19516
08-01 12:07:53.408 19516 19516 I BluetoothServiceJni: OoO sJniCallbacksObj has init before init? 0
08-01 12:07:53.408 19516 19516 I bt_btif bt interface: init
08-01 12:07:53.409 19516 19536 I bt_osi_thread: run_thread: thread id 19536, thread name stack_manager started
08-01 12:07:53.409 19516 19516 D bt_stack_manager: init_stack init
08-01 12:07:53.409 19516 19516 D bt_stack_manager: event_stack_hdl_not_init state: 0, evt:0
08-01 12:07:53.409 19516 19516 D bt_stack_manager: event_stack_init process
08-01 12:07:53.411 19516 19516 I bt_btif bt interface: is_restricted_mode
08-01 12:07:53.412 19516 19539 I bt_osi_thread: run_thread: thread id 19539, thread name alarm_default_ca started
08-01 12:07:53.413 19516 19540 I bt_osi_thread: run_thread: thread id 19540, thread name alarm_dispatcher started
08-01 12:07:53.414 19516 19516 I bt_stack_config: init attempt to load stack conf from
08-01 12:07:53.414 19516 19516 I bt_stack_config: load the default config
08-01 12:07:53.415 19516 19541 I bt_osi_thread: run_thread: thread id 19541, thread name bt_jni_workqueue started
08-01 12:07:53.415 19516 19516 I bt_osi_wakelock: wakelock_set_os_callouts set to non-native
08-01 12:07:53.415 19516 19516 I bt_btif bt interface: get_profile_interface: id = socket
08-01 12:07:53.415 19516 19516 I bt_btif bt interface: get_profile_interface: id = huawei_interface
08-01 12:07:53.415 19516 19516 D BluetoothServiceJni: getting huawei interface
08-01 12:07:53.415 19516 19516 D BluetoothServiceJni: init huawei interface callback
08-01 12:07:53.415 19516 19516 I bt_hw_btif_if: bthw interface: [init]
08-01 12:07:53.415 19516 19516 I bt_btif bt interface: get_adapter_property type: 2
08-01 12:07:53.415 19516 19516 W bt_btif : do_in_jni_thread: Dropped message, message_loop not initialized yet!
08-01 12:07:53.415 19516 19516 I bt_btif bt interface: get_adapter_property type: 1
08-01 12:07:53.415 19516 19541 W bt_btif : HAL bt_hal_cbacks->thread_evt_cb
08-01 12:07:53.416 19516 19541 W bt_btif : HAL bt_hal_cbacks->adapter_properties_cb
08-01 12:07:53.418 19516 19516 I bt_btif bt interface: get_profile_interface: id = sdp
08-01 12:07:53.419  1147  1147 D BluetoothManagerService: Bluetooth Adapter name changed to 02.HUAWEI nova2gghujdobeichjeb
08-01 12:07:53.420  1147  1147 D BluetoothManagerService: Stored Bluetooth name: 02.HUAWEI nova2gghujdobeichjeb
08-01 12:07:53.420  1147  1147 I Bluetooth_framework: BluetoothManagerService:Stored bluetooth_addr_valid to 1 for 02.HUAWEI nova2gghujdobeichjeb
08-01 12:07:53.424 19516 19516 I btservice-BluetoothAdapterService: Phone policy enabled
08-01 12:07:53.438  1147  1147 D BluetoothManagerService: BluetoothServiceConnection: com.android.bluetooth.btservice.AdapterService
08-01 12:07:53.438  1147  1171 D BluetoothManagerService: MESSAGE_BLUETOOTH_SERVICE_CONNECTED: 1
08-01 12:07:53.438 19516 19516 I HwNcDftConnManager: service is connected
08-01 12:07:53.442  1147  1171 I Bluetooth_framework: BluetoothManagerService:Calling onBluetoothServiceUp callbacks
08-01 12:07:53.443 19063 19075 D BluetoothAdapter: onBluetoothServiceUp: android.bluetooth.IBluetooth$Stub$Proxy@a32e1b7
08-01 12:07:53.443 19077 19089 D BluetoothAdapter: onBluetoothServiceUp: android.bluetooth.IBluetooth$Stub$Proxy@33e514c
08-01 12:07:53.444 18707 18819 D BluetoothAdapter: onBluetoothServiceUp: android.bluetooth.IBluetooth$Stub$Proxy@6106403
08-01 12:07:53.445  1818 11392 D BluetoothAdapter: onBluetoothServiceUp: android.bluetooth.IBluetooth$Stub$Proxy@e527604
08-01 12:07:53.446  5130  5142 D BluetoothAdapter: onBluetoothServiceUp: android.bluetooth.IBluetooth$Stub$Proxy@8ec4a1e
08-01 12:07:53.447  1901  1915 D BluetoothAdapter: onBluetoothServiceUp: android.bluetooth.IBluetooth$Stub$Proxy@d58d624
08-01 12:07:53.447  1147  1171 D BluetoothAdapter: onBluetoothServiceUp: android.bluetooth.IBluetooth$Stub$Proxy@59f2751
08-01 12:07:53.448 19095 19125 D BluetoothAdapter: onBluetoothServiceUp: android.bluetooth.IBluetooth$Stub$Proxy@b2b08ab
08-01 12:07:53.448 27577 28631 D BluetoothAdapter: onBluetoothServiceUp: android.bluetooth.IBluetooth$Stub$Proxy@f7f6fb6
08-01 12:07:53.449 19109 19122 D BluetoothAdapter: onBluetoothServiceUp: android.bluetooth.IBluetooth$Stub$Proxy@b5d44c0
08-01 12:07:53.450  9563  9576 D BluetoothAdapter: onBluetoothServiceUp: android.bluetooth.IBluetooth$Stub$Proxy@2d1dc73
08-01 12:07:53.450 19516 19529 D BluetoothAdapter: onBluetoothServiceUp: com.android.bluetooth.btservice.AdapterService$AdapterServiceBinder@695d889
08-01 12:07:53.451  1886  2091 D BluetoothAdapter: onBluetoothServiceUp: android.bluetooth.IBluetooth$Stub$Proxy@b640582
08-01 12:07:53.452  1147  1171 I Bluetooth_framework: BluetoothManagerService:re-getNameAndAddress when bt enabled!
08-01 12:07:53.452  1147  1171 I Bluetooth_framework: BluetoothManagerService:getNameAndAddress(): mBluetooth = android.bluetooth.IBluetooth$Stub$Proxy@59f2751 mBinding = false
08-01 12:07:53.452  1147  1171 D BluetoothManagerService: MESSAGE_GET_NAME_AND_ADDRESS
08-01 12:07:53.452  1147  1497 I Bluetooth_framework: BluetoothManagerService:mBluetoothCallback, onBluetoothStateChange prevState=10, newState=14
08-01 12:07:53.454  1147  1171 D BluetoothManagerService: Stored Bluetooth name: 02.HUAWEI nova2gghujdobeichjeb
08-01 12:07:53.454  1147  1171 I Bluetooth_framework: BluetoothManagerService:Stored bluetooth_addr_valid to 1 for 02.HUAWEI nova2gghujdobeichjeb
08-01 12:07:53.454  1147  1171 D BluetoothManagerService: MESSAGE_BLUETOOTH_STATE_CHANGE: OFF > BLE_TURNING_ON
08-01 12:07:53.454  1147  1171 D BluetoothManagerService: Sending BLE State Change: OFF > BLE_TURNING_ON
08-01 12:07:53.456 19516 19533 D btservice-BondStateMachine: make
08-01 12:07:53.458  1147  1171 I Bluetooth_framework: BluetoothManagerService:isStandardBroadcast=false, prevState=10, newState=14
08-01 12:07:53.459 19516 19546 I btservice-BondStateMachine: StableState(): Entering Off State
08-01 12:07:53.464 19516 19516 I BtGatt.JNI: classInitNative(L893): classInitNative: Success!
08-01 12:07:53.470 19516 19516 D gatt-DebugUtils: handleDebugAction() action=null
08-01 12:07:53.470 19516 19516 D btservice-BluetoothAdapterService: getAdapterService() - returning com.android.bluetooth.btservice.AdapterService@55178
08-01 12:07:53.471 19516 19516 D gatt-GattService: Received start request. Starting profile...
08-01 12:07:53.471 19516 19516 I bt_btif bt interface: get_profile_interface: id = gatt
08-01 12:07:53.471 19516 19516 D btservice-BluetoothAdapterService: getAdapterService() - returning com.android.bluetooth.btservice.AdapterService@55178
08-01 12:07:53.477 19516 19516 I chatty  : uid=1002(bluetooth) com.android.bluetooth identical 1 line
08-01 12:07:53.477 19516 19516 D btservice-BluetoothAdapterService: getAdapterService() - returning com.android.bluetooth.btservice.AdapterService@55178
08-01 12:07:53.479 19516 19533 I bt_btif bt interface: enable: start restricted = 0
08-01 12:07:53.479 19516 19536 D bt_stack_manager: event_stack_hdl_init state: 1, evt:1
08-01 12:07:53.479 19516 19536 D bt_stack_manager: event_start_up_bt is bringing up the stack.
08-01 12:07:53.479 19516 19536 I bt_core_module: module_start_up Starting module "btif_config_module"
08-01 12:07:53.479 19516 19536 I bt_core_module: module_start_up Started module "btif_config_module"
08-01 12:07:53.479 19516 19536 I bt_core_module: module_start_up Starting module "btsnoop_module"
08-01 12:07:53.480 19516 19536 I bt_snoop: Deleting snoop log if it exists
08-01 12:07:53.480 19516 19536 I bt_core_module: module_start_up Started module "btsnoop_module"
08-01 12:07:53.480 19516 19536 I bt_core_module: module_start_up Starting module "hci_module"
08-01 12:07:53.480 19516 19536 I bt_hci  : hci_module_start_up
08-01 12:07:53.480 19516 19550 I bt_osi_thread: run_thread: thread id 19550, thread name hci_thread started
08-01 12:07:53.481 19516 19536 D bt_hci  : hci_module_start_up starting async portion
08-01 12:07:53.481 19516 19550 I bt_hci  : hci_initialize
08-01 12:07:53.481   414   414 W /system/bin/hwservicemanager: Cannot open /odm/manifest.xml
08-01 12:07:53.482 19516 19550 I bt_hci  : hci_initialize: IBluetoothHci::getService() returned 0x7aee6beb80 (remote)
08-01 12:07:53.483   639  9311 I android.hardware.bluetooth@1.0-impl: BluetoothHci::initialize()
08-01 12:07:53.485   639  9311 I INI_SO  : [ini_module_init:765]ini module init func
08-01 12:07:53.485   639  9311 D         : get_local_address: Trying /data/misc/bluedroid/macbt
08-01 12:07:53.485   639  9311 D         : get_local_address: Got Factory BDA **:**:**:1c:ca:91
08-01 12:07:53.485   639  9311 I         : [vendor/hisi/connectivity/hal/bt_service/priv/hal/src/bt_vendor_hisi.c: hisi_init 448][bt_vendor] bt vendor init
08-01 12:07:53.485   639  9311 D android.hardware.bluetooth@1.0-impl: Open vendor library loaded
08-01 12:07:53.485   639  9311 I         : [vendor/hisi/connectivity/hal/bt_service/priv/hal/src/bt_vendor_hisi.c: set_bt_power 162][bt_vendor] set_bt_power: val=1, ignore!
08-01 12:07:53.485   639  9311 I         : bt uart_open
08-01 12:07:53.488  1072  1096 I OAM     : [check_file_size:505]/data/log/hi110x/bfg_log/bfg_log_1 log file beyond size=10240Byte, creat new file
08-01 12:07:53.488  1072  1096 I OAM     : [rename_old_file:210]rename_old_file
08-01 12:07:53.488  1072  1096 I OAM     :
08-01 12:07:53.494   639  9311 I         : bt uart_open exit
08-01 12:07:53.497   639  9311 E INI_SO  : [ini_find_var:567]not find bt_feature_ble_hid!!!, check if var in correct mode
08-01 12:07:53.499   639  9311 E INI_SO  : [ini_find_var:567]not find bt_feature_ble_priority!!!, check if var in correct mode
08-01 12:07:53.502   639  9311 I         : [vendor/hisi/connectivity/hal/bt_service/priv/hal/src/bt_vendor_hisi.c: bt_get_bt_custom_config 360][bt_vendor] custom info log=1,32k_clock=1,cust=0
08-01 12:07:53.502   639  9311 I         : can't find the dev name {/proc/device-tree/hi110x/hi110x,subchip_type}
08-01 12:07:53.502   639  9311 I         : property_get,hisi subchip_name={hi1102}
08-01 12:07:53.503   639 19552 I         : [vendor/hisi/connectivity/hal/bt_service/priv/hal/src/bt_vendor_hisi.c: int_cmd_cback 124][bt_vendor] int_cmd_cback Opcode:0xFC0B Status: 0
08-01 12:07:53.503   639 19552 I         : [vendor/hisi/connectivity/hal/bt_service/priv/hal/src/bt_vendor_hisi.c: hw_config_set_bdaddr 207][bt_vendor] hw_config_set_bdaddr c814511cca91
08-01 12:07:53.504   639 19552 I         : [vendor/hisi/connectivity/hal/bt_service/priv/hal/src/bt_vendor_hisi.c: int_cmd_cback 124][bt_vendor] int_cmd_cback Opcode:0xFC32 Status: 0
08-01 12:07:53.504   639 19552 D android.hardware.bluetooth@1.0-impl: OnFirmwareConfigured result: 0
08-01 12:07:53.504   639 19552 I android.hardware.bluetooth@1.0-impl: Firmware configured in 0.010s
08-01 12:07:53.504 19516 19550 I bt_hci  : event_finish_startup
08-01 12:07:53.504   639 19552 I android.hardware.bluetooth@1.0-impl: OnFirmwareConfigured: lpm_timeout_ms 0
08-01 12:07:53.504   639 19552 D android.hardware.bluetooth@1.0-impl: low_power_mode_cb result: 0
08-01 12:07:53.504   639 19552 D android.hardware.bluetooth@1.0-impl: OnFirmwareConfigured Calling StartLowPowerWatchdog()
08-01 12:07:53.504 19516 19536 I bt_core_module: module_start_up Started module "hci_module"
08-01 12:07:53.505 19516 19553 I bt_osi_thread: run_thread: thread id 19553, thread name bt_workqueue started
08-01 12:07:53.505 19516 19553 I bt_btu  : btu_task pending for preload complete event
08-01 12:07:53.505 19516 19553 I bt_btu_task: Bluetooth chip preload is complete
08-01 12:07:53.505 19516 19553 I bt_btu  : btu_task received preload complete event
08-01 12:07:53.505 19516 19553 E bt_att  : gatt_profile_db_init:  gatt_if=1
08-01 12:07:53.506 19516 19553 I bt_utils: get sub_chiptype: hi1102
08-01 12:07:53.506 19516 19541 W bt_btif : bta_dm_init_cfg: read ro.config.dev_class failed
08-01 12:07:53.507 19516 19554 I bt_osi_thread: run_thread: thread id 19554, thread name module_wrapper started
08-01 12:07:53.507 19516 19554 I bt_core_module: module_start_up Starting module "controller_module"
08-01 12:07:53.526 19516 19554 I bt_core_module: module_start_up Started module "controller_module"
08-01 12:07:53.526 19516 19554 W bt_osi_thread: run_thread: thread id 19554, thread name module_wrapper exited
08-01 12:07:53.526 19516 19553 W bt_btm  : btm_decode_ext_features_page: feature page 1 ignored
08-01 12:07:53.527 19516 19553 W bt_btif : bta_dm_sys_hw_cback with event: 1
08-01 12:07:53.527 19516 19553 I bt_btm_sec: BTM_SecRegister p_cb_info->p_le_callback == 0x0x7ad09601fc
08-01 12:07:53.527 19516 19553 I bt_btm_sec: BTM_SecRegister btm_cb.api.p_le_callback = 0x0x7ad09601fc
08-01 12:07:53.537 19516 19553 I bt_stack: [INFO:ble_advertiser_hci_interface.cc(762)] Legacy advertising will be in use
08-01 12:07:53.537 19516 19541 W bt_btif : HAL bt_hal_cbacks->adapter_properties_cb
08-01 12:07:53.538 19516 19541 D btservice-BluetoothAdapterProperties: BT_PROPERTY_LOCAL_LE_FEATURES: update from BT controller mNumOfAdvertisementInstancesSupported = 0 mRpaOffloadSupported = false mNumOfOffloadedIrkSupported = 0 mNumOfOffloadedScanFilterSupported = 12 mOffloadedScanResultStorageBytes= 0 mIsActivityAndEnergyReporting = false mVersSupported = 0 mTotNumOfTrackableAdv = 0 mIsExtendedScanSupported = false mIsDebugLogSupported = false mIsLe2MPhySupported = false mIsLeCodedPhySupported = false mIsLeExtendedAdvertisingSupported = false mIsLePeriodicAdvertisingSupported = false mLeMaximumAdvertisingDataLength = 31
08-01 12:07:53.543 19516 19541 E bt_btif_storage: btif_storage_get_adapter_property: Controller ready!
08-01 12:07:53.543 19516 19541 I bt_btif_storage: btif_storage_get_adapter_property service_mask:0x20000000
08-01 12:07:53.546  1147  1147 D BluetoothManagerService: Bluetooth Adapter address changed to C8:**:**:**:**:91
08-01 12:07:53.547  1147  1147 I Bluetooth_framework: BluetoothManagerService:Stored Bluetoothaddress: **:**:**:1C:CA:91
08-01 12:07:53.547  1147  1147 I Bluetooth_framework: BluetoothManagerService:Stored bluetooth_addr_valid to 1 for 02.HUAWEI nova2gghujdobeichjeb
08-01 12:07:53.547  1147  1147 I Bluetooth_framework: BluetoothManagerService:mEnableForNameAndAddress = false
08-01 12:07:53.550  1147  1147 D BluetoothManagerService: Bluetooth Adapter name changed to 02.HUAWEI nova2gghujdobeichjeb
08-01 12:07:53.551  1147  1147 D BluetoothManagerService: Stored Bluetooth name: 02.HUAWEI nova2gghujdobeichjeb
08-01 12:07:53.552  1147  1147 I Bluetooth_framework: BluetoothManagerService:Stored bluetooth_addr_valid to 1 for 02.HUAWEI nova2gghujdobeichjeb
08-01 12:07:53.558 19516 19541 W bt_btif : HAL bt_hal_cbacks->remote_device_properties_cb
08-01 12:07:53.561 19516 19541 E btservice-RemoteDevices: devicePropertyChangedCallback: bdDevice: **:**:**:24:11:C5, value is empty for type: 10
08-01 12:07:53.564 18707 18707 I Bluetooth_stlib: CachedBluetoothDevice:mProfiles size=2
08-01 12:07:53.567 19516 19541 E btservice-RemoteDevices: devicePropertyChangedCallback: bdDevice: **:**:**:F8:D8:97, value is empty for type: 10
08-01 12:07:53.572 19516 19541 E btservice-RemoteDevices: devicePropertyChangedCallback: bdDevice: **:**:**:F0:0E:F4, value is empty for type: 10
08-01 12:07:53.572 18707 18707 I Bluetooth_stlib: CachedBluetoothDevice:mProfiles size=2
08-01 12:07:53.573 27577 27577 D StatusBarIconController: setIconVisibility icon is null or visibility not change visibility=false
08-01 12:07:53.573 27577 27577 D StatusBarIconController: setIconVisibility icon is null or visibility not change visibility=false
08-01 12:07:53.577 19516 19541 E btservice-RemoteDevices: devicePropertyChangedCallback: bdDevice: **:**:**:0E:0F:6C, value is empty for type: 10
08-01 12:07:53.578 27577 27577 D StatusBarIconController: setIconVisibility icon is null or visibility not change visibility=false
08-01 12:07:53.579 27577 27577 D StatusBarIconController: setIconVisibility icon is null or visibility not change visibility=false
08-01 12:07:53.580 18707 18707 I Bluetooth_stlib: CachedBluetoothDevice:mProfiles size=2
08-01 12:07:53.580 27577 27577 D StatusBarIconController: setIconVisibility icon is null or visibility not change visibility=false
08-01 12:07:53.581 27577 27577 D StatusBarIconController: setIconVisibility icon is null or visibility not change visibility=false
08-01 12:07:53.582 19516 19541 E btservice-RemoteDevices: devicePropertyChangedCallback: bdDevice: **:**:**:FA:50:57, value is empty for type: 10
08-01 12:07:53.586 27577 27577 D StatusBarIconController: setIconVisibility icon is null or visibility not change visibility=false
08-01 12:07:53.586 27577 27577 D StatusBarIconController: setIconVisibility icon is null or visibility not change visibility=false
08-01 12:07:53.587 19516 19541 E btservice-RemoteDevices: devicePropertyChangedCallback: bdDevice: **:**:**:10:D7:C6, value is empty for type: 10
08-01 12:07:53.588 18707 18707 I Bluetooth_stlib: CachedBluetoothDevice:mProfiles size=2
08-01 12:07:53.592 19516 19541 E btservice-RemoteDevices: devicePropertyChangedCallback: bdDevice: **:**:**:68:B5:93, value is empty for type: 10
08-01 12:07:53.593 27577 27577 D StatusBarIconController: setIconVisibility icon is null or visibility not change visibility=false
08-01 12:07:53.594 18707 18707 I Bluetooth_stlib: CachedBluetoothDevice:mProfiles size=2
08-01 12:07:53.594 27577 27577 D StatusBarIconController: setIconVisibility icon is null or visibility not change visibility=false
08-01 12:07:53.597 19516 19541 E btservice-RemoteDevices: devicePropertyChangedCallback: bdDevice: **:**:**:46:45:08, value is empty for type: 10
08-01 12:07:53.600 27577 27577 D StatusBarIconController: setIconVisibility icon is null or visibility not change visibility=false
08-01 12:07:53.601 27577 27577 D StatusBarIconController: setIconVisibility icon is null or visibility not change visibility=false
08-01 12:07:53.602 19516 19541 E btservice-RemoteDevices: devicePropertyChangedCallback: bdDevice: **:**:**:C8:EE:DD, value is empty for type: 10
08-01 12:07:53.602 18707 18707 I Bluetooth_stlib: CachedBluetoothDevice:mProfiles size=2
08-01 12:07:53.607 19516 19541 E btservice-RemoteDevices: devicePropertyChangedCallback: bdDevice: **:**:**:5A:D9:A7, value is empty for type: 10
08-01 12:07:53.609 18707 18707 I Bluetooth_stlib: CachedBluetoothDevice:mProfiles size=2
08-01 12:07:53.610 27577 27577 D StatusBarIconController: setIconVisibility icon is null or visibility not change visibility=false
08-01 12:07:53.610 27577 27577 I chatty  : uid=10039(u0_a39) com.android.systemui identical 1 line
08-01 12:07:53.611 27577 27577 D StatusBarIconController: setIconVisibility icon is null or visibility not change visibility=false
08-01 12:07:53.611 19516 19541 E btservice-RemoteDevices: devicePropertyChangedCallback: bdDevice: **:**:**:6B:E6:2E, value is empty for type: 10
08-01 12:07:53.612 27577 27577 D StatusBarIconController: setIconVisibility icon is null or visibility not change visibility=false
08-01 12:07:53.615 19516 19541 E btservice-RemoteDevices: devicePropertyChangedCallback: bdDevice: **:**:**:E0:8B:CA, value is empty for type: 10
08-01 12:07:53.615 18707 18707 I Bluetooth_stlib: CachedBluetoothDevice:mProfiles size=2
08-01 12:07:53.617 27577 27577 D StatusBarIconController: setIconVisibility icon is null or visibility not change visibility=false
08-01 12:07:53.618 27577 27577 D StatusBarIconController: setIconVisibility icon is null or visibility not change visibility=false
08-01 12:07:53.620 19516 19541 E btservice-RemoteDevices: devicePropertyChangedCallback: bdDevice: **:**:**:E2:19:AE, value is empty for type: 10
08-01 12:07:53.620 18707 18707 I Bluetooth_stlib: CachedBluetoothDevice:mProfiles size=2
08-01 12:07:53.622 27577 27577 D StatusBarIconController: setIconVisibility icon is null or visibility not change visibility=false
08-01 12:07:53.623   758   758 E wificond: Failed to get NL80211_RATE_INFO_NOISE
08-01 12:07:53.623   758   758 E wificond: Failed to get NL80211_RATE_INFO_SNR
08-01 12:07:53.623   758   758 E wificond: Failed to get NL80211_STA_INFO_CNAHLOAD
08-01 12:07:53.623 27577 27577 D StatusBarIconController: setIconVisibility icon is null or visibility not change visibility=false
08-01 12:07:53.623  1147  1344 E WificondControl: Noise: 0, Snr: -1, Chload: -1
08-01 12:07:53.624  1147  1346 D HwWifiCHRStateManager: handleMessage : 1001
08-01 12:07:53.624  1147  1346 D HwWifiCHRStateManager: handleUpdateChannel:2412
08-01 12:07:53.624  1147  1346 V HwWifiServiceFactory: get AllImpl object = com.android.server.wifi.HwWifiServiceFactoryImpl@c8e97fe
08-01 12:07:53.624 19516 19541 E btservice-RemoteDevices: devicePropertyChangedCallback: bdDevice: **:**:**:E2:18:26, value is empty for type: 10
08-01 12:07:53.625   758   758 E wificond: Failed to get NL80211_RATE_INFO_NOISE
08-01 12:07:53.625   758   758 E wificond: Failed to get NL80211_RATE_INFO_SNR
08-01 12:07:53.625   758   758 E wificond: Failed to get NL80211_STA_INFO_CNAHLOAD
08-01 12:07:53.626  1147  1415 D HuaweiWifiWatchdogStateMachine: LM mrssi=-58
08-01 12:07:53.626  1147  1415 D HuaweiWifiWatchdogStateMachine: 9c:21:**:**:18:a8 current loss[-58]=0%, volume=5
08-01 12:07:53.626  1147  1415 D HuaweiWifiWatchdogStateMachine: 9c:21:**:**:18:a8 history loss[-58]=0.07%, volume=1469
08-01 12:07:53.626  1147  1415 I HuaweiWifiWatchdogStateMachine: spd good count:0, add sc:0.0, rate:1.0
08-01 12:07:53.626  1147  1415 I HuaweiWifiWatchdogStateMachine: current mHighDataFlowRate = 1.0
08-01 12:07:53.626  1147  1415 I HuaweiWifiWatchdogStateMachine: POta txb txg rxg:0, 9, 0. Lr =0% Totpkt=9
08-01 12:07:53.627 18707 18707 I Bluetooth_stlib: CachedBluetoothDevice:mProfiles size=2
08-01 12:07:53.627  1147  1147 D WiFi_PRO: MSG_RETURN_AP_CURRY_RSSI rssi = -58
08-01 12:07:53.627  1147  1147 I QosMonitor: queryRtt: rtt_type = 3
