08-01 12:08:09.832  1147  2852 D KeyEvent: obtain, mHwFlags=0
08-01 12:08:09.832  1147  2852 D HwCustPhoneWindowManager: answer call by keyCode = 3, down = true, isSupVolumnkeyAnswerCall = false
08-01 12:08:09.832  1147  2852 D WindowManager: interceptKeyBeforeQueueing: key 3 , result : 1
08-01 12:08:09.833  1147  1325 D KeyEvent: obtain, mHwFlags=-869704624
08-01 12:08:09.835  1147  1325 D HwGameAssistantController: Keycontrol mode is 0 for user 0
08-01 12:08:09.835  1147  1325 D HwPhoneWindowManager: deviceId:-1 mFingerPrintId:0 isGameKeyControlOn:false,EnableKey=false,mLastKeyDownDropped=false
08-01 12:08:09.836  1147  2852 D KeyEvent: obtain, mHwFlags=0
08-01 12:08:09.836  1147  2852 D HwCustPhoneWindowManager: answer call by keyCode = 3, down = false, isSupVolumnkeyAnswerCall = false
08-01 12:08:09.836  1147  2852 D WindowManager: interceptKeyBeforeQueueing: key 3 , result : 1
08-01 12:08:09.836  1147  1325 D KeyEvent: obtain, mHwFlags=-869704624
08-01 12:08:09.836  1147  1325 I InputManager: preStart Home return.
08-01 12:08:09.837  1147  1325 D HwGameAssistantController: Keycontrol mode is 0 for user 0
08-01 12:08:09.837  1147  1325 D HwPhoneWindowManager: deviceId:-1 mFingerPrintId:0 isGameKeyControlOn:false,EnableKey=false,mLastKeyDownDropped=false
08-01 12:08:09.840 27577 27577 W HwKeyguardDragHelper: AnimationBlocked
08-01 12:08:09.845  1147  1325 I ActivityManager: START u0 {act=android.intent.action.MAIN cat=[android.intent.category.HOME] flg=0x10200200 cmp=com.huawei.android.launcher/.unihome.UniHomeLauncher (has extras)} from uid 1000
08-01 12:08:09.845  1147  1325 I ActivityManager: ActivityRecord info: ActivityInfo{9c576da com.huawei.android.launcher.unihome.UniHomeLauncher}
08-01 12:08:09.846  1886  2177 I ash     : front pkg : com.huawei.android.launcher launcher: false
08-01 12:08:09.847  1886  2177 I ash     : above launcher front pkgs: [com.android.settings, com.huawei.android.launcher]
08-01 12:08:09.854  1147  1325 D ActivityManager: allPausedActivitiesComplete: r=ActivityRecord{5bf326c u0 com.android.settings/.HWSettings t1348} state=PAUSING
08-01 12:08:09.867  1147 10270 V WindowManager: No longer Stopped: AppWindowToken{57efd19 token=Token{ef87460 ActivityRecord{b1b063 u0 com.huawei.android.launcher/.unihome.UniHomeLauncher t1125}}}
08-01 12:08:09.867  1147 10270 V WindowManager: findFocusedWindow: AppWindowToken{3f4bcca token=Token{f4d9035 ActivityRecord{5bf326c u0 com.android.settings/.HWSettings t1348}}} below Reached focused app=AppWindowToken{57efd19 token=Token{ef87460 ActivityRecord{b1b063 u0 com.huawei.android.launcher/.unihome.UniHomeLauncher t1125}}}
08-01 12:08:09.870  1886  2035 D ScenarioService: front pkg : com.huawei.android.launcher launcher: true
08-01 12:08:09.871  1886  2035 I AppsUsage: scnOff:false FgAPP:com.huawei.android.launcher BgAPP:com.android.settings
08-01 12:08:09.871  1886  2177 I ash     : front pkg : com.huawei.android.launcher launcher: true
08-01 12:08:09.872  2683  5702 D [HwRecSys]HwRecSysService: onEvent actionID: 10010 msg:com.huawei.android.launcher
08-01 12:08:09.873  2683  5702 I [HwRecSys]HwRecSysService:  cur pkg: com.huawei.android.launcher
08-01 12:08:09.873  2983  2983 I HiBoard_Workspace: onWindowVisibilityChanged：0 isOverlayClosed:true
08-01 12:08:09.873  2983  2983 I HiBoard_MainView: onWindowVisibilityChanged：0 isOverlayClosed:true
08-01 12:08:09.873  2983  2983 I HiBoard_FlowLayout: onWindowVisibilityChanged：0 isOverlayClosed:true
08-01 12:08:09.875  1886  2342 I PGServer: report state:10000 event type:2 pid:0 uid:0 pkg:com.android.settings to pid: 1147
08-01 12:08:09.875  1886  2342 I PGServer: report state:10000 event type:2 pid:0 uid:0 pkg:com.android.settings to pid: 1886
08-01 12:08:09.876  1886  2342 I SceneReceiver: state type: 10000 eventType:2 pid:0 uid:0 pkg:com.android.settings
08-01 12:08:09.876  1886  2342 I PGServer: report state:10010 event type:1 pid:0 uid:0 pkg:com.huawei.android.launcher to pid: 1147
08-01 12:08:09.876  1886  2342 I PGServer: report state:10010 event type:1 pid:0 uid:0 pkg:com.huawei.android.launcher to pid: 1886
08-01 12:08:09.876  1886  2342 I SceneReceiver: state type: 10010 eventType:1 pid:0 uid:0 pkg:com.huawei.android.launcher
08-01 12:08:09.876  1147  1394 D EmcomManagerService: forePackage name is com.huawei.android.launcher
08-01 12:08:09.876  1147  1394 D HicomPolicyManager: foreAppInfo = nullpkgName = com.huawei.android.launcher uid= 10057
08-01 12:08:09.876  1147  1394 E HicomPolicyManager: udp acc is not start yet!
08-01 12:08:09.876  1147  1394 D HicomPolicyManager: speed control is not start
08-01 12:08:09.876  1147  1394 E HicomPolicyManager: Network Evaluation is not start yet!
08-01 12:08:09.876  1147  1394 E HicomPolicyManager: foreground app info is null
08-01 12:08:09.876  1886  2552 D HwThermalStateManager: current foreapp pkg : com.huawei.android.launcher
08-01 12:08:09.877  2683  5702 E [HwRecSys]ServiceHelper: accessibility_service_name:com.huawei.recsys/com.huawei.recsys.service.PortraitDaService
08-01 12:08:09.877  2683  5702 E [HwRecSys]ServiceHelper: multiScreenShotService:ComponentInfo{com.huawei.recsys/com.huawei.recsys.service.PortraitDaService}
08-01 12:08:09.877  1147  9318 V WindowManager: findFocusedWindow: AppWindowToken{3f4bcca token=Token{f4d9035 ActivityRecord{5bf326c u0 com.android.settings/.HWSettings t1348}}} below Reached focused app=AppWindowToken{57efd19 token=Token{ef87460 ActivityRecord{b1b063 u0 com.huawei.android.launcher/.unihome.UniHomeLauncher t1125}}}
08-01 12:08:09.877  1147  9318 D WindowManager: face_rotation: isIntelliServiceEnabled: ro swtich off
08-01 12:08:09.877  1147  9318 I WindowManager: rotationForOrientationLw(orient=1, last=0); user=0
08-01 12:08:09.877  1147  9318 D WindowManager: face_rotation: isIntelliServiceEnabled: ro swtich off
08-01 12:08:09.877  1147  9318 D HwPhoneWindowManager: face_rotation: not enabled,use sensor real
08-01 12:08:09.878  1147  9318 D HwPhoneWindowManager: face_rotation:real sensor rotation = -1
08-01 12:08:09.878  1147  9318 D HwPhoneWindowManager: face_rotation: rotation = 0
08-01 12:08:09.878  1147  9318 I WindowManager: Selected orientation 1, got rotation 0 which has compatible metrics
08-01 12:08:09.878  1886  9326 I PGServer: checkPkgType. calling pkg: android
08-01 12:08:09.878  1147  2852 I [SPMN]  : insert SECURE -- name = enabled_accessibility_services, package = com.huawei.recsys, user = 0, value =
08-01 12:08:09.879  1886  9326 I PGServer: checkPkgType. calling pkg: android
08-01 12:08:09.880  1886  3657 W libc    : Set property "sys.aps.gameProcessName" to ""
08-01 12:08:09.880  1147  1883 I [SPMN]  : insert SECURE -- name = accessibility_enabled, package = com.huawei.recsys, user = 0, value = 1
08-01 12:08:09.881  1886  3657 W libc    : Set property "sys.aps.browserProcessName" to ""
08-01 12:08:09.881  2683  5702 D [HwRecSys]DirectServiceController: curPkg:com.huawei.android.launcher
08-01 12:08:09.885  1147  2852 W WindowManager: EGLdebug Created surface WindowStateAnimator{6970791 com.huawei.intelligent.Workspace}
08-01 12:08:09.886  1147  2852 V WindowManager: findFocusedWindow: AppWindowToken{3f4bcca token=Token{f4d9035 ActivityRecord{5bf326c u0 com.android.settings/.HWSettings t1348}}} below Reached focused app=AppWindowToken{57efd19 token=Token{ef87460 ActivityRecord{b1b063 u0 com.huawei.android.launcher/.unihome.UniHomeLauncher t1125}}}
08-01 12:08:09.892   644   644 I GRALLOC : 	 shrFd=10,fmt=0x1,intFmt=0x200000001,btStrd=4352,size=8486912,pid=644
08-01 12:08:09.892   644   644 I GRALLOC : 	 yuv=2,w=1080,h=1920,Stride u=0 v=0,offset u=0 v=0
08-01 12:08:09.892   644   644 I GRALLOC : 	 iova_size=8486912,conUsg=0x900,proUsg=0x900,	 strd=1088,[afbc]HdrStrd=1088 PyldStrd=69632 Scrmbl=0,ionhnd = 1
08-01 12:08:09.894   644   644 I chatty  : uid=1000(system) allocator@2.0-s identical 1 line
08-01 12:08:09.897   644   644 I GRALLOC : 	 shrFd=10,fmt=0x1,intFmt=0x200000001,btStrd=4352,size=8486912,pid=644
08-01 12:08:09.897   644   644 I GRALLOC : 	 yuv=2,w=1080,h=1920,Stride u=0 v=0,offset u=0 v=0
08-01 12:08:09.897   644   644 I GRALLOC : 	 iova_size=8486912,conUsg=0x900,proUsg=0x900,	 strd=1088,[afbc]HdrStrd=1088 PyldStrd=69632 Scrmbl=0,ionhnd = 1
08-01 12:08:09.898  2983 22918 D mali_winsys: EGLint new_window_surface(egl_winsys_display *, void *, EGLSurface, EGLConfig, egl_winsys_surface **, egl_color_buffer_format *, EGLBoolean) returns 0x3000
08-01 12:08:09.904  1147 10270 I WindowManager: Taking screenshot from Surface with crop:[Rect(0, 72 - 1080, 1787)], width:[648], height:[1029], minLayer:[21010], maxLayer:[21010], inRotation:[false], rot:[0]
08-01 12:08:09.910   644   644 I GRALLOC : 	 shrFd=10,fmt=0x1,intFmt=0x200000001,btStrd=4352,size=8486912,pid=644
08-01 12:08:09.910   644   644 I GRALLOC : 	 yuv=2,w=1080,h=1920,Stride u=0 v=0,offset u=0 v=0
08-01 12:08:09.910   644   644 I GRALLOC : 	 iova_size=8486912,conUsg=0xb00,proUsg=0xb00,	 strd=1088,[afbc]HdrStrd=1088 PyldStrd=69632 Scrmbl=0,ionhnd = 1
08-01 12:08:09.912   644   644 I GRALLOC : 	 shrFd=10,fmt=0x1,intFmt=0x1,btStrd=2816,size=2908160,pid=644
08-01 12:08:09.912   644   644 I GRALLOC : 	 yuv=2,w=648,h=1029,Stride u=0 v=0,offset u=0 v=0
08-01 12:08:09.912   644   644 I GRALLOC : 	 iova_size=2908160,conUsg=0x306,proUsg=0x366,	 strd=704,[afbc]HdrStrd=0 PyldStrd=0 Scrmbl=0,ionhnd = 1
08-01 12:08:09.918  1147  2852 D WindowManager: finishDrawingWindow: Window{8b51aff u0 com.huawei.intelligent.Workspace} mDrawState=DRAW_PENDING
08-01 12:08:09.929  1147 10270 V WindowManager: notifyAppResumed: wasStopped=true AppWindowToken{57efd19 token=Token{ef87460 ActivityRecord{b1b063 u0 com.huawei.android.launcher/.unihome.UniHomeLauncher t1125}}}
08-01 12:08:09.930  2570  2570 I HwLauncher: Launcher  onNewIntent() DragLayer visibility = 0, alpha = 1.0
08-01 12:08:09.931  1147  2852 W InputMethodManagerService: Ignoring hideSoftInput of uid 10057: com.android.internal.view.IInputMethodClient$Stub$Proxy@94cf9e8
08-01 12:08:09.932  2570  2570 W HwLauncher: Workspace  changeState() state no change.
08-01 12:08:09.934  1147 10270 V WindowManager: Checking 1 opening apps (frozen=false timeout=false)...
08-01 12:08:09.934  1147 10270 V WindowManager: Check opening app=AppWindowToken{57efd19 token=Token{ef87460 ActivityRecord{b1b063 u0 com.huawei.android.launcher/.unihome.UniHomeLauncher t1125}}}: allDrawn=false startingDisplayed=false startingMoved=false isRelaunching()=false
08-01 12:08:09.937  2570  2632 E HwLauncher: SettingsEx , no such field.
08-01 12:08:09.937  2570  2632 W HwLauncher: Clock getDataFormat the getSystemString failed.
08-01 12:08:09.937  1147  1164 D HwQoEUtils: mForegroundAppPackageName: com.huawei.android.launcher ,score: 0
08-01 12:08:09.938  1147  1164 D HwQoEUtils: onForegroundAppWifiSleepChange: config:false, sleeptime:-1,type: 255, appname:com.huawei.android.launcher
08-01 12:08:09.938  1147  1164 D HwQoEUtils: APP type: 255 appName= com.huawei.android.launcher
08-01 12:08:09.938  1147  1164 D HwQoEUtils: no game, APP_TYPE_GAME, appName =com.huawei.android.launcher
08-01 12:08:09.940  1147  1164 D HwGameAssistantController: pid=2570, uid=10057, foreground=true
08-01 12:08:09.942  2683  5702 I [HwRecSys]CandidateSetHelper: getHwCandisetByPkgAndActivity -> pkg:com.huawei.android.launcher
08-01 12:08:09.942  1147  1310 W AwareLog: SchedLevelBoost: onFgActivitiesChanged config not set!
08-01 12:08:09.944 18707 18707 D DashboardSummary: onWindowFocusChanged
08-01 12:08:09.944 18707 18707 D DashboardSummary: Stopped listening for condition changes
08-01 12:08:09.948  1147  1657 W WindowManager: EGLdebug Created surface WindowStateAnimator{e022cc1 com.huawei.android.launcher/com.huawei.android.launcher.unihome.UniHomeLauncher}
08-01 12:08:09.949  2683  5702 E [HwRecSys]CandidateSetHelper: getHwCandidateByPkgAndActivity -> this pkg HwCandidates is null!
08-01 12:08:09.949  2683  5702 I [HwRecSys]DirectServiceController: this pkg and activity is not contain in Candidate db!
08-01 12:08:09.949  1147  1657 V HwPhoneWindowManager: updateSystemUiColorLw window=Window{1372794 u0 com.huawei.android.launcher/com.huawei.android.launcher.unihome.UniHomeLauncher},EmuiStyle=-1,StatusBarColor=0xfffcfcfc,NavigationBarColor=0x0, mLastIsEmuiLightStyle=-1, mForceNotchStatusBar=false
08-01 12:08:09.949  1147  1164 D HwPhoneWindowManager: Transact:setSystemUIColor to status bar service
08-01 12:08:09.949 27577 27758 I CommandQueue: updateBarBgColor
08-01 12:08:09.949 27577 27758 D CommandQueue: CommandQueue, setBarBackgroundColor
08-01 12:08:09.949  1147 10270 I HwNetworkPolicy: onTransact, code = 203
08-01 12:08:09.950  1455  1722 I HwNetworkPolicyManager: getHwUidPolicy uid = 10057 policy = 0
08-01 12:08:09.950 27577 27577 D TintManager: statusBarIconTint=#99000000,navigationBarIconTint=#00000000
08-01 12:08:09.953  1147  1657 V WindowManager: Checking 1 opening apps (frozen=false timeout=false)...
08-01 12:08:09.953  1147  1657 V WindowManager: Check opening app=AppWindowToken{57efd19 token=Token{ef87460 ActivityRecord{b1b063 u0 com.huawei.android.launcher/.unihome.UniHomeLauncher t1125}}}: allDrawn=false startingDisplayed=false startingMoved=false isRelaunching()=false
08-01 12:08:09.954 18678 18678 I AccessibilityNodeInfoDumper: Skipping invisible child: android.view.accessibility.AccessibilityNodeInfo@f640; boundsInParent: Rect(0, 0 - 1080, 0); boundsInScreen: Rect(0, 216 - 1080, 216); packageName: com.android.settings; className: android.widget.FrameLayout; text: null; error: null; maxTextLength: -1; contentDescription: null; viewIdResName: com.android.settings:id/content_header_container; checkable: false; checked: false; focusable: false; focused: false; selected: false; clickable: false; longClickable: false; contextClickable: false; enabled: true; password: false; scrollable: false; importantForAccessibility: false; actions: [AccessibilityAction: ACTION_SELECT - null, AccessibilityAction: ACTION_CLEAR_SELECTION - null, AccessibilityAction: ACTION_ACCESSIBILITY_FOCUS - null, AccessibilityAction: ACTION_SHOW_ON_SCREEN - null]
08-01 12:08:09.957 27577 27577 D StatusBarIconController: setIconVisibility icon is null or visibility not change visibility=false
08-01 12:08:09.960   644   644 I GRALLOC : 	 shrFd=10,fmt=0x1,intFmt=0x200000001,btStrd=4352,size=8486912,pid=644
08-01 12:08:09.960   644   644 I GRALLOC : 	 yuv=2,w=1080,h=1920,Stride u=0 v=0,offset u=0 v=0
08-01 12:08:09.960   644   644 I GRALLOC : 	 iova_size=8486912,conUsg=0x900,proUsg=0x900,	 strd=1088,[afbc]HdrStrd=1088 PyldStrd=69632 Scrmbl=0,ionhnd = 1
08-01 12:08:09.961 18678 18694 W QueryController: AccessibilityNodeInfo returned a null child (0 of 1)
08-01 12:08:09.961 18678 18694 W QueryController: parent = android.view.accessibility.AccessibilityNodeInfo@9c28; boundsInParent: Rect(0, 0 - 1080, 24); boundsInScreen: Rect(0, 504 - 1080, 528); packageName: com.android.settings; className: android.widget.LinearLayout; text: null; error: null; maxTextLength: -1; contentDescription: null; viewIdResName: com.android.settings:id/category; checkable: false; checked: false; focusable: false; focused: false; selected: false; clickable: false; longClickable: false; contextClickable: false; enabled: true; password: false; scrollable: false; importantForAccessibility: true; actions: [AccessibilityAction: ACTION_SELECT - null, AccessibilityAction: ACTION_CLEAR_SELECTION - null, AccessibilityAction: ACTION_ACCESSIBILITY_FOCUS - null, AccessibilityAction: ACTION_SHOW_ON_SCREEN - null]
08-01 12:08:09.962  2570  2570 W InputMethodManager: startInputReason = 1
08-01 12:08:09.963   644   644 I GRALLOC : 	 shrFd=10,fmt=0x1,intFmt=0x200000001,btStrd=4352,size=8486912,pid=644
08-01 12:08:09.963   644   644 I GRALLOC : 	 yuv=2,w=1080,h=1920,Stride u=0 v=0,offset u=0 v=0
08-01 12:08:09.963   644   644 I GRALLOC : 	 iova_size=8486912,conUsg=0x900,proUsg=0x900,	 strd=1088,[afbc]HdrStrd=1088 PyldStrd=69632 Scrmbl=0,ionhnd = 1
08-01 12:08:09.964 18678 18694 W QueryController: AccessibilityNodeInfo returned a null child (0 of 3)
08-01 12:08:09.964 18678 18694 W QueryController: parent = android.view.accessibility.AccessibilityNodeInfo@9fe9; boundsInParent: Rect(0, 0 - 1080, 168); boundsInScreen: Rect(0, 528 - 1080, 696); packageName: com.android.settings; className: android.widget.LinearLayout; text: null; error: null; maxTextLength: -1; contentDescription: null; viewIdResName: com.android.settings:id/dashboard_tile; checkable: false; checked: false; focusable: true; focused: false; selected: false; clickable: true; longClickable: false; contextClickable: false; enabled: true; password: false; scrollable: false; importantForAccessibility: true; actions: [AccessibilityAction: ACTION_FOCUS - null, AccessibilityAction: ACTION_SELECT - null, AccessibilityAction: ACTION_CLEAR_SELECTION - null, AccessibilityAction: ACTION_CLICK - null, AccessibilityAction: ACTION_ACCESSIBILITY_FOCUS - null, AccessibilityAction: ACTION_SHOW_ON_SCREEN - null]
08-01 12:08:09.965 18678 18694 W QueryController: AccessibilityNodeInfo returned a null child (1 of 3)
08-01 12:08:09.966 18678 18694 W QueryController: AccessibilityNodeInfo returned a null child (2 of 3)
08-01 12:08:09.966 18678 18694 W QueryController: AccessibilityNodeInfo returned a null child (0 of 3)
08-01 12:08:09.967 18678 18694 W QueryController: parent = android.view.accessibility.AccessibilityNodeInfo@a3aa; boundsInParent: Rect(0, 0 - 1080, 168); boundsInScreen: Rect(0, 696 - 1080, 864); packageName: com.android.settings; className: android.widget.LinearLayout; text: null; error: null; maxTextLength: -1; contentDescription: null; viewIdResName: com.android.settings:id/dashboard_tile; checkable: false; checked: false; focusable: true; focused: false; selected: false; clickable: true; longClickable: false; contextClickable: false; enabled: true; password: false; scrollable: false; importantForAccessibility: true; actions: [AccessibilityAction: ACTION_FOCUS - null, AccessibilityAction: ACTION_SELECT - null, AccessibilityAction: ACTION_CLEAR_SELECTION - null, AccessibilityAction: ACTION_CLICK - null, AccessibilityAction: ACTION_ACCESSIBILITY_FOCUS - null, AccessibilityAction: ACTION_SHOW_ON_SCREEN - null]
08-01 12:08:09.967   644   644 I GRALLOC : 	 shrFd=10,fmt=0x1,intFmt=0x200000001,btStrd=4352,size=8486912,pid=644
08-01 12:08:09.967   644   644 I GRALLOC : 	 yuv=2,w=1080,h=1920,Stride u=0 v=0,offset u=0 v=0
08-01 12:08:09.967   644   644 I GRALLOC : 	 iova_size=8486912,conUsg=0x900,proUsg=0x900,	 strd=1088,[afbc]HdrStrd=1088 PyldStrd=69632 Scrmbl=0,ionhnd = 1
08-01 12:08:09.967 18678 18694 W QueryController: AccessibilityNodeInfo returned a null child (1 of 3)
08-01 12:08:09.968 18678 18678 I AccessibilityNodeInfoDumper: Null child 0/1, parent: android.view.accessibility.AccessibilityNodeInfo@9c28; boundsInParent: Rect(0, 0 - 1080, 24); boundsInScreen: Rect(0, 504 - 1080, 528); packageName: com.android.settings; className: android.widget.LinearLayout; text: null; error: null; maxTextLength: -1; contentDescription: null; viewIdResName: com.android.settings:id/category; checkable: false; checked: false; focusable: false; focused: false; selected: false; clickable: false; longClickable: false; contextClickable: false; enabled: true; password: false; scrollable: false; importantForAccessibility: true; actions: [AccessibilityAction: ACTION_SELECT - null, AccessibilityAction: ACTION_CLEAR_SELECTION - null, AccessibilityAction: ACTION_ACCESSIBILITY_FOCUS - null, AccessibilityAction: ACTION_SHOW_ON_SCREEN - null]
08-01 12:08:09.968 18678 18694 W QueryController: AccessibilityNodeInfo returned a null child (2 of 3)
08-01 12:08:09.968  2570  3027 D mali_winsys: EGLint new_window_surface(egl_winsys_display *, void *, EGLSurface, EGLConfig, egl_winsys_surface **, egl_color_buffer_format *, EGLBoolean) returns 0x3000
08-01 12:08:09.969 18678 18694 W QueryController: AccessibilityNodeInfo returned a null child (0 of 3)
08-01 12:08:09.969 18678 18694 W QueryController: parent = android.view.accessibility.AccessibilityNodeInfo@a76b; boundsInParent: Rect(0, 0 - 1080, 168); boundsInScreen: Rect(0, 864 - 1080, 1032); packageName: com.android.settings; className: android.widget.LinearLayout; text: null; error: null; maxTextLength: -1; contentDescription: null; viewIdResName: com.android.settings:id/dashboard_tile; checkable: false; checked: false; focusable: true; focused: false; selected: false; clickable: true; longClickable: false; contextClickable: false; enabled: true; password: false; scrollable: false; importantForAccessibility: true; actions: [AccessibilityAction: ACTION_FOCUS - null, AccessibilityAction: ACTION_SELECT - null, AccessibilityAction: ACTION_CLEAR_SELECTION - null, AccessibilityAction: ACTION_CLICK - null, AccessibilityAction: ACTION_ACCESSIBILITY_FOCUS - null, AccessibilityAction: ACTION_SHOW_ON_SCREEN - null]
08-01 12:08:09.969 18678 18678 I AccessibilityNodeInfoDumper: Null child 0/3, parent: android.view.accessibility.AccessibilityNodeInfo@9fe9; boundsInParent: Rect(0, 0 - 1080, 168); boundsInScreen: Rect(0, 528 - 1080, 696); packageName: com.android.settings; className: android.widget.LinearLayout; text: null; error: null; maxTextLength: -1; contentDescription: null; viewIdResName: com.android.settings:id/dashboard_tile; checkable: false; checked: false; focusable: true; focused: false; selected: false; clickable: true; longClickable: false; contextClickable: false; enabled: true; password: false; scrollable: false; importantForAccessibility: true; actions: [AccessibilityAction: ACTION_FOCUS - null, AccessibilityAction: ACTION_SELECT - null, AccessibilityAction: ACTION_CLEAR_SELECTION - null, AccessibilityAction: ACTION_CLICK - null, AccessibilityAction: ACTION_ACCESSIBILITY_FOCUS - null, AccessibilityAction: ACTION_SHOW_ON_SCREEN - null]
08-01 12:08:09.970 18678 18694 W QueryController: AccessibilityNodeInfo returned a null child (1 of 3)
08-01 12:08:09.970 26480 26480 I wangchen: SysInfo.getSysParam: orientation=1||config d=3.0,w=1080,h=1788||metrics d=3.0,w=1080,h=1788||sdk=26,bar_h=72
08-01 12:08:09.970 18678 18678 I AccessibilityNodeInfoDumper: Null child 1/3, parent: android.view.accessibility.AccessibilityNodeInfo@9fe9; boundsInParent: Rect(0, 0 - 1080, 168); boundsInScreen: Rect(0, 528 - 1080, 696); packageName: com.android.settings; className: android.widget.LinearLayout; text: null; error: null; maxTextLength: -1; contentDescription: null; viewIdResName: com.android.settings:id/dashboard_tile; checkable: false; checked: false; focusable: true; focused: false; selected: false; clickable: true; longClickable: false; contextClickable: false; enabled: true; password: false; scrollable: false; importantForAccessibility: true; actions: [AccessibilityAction: ACTION_FOCUS - null, AccessibilityAction: ACTION_SELECT - null, AccessibilityAction: ACTION_CLEAR_SELECTION - null, AccessibilityAction: ACTION_CLICK - null, AccessibilityAction: ACTION_ACCESSIBILITY_FOCUS - null, AccessibilityAction: ACTION_SHOW_ON_SCREEN - null]
08-01 12:08:09.971 18678 18694 W QueryController: AccessibilityNodeInfo returned a null child (2 of 3)
08-01 12:08:09.971 26480 26480 I KeymapLoader: w=1080 h=1788 ori=true appScale=3.3 s1=3.0
08-01 12:08:09.971 18678 18694 W QueryController: AccessibilityNodeInfo returned a null child (0 of 3)
08-01 12:08:09.971 18678 18678 I AccessibilityNodeInfoDumper: Null child 2/3, parent: android.view.accessibility.AccessibilityNodeInfo@9fe9; boundsInParent: Rect(0, 0 - 1080, 168); boundsInScreen: Rect(0, 528 - 1080, 696); packageName: com.android.settings; className: android.widget.LinearLayout; text: null; error: null; maxTextLength: -1; contentDescription: null; viewIdResName: com.android.settings:id/dashboard_tile; checkable: false; checked: false; focusable: true; focused: false; selected: false; clickable: true; longClickable: false; contextClickable: false; enabled: true; password: false; scrollable: false; importantForAccessibility: true; actions: [AccessibilityAction: ACTION_FOCUS - null, AccessibilityAction: ACTION_SELECT - null, AccessibilityAction: ACTION_CLEAR_SELECTION - null, AccessibilityAction: ACTION_CLICK - null, AccessibilityAction: ACTION_ACCESSIBILITY_FOCUS - null, AccessibilityAction: ACTION_SHOW_ON_SCREEN - null]
08-01 12:08:09.971 18678 18694 W QueryController: parent = android.view.accessibility.AccessibilityNodeInfo@b2ae; boundsInParent: Rect(0, 0 - 1080, 168); boundsInScreen: Rect(0, 1368 - 1080, 1536); packageName: com.android.settings; className: android.widget.LinearLayout; text: null; error: null; maxTextLength: -1; contentDescription: null; viewIdResName: com.android.settings:id/dashboard_tile; checkable: false; checked: false; focusable: true; focused: false; selected: false; clickable: true; longClickable: false; contextClickable: false; enabled: true; password: false; scrollable: false; importantForAccessibility: true; actions: [AccessibilityAction: ACTION_FOCUS - null, AccessibilityAction: ACTION_SELECT - null, AccessibilityAction: ACTION_CLEAR_SELECTION - null, AccessibilityAction: ACTION_CLICK - null, AccessibilityAction: ACTION_ACCESSIBILITY_FOCUS - null, AccessibilityAction: ACTION_SHOW_ON_SCREEN - null]
08-01 12:08:09.972 18678 18678 I AccessibilityNodeInfoDumper: Null child 0/3, parent: android.view.accessibility.AccessibilityNodeInfo@9fe9; boundsInParent: Rect(0, 0 - 1080, 168); boundsInScreen: Rect(0, 528 - 1080, 696); packageName: com.android.settings; className: android.widget.LinearLayout; text: null; error: null; maxTextLength: -1; contentDescription: null; viewIdResName: com.android.settings:id/dashboard_tile; checkable: false; checked: false; focusable: true; focused: false; selected: false; clickable: true; longClickable: false; contextClickable: false; enabled: true; password: false; scrollable: false; importantForAccessibility: true; actions: [AccessibilityAction: ACTION_FOCUS - null, AccessibilityAction: ACTION_SELECT - null, AccessibilityAction: ACTION_CLEAR_SELECTION - null, AccessibilityAction: ACTION_CLICK - null, AccessibilityAction: ACTION_ACCESSIBILITY_FOCUS - null, AccessibilityAction: ACTION_SHOW_ON_SCREEN - null]
08-01 12:08:09.972 18678 18694 W QueryController: AccessibilityNodeInfo returned a null child (1 of 3)
08-01 12:08:09.973 18678 18694 W QueryController: AccessibilityNodeInfo returned a null child (2 of 3)
08-01 12:08:09.973 18678 18678 I AccessibilityNodeInfoDumper: Null child 1/3, parent: android.view.accessibility.AccessibilityNodeInfo@9fe9; boundsInParent: Rect(0, 0 - 1080, 168); boundsInScreen: Rect(0, 528 - 1080, 696); packageName: com.android.settings; className: android.widget.LinearLayout; text: null; error: null; maxTextLength: -1; contentDescription: null; viewIdResName: com.android.settings:id/dashboard_tile; checkable: false; checked: false; focusable: true; focused: false; selected: false; clickable: true; longClickable: false; contextClickable: false; enabled: true; password: false; scrollable: false; importantForAccessibility: true; actions: [AccessibilityAction: ACTION_FOCUS - null, AccessibilityAction: ACTION_SELECT - null, AccessibilityAction: ACTION_CLEAR_SELECTION - null, AccessibilityAction: ACTION_CLICK - null, AccessibilityAction: ACTION_ACCESSIBILITY_FOCUS - null, AccessibilityAction: ACTION_SHOW_ON_SCREEN - null]
08-01 12:08:09.974 18678 18694 W QueryController: AccessibilityNodeInfo returned a null child (0 of 3)
08-01 12:08:09.974 18678 18694 W QueryController: parent = android.view.accessibility.AccessibilityNodeInfo@b66f; boundsInParent: Rect(0, 0 - 1080, 168); boundsInScreen: Rect(0, 1536 - 1080, 1704); packageName: com.android.settings; className: android.widget.LinearLayout; text: null; error: null; maxTextLength: -1; contentDescription: null; viewIdResName: com.android.settings:id/dashboard_tile; checkable: false; checked: false; focusable: true; focused: false; selected: false; clickable: true; longClickable: false; contextClickable: false; enabled: true; password: false; scrollable: false; importantForAccessibility: true; actions: [AccessibilityAction: ACTION_FOCUS - null, AccessibilityAction: ACTION_SELECT - null, AccessibilityAction: ACTION_CLEAR_SELECTION - null, AccessibilityAction: ACTION_CLICK - null, AccessibilityAction: ACTION_ACCESSIBILITY_FOCUS - null, AccessibilityAction: ACTION_SHOW_ON_SCREEN - null]
08-01 12:08:09.975 18678 18694 W QueryController: AccessibilityNodeInfo returned a null child (1 of 3)
08-01 12:08:09.975 18678 18678 I AccessibilityNodeInfoDumper: Null child 2/3, parent: android.view.accessibility.AccessibilityNodeInfo@9fe9; boundsInParent: Rect(0, 0 - 1080, 168); boundsInScreen: Rect(0, 528 - 1080, 696); packageName: com.android.settings; className: android.widget.LinearLayout; text: null; error: null; maxTextLength: -1; contentDescription: null; viewIdResName: com.android.settings:id/dashboard_tile; checkable: false; checked: false; focusable: true; focused: false; selected: false; clickable: true; longClickable: false; contextClickable: false; enabled: true; password: false; scrollable: false; importantForAccessibility: true; actions: [AccessibilityAction: ACTION_FOCUS - null, AccessibilityAction: ACTION_SELECT - null, AccessibilityAction: ACTION_CLEAR_SELECTION - null, AccessibilityAction: ACTION_CLICK - null, AccessibilityAction: ACTION_ACCESSIBILITY_FOCUS - null, AccessibilityAction: ACTION_SHOW_ON_SCREEN - null]
08-01 12:08:09.976 18678 18678 I AccessibilityNodeInfoDumper: Null child 0/3, parent: android.view.accessibility.AccessibilityNodeInfo@a3aa; boundsInParent: Rect(0, 0 - 1080, 168); boundsInScreen: Rect(0, 696 - 1080, 864); packageName: com.android.settings; className: android.widget.LinearLayout; text: null; error: null; maxTextLength: -1; contentDescription: null; viewIdResName: com.android.settings:id/dashboard_tile; checkable: false; checked: false; focusable: true; focused: false; selected: false; clickable: true; longClickable: false; contextClickable: false; enabled: true; password: false; scrollable: false; importantForAccessibility: true; actions: [AccessibilityAction: ACTION_FOCUS - null, AccessibilityAction: ACTION_SELECT - null, AccessibilityAction: ACTION_CLEAR_SELECTION - null, AccessibilityAction: ACTION_CLICK - null, AccessibilityAction: ACTION_ACCESSIBILITY_FOCUS - null, AccessibilityAction: ACTION_SHOW_ON_SCREEN - null]
08-01 12:08:09.978 18678 18694 W QueryController: AccessibilityNodeInfo returned a null child (2 of 3)
08-01 12:08:09.978 18678 18678 I AccessibilityNodeInfoDumper: Null child 1/3, parent: android.view.accessibility.AccessibilityNodeInfo@a3aa; boundsInParent: Rect(0, 0 - 1080, 168); boundsInScreen: Rect(0, 696 - 1080, 864); packageName: com.android.settings; className: android.widget.LinearLayout; text: null; error: null; maxTextLength: -1; contentDescription: null; viewIdResName: com.android.settings:id/dashboard_tile; checkable: false; checked: false; focusable: true; focused: false; selected: false; clickable: true; longClickable: false; contextClickable: false; enabled: true; password: false; scrollable: false; importantForAccessibility: true; actions: [AccessibilityAction: ACTION_FOCUS - null, AccessibilityAction: ACTION_SELECT - null, AccessibilityAction: ACTION_CLEAR_SELECTION - null, AccessibilityAction: ACTION_CLICK - null, AccessibilityAction: ACTION_ACCESSIBILITY_FOCUS - null, AccessibilityAction: ACTION_SHOW_ON_SCREEN - null]
08-01 12:08:09.979 18678 18678 I AccessibilityNodeInfoDumper: Null child 2/3, parent: android.view.accessibility.AccessibilityNodeInfo@a3aa; boundsInParent: Rect(0, 0 - 1080, 168); boundsInScreen: Rect(0, 696 - 1080, 864); packageName: com.android.settings; className: android.widget.LinearLayout; text: null; error: null; maxTextLength: -1; contentDescription: null; viewIdResName: com.android.settings:id/dashboard_tile; checkable: false; checked: false; focusable: true; focused: false; selected: false; clickable: true; longClickable: false; contextClickable: false; enabled: true; password: false; scrollable: false; importantForAccessibility: true; actions: [AccessibilityAction: ACTION_FOCUS - null, AccessibilityAction: ACTION_SELECT - null, AccessibilityAction: ACTION_CLEAR_SELECTION - null, AccessibilityAction: ACTION_CLICK - null, AccessibilityAction: ACTION_ACCESSIBILITY_FOCUS - null, AccessibilityAction: ACTION_SHOW_ON_SCREEN - null]
08-01 12:08:09.979 18678 18694 W QueryController: parent = android.view.accessibility.AccessibilityNodeInfo@ba30; boundsInParent: Rect(0, 0 - 1080, 168); boundsInScreen: Rect(0, 1704 - 1080, 1788); packageName: com.android.settings; className: android.widget.LinearLayout; text: null; error: null; maxTextLength: -1; contentDescription: null; viewIdResName: com.android.settings:id/dashboard_tile; checkable: false; checked: false; focusable: true; focused: false; selected: false; clickable: true; longClickable: false; contextClickable: false; enabled: true; password: false; scrollable: false; importantForAccessibility: true; actions: [AccessibilityAction: ACTION_FOCUS - null, AccessibilityAction: ACTION_SELECT - null, AccessibilityAction: ACTION_CLEAR_SELECTION - null, AccessibilityAction: ACTION_CLICK - null, AccessibilityAction: ACTION_ACCESSIBILITY_FOCUS - null, AccessibilityAction: ACTION_SHOW_ON_SCREEN - null]
08-01 12:08:09.980 18678 18694 W QueryController: AccessibilityNodeInfo returned a null child (1 of 3)
08-01 12:08:09.980 18678 18678 I AccessibilityNodeInfoDumper: Null child 0/3, parent: android.view.accessibility.AccessibilityNodeInfo@a3aa; boundsInParent: Rect(0, 0 - 1080, 168); boundsInScreen: Rect(0, 696 - 1080, 864); packageName: com.android.settings; className: android.widget.LinearLayout; text: null; error: null; maxTextLength: -1; contentDescription: null; viewIdResName: com.android.settings:id/dashboard_tile; checkable: false; checked: false; focusable: true; focused: false; selected: false; clickable: true; longClickable: false; contextClickable: false; enabled: true; password: false; scrollable: false; importantForAccessibility: true; actions: [AccessibilityAction: ACTION_FOCUS - null, AccessibilityAction: ACTION_SELECT - null, AccessibilityAction: ACTION_CLEAR_SELECTION - null, AccessibilityAction: ACTION_CLICK - null, AccessibilityAction: ACTION_ACCESSIBILITY_FOCUS - null, AccessibilityAction: ACTION_SHOW_ON_SCREEN - null]
08-01 12:08:09.980   644   644 I GRALLOC : 	 shrFd=10,fmt=0x1,intFmt=0x200000001,btStrd=4352,size=8486912,pid=644
08-01 12:08:09.980   644   644 I GRALLOC : 	 yuv=2,w=1080,h=1920,Stride u=0 v=0,offset u=0 v=0
08-01 12:08:09.980   644   644 I GRALLOC : 	 iova_size=8486912,conUsg=0xb00,proUsg=0xb00,	 strd=1088,[afbc]HdrStrd=1088 PyldStrd=69632 Scrmbl=0,ionhnd = 1
08-01 12:08:09.981 18678 18678 I AccessibilityNodeInfoDumper: Null child 1/3, parent: android.view.accessibility.AccessibilityNodeInfo@a3aa; boundsInParent: Rect(0, 0 - 1080, 168); boundsInScreen: Rect(0, 696 - 1080, 864); packageName: com.android.settings; className: android.widget.LinearLayout; text: null; error: null; maxTextLength: -1; contentDescription: null; viewIdResName: com.android.settings:id/dashboard_tile; checkable: false; checked: false; focusable: true; focused: false; selected: false; clickable: true; longClickable: false; contextClickable: false; enabled: true; password: false; scrollable: false; importantForAccessibility: true; actions: [AccessibilityAction: ACTION_FOCUS - null, AccessibilityAction: ACTION_SELECT - null, AccessibilityAction: ACTION_CLEAR_SELECTION - null, AccessibilityAction: ACTION_CLICK - null, AccessibilityAction: ACTION_ACCESSIBILITY_FOCUS - null, AccessibilityAction: ACTION_SHOW_ON_SCREEN - null]
08-01 12:08:09.981 18678 18694 W QueryController: AccessibilityNodeInfo returned a null child (2 of 3)
08-01 12:08:09.981 18678 18678 I AccessibilityNodeInfoDumper: Null child 2/3, parent: android.view.accessibility.AccessibilityNodeInfo@a3aa; boundsInParent: Rect(0, 0 - 1080, 168); boundsInScreen: Rect(0, 696 - 1080, 864); packageName: com.android.settings; className: android.widget.LinearLayout; text: null; error: null; maxTextLength: -1; contentDescription: null; viewIdResName: com.android.settings:id/dashboard_tile; checkable: false; checked: false; focusable: true; focused: false; selected: false; clickable: true; longClickable: false; contextClickable: false; enabled: true; password: false; scrollable: false; importantForAccessibility: true; actions: [AccessibilityAction: ACTION_FOCUS - null, AccessibilityAction: ACTION_SELECT - null, AccessibilityAction: ACTION_CLEAR_SELECTION - null, AccessibilityAction: ACTION_CLICK - null, AccessibilityAction: ACTION_ACCESSIBILITY_FOCUS - null, AccessibilityAction: ACTION_SHOW_ON_SCREEN - null]
08-01 12:08:09.983 18678 18678 I AccessibilityNodeInfoDumper: Null child 5/11, parent: android.view.accessibility.AccessibilityNodeInfo@7e20; boundsInParent: Rect(0, 0 - 1080, 1572); boundsInScreen: Rect(0, 216 - 1080, 1788); packageName: com.android.settings; className: android.support.v7.widget.RecyclerView; text: null; error: null; maxTextLength: -1; contentDescription: null; viewIdResName: com.android.settings:id/dashboard_container; checkable: false; checked: false; focusable: true; focused: false; selected: false; clickable: false; longClickable: false; contextClickable: false; enabled: true; password: false; scrollable: true; importantForAccessibility: true; actions: [AccessibilityAction: ACTION_FOCUS - null, AccessibilityAction: ACTION_SELECT - null, AccessibilityAction: ACTION_CLEAR_SELECTION - null, AccessibilityAction: ACTION_ACCESSIBILITY_FOCUS - null, AccessibilityAction: ACTION_SCROLL_FORWARD - null, AccessibilityAction: ACTION_SHOW_ON_SCREEN - null]
08-01 12:08:09.984 18678 18678 I AccessibilityNodeInfoDumper: Null child 6/11, parent: android.view.accessibility.AccessibilityNodeInfo@7e20; boundsInParent: Rect(0, 0 - 1080, 1572); boundsInScreen: Rect(0, 216 - 1080, 1788); packageName: com.android.settings; className: android.support.v7.widget.RecyclerView; text: null; error: null; maxTextLength: -1; contentDescription: null; viewIdResName: com.android.settings:id/dashboard_container; checkable: false; checked: false; focusable: true; focused: false; selected: false; clickable: false; longClickable: false; contextClickable: false; enabled: true; password: false; scrollable: true; importantForAccessibility: true; actions: [AccessibilityAction: ACTION_FOCUS - null, AccessibilityAction: ACTION_SELECT - null, AccessibilityAction: ACTION_CLEAR_SELECTION - null, AccessibilityAction: ACTION_ACCESSIBILITY_FOCUS - null, AccessibilityAction: ACTION_SCROLL_FORWARD - null, AccessibilityAction: ACTION_SHOW_ON_SCREEN - null]
08-01 12:08:09.985 18678 18678 I AccessibilityNodeInfoDumper: Null child 7/11, parent: android.view.accessibility.AccessibilityNodeInfo@7e20; boundsInParent: Rect(0, 0 - 1080, 1572); boundsInScreen: Rect(0, 216 - 1080, 1788); packageName: com.android.settings; className: android.support.v7.widget.RecyclerView; text: null; error: null; maxTextLength: -1; contentDescription: null; viewIdResName: com.android.settings:id/dashboard_container; checkable: false; checked: false; focusable: true; focused: false; selected: false; clickable: false; longClickable: false; contextClickable: false; enabled: true; password: false; scrollable: true; importantForAccessibility: true; actions: [AccessibilityAction: ACTION_FOCUS - null, AccessibilityAction: ACTION_SELECT - null, AccessibilityAction: ACTION_CLEAR_SELECTION - null, AccessibilityAction: ACTION_ACCESSIBILITY_FOCUS - null, AccessibilityAction: ACTION_SCROLL_FORWARD - null, AccessibilityAction: ACTION_SHOW_ON_SCREEN - null]
08-01 12:08:09.986 18678 18678 I AccessibilityNodeInfoDumper: Null child 8/11, parent: android.view.accessibility.AccessibilityNodeInfo@7e20; boundsInParent: Rect(0, 0 - 1080, 1572); boundsInScreen: Rect(0, 216 - 1080, 1788); packageName: com.android.settings; className: android.support.v7.widget.RecyclerView; text: null; error: null; maxTextLength: -1; contentDescription: null; viewIdResName: com.android.settings:id/dashboard_container; checkable: false; checked: false; focusable: true; focused: false; selected: false; clickable: false; longClickable: false; contextClickable: false; enabled: true; password: false; scrollable: true; importantForAccessibility: true; actions: [AccessibilityAction: ACTION_FOCUS - null, AccessibilityAction: ACTION_SELECT - null, AccessibilityAction: ACTION_CLEAR_SELECTION - null, AccessibilityAction: ACTION_ACCESSIBILITY_FOCUS - null, AccessibilityAction: ACTION_SCROLL_FORWARD - null, AccessibilityAction: ACTION_SHOW_ON_SCREEN - null]
08-01 12:08:09.987 18678 18678 I AccessibilityNodeInfoDumper: Null child 9/11, parent: android.view.accessibility.AccessibilityNodeInfo@7e20; boundsInParent: Rect(0, 0 - 1080, 1572); boundsInScreen: Rect(0, 216 - 1080, 1788); packageName: com.android.settings; className: android.support.v7.widget.RecyclerView; text: null; error: null; maxTextLength: -1; contentDescription: null; viewIdResName: com.android.settings:id/dashboard_container; checkable: false; checked: false; focusable: true; focused: false; selected: false; clickable: false; longClickable: false; contextClickable: false; enabled: true; password: false; scrollable: true; importantForAccessibility: true; actions: [AccessibilityAction: ACTION_FOCUS - null, AccessibilityAction: ACTION_SELECT - null, AccessibilityAction: ACTION_CLEAR_SELECTION - null, AccessibilityAction: ACTION_ACCESSIBILITY_FOCUS - null, AccessibilityAction: ACTION_SCROLL_FORWARD - null, AccessibilityAction: ACTION_SHOW_ON_SCREEN - null]
08-01 12:08:09.988 18678 18678 I AccessibilityNodeInfoDumper: Null child 10/11, parent: android.view.accessibility.AccessibilityNodeInfo@7e20; boundsInParent: Rect(0, 0 - 1080, 1572); boundsInScreen: Rect(0, 216 - 1080, 1788); packageName: com.android.settings; className: android.support.v7.widget.RecyclerView; text: null; error: null; maxTextLength: -1; contentDescription: null; viewIdResName: com.android.settings:id/dashboard_container; checkable: false; checked: false; focusable: true; focused: false; selected: false; clickable: false; longClickable: false; contextClickable: false; enabled: true; password: false; scrollable: true; importantForAccessibility: true; actions: [AccessibilityAction: ACTION_FOCUS - null, AccessibilityAction: ACTION_SELECT - null, AccessibilityAction: ACTION_CLEAR_SELECTION - null, AccessibilityAction: ACTION_ACCESSIBILITY_FOCUS - null, AccessibilityAction: ACTION_SCROLL_FORWARD - null, AccessibilityAction: ACTION_SHOW_ON_SCREEN - null]
08-01 12:08:09.989 18678 18678 I AccessibilityNodeInfoDumper: Null child 1/2, parent: android.view.accessibility.AccessibilityNodeInfo@ccf5; boundsInParent: Rect(0, 0 - 1080, 1788); boundsInScreen: Rect(0, 0 - 1080, 1788); packageName: com.android.settings; className: android.view.ViewGroup; text: null; error: null; maxTextLength: -1; contentDescription: null; viewIdResName: android:id/decor_content_parent; checkable: false; checked: false; focusable: false; focused: false; selected: false; clickable: false; longClickable: false; contextClickable: false; enabled: true; password: false; scrollable: false; importantForAccessibility: false; actions: [AccessibilityAction: ACTION_SELECT - null, AccessibilityAction: ACTION_CLEAR_SELECTION - null, AccessibilityAction: ACTION_ACCESSIBILITY_FOCUS - null, AccessibilityAction: ACTION_SHOW_ON_SCREEN - null]
08-01 12:08:09.989  1147  1883 D WindowManager: finishDrawingWindow: Window{1372794 u0 com.huawei.android.launcher/com.huawei.android.launcher.unihome.UniHomeLauncher} mDrawState=DRAW_PENDING
08-01 12:08:09.990 18678 18678 I AccessibilityNodeInfoDumper: Null child 1/3, parent: android.view.accessibility.AccessibilityNodeInfo@8000769e; boundsInParent: Rect(0, 0 - 1080, 1920); boundsInScreen: Rect(0, 0 - 1080, 1920); packageName: com.android.settings; className: android.widget.FrameLayout; text: null; error: null; maxTextLength: -1; contentDescription: null; viewIdResName: null; checkable: false; checked: false; focusable: false; focused: false; selected: false; clickable: false; longClickable: false; contextClickable: false; enabled: true; password: false; scrollable: false; importantForAccessibility: true; actions: [AccessibilityAction: ACTION_SELECT - null, AccessibilityAction: ACTION_CLEAR_SELECTION - null, AccessibilityAction: ACTION_ACCESSIBILITY_FOCUS - null, AccessibilityAction: ACTION_SHOW_ON_SCREEN - null]
08-01 12:08:09.990 18678 18678 I AccessibilityNodeInfoDumper: Null child 2/3, parent: android.view.accessibility.AccessibilityNodeInfo@8000769e; boundsInParent: Rect(0, 0 - 1080, 1920); boundsInScreen: Rect(0, 0 - 1080, 1920); packageName: com.android.settings; className: android.widget.FrameLayout; text: null; error: null; maxTextLength: -1; contentDescription: null; viewIdResName: null; checkable: false; checked: false; focusable: false; focused: false; selected: false; clickable: false; longClickable: false; contextClickable: false; enabled: true; password: false; scrollable: false; importantForAccessibility: true; actions: [AccessibilityAction: ACTION_SELECT - null, AccessibilityAction: ACTION_CLEAR_SELECTION - null, AccessibilityAction: ACTION_ACCESSIBILITY_FOCUS - null, AccessibilityAction: ACTION_SHOW_ON_SCREEN - null]
08-01 12:08:09.991 18678 18678 W AccessibilityNodeInfoDumper: Fetch time: 40ms
08-01 12:08:09.993  1147  1288 V WindowManager: Checking 1 opening apps (frozen=false timeout=false)...
08-01 12:08:09.993  1147  1288 V WindowManager: Check opening app=AppWindowToken{57efd19 token=Token{ef87460 ActivityRecord{b1b063 u0 com.huawei.android.launcher/.unihome.UniHomeLauncher t1125}}}: allDrawn=true startingDisplayed=false startingMoved=false isRelaunching()=false
08-01 12:08:09.994 27577 27577 D ImageWallpaper: onVisibilityChanged: mVisible, visible=false, true
08-01 12:08:09.994 27577 27577 D ImageWallpaper: Visibility changed to visible=true
08-01 12:08:09.994 27577 27577 D ImageWallpaper: Suppressed drawFrame since redraw is not needed and offsets have not changed.sf=Rect(0, 0 - 2160, 1920)
08-01 12:08:09.995  1147  1288 D CubicBezierInterpolator: CubicBezierInterpolator  mControlPoint1x = 0.5, mControlPoint1y = 0.2, mControlPoint2x = 0.6, mControlPoint2y = 1.0
08-01 12:08:09.995  1147  1288 D CubicBezierInterpolator: CubicBezierInterpolator  mControlPoint1x = 0.5, mControlPoint1y = 0.2, mControlPoint2x = 0.6, mControlPoint2y = 1.0
08-01 12:08:10.007 27577 27577 D BarTransitions.HwNavigationBarView: MODE_OPAQUE -> MODE_TRANSLUCENT animate=false
08-01 12:08:10.007 27577 27577 D BarTransitions.HwNavigationBarView: applyModeBackground oldMode=MODE_OPAQUE newMode=MODE_TRANSLUCENT animate=false
08-01 12:08:10.011   673   833 E BufferQueueProducer: [com.android.settings/com.android.settings.HWSettings#0] disconnect: not connected (req=1)
08-01 12:08:10.011 18707 18749 W libEGL  : EGLNativeWindowType 0x7ac93ea010 disconnect failed
08-01 12:08:10.014  2570  2570 W ResourceType: No known package when getting name for resource number 0x9c010000
08-01 12:08:10.014  2570  2570 W ResourceType: No known package when getting name for resource number 0x9c010100
08-01 12:08:10.015  2570  2570 W ResourceType: No known package when getting name for resource number 0x9c010200
08-01 12:08:10.015  2570  2570 W ResourceType: No known package when getting name for resource number 0x9c010300
08-01 12:08:10.015  2570  2570 W ResourceType: No known package when getting name for resource number 0x9c010001
08-01 12:08:10.015  2570  2570 W ResourceType: No known package when getting name for resource number 0x9c010101
08-01 12:08:10.015  2570  2570 W ResourceType: No known package when getting name for resource number 0x9c010201
08-01 12:08:10.015  2570  2570 W ResourceType: No known package when getting name for resource number 0x9c010301
08-01 12:08:10.015  2570  2570 W ResourceType: No known package when getting name for resource number 0x9c010002
08-01 12:08:10.015  2570  2570 W ResourceType: No known package when getting name for resource number 0x9c010102
08-01 12:08:10.015  2570  2570 W ResourceType: No known package when getting name for resource number 0x9c010202
08-01 12:08:10.016  2570  2570 W ResourceType: No known package when getting name for resource number 0x9c010302
08-01 12:08:10.016  2570  2570 W ResourceType: No known package when getting name for resource number 0x9c010003
08-01 12:08:10.016  2570  2570 W ResourceType: No known package when getting name for resource number 0x9c010103
08-01 12:08:10.016  2570  2570 W ResourceType: No known package when getting name for resource number 0x9c010203
08-01 12:08:10.016  2570  2570 W ResourceType: No known package when getting name for resource number 0x9c010303
08-01 12:08:10.016  2570  2570 W ResourceType: No known package when getting name for resource number 0x9c010004
08-01 12:08:10.016  2570  2570 W ResourceType: No known package when getting name for resource number 0x9c010104
08-01 12:08:10.016  2570  2570 W ResourceType: No known package when getting name for resource number 0x9c010204
08-01 12:08:10.017  2570  2570 W ResourceType: No known package when getting name for resource number 0x9c010304
08-01 12:08:10.017  2570  2570 W ResourceType: No known package when getting name for resource number 0x9c020000
08-01 12:08:10.017  2570  2570 W ResourceType: No known package when getting name for resource number 0x9c020100
08-01 12:08:10.018  2570  2570 W ResourceType: No known package when getting name for resource number 0x9c020200
08-01 12:08:10.018  2570  2570 W ResourceType: No known package when getting name for resource number 0x9c020300
08-01 12:08:10.018  2570  2570 W ResourceType: No known package when getting name for resource number 0x9c020001
08-01 12:08:10.018  2570  2570 W ResourceType: No known package when getting name for resource number 0x9c020101
08-01 12:08:10.018  2570  2570 W ResourceType: No known package when getting name for resource number 0x9c020201
