08-01 12:08:10.025 18678 18678 I AccessibilityNodeInfoDumper: Skipping invisible child: android.view.accessibility.AccessibilityNodeInfo@21eb1; boundsInParent: Rect(0, 0 - 93, 93); boundsInScreen: Rect(495, 0 - 584, 76); packageName: com.huawei.android.launcher; className: android.widget.ImageView; text: null; error: null; maxTextLength: -1; contentDescription: 设置默认主屏幕; viewIdResName: com.huawei.android.launcher:id/default_screen_home_icon; checkable: false; checked: false; focusable: true; focused: false; selected: false; clickable: true; longClickable: false; contextClickable: false; enabled: true; password: false; scrollable: false; importantForAccessibility: true; actions: [AccessibilityAction: ACTION_FOCUS - null, AccessibilityAction: ACTION_SELECT - null, AccessibilityAction: ACTION_CLEAR_SELECTION - null, AccessibilityAction: ACTION_CLICK - null, AccessibilityAction: ACTION_ACCESSIBILITY_FOCUS - null, AccessibilityAction: ACTION_NEXT_AT_MOVEMENT_GRANULARITY - null, AccessibilityAction: ACTION_PREVIOUS_AT_MOVEMENT_GRANULARITY - null, AccessibilityAction: ACTION_SET_SELECTION - null, AccessibilityAction: ACTION_SHOW_ON_SCREEN - null]
08-01 12:08:10.025 18678 18678 I AccessibilityNodeInfoDumper: Skipping invisible child: android.view.accessibility.AccessibilityNodeInfo@22272; boundsInParent: Rect(0, 0 - 93, 93); boundsInScreen: Rect(493, 0 - 586, 78); packageName: com.huawei.android.launcher; className: android.widget.ImageView; text: null; error: null; maxTextLength: -1; contentDescription: 设置默认主屏幕; viewIdResName: com.huawei.android.launcher:id/default_screen_home_icon_bg; checkable: false; checked: false; focusable: true; focused: false; selected: false; clickable: true; longClickable: false; contextClickable: false; enabled: true; password: false; scrollable: false; importantForAccessibility: true; actions: [AccessibilityAction: ACTION_FOCUS - null, AccessibilityAction: ACTION_SELECT - null, AccessibilityAction: ACTION_CLEAR_SELECTION - null, AccessibilityAction: ACTION_CLICK - null, AccessibilityAction: ACTION_ACCESSIBILITY_FOCUS - null, AccessibilityAction: ACTION_NEXT_AT_MOVEMENT_GRANULARITY - null, AccessibilityAction: ACTION_PREVIOUS_AT_MOVEMENT_GRANULARITY - null, AccessibilityAction: ACTION_SET_SELECTION - null, AccessibilityAction: ACTION_SHOW_ON_SCREEN - null]
08-01 12:08:10.027  2570  2570 W ResourceType: No known package when getting name for resource number 0x9c000000
08-01 12:08:10.027  2570  2570 W ResourceType: No known package when getting name for resource number 0x9c000303
08-01 12:08:10.027  2570  2570 W ResourceType: No known package when getting name for resource number 0x9c000004
08-01 12:08:10.028  2570  2570 W ResourceType: No known package when getting name for resource number 0x9c000104
08-01 12:08:10.028  2570  2570 W ResourceType: No known package when getting name for resource number 0x9c000204
08-01 12:08:10.028  2570  2570 W ResourceType: No known package when getting name for resource number 0x9c000304
08-01 12:08:10.032 27577 27758 D HwRecentsLockUtils: Search
08-01 12:08:10.032  1857  2181 E HsmCoreServiceImpl: onTransact in code is: 103
08-01 12:08:10.032  1857  2181 I MediaProcessHandler: playingUids:
08-01 12:08:10.033  1147  1883 D ActivityManager: Skipping, home or recents stack task: TaskRecord{d79c33 #1125 A=com.huawei.android.launcher U=0 StackId=0 sz=1}
08-01 12:08:10.034  1147  1883 D ActivityManager: Skipping intent:act=android.intent.action.MAIN cat=[android.intent.category.LAUNCHER] flg=0x10800000 cmp=io.appium.settings/.Settings
08-01 12:08:10.034  1147  1883 D ActivityManager: Skipping intent:flg=0x10800000 cmp=com.android.systemui/.usb.HwUsbDebuggingActivity
08-01 12:08:10.034  1147  1883 D ActivityManager: Skipping intent:flg=0x10804000 cmp=com.android.systemui/.recents.RecentsActivity bnds=[48,1295][1032,2531]
08-01 12:08:10.034  1147  1883 D ActivityManager: Skipping intent:act=android.settings.ACCESSIBILITY_SETTINGS flg=0x10808000 cmp=com.android.settings/.Settings$AccessibilitySettingsActivity
08-01 12:08:10.034  1147  1883 D ActivityManager: Skipping intent:flg=0x10800000 cmp=com.github.uiautomator/.IdentifyActivity
08-01 12:08:10.034  1147  1883 D ActivityManager: Skipping intent:act=android.deviceinfo.chooser.action.LAUNCH flg=0x10800000 hwFlg=0x100 pkg=com.android.settings cmp=com.android.settings/.deviceinfo.UsbConnModeChooserActivity
08-01 12:08:10.034  1147  1883 D ActivityManager: Skipping intent:act=android.intent.action.VIEW dat=content://com.android.browser.fileProvider/external_files/Downloads/Solopi.apk typ=application/vnd.android.package-archive flg=0x18800000 cmp=com.android.packageinstaller/.InstallStart
08-01 12:08:10.034  1147  1883 D ActivityManager: Skipping intent:act=android.intent.action.VIEW dat=https://github.com/... flg=0x13800000 cmp=com.android.browser/.BrowserActivity
08-01 12:08:10.034  1147  1883 D ActivityManager: Skipping intent:act=android.intent.action.VIEW dat=https://github.com/... flg=0x10800000 cmp=com.huawei.android.internal.app/.HwResolverActivity
08-01 12:08:10.034  1147  1883 D ActivityManager: Skipping intent:act=android.intent.action.MAIN cat=[android.intent.category.HOME] flg=0x10800300 cmp=com.android.settings/.FallbackHome
08-01 12:08:10.034  1147  1883 D ActivityManager: Skipping intent:act=com.huawei.action.VOICE_ASSISTANT flg=0x10800000 cmp=com.huawei.vassistant/.ui.main.VAssistantActivity
08-01 12:08:10.036 18678 18678 I AccessibilityNodeInfoDumper: Skipping invisible child: android.view.accessibility.AccessibilityNodeInfo@81c3; boundsInParent: Rect(0, 0 - 1080, 1575); boundsInScreen: Rect(1080, 0 - 1080, 1527); packageName: com.huawei.android.launcher; className: android.view.ViewGroup; text: null; error: null; maxTextLength: -1; contentDescription: null; viewIdResName: com.huawei.android.launcher:id/workspace_screen; checkable: false; checked: false; focusable: false; focused: false; selected: false; clickable: true; longClickable: true; contextClickable: false; enabled: true; password: false; scrollable: false; importantForAccessibility: true; actions: [AccessibilityAction: ACTION_SELECT - null, AccessibilityAction: ACTION_CLEAR_SELECTION - null, AccessibilityAction: ACTION_CLICK - null, AccessibilityAction: ACTION_LONG_CLICK - null, AccessibilityAction: ACTION_ACCESSIBILITY_FOCUS - null, AccessibilityAction: ACTION_SHOW_ON_SCREEN - null]
08-01 12:08:10.036 18678 18678 I AccessibilityNodeInfoDumper: Skipping invisible child: android.view.accessibility.AccessibilityNodeInfo@8584; boundsInParent: Rect(0, 0 - 1080, 1575); boundsInScreen: Rect(2160, 0 - 1080, 1527); packageName: com.huawei.android.launcher; className: android.view.ViewGroup; text: null; error: null; maxTextLength: -1; contentDescription: null; viewIdResName: com.huawei.android.launcher:id/workspace_screen; checkable: false; checked: false; focusable: false; focused: false; selected: false; clickable: true; longClickable: true; contextClickable: false; enabled: true; password: false; scrollable: false; importantForAccessibility: true; actions: [AccessibilityAction: ACTION_SELECT - null, AccessibilityAction: ACTION_CLEAR_SELECTION - null, AccessibilityAction: ACTION_CLICK - null, AccessibilityAction: ACTION_LONG_CLICK - null, AccessibilityAction: ACTION_ACCESSIBILITY_FOCUS - null, AccessibilityAction: ACTION_SHOW_ON_SCREEN - null]
08-01 12:08:10.036 18678 18678 I AccessibilityNodeInfoDumper: Skipping invisible child: android.view.accessibility.AccessibilityNodeInfo@8945; boundsInParent: Rect(0, 0 - 1080, 1575); boundsInScreen: Rect(3240, 0 - 1080, 1527); packageName: com.huawei.android.launcher; className: android.view.ViewGroup; text: null; error: null; maxTextLength: -1; contentDescription: null; viewIdResName: com.huawei.android.launcher:id/workspace_screen; checkable: false; checked: false; focusable: false; focused: false; selected: false; clickable: true; longClickable: true; contextClickable: false; enabled: true; password: false; scrollable: false; importantForAccessibility: true; actions: [AccessibilityAction: ACTION_SELECT - null, AccessibilityAction: ACTION_CLEAR_SELECTION - null, AccessibilityAction: ACTION_CLICK - null, AccessibilityAction: ACTION_LONG_CLICK - null, AccessibilityAction: ACTION_ACCESSIBILITY_FOCUS - null, AccessibilityAction: ACTION_SHOW_ON_SCREEN - null]
08-01 12:08:10.038  2570  2570 W ResourceType: No known package when getting name for resource number 0x9b000000
08-01 12:08:10.038  2570  2570 W ResourceType: No known package when getting name for resource number 0x9b010100
08-01 12:08:10.038  2570  2570 W ResourceType: No known package when getting name for resource number 0x9b020200
08-01 12:08:10.039  2570  2570 W ResourceType: No known package when getting name for resource number 0x9b030300
08-01 12:08:10.043 18678 18678 W AccessibilityNodeInfoDumper: Fetch time: 22ms
08-01 12:08:10.064  1147  1147 I TrafficMonitor: update:rxPkts:2,txPkts:1,rxBytes:79,txBytes:40
08-01 12:08:10.064  1147  1147 I TrafficMonitor: start expired. level:-1
08-01 12:08:10.064  1147  1147 I TrafficMonitor: gettimer:interval=2000
08-01 12:08:10.096  2570  2632 W HwResourcesImpl: icon in pkg com.netease.cloudmusic is too large.sDefaultSizeWithoutEdge = 188bmp.getWidth() = 648
08-01 12:08:10.118 18707 18707 D DashboardSummary: onStop called.
08-01 12:08:10.134  1147  1703 V WindowManager: notifyAppStopped: AppWindowToken{3f4bcca token=Token{f4d9035 ActivityRecord{5bf326c u0 com.android.settings/.HWSettings t1348}}}
08-01 12:08:10.136  1147  1164 D HwGameAssistantController: pid=18707, uid=1000, foreground=false
08-01 12:08:10.143  1147  1288 V WindowManager: Exit animation finished in Window{a4512df u0 com.android.settings/com.android.settings.HWSettings EXITING}: remove=false
08-01 12:08:10.143  1147  1288 E WindowManager: win=Window{a4512df u0 com.android.settings/com.android.settings.HWSettings EXITING} destroySurfaces: appStopped=true win.mWindowRemovalAllowed=false win.mRemoveOnExit=false
08-01 12:08:10.144  1147  1288 I WindowManager: Destroying surface Surface(name=com.android.settings/com.android.settings.HWSettings) called by com.android.server.wm.WindowStateAnimator.destroySurface:2072 com.android.server.wm.WindowStateAnimator.destroySurfaceLocked:884 com.android.server.wm.HwWindowStateAnimator.destroySurfaceLocked:1006 com.android.server.wm.WindowState.destroyOrSaveSurfaceUnchecked:2998 com.android.server.wm.WindowState.destroySurface:2951 com.android.server.wm.AppWindowToken.destroySurfaces:664 com.android.server.wm.AppWindowToken.destroySurfaces:648 com.android.server.wm.WindowState.onExitAnimationDone:4424
08-01 12:08:10.148  1147  1310 W AwareLog: SchedLevelBoost: onFgActivitiesChanged config not set!
08-01 12:08:10.475  2875  3009 W trace_@_3_2_@: @_3_2_3_@1564632490474;@_3_2_4_@1，0;@_3_2_5_@0，113
08-01 12:08:10.513  2570  3027 W OpenGLRenderer: Incorrectly called buildLayer on View: ShortcutAndWidgetContainer, destroying layer...
08-01 12:08:10.514  2570  3027 W OpenGLRenderer: Incorrectly called buildLayer on View: ShortcutAndWidgetContainer, destroying layer...
08-01 12:08:10.517   644   644 I GRALLOC : 	 shrFd=10,fmt=0x1,intFmt=0x200000001,btStrd=4352,size=8486912,pid=644
08-01 12:08:10.517   644   644 I GRALLOC : 	 yuv=2,w=1080,h=1920,Stride u=0 v=0,offset u=0 v=0
08-01 12:08:10.517   644   644 I GRALLOC : 	 iova_size=8486912,conUsg=0xb00,proUsg=0xb00,	 strd=1088,[afbc]HdrStrd=1088 PyldStrd=69632 Scrmbl=0,ionhnd = 1
08-01 12:08:10.541  2570  2570 W ResourceType: No known package when getting name for resource number 0x9c010000
08-01 12:08:10.541  2570  2570 W ResourceType: No known package when getting name for resource number 0x9c010100
08-01 12:08:10.541  2570  2570 W ResourceType: No known package when getting name for resource number 0x9c010200
08-01 12:08:10.541  2570  2570 W ResourceType: No known package when getting name for resource number 0x9c010300
08-01 12:08:10.541  2570  2570 W ResourceType: No known package when getting name for resource number 0x9c010001
08-01 12:08:10.542  2570  2570 W ResourceType: No known package when getting name for resource number 0x9c010101
08-01 12:08:10.542  2570  2570 W ResourceType: No known package when getting name for resource number 0x9c010201
08-01 12:08:10.542  2570  2570 W ResourceType: No known package when getting name for resource number 0x9c010301
08-01 12:08:10.542  2570  2570 W ResourceType: No known package when getting name for resource number 0x9c010002
08-01 12:08:10.542  2570  2570 W ResourceType: No known package when getting name for resource number 0x9c010102
08-01 12:08:10.542  2570  2570 W ResourceType: No known package when getting name for resource number 0x9c010202
08-01 12:08:10.542  2570  2570 W ResourceType: No known package when getting name for resource number 0x9c010302
08-01 12:08:10.542  2570  2570 W ResourceType: No known package when getting name for resource number 0x9c010003
08-01 12:08:10.542  2570  2570 W ResourceType: No known package when getting name for resource number 0x9c010103
08-01 12:08:10.543  2570  2570 W ResourceType: No known package when getting name for resource number 0x9c010203
08-01 12:08:10.543  2570  2570 W ResourceType: No known package when getting name for resource number 0x9c010303
08-01 12:08:10.543  2570  2570 W ResourceType: No known package when getting name for resource number 0x9c010004
08-01 12:08:10.543  2570  2570 W ResourceType: No known package when getting name for resource number 0x9c010104
08-01 12:08:10.543  2570  2570 W ResourceType: No known package when getting name for resource number 0x9c010204
08-01 12:08:10.543  2570  2570 W ResourceType: No known package when getting name for resource number 0x9c010304
08-01 12:08:10.544  2570  2570 W ResourceType: No known package when getting name for resource number 0x9c020000
08-01 12:08:10.544  2570  2570 W ResourceType: No known package when getting name for resource number 0x9c020100
08-01 12:08:10.544  2570  2570 W ResourceType: No known package when getting name for resource number 0x9c020200
08-01 12:08:10.544  2570  2570 W ResourceType: No known package when getting name for resource number 0x9c020300
08-01 12:08:10.544  2570  2570 W ResourceType: No known package when getting name for resource number 0x9c020001
08-01 12:08:10.544  2570  2570 W ResourceType: No known package when getting name for resource number 0x9c020101
08-01 12:08:10.544  2570  2570 W ResourceType: No known package when getting name for resource number 0x9c020201
08-01 12:08:10.549  2570  2570 W ResourceType: No known package when getting name for resource number 0x9c000000
08-01 12:08:10.549  2570  2570 W ResourceType: No known package when getting name for resource number 0x9c000303
08-01 12:08:10.549  2570  2570 W ResourceType: No known package when getting name for resource number 0x9c000004
08-01 12:08:10.549  2570  2570 W ResourceType: No known package when getting name for resource number 0x9c000104
08-01 12:08:10.549  2570  2570 W ResourceType: No known package when getting name for resource number 0x9c000204
08-01 12:08:10.549  2570  2570 W ResourceType: No known package when getting name for resource number 0x9c000304
08-01 12:08:10.552 18678 18678 I QueryController: Matched selector: UiSelector[CLASS=android.widget.TextView, INSTANCE=8, COUNT=8] <<==>> [android.view.accessibility.AccessibilityNodeInfo@1cc1b; boundsInParent: Rect(524162, 0 - 524426, 285); boundsInScreen: Rect(804, 939 - 1068, 1224); packageName: com.huawei.android.launcher; className: android.widget.TextView; text: 设置; error: null; maxTextLength: -1; contentDescription: null; viewIdResName: null; checkable: false; checked: false; focusable: true; focused: false; selected: false; clickable: true; longClickable: true; contextClickable: false; enabled: true; password: false; scrollable: false; importantForAccessibility: true; actions: [AccessibilityAction: ACTION_FOCUS - null, AccessibilityAction: ACTION_SELECT - null, AccessibilityAction: ACTION_CLEAR_SELECTION - null, AccessibilityAction: ACTION_CLICK - null, AccessibilityAction: ACTION_LONG_CLICK - null, AccessibilityAction: ACTION_ACCESSIBILITY_FOCUS - null, AccessibilityAction: ACTION_NEXT_AT_MOVEMENT_GRANULARITY - null, AccessibilityAction: ACTION_PREVIOUS_AT_MOVEMENT_GRANULARITY - null, AccessibilityAction: ACTION_SET_SELECTION - null, AccessibilityAction: ACTION_SHOW_ON_SCREEN - null]]
08-01 12:08:10.554  2570  2570 W ResourceType: No known package when getting name for resource number 0x9c010000
08-01 12:08:10.554  2570  2570 W ResourceType: No known package when getting name for resource number 0x9c010100
08-01 12:08:10.554  2570  2570 W ResourceType: No known package when getting name for resource number 0x9c010200
08-01 12:08:10.554  2570  2570 W ResourceType: No known package when getting name for resource number 0x9c010300
08-01 12:08:10.555  2570  2570 W ResourceType: No known package when getting name for resource number 0x9c010001
08-01 12:08:10.555  2570  2570 W ResourceType: No known package when getting name for resource number 0x9c010101
08-01 12:08:10.555  2570  2570 W ResourceType: No known package when getting name for resource number 0x9c010201
08-01 12:08:10.555  2570  2570 W ResourceType: No known package when getting name for resource number 0x9c010301
08-01 12:08:10.555  2570  2570 W ResourceType: No known package when getting name for resource number 0x9c010002
08-01 12:08:10.555  2570  2570 W ResourceType: No known package when getting name for resource number 0x9c010102
08-01 12:08:10.555  2570  2570 W ResourceType: No known package when getting name for resource number 0x9c010202
08-01 12:08:10.555  2570  2570 W ResourceType: No known package when getting name for resource number 0x9c010302
08-01 12:08:10.555  2570  2570 W ResourceType: No known package when getting name for resource number 0x9c010003
08-01 12:08:10.556  2570  2570 W ResourceType: No known package when getting name for resource number 0x9c010103
08-01 12:08:10.556  2570  2570 W ResourceType: No known package when getting name for resource number 0x9c010203
08-01 12:08:10.556  2570  2570 W ResourceType: No known package when getting name for resource number 0x9c010303
08-01 12:08:10.556  2570  2570 W ResourceType: No known package when getting name for resource number 0x9c010004
08-01 12:08:10.556  2570  2570 W ResourceType: No known package when getting name for resource number 0x9c010104
08-01 12:08:10.556  2570  2570 W ResourceType: No known package when getting name for resource number 0x9c010204
08-01 12:08:10.556  2570  2570 W ResourceType: No known package when getting name for resource number 0x9c010304
08-01 12:08:10.557  2570  2570 W ResourceType: No known package when getting name for resource number 0x9c020000
08-01 12:08:10.557  2570  2570 W ResourceType: No known package when getting name for resource number 0x9c020100
08-01 12:08:10.557  2570  2570 W ResourceType: No known package when getting name for resource number 0x9c020200
08-01 12:08:10.557  2570  2570 W ResourceType: No known package when getting name for resource number 0x9c020300
08-01 12:08:10.557  2570  2570 W ResourceType: No known package when getting name for resource number 0x9c020001
08-01 12:08:10.557  2570  2570 W ResourceType: No known package when getting name for resource number 0x9c020101
08-01 12:08:10.557  2570  2570 W ResourceType: No known package when getting name for resource number 0x9c020201
08-01 12:08:10.562  2570  2570 W ResourceType: No known package when getting name for resource number 0x9b000000
08-01 12:08:10.562  2570  2570 W ResourceType: No known package when getting name for resource number 0x9b010100
08-01 12:08:10.563  2570  2570 W ResourceType: No known package when getting name for resource number 0x9b020200
08-01 12:08:10.563  2570  2570 W ResourceType: No known package when getting name for resource number 0x9b030300
08-01 12:08:10.565  2570  2570 W ResourceType: No known package when getting name for resource number 0x9c010000
08-01 12:08:10.565  2570  2570 W ResourceType: No known package when getting name for resource number 0x9c010100
08-01 12:08:10.565  2570  2570 W ResourceType: No known package when getting name for resource number 0x9c010200
08-01 12:08:10.566  2570  2570 W ResourceType: No known package when getting name for resource number 0x9c010300
08-01 12:08:10.566  2570  2570 W ResourceType: No known package when getting name for resource number 0x9c010001
08-01 12:08:10.566  2570  2570 W ResourceType: No known package when getting name for resource number 0x9c010101
08-01 12:08:10.566  2570  2570 W ResourceType: No known package when getting name for resource number 0x9c010201
08-01 12:08:10.566  2570  2570 W ResourceType: No known package when getting name for resource number 0x9c010301
08-01 12:08:10.566  2570  2570 W ResourceType: No known package when getting name for resource number 0x9c010002
08-01 12:08:10.566  2570  2570 W ResourceType: No known package when getting name for resource number 0x9c010102
08-01 12:08:10.566  2570  2570 W ResourceType: No known package when getting name for resource number 0x9c010202
08-01 12:08:10.566  2570  2570 W ResourceType: No known package when getting name for resource number 0x9c010302
08-01 12:08:10.566  2570  2570 W ResourceType: No known package when getting name for resource number 0x9c010003
08-01 12:08:10.567  2570  2570 W ResourceType: No known package when getting name for resource number 0x9c010103
08-01 12:08:10.567  2570  2570 W ResourceType: No known package when getting name for resource number 0x9c010203
08-01 12:08:10.567  2570  2570 W ResourceType: No known package when getting name for resource number 0x9c010303
08-01 12:08:10.567  2570  2570 W ResourceType: No known package when getting name for resource number 0x9c010004
08-01 12:08:10.567  2570  2570 W ResourceType: No known package when getting name for resource number 0x9c010104
08-01 12:08:10.567  2570  2570 W ResourceType: No known package when getting name for resource number 0x9c010204
08-01 12:08:10.567  2570  2570 W ResourceType: No known package when getting name for resource number 0x9c010304
08-01 12:08:10.568  2570  2570 W ResourceType: No known package when getting name for resource number 0x9c020000
08-01 12:08:10.568  2570  2570 W ResourceType: No known package when getting name for resource number 0x9c020100
08-01 12:08:10.568  2570  2570 W ResourceType: No known package when getting name for resource number 0x9c020200
08-01 12:08:10.568  2570  2570 W ResourceType: No known package when getting name for resource number 0x9c020300
08-01 12:08:10.568  2570  2570 W ResourceType: No known package when getting name for resource number 0x9c020001
08-01 12:08:10.569  2570  2570 W ResourceType: No known package when getting name for resource number 0x9c020101
08-01 12:08:10.569  2570  2570 W ResourceType: No known package when getting name for resource number 0x9c020201
08-01 12:08:10.573  2570  2570 W ResourceType: No known package when getting name for resource number 0x9c010000
08-01 12:08:10.574  2570  2570 W ResourceType: No known package when getting name for resource number 0x9c010100
08-01 12:08:10.574  2570  2570 W ResourceType: No known package when getting name for resource number 0x9c010200
08-01 12:08:10.574  2570  2570 W ResourceType: No known package when getting name for resource number 0x9c010300
08-01 12:08:10.574  2570  2570 W ResourceType: No known package when getting name for resource number 0x9c010001
08-01 12:08:10.574  2570  2570 W ResourceType: No known package when getting name for resource number 0x9c010101
08-01 12:08:10.574  2570  2570 W ResourceType: No known package when getting name for resource number 0x9c010201
08-01 12:08:10.574  2570  2570 W ResourceType: No known package when getting name for resource number 0x9c010301
08-01 12:08:10.574  2570  2570 W ResourceType: No known package when getting name for resource number 0x9c010002
08-01 12:08:10.575  2570  2570 W ResourceType: No known package when getting name for resource number 0x9c010102
08-01 12:08:10.575  2570  2570 W ResourceType: No known package when getting name for resource number 0x9c010202
08-01 12:08:10.575  2570  2570 W ResourceType: No known package when getting name for resource number 0x9c010302
08-01 12:08:10.575  2570  2570 W ResourceType: No known package when getting name for resource number 0x9c010003
08-01 12:08:10.575  2570  2570 W ResourceType: No known package when getting name for resource number 0x9c010103
08-01 12:08:10.575  2570  2570 W ResourceType: No known package when getting name for resource number 0x9c010203
08-01 12:08:10.575  2570  2570 W ResourceType: No known package when getting name for resource number 0x9c010303
08-01 12:08:10.575  2570  2570 W ResourceType: No known package when getting name for resource number 0x9c010004
08-01 12:08:10.575  2570  2570 W ResourceType: No known package when getting name for resource number 0x9c010104
08-01 12:08:10.576  2570  2570 W ResourceType: No known package when getting name for resource number 0x9c010204
08-01 12:08:10.576  2570  2570 W ResourceType: No known package when getting name for resource number 0x9c010304
08-01 12:08:10.576  2570  2570 W ResourceType: No known package when getting name for resource number 0x9c020000
08-01 12:08:10.576  2570  2570 W ResourceType: No known package when getting name for resource number 0x9c020100
08-01 12:08:10.576  2570  2570 W ResourceType: No known package when getting name for resource number 0x9c020200
08-01 12:08:10.576  2570  2570 W ResourceType: No known package when getting name for resource number 0x9c020300
08-01 12:08:10.576  2570  2570 W ResourceType: No known package when getting name for resource number 0x9c020001
08-01 12:08:10.577  2570  2570 W ResourceType: No known package when getting name for resource number 0x9c020101
08-01 12:08:10.577  2570  2570 W ResourceType: No known package when getting name for resource number 0x9c020201
08-01 12:08:10.581  2570  2570 W ResourceType: No known package when getting name for resource number 0x9c010000
08-01 12:08:10.581  2570  2570 W ResourceType: No known package when getting name for resource number 0x9c010100
08-01 12:08:10.581  2570  2570 W ResourceType: No known package when getting name for resource number 0x9c010200
08-01 12:08:10.581  2570  2570 W ResourceType: No known package when getting name for resource number 0x9c010300
08-01 12:08:10.581  2570  2570 W ResourceType: No known package when getting name for resource number 0x9c010001
08-01 12:08:10.581  2570  2570 W ResourceType: No known package when getting name for resource number 0x9c010101
08-01 12:08:10.582  2570  2570 W ResourceType: No known package when getting name for resource number 0x9c010201
08-01 12:08:10.582  2570  2570 W ResourceType: No known package when getting name for resource number 0x9c010301
08-01 12:08:10.582  2570  2570 W ResourceType: No known package when getting name for resource number 0x9c010002
08-01 12:08:10.582  2570  2570 W ResourceType: No known package when getting name for resource number 0x9c010102
08-01 12:08:10.582  2570  2570 W ResourceType: No known package when getting name for resource number 0x9c010202
08-01 12:08:10.582  2570  2570 W ResourceType: No known package when getting name for resource number 0x9c010302
08-01 12:08:10.582  2570  2570 W ResourceType: No known package when getting name for resource number 0x9c010003
08-01 12:08:10.582  2570  2570 W ResourceType: No known package when getting name for resource number 0x9c010103
08-01 12:08:10.583  2570  2570 W ResourceType: No known package when getting name for resource number 0x9c010203
08-01 12:08:10.583  2570  2570 W ResourceType: No known package when getting name for resource number 0x9c010303
08-01 12:08:10.583  2570  2570 W ResourceType: No known package when getting name for resource number 0x9c010004
08-01 12:08:10.583  2570  2570 W ResourceType: No known package when getting name for resource number 0x9c010104
08-01 12:08:10.583  2570  2570 W ResourceType: No known package when getting name for resource number 0x9c010204
08-01 12:08:10.583  2570  2570 W ResourceType: No known package when getting name for resource number 0x9c010304
08-01 12:08:10.584  2570  2570 W ResourceType: No known package when getting name for resource number 0x9c020000
08-01 12:08:10.584  2570  2570 W ResourceType: No known package when getting name for resource number 0x9c020100
08-01 12:08:10.584  2570  2570 W ResourceType: No known package when getting name for resource number 0x9c020200
08-01 12:08:10.584  2570  2570 W ResourceType: No known package when getting name for resource number 0x9c020300
08-01 12:08:10.584  2570  2570 W ResourceType: No known package when getting name for resource number 0x9c020001
08-01 12:08:10.584  2570  2570 W ResourceType: No known package when getting name for resource number 0x9c020101
08-01 12:08:10.584  2570  2570 W ResourceType: No known package when getting name for resource number 0x9c020201
08-01 12:08:10.587 18678 18678 I QueryController: Matched selector: UiSelector[CLASS=android.widget.TextView, INSTANCE=8, COUNT=8] <<==>> [android.view.accessibility.AccessibilityNodeInfo@1cc1b; boundsInParent: Rect(524162, 0 - 524426, 285); boundsInScreen: Rect(804, 939 - 1068, 1224); packageName: com.huawei.android.launcher; className: android.widget.TextView; text: 设置; error: null; maxTextLength: -1; contentDescription: null; viewIdResName: null; checkable: false; checked: false; focusable: true; focused: false; selected: false; clickable: true; longClickable: true; contextClickable: false; enabled: true; password: false; scrollable: false; importantForAccessibility: true; actions: [AccessibilityAction: ACTION_FOCUS - null, AccessibilityAction: ACTION_SELECT - null, AccessibilityAction: ACTION_CLEAR_SELECTION - null, AccessibilityAction: ACTION_CLICK - null, AccessibilityAction: ACTION_LONG_CLICK - null, AccessibilityAction: ACTION_ACCESSIBILITY_FOCUS - null, AccessibilityAction: ACTION_NEXT_AT_MOVEMENT_GRANULARITY - null, AccessibilityAction: ACTION_PREVIOUS_AT_MOVEMENT_GRANULARITY - null, AccessibilityAction: ACTION_SET_SELECTION - null, AccessibilityAction: ACTION_SHOW_ON_SCREEN - null]]
08-01 12:08:10.588 18678 18678 D InteractionController: clickAndSync(936, 1081)
08-01 12:08:10.589  2570  2570 W ResourceType: No known package when getting name for resource number 0x9c010000
08-01 12:08:10.589  2570  2570 W ResourceType: No known package when getting name for resource number 0x9c010100
08-01 12:08:10.589  2570  2570 W ResourceType: No known package when getting name for resource number 0x9c010200
08-01 12:08:10.589  2570  2570 W ResourceType: No known package when getting name for resource number 0x9c010300
08-01 12:08:10.589  2570  2570 W ResourceType: No known package when getting name for resource number 0x9c010001
08-01 12:08:10.590  2570  2570 W ResourceType: No known package when getting name for resource number 0x9c010101
08-01 12:08:10.590  2570  2570 W ResourceType: No known package when getting name for resource number 0x9c010201
08-01 12:08:10.590  2570  2570 W ResourceType: No known package when getting name for resource number 0x9c010301
08-01 12:08:10.590  2570  2570 W ResourceType: No known package when getting name for resource number 0x9c010002
08-01 12:08:10.590  2570  2570 W ResourceType: No known package when getting name for resource number 0x9c010102
08-01 12:08:10.590  2570  2570 W ResourceType: No known package when getting name for resource number 0x9c010202
08-01 12:08:10.590  2570  2570 W ResourceType: No known package when getting name for resource number 0x9c010302
08-01 12:08:10.590  2570  2570 W ResourceType: No known package when getting name for resource number 0x9c010003
08-01 12:08:10.591  2570  2570 W ResourceType: No known package when getting name for resource number 0x9c010103
08-01 12:08:10.591  2570  2570 W ResourceType: No known package when getting name for resource number 0x9c010203
08-01 12:08:10.591  2570  2570 W ResourceType: No known package when getting name for resource number 0x9c010303
08-01 12:08:10.591  2570  2570 W ResourceType: No known package when getting name for resource number 0x9c010004
08-01 12:08:10.591  2570  2570 W ResourceType: No known package when getting name for resource number 0x9c010104
08-01 12:08:10.591  2570  2570 W ResourceType: No known package when getting name for resource number 0x9c010204
08-01 12:08:10.591  2570  2570 W ResourceType: No known package when getting name for resource number 0x9c010304
08-01 12:08:10.592  2570  2570 W ResourceType: No known package when getting name for resource number 0x9c020000
08-01 12:08:10.592  2570  2570 W ResourceType: No known package when getting name for resource number 0x9c020100
08-01 12:08:10.593  2570  2570 W ResourceType: No known package when getting name for resource number 0x9c020200
08-01 12:08:10.593  2570  2570 W ResourceType: No known package when getting name for resource number 0x9c020300
08-01 12:08:10.593  2570  2570 W ResourceType: No known package when getting name for resource number 0x9c020001
08-01 12:08:10.593  2570  2570 W ResourceType: No known package when getting name for resource number 0x9c020101
08-01 12:08:10.593  2570  2570 W ResourceType: No known package when getting name for resource number 0x9c020201
08-01 12:08:10.617  2570  2570 W ResourceType: No known package when getting name for resource number 0x9c010000
08-01 12:08:10.617  2570  2570 W ResourceType: No known package when getting name for resource number 0x9c010100
08-01 12:08:10.617  2570  2570 W ResourceType: No known package when getting name for resource number 0x9c010200
08-01 12:08:10.617  2570  2570 W ResourceType: No known package when getting name for resource number 0x9c010300
08-01 12:08:10.617  2570  2570 W ResourceType: No known package when getting name for resource number 0x9c010001
08-01 12:08:10.618  2570  2570 W ResourceType: No known package when getting name for resource number 0x9c010101
08-01 12:08:10.618  2570  2570 W ResourceType: No known package when getting name for resource number 0x9c010201
08-01 12:08:10.618  2570  2570 W ResourceType: No known package when getting name for resource number 0x9c010301
08-01 12:08:10.618  2570  2570 W ResourceType: No known package when getting name for resource number 0x9c010002
08-01 12:08:10.618  2570  2570 W ResourceType: No known package when getting name for resource number 0x9c010102
08-01 12:08:10.618  2570  2570 W ResourceType: No known package when getting name for resource number 0x9c010202
08-01 12:08:10.618  2570  2570 W ResourceType: No known package when getting name for resource number 0x9c010302
08-01 12:08:10.618  2570  2570 W ResourceType: No known package when getting name for resource number 0x9c010003
08-01 12:08:10.619  2570  2570 W ResourceType: No known package when getting name for resource number 0x9c010103
08-01 12:08:10.619  2570  2570 W ResourceType: No known package when getting name for resource number 0x9c010203
08-01 12:08:10.619  2570  2570 W ResourceType: No known package when getting name for resource number 0x9c010303
08-01 12:08:10.619  2570  2570 W ResourceType: No known package when getting name for resource number 0x9c010004
08-01 12:08:10.619   644   644 I GRALLOC : 	 shrFd=10,fmt=0x1,intFmt=0x200000001,btStrd=4352,size=8486912,pid=644
08-01 12:08:10.619   644   644 I GRALLOC : 	 yuv=2,w=1080,h=1920,Stride u=0 v=0,offset u=0 v=0
08-01 12:08:10.619   644   644 I GRALLOC : 	 iova_size=8486912,conUsg=0xb00,proUsg=0xb00,	 strd=1088,[afbc]HdrStrd=1088 PyldStrd=69632 Scrmbl=0,ionhnd = 1
08-01 12:08:10.619  2570  2570 W ResourceType: No known package when getting name for resource number 0x9c010104
08-01 12:08:10.619  2570  2570 W ResourceType: No known package when getting name for resource number 0x9c010204
08-01 12:08:10.619  2570  2570 W ResourceType: No known package when getting name for resource number 0x9c010304
08-01 12:08:10.620  2570  2570 W ResourceType: No known package when getting name for resource number 0x9c020000
08-01 12:08:10.620  2570  2570 W ResourceType: No known package when getting name for resource number 0x9c020100
08-01 12:08:10.621  2570  2570 W ResourceType: No known package when getting name for resource number 0x9c020200
08-01 12:08:10.621  2570  2570 W ResourceType: No known package when getting name for resource number 0x9c020300
08-01 12:08:10.621  2570  2570 W ResourceType: No known package when getting name for resource number 0x9c020001
08-01 12:08:10.622  2570  2570 W ResourceType: No known package when getting name for resource number 0x9c020101
08-01 12:08:10.622  2570  2570 W ResourceType: No known package when getting name for resource number 0x9c020201
08-01 12:08:10.626  2570  2570 W ResourceType: No known package when getting name for resource number 0x9c010000
08-01 12:08:10.627  2570  2570 W ResourceType: No known package when getting name for resource number 0x9c010100
08-01 12:08:10.627  2570  2570 W ResourceType: No known package when getting name for resource number 0x9c010200
08-01 12:08:10.627  2570  2570 W ResourceType: No known package when getting name for resource number 0x9c010300
08-01 12:08:10.627  2570  2570 W ResourceType: No known package when getting name for resource number 0x9c010001
08-01 12:08:10.627  2570  2570 W ResourceType: No known package when getting name for resource number 0x9c010101
08-01 12:08:10.627  2570  2570 W ResourceType: No known package when getting name for resource number 0x9c010201
08-01 12:08:10.627  2570  2570 W ResourceType: No known package when getting name for resource number 0x9c010301
08-01 12:08:10.627  2570  2570 W ResourceType: No known package when getting name for resource number 0x9c010002
08-01 12:08:10.628  2570  2570 W ResourceType: No known package when getting name for resource number 0x9c010102
08-01 12:08:10.628  2570  2570 W ResourceType: No known package when getting name for resource number 0x9c010202
08-01 12:08:10.628  2570  2570 W ResourceType: No known package when getting name for resource number 0x9c010302
08-01 12:08:10.628  2570  2570 W ResourceType: No known package when getting name for resource number 0x9c010003
08-01 12:08:10.628  2570  2570 W ResourceType: No known package when getting name for resource number 0x9c010103
08-01 12:08:10.628  2570  2570 W ResourceType: No known package when getting name for resource number 0x9c010203
08-01 12:08:10.628  2570  2570 W ResourceType: No known package when getting name for resource number 0x9c010303
08-01 12:08:10.628  2570  2570 W ResourceType: No known package when getting name for resource number 0x9c010004
08-01 12:08:10.628  2570  2570 W ResourceType: No known package when getting name for resource number 0x9c010104
08-01 12:08:10.629  2570  2570 W ResourceType: No known package when getting name for resource number 0x9c010204
08-01 12:08:10.629  2570  2570 W ResourceType: No known package when getting name for resource number 0x9c010304
08-01 12:08:10.629  2570  2570 W ResourceType: No known package when getting name for resource number 0x9c020000
08-01 12:08:10.629  2570  2570 W ResourceType: No known package when getting name for resource number 0x9c020100
08-01 12:08:10.629  2570  2570 W ResourceType: No known package when getting name for resource number 0x9c020200
08-01 12:08:10.629  2570  2570 W ResourceType: No known package when getting name for resource number 0x9c020300
08-01 12:08:10.630  2570  2570 W ResourceType: No known package when getting name for resource number 0x9c020001
08-01 12:08:10.630  2570  2570 W ResourceType: No known package when getting name for resource number 0x9c020101
08-01 12:08:10.630  2570  2570 W ResourceType: No known package when getting name for resource number 0x9c020201
08-01 12:08:10.634  2570  2570 W ResourceType: No known package when getting name for resource number 0x9c010000
08-01 12:08:10.634  2570  2570 W ResourceType: No known package when getting name for resource number 0x9c010100
08-01 12:08:10.635  2570  2570 W ResourceType: No known package when getting name for resource number 0x9c010200
08-01 12:08:10.635  2570  2570 W ResourceType: No known package when getting name for resource number 0x9c010300
08-01 12:08:10.635  2570  2570 W ResourceType: No known package when getting name for resource number 0x9c010001
08-01 12:08:10.635  2570  2570 W ResourceType: No known package when getting name for resource number 0x9c010101
08-01 12:08:10.635  2570  2570 W ResourceType: No known package when getting name for resource number 0x9c010201
08-01 12:08:10.635  2570  2570 W ResourceType: No known package when getting name for resource number 0x9c010301
08-01 12:08:10.635  2570  2570 W ResourceType: No known package when getting name for resource number 0x9c010002
08-01 12:08:10.635  2570  2570 W ResourceType: No known package when getting name for resource number 0x9c010102
08-01 12:08:10.635  2570  2570 W ResourceType: No known package when getting name for resource number 0x9c010202
08-01 12:08:10.636  2570  2570 W ResourceType: No known package when getting name for resource number 0x9c010302
08-01 12:08:10.636  2570  2570 W ResourceType: No known package when getting name for resource number 0x9c010003
08-01 12:08:10.636  2570  2570 W ResourceType: No known package when getting name for resource number 0x9c010103
08-01 12:08:10.636  2570  2570 W ResourceType: No known package when getting name for resource number 0x9c010203
08-01 12:08:10.636  2570  2570 W ResourceType: No known package when getting name for resource number 0x9c010303
08-01 12:08:10.636  2570  2570 W ResourceType: No known package when getting name for resource number 0x9c010004
08-01 12:08:10.636  2570  2570 W ResourceType: No known package when getting name for resource number 0x9c010104
08-01 12:08:10.636  2570  2570 W ResourceType: No known package when getting name for resource number 0x9c010204
08-01 12:08:10.636  2570  2570 W ResourceType: No known package when getting name for resource number 0x9c010304
08-01 12:08:10.637  2570  2570 W ResourceType: No known package when getting name for resource number 0x9c020000
08-01 12:08:10.637  2570  2570 W ResourceType: No known package when getting name for resource number 0x9c020100
08-01 12:08:10.637  2570  2570 W ResourceType: No known package when getting name for resource number 0x9c020200
08-01 12:08:10.637  2570  2570 W ResourceType: No known package when getting name for resource number 0x9c020300
08-01 12:08:10.637  2570  2570 W ResourceType: No known package when getting name for resource number 0x9c020001
08-01 12:08:10.638  2570  2570 W ResourceType: No known package when getting name for resource number 0x9c020101
08-01 12:08:10.638  2570  2570 W ResourceType: No known package when getting name for resource number 0x9c020201
08-01 12:08:10.642  2570  2570 W ResourceType: No known package when getting name for resource number 0x9c010000
08-01 12:08:10.642  2570  2570 W ResourceType: No known package when getting name for resource number 0x9c010100
08-01 12:08:10.642  2570  2570 W ResourceType: No known package when getting name for resource number 0x9c010200
08-01 12:08:10.642  2570  2570 W ResourceType: No known package when getting name for resource number 0x9c010300
08-01 12:08:10.642  2570  2570 W ResourceType: No known package when getting name for resource number 0x9c010001
08-01 12:08:10.642  2570  2570 W ResourceType: No known package when getting name for resource number 0x9c010101
08-01 12:08:10.643  2570  2570 W ResourceType: No known package when getting name for resource number 0x9c010201
08-01 12:08:10.643  2570  2570 W ResourceType: No known package when getting name for resource number 0x9c010301
08-01 12:08:10.643  2570  2570 W ResourceType: No known package when getting name for resource number 0x9c010002
08-01 12:08:10.643  2570  2570 W ResourceType: No known package when getting name for resource number 0x9c010102
08-01 12:08:10.643  2570  2570 W ResourceType: No known package when getting name for resource number 0x9c010202
08-01 12:08:10.643  2570  2570 W ResourceType: No known package when getting name for resource number 0x9c010302
08-01 12:08:10.643  2570  2570 W ResourceType: No known package when getting name for resource number 0x9c010003
08-01 12:08:10.643  2570  2570 W ResourceType: No known package when getting name for resource number 0x9c010103
08-01 12:08:10.643  2570  2570 W ResourceType: No known package when getting name for resource number 0x9c010203
08-01 12:08:10.644  2570  2570 W ResourceType: No known package when getting name for resource number 0x9c010303
08-01 12:08:10.644  2570  2570 W ResourceType: No known package when getting name for resource number 0x9c010004
08-01 12:08:10.644  1147  1345 D HwWifiStatStore: handleMessage : 200
08-01 12:08:10.644  2570  2570 W ResourceType: No known package when getting name for resource number 0x9c010104
08-01 12:08:10.644  2570  2570 W ResourceType: No known package when getting name for resource number 0x9c010204
08-01 12:08:10.644  2570  2570 W ResourceType: No known package when getting name for resource number 0x9c010304
08-01 12:08:10.645  2570  2570 W ResourceType: No known package when getting name for resource number 0x9c020000
08-01 12:08:10.645  2570  2570 W ResourceType: No known package when getting name for resource number 0x9c020100
08-01 12:08:10.645  2570  2570 W ResourceType: No known package when getting name for resource number 0x9c020200
08-01 12:08:10.645  2570  2570 W ResourceType: No known package when getting name for resource number 0x9c020300
08-01 12:08:10.645  2570  2570 W ResourceType: No known package when getting name for resource number 0x9c020001
08-01 12:08:10.645  2570  2570 W ResourceType: No known package when getting name for resource number 0x9c020101
08-01 12:08:10.645  2570  2570 W ResourceType: No known package when getting name for resource number 0x9c020201
08-01 12:08:10.649  2570  2570 W ResourceType: No known package when getting name for resource number 0x9c010000
08-01 12:08:10.650  2570  2570 W ResourceType: No known package when getting name for resource number 0x9c010100
08-01 12:08:10.650  2570  2570 W ResourceType: No known package when getting name for resource number 0x9c010200
08-01 12:08:10.650  2570  2570 W ResourceType: No known package when getting name for resource number 0x9c010300
08-01 12:08:10.650  2570  2570 W ResourceType: No known package when getting name for resource number 0x9c010001
08-01 12:08:10.650  2570  2570 W ResourceType: No known package when getting name for resource number 0x9c010101
08-01 12:08:10.650  2570  2570 W ResourceType: No known package when getting name for resource number 0x9c010201
08-01 12:08:10.650  2570  2570 W ResourceType: No known package when getting name for resource number 0x9c010301
08-01 12:08:10.650  2570  2570 W ResourceType: No known package when getting name for resource number 0x9c010002
08-01 12:08:10.651  2570  2570 W ResourceType: No known package when getting name for resource number 0x9c010102
08-01 12:08:10.651  2570  2570 W ResourceType: No known package when getting name for resource number 0x9c010202
08-01 12:08:10.651  2570  2570 W ResourceType: No known package when getting name for resource number 0x9c010302
08-01 12:08:10.651  2570  2570 W ResourceType: No known package when getting name for resource number 0x9c010003
08-01 12:08:10.651  2570  2570 W ResourceType: No known package when getting name for resource number 0x9c010103
08-01 12:08:10.651  2570  2570 W ResourceType: No known package when getting name for resource number 0x9c010203
08-01 12:08:10.651  2570  2570 W ResourceType: No known package when getting name for resource number 0x9c010303
08-01 12:08:10.651  2570  2570 W ResourceType: No known package when getting name for resource number 0x9c010004
08-01 12:08:10.651  2570  2570 W ResourceType: No known package when getting name for resource number 0x9c010104
08-01 12:08:10.652  2570  2570 W ResourceType: No known package when getting name for resource number 0x9c010204
08-01 12:08:10.652  2570  2570 W ResourceType: No known package when getting name for resource number 0x9c010304
08-01 12:08:10.652  2570  2570 W ResourceType: No known package when getting name for resource number 0x9c020000
08-01 12:08:10.652  2570  2570 W ResourceType: No known package when getting name for resource number 0x9c020100
08-01 12:08:10.652  2570  2570 W ResourceType: No known package when getting name for resource number 0x9c020200
08-01 12:08:10.652  2570  2570 W ResourceType: No known package when getting name for resource number 0x9c020300
08-01 12:08:10.653  2570  2570 W ResourceType: No known package when getting name for resource number 0x9c020001
08-01 12:08:10.653  2570  2570 W ResourceType: No known package when getting name for resource number 0x9c020101
08-01 12:08:10.653  2570  2570 W ResourceType: No known package when getting name for resource number 0x9c020201
08-01 12:08:10.657  2570  2570 W ResourceType: No known package when getting name for resource number 0x9c010000
08-01 12:08:10.657  2570  2570 W ResourceType: No known package when getting name for resource number 0x9c010100
08-01 12:08:10.657  2570  2570 W ResourceType: No known package when getting name for resource number 0x9c010200
08-01 12:08:10.657  2570  2570 W ResourceType: No known package when getting name for resource number 0x9c010300
08-01 12:08:10.657  2570  2570 W ResourceType: No known package when getting name for resource number 0x9c010001
08-01 12:08:10.657  2570  2570 W ResourceType: No known package when getting name for resource number 0x9c010101
08-01 12:08:10.658  2570  2570 W ResourceType: No known package when getting name for resource number 0x9c010201
08-01 12:08:10.658  2570  2570 W ResourceType: No known package when getting name for resource number 0x9c010301
