08-01 12:08:10.832 18678 18678 I AccessibilityNodeInfoDumper: Skipping invisible child: android.view.accessibility.AccessibilityNodeInfo@8584; boundsInParent: Rect(0, 0 - 1080, 1575); boundsInScreen: Rect(2160, 0 - 1080, 1527); packageName: com.huawei.android.launcher; className: android.view.ViewGroup; text: null; error: null; maxTextLength: -1; contentDescription: null; viewIdResName: com.huawei.android.launcher:id/workspace_screen; checkable: false; checked: false; focusable: false; focused: false; selected: false; clickable: true; longClickable: true; contextClickable: false; enabled: true; password: false; scrollable: false; importantForAccessibility: true; actions: [AccessibilityAction: ACTION_SELECT - null, AccessibilityAction: ACTION_CLEAR_SELECTION - null, AccessibilityAction: ACTION_CLICK - null, AccessibilityAction: ACTION_LONG_CLICK - null, AccessibilityAction: ACTION_ACCESSIBILITY_FOCUS - null, AccessibilityAction: ACTION_SHOW_ON_SCREEN - null]
08-01 12:08:10.832 18678 18678 I AccessibilityNodeInfoDumper: Skipping invisible child: android.view.accessibility.AccessibilityNodeInfo@8945; boundsInParent: Rect(0, 0 - 1080, 1575); boundsInScreen: Rect(3240, 0 - 1080, 1527); packageName: com.huawei.android.launcher; className: android.view.ViewGroup; text: null; error: null; maxTextLength: -1; contentDescription: null; viewIdResName: com.huawei.android.launcher:id/workspace_screen; checkable: false; checked: false; focusable: false; focused: false; selected: false; clickable: true; longClickable: true; contextClickable: false; enabled: true; password: false; scrollable: false; importantForAccessibility: true; actions: [AccessibilityAction: ACTION_SELECT - null, AccessibilityAction: ACTION_CLEAR_SELECTION - null, AccessibilityAction: ACTION_CLICK - null, AccessibilityAction: ACTION_LONG_CLICK - null, AccessibilityAction: ACTION_ACCESSIBILITY_FOCUS - null, AccessibilityAction: ACTION_SHOW_ON_SCREEN - null]
08-01 12:08:10.833  1147  1883 D WindowManager: finishDrawingWindow: Window{a4512df u0 com.android.settings/com.android.settings.HWSettings} mDrawState=DRAW_PENDING
08-01 12:08:10.834 18678 18678 I AccessibilityNodeInfoDumper: Null child 0/2, parent: android.view.accessibility.AccessibilityNodeInfo@90c7; boundsInParent: Rect(0, 0 - 1080, 273); boundsInScreen: Rect(0, 1556 - 1080, 1829); packageName: com.huawei.android.launcher; className: android.widget.FrameLayout; text: null; error: null; maxTextLength: -1; contentDescription: null; viewIdResName: com.huawei.android.launcher:id/hotseat; checkable: false; checked: false; focusable: false; focused: false; selected: false; clickable: false; longClickable: false; contextClickable: false; enabled: true; password: false; scrollable: false; importantForAccessibility: true; actions: [AccessibilityAction: ACTION_SELECT - null, AccessibilityAction: ACTION_CLEAR_SELECTION - null, AccessibilityAction: ACTION_ACCESSIBILITY_FOCUS - null, AccessibilityAction: ACTION_SHOW_ON_SCREEN - null]
08-01 12:08:10.834 18707 18707 I DashboardSummary: SuggestionLoader inited.
08-01 12:08:10.835 18678 18678 I AccessibilityNodeInfoDumper: Null child 1/2, parent: android.view.accessibility.AccessibilityNodeInfo@90c7; boundsInParent: Rect(0, 0 - 1080, 273); boundsInScreen: Rect(0, 1556 - 1080, 1829); packageName: com.huawei.android.launcher; className: android.widget.FrameLayout; text: null; error: null; maxTextLength: -1; contentDescription: null; viewIdResName: com.huawei.android.launcher:id/hotseat; checkable: false; checked: false; focusable: false; focused: false; selected: false; clickable: false; longClickable: false; contextClickable: false; enabled: true; password: false; scrollable: false; importantForAccessibility: true; actions: [AccessibilityAction: ACTION_SELECT - null, AccessibilityAction: ACTION_CLEAR_SELECTION - null, AccessibilityAction: ACTION_ACCESSIBILITY_FOCUS - null, AccessibilityAction: ACTION_SHOW_ON_SCREEN - null]
08-01 12:08:10.835 18707 18707 D DashboardSummary: onWindowFocusChanged
08-01 12:08:10.835 18678 18678 W AccessibilityNodeInfoDumper: Fetch time: 12ms
08-01 12:08:10.836 18707 18731 D DashboardSummary:  SuggestionLoader:doInBackground begin:AsyncTask #3
08-01 12:08:10.836 18707 18707 W InputMethodManager: startInputReason = 1
08-01 12:08:10.837  1147  1288 V WindowManager: Checking 1 opening apps (frozen=false timeout=false)...
08-01 12:08:10.837  1147  1288 V WindowManager: Check opening app=AppWindowToken{3f4bcca token=Token{f4d9035 ActivityRecord{5bf326c u0 com.android.settings/.HWSettings t1348}}}: allDrawn=true startingDisplayed=false startingMoved=false isRelaunching()=false
08-01 12:08:10.838 18707 18728 V SQLiteDatabase: triggerBuildingIndex(): invalid id, return.
08-01 12:08:10.838 18707 18731 I Settings: isNeedSkipFuction: setupNotDone = false, deviceProvisioned = true, userSetupComplete = true, FRPRestricted = false, needSkipFuction = false
08-01 12:08:10.838 18707 18731 I DashboardSummary: getSuggestions return empty suggestions, because is emui lite version.
08-01 12:08:10.838 18707 18728 D Index   : Indexing locale 'zh_CN_#Hans' took 14 millis
08-01 12:08:10.838 18707 18731 I DashboardSummary: SuggestionLoader:doInBackground end cost 2 ms
08-01 12:08:10.844 18707 18728 V NFC     : this device does not have NFC support
08-01 12:08:10.846 18707 18728 D ParentControl: ParentControl status is 0
08-01 12:08:10.847 18707 18728 I Settings: isNeedSkipFuction: setupNotDone = false, deviceProvisioned = true, userSetupComplete = true, FRPRestricted = false, needSkipFuction = false
08-01 12:08:10.849 27577 27577 D BarTransitions.HwNavigationBarView: MODE_TRANSLUCENT -> MODE_OPAQUE animate=false
08-01 12:08:10.849 27577 27577 D BarTransitions.HwNavigationBarView: applyModeBackground oldMode=MODE_TRANSLUCENT newMode=MODE_OPAQUE animate=false
08-01 12:08:10.849 27577 29042 D HwRecentsLockUtils: Search
08-01 12:08:10.849 26480 26480 I wangchen: SysInfo.getSysParam: orientation=1||config d=3.0,w=1080,h=1788||metrics d=3.0,w=1080,h=1788||sdk=26,bar_h=72
08-01 12:08:10.850 26480 26480 I KeymapLoader: w=1080 h=1788 ori=true appScale=3.3 s1=3.0
08-01 12:08:10.850  1857  2181 E HsmCoreServiceImpl: onTransact in code is: 103
08-01 12:08:10.850  1857  2181 I MediaProcessHandler: playingUids:
08-01 12:08:10.850 27577 27577 W ResourceType: No package identifier when getting value for resource number 0x00000000
08-01 12:08:10.850 27577 27577 E HwNotchUtils: setIconForView iconId is not found
08-01 12:08:10.851 27577 27577 W ResourceType: No package identifier when getting value for resource number 0x00000000
08-01 12:08:10.851 27577 27577 E HwNotchUtils: setIconForView iconId is not found
08-01 12:08:10.852  2983  2983 I HiBoard_Workspace: onWindowVisibilityChanged：8 isOverlayClosed:true
08-01 12:08:10.852  2983  2983 I HiBoard_MainView: onWindowVisibilityChanged：8 isOverlayClosed:true
08-01 12:08:10.852  2983  2983 I HiBoard_FlowLayout: onWindowVisibilityChanged：8 isOverlayClosed:true
08-01 12:08:10.852 18707 18707 D DashboardSummary: com.android.settings.dashboard.DashboardSummary$SuggestionLoader@1f66cc SuggestionLoader:onPostExecute
08-01 12:08:10.852 18707 18707 D DashboardData: DashboardData inited: DashboardDataSize = 14
08-01 12:08:10.852 18707 18707 I DashboardAdapter: notifyDashboardDataChanged only diff
08-01 12:08:10.852   645 10957 W hwcomposer: ScfCanHandle:264: AFBC: afbc layer height scl dowm larger than 2.(src_height:1920, dst_height:836)
08-01 12:08:10.855   673  2881 E BufferQueueProducer: [com.huawei.android.launcher/com.huawei.android.launcher.unihome.UniHomeLauncher#0] disconnect: not connected (req=1)
08-01 12:08:10.855  2570  3027 W libEGL  : EGLNativeWindowType 0x7acb53a010 disconnect failed
08-01 12:08:10.856   644   644 I GRALLOC : 	 shrFd=10,fmt=0x1,intFmt=0x200000001,btStrd=4352,size=8486912,pid=644
08-01 12:08:10.856   644   644 I GRALLOC : 	 yuv=2,w=1080,h=1920,Stride u=0 v=0,offset u=0 v=0
08-01 12:08:10.856   644   644 I GRALLOC : 	 iova_size=8486912,conUsg=0xb00,proUsg=0xb00,	 strd=1088,[afbc]HdrStrd=1088 PyldStrd=69632 Scrmbl=0,ionhnd = 1
08-01 12:08:10.857   673   828 E BufferQueueProducer: [com.huawei.intelligent.Workspace#0] disconnect: not connected (req=1)
08-01 12:08:10.857  2983 22918 W libEGL  : EGLNativeWindowType 0x7accb9a010 disconnect failed
08-01 12:08:10.873 18678 18678 I AccessibilityNodeInfoDumper: Skipping invisible child: android.view.accessibility.AccessibilityNodeInfo@f640; boundsInParent: Rect(0, 0 - 1080, 0); boundsInScreen: Rect(0, 216 - 1080, 216); packageName: com.android.settings; className: android.widget.FrameLayout; text: null; error: null; maxTextLength: -1; contentDescription: null; viewIdResName: com.android.settings:id/content_header_container; checkable: false; checked: false; focusable: false; focused: false; selected: false; clickable: false; longClickable: false; contextClickable: false; enabled: true; password: false; scrollable: false; importantForAccessibility: false; actions: [AccessibilityAction: ACTION_SELECT - null, AccessibilityAction: ACTION_CLEAR_SELECTION - null, AccessibilityAction: ACTION_ACCESSIBILITY_FOCUS - null, AccessibilityAction: ACTION_SHOW_ON_SCREEN - null]
08-01 12:08:10.879  1147  1703 D ActivityManager: Skipping, home or recents stack task: TaskRecord{d79c33 #1125 A=com.huawei.android.launcher U=0 StackId=0 sz=1}
08-01 12:08:10.879  1147  1703 D ActivityManager: Skipping intent:act=android.intent.action.MAIN cat=[android.intent.category.LAUNCHER] flg=0x10800000 cmp=io.appium.settings/.Settings
08-01 12:08:10.880  1147  1703 D ActivityManager: Skipping intent:flg=0x10800000 cmp=com.android.systemui/.usb.HwUsbDebuggingActivity
08-01 12:08:10.880  1147  1703 D ActivityManager: Skipping intent:flg=0x10804000 cmp=com.android.systemui/.recents.RecentsActivity bnds=[48,1295][1032,2531]
08-01 12:08:10.880  1147  1703 D ActivityManager: Skipping intent:act=android.settings.ACCESSIBILITY_SETTINGS flg=0x10808000 cmp=com.android.settings/.Settings$AccessibilitySettingsActivity
08-01 12:08:10.880  1147  1703 D ActivityManager: Skipping intent:flg=0x10800000 cmp=com.github.uiautomator/.IdentifyActivity
08-01 12:08:10.880  1147  1703 D ActivityManager: Skipping intent:act=android.deviceinfo.chooser.action.LAUNCH flg=0x10800000 hwFlg=0x100 pkg=com.android.settings cmp=com.android.settings/.deviceinfo.UsbConnModeChooserActivity
08-01 12:08:10.880  1147  1703 D ActivityManager: Skipping intent:act=android.intent.action.VIEW dat=content://com.android.browser.fileProvider/external_files/Downloads/Solopi.apk typ=application/vnd.android.package-archive flg=0x18800000 cmp=com.android.packageinstaller/.InstallStart
08-01 12:08:10.880  1147  1703 D ActivityManager: Skipping intent:act=android.intent.action.VIEW dat=https://github.com/... flg=0x13800000 cmp=com.android.browser/.BrowserActivity
08-01 12:08:10.880  1147  1703 D ActivityManager: Skipping intent:act=android.intent.action.VIEW dat=https://github.com/... flg=0x10800000 cmp=com.huawei.android.internal.app/.HwResolverActivity
08-01 12:08:10.880  1147  1703 D ActivityManager: Skipping intent:act=android.intent.action.MAIN cat=[android.intent.category.HOME] flg=0x10800300 cmp=com.android.settings/.FallbackHome
08-01 12:08:10.880  1147  1703 D ActivityManager: Skipping intent:act=com.huawei.action.VOICE_ASSISTANT flg=0x10800000 cmp=com.huawei.vassistant/.ui.main.VAssistantActivity
08-01 12:08:10.880 18707 18728 D BiometricManager: fpm.isHardwareDetected() = true
08-01 12:08:10.885 18707 18737 V SQLiteDatabase: triggerBuildingIndex(): invalid id, return.
08-01 12:08:10.885 18707 18737 D Index   : Indexing locale 'zh_CN_#Hans' took 3 millis
08-01 12:08:10.887 18707 18728 I Utils   : enabledInPad = false,isPcCastMode = false
08-01 12:08:10.889 18707 18728 I chatty  : uid=1000(system) AsyncTask #2 identical 10 lines
08-01 12:08:10.889 18707 18728 I Utils   : enabledInPad = false,isPcCastMode = false
08-01 12:08:10.889 18707 18728 I TileUtils: isNeedSkipTile() packageName: com.android.settings, className: com.android.settings.Settings$BluetoothSettingsActivity
08-01 12:08:10.890 18707 18737 V SQLiteDatabase: triggerBuildingIndex(): invalid id, return.
08-01 12:08:10.890 18707 18737 D Index   : Indexing locale 'zh_CN_#Hans' took 3 millis
08-01 12:08:10.890 18707 18728 I Utils   : enabledInPad = false,isPcCastMode = false
08-01 12:08:10.890 18707 18728 I Utils   : enabledInPad = false,isPcCastMode = false
08-01 12:08:10.890 18707 18728 I TileUtils: isNeedSkipTile() packageName: com.android.settings, className: com.android.settings.Settings$EnterprisePrivacySettingsActivity
08-01 12:08:10.890 18707 18728 I Utils   : enabledInPad = false,isPcCastMode = false
08-01 12:08:10.890 18707 18728 I TileUtils: isNeedSkipTile() packageName: com.android.settings, className: com.android.settings.LocationDashboardAlias
08-01 12:08:10.890 18707 18728 I Utils   : enabledInPad = false,isPcCastMode = false
08-01 12:08:10.890 18707 18728 I TileUtils: isNeedSkipTile() packageName: com.android.settings, className: com.android.settings.BackupSettingsActivity
08-01 12:08:10.892 18707 18728 I TileUtils: isNeedSkipTile() packageName: com.huawei.android.dsdscardmanager, className: com.huawei.android.dsdscardmanager.HWCardManagerActivity
08-01 12:08:10.892 18707 18728 I TileUtils: isNeedSkipTile() packageName: com.huawei.android.dsdscardmanager, className: com.huawei.android.dsdscardmanager.HWCardManagerTabActivity
08-01 12:08:10.895 18707 18728 I TileUtils: isNeedSkipTile() packageName: com.huawei.hidisk, className: com.huawei.android.hicloud.ui.activity.NewHiSyncSettingActivity
08-01 12:08:10.895 18707 18728 I TileUtils: isNeedSkipTile() packageName: com.huawei.android.hwouc, className: com.huawei.android.hwouc.ui.activities.MainEntranceActivity
08-01 12:08:10.895 18707 18728 I Utils   : enabledInPad = false,isPcCastMode = false
08-01 12:08:10.896 18707 18737 D Index   : Deleting data for locale 'zh_CN_#Hans' took 4 millis
08-01 12:08:10.896 18707 18728 I TileUtils: isNeedSkipTile() packageName: com.huawei.hwid, className: com.huawei.hwid.ui.extend.setting.StartUpGuideLoginActivity
08-01 12:08:10.896 18707 18728 I Utils   : enabledInPad = false,isPcCastMode = false
08-01 12:08:10.896 18707 18728 I TileUtils: isNeedSkipTile() packageName: com.huawei.systemmanager, className: com.huawei.permissionmanager.ui.JumpActvity
08-01 12:08:10.896 18707 18728 I Utils   : enabledInPad = false,isPcCastMode = false
08-01 12:08:10.897 18707 18728 I Utils   : enabledInPad = false,isPcCastMode = false
08-01 12:08:10.897 18707 18728 I TileUtils: isNeedSkipTile() packageName: com.huawei.systemmanager, className: com.huawei.netassistant.ui.NetAssistantMainActivity
08-01 12:08:10.897 18707 18728 I Utils   : enabledInPad = false,isPcCastMode = false
08-01 12:08:10.897 18707 18737 D Index   : Indexing locale 'zh_CN_#Hans' took 1 millis
08-01 12:08:10.899 18707 18728 I Utils   : enabledInPad = false,isPcCastMode = false
08-01 12:08:10.906   644   644 I GRALLOC : 	 shrFd=10,fmt=0x1,intFmt=0x200000001,btStrd=4352,size=8486912,pid=644
08-01 12:08:10.906   644   644 I GRALLOC : 	 yuv=2,w=1080,h=1920,Stride u=0 v=0,offset u=0 v=0
08-01 12:08:10.906   644   644 I GRALLOC : 	 iova_size=8486912,conUsg=0xb00,proUsg=0xb00,	 strd=1088,[afbc]HdrStrd=1088 PyldStrd=69632 Scrmbl=0,ionhnd = 1
08-01 12:08:10.906 18707 18707 I DashboardSummary: SuggestionLoader inited.
08-01 12:08:10.907 18707 18727 D DashboardSummary:  SuggestionLoader:doInBackground begin:AsyncTask #1
08-01 12:08:10.908 18707 18727 I Settings: isNeedSkipFuction: setupNotDone = false, deviceProvisioned = true, userSetupComplete = true, FRPRestricted = false, needSkipFuction = false
08-01 12:08:10.908 18707 18727 I DashboardSummary: getSuggestions return empty suggestions, because is emui lite version.
08-01 12:08:10.908 18707 18727 I DashboardSummary: SuggestionLoader:doInBackground end cost 1 ms
08-01 12:08:10.920 18707 18707 D DashboardSummary: com.android.settings.dashboard.DashboardSummary$SuggestionLoader@c791d15 SuggestionLoader:onPostExecute
08-01 12:08:10.920 18707 18707 D DashboardData: DashboardData inited: DashboardDataSize = 14
08-01 12:08:10.920 18707 18707 I DashboardAdapter: notifyDashboardDataChanged only diff
08-01 12:08:10.934 18678 18678 I AccessibilityNodeInfoDumper: Skipping invisible child: android.view.accessibility.AccessibilityNodeInfo@1defe; boundsInParent: Rect(0, 0 - 507, 53); boundsInScreen: Rect(168, 1792 - 675, 1788); packageName: com.android.settings; className: android.widget.TextView; text: 指纹、锁屏和密码、学生模式; error: null; maxTextLength: -1; contentDescription: null; viewIdResName: android:id/summary; checkable: false; checked: false; focusable: false; focused: false; selected: false; clickable: false; longClickable: false; contextClickable: false; enabled: true; password: false; scrollable: false; importantForAccessibility: true; actions: [AccessibilityAction: ACTION_SELECT - null, AccessibilityAction: ACTION_CLEAR_SELECTION - null, AccessibilityAction: ACTION_ACCESSIBILITY_FOCUS - null, AccessibilityAction: ACTION_NEXT_AT_MOVEMENT_GRANULARITY - null, AccessibilityAction: ACTION_PREVIOUS_AT_MOVEMENT_GRANULARITY - null, AccessibilityAction: ACTION_SET_SELECTION - null, AccessibilityAction: ACTION_SHOW_ON_SCREEN - null]
08-01 12:08:10.937 18678 18678 I AccessibilityNodeInfoDumper: Skipping invisible child: android.view.accessibility.AccessibilityNodeInfo@dfba; boundsInParent: Rect(0, 0 - 0, 144); boundsInScreen: Rect(0, 72 - 0, 216); packageName: com.android.settings; className: android.widget.FrameLayout; text: null; error: null; maxTextLength: -1; contentDescription: 向上导航; viewIdResName: null; checkable: false; checked: false; focusable: true; focused: false; selected: false; clickable: true; longClickable: false; contextClickable: false; enabled: true; password: false; scrollable: false; importantForAccessibility: true; actions: [AccessibilityAction: ACTION_FOCUS - null, AccessibilityAction: ACTION_SELECT - null, AccessibilityAction: ACTION_CLEAR_SELECTION - null, AccessibilityAction: ACTION_CLICK - null, AccessibilityAction: ACTION_ACCESSIBILITY_FOCUS - null, AccessibilityAction: ACTION_NEXT_AT_MOVEMENT_GRANULARITY - null, AccessibilityAction: ACTION_PREVIOUS_AT_MOVEMENT_GRANULARITY - null, AccessibilityAction: ACTION_SET_SELECTION - null, AccessibilityAction: ACTION_SHOW_ON_SCREEN - null]
08-01 12:08:10.937 18678 18678 I AccessibilityNodeInfoDumper: Skipping invisible child: android.view.accessibility.AccessibilityNodeInfo@e73c; boundsInParent: Rect(0, 0 - 0, 0); boundsInScreen: Rect(0, 143 - 0, 143); packageName: com.android.settings; className: android.widget.LinearLayout; text: null; error: null; maxTextLength: -1; contentDescription: null; viewIdResName: androidhwext:id/actionbar_layout_icon1; checkable: false; checked: false; focusable: false; focused: false; selected: false; clickable: false; longClickable: false; contextClickable: false; enabled: true; password: false; scrollable: false; importantForAccessibility: false; actions: [AccessibilityAction: ACTION_SELECT - null, AccessibilityAction: ACTION_CLEAR_SELECTION - null, AccessibilityAction: ACTION_ACCESSIBILITY_FOCUS - null, AccessibilityAction: ACTION_SHOW_ON_SCREEN - null]
08-01 12:08:10.938 18678 18678 I AccessibilityNodeInfoDumper: Skipping invisible child: android.view.accessibility.AccessibilityNodeInfo@eebe; boundsInParent: Rect(0, 0 - 0, 0); boundsInScreen: Rect(1080, 143 - 1080, 143); packageName: com.android.settings; className: android.widget.LinearLayout; text: null; error: null; maxTextLength: -1; contentDescription: null; viewIdResName: androidhwext:id/actionbar_layout_icon2; checkable: false; checked: false; focusable: false; focused: false; selected: false; clickable: false; longClickable: false; contextClickable: false; enabled: true; password: false; scrollable: false; importantForAccessibility: false; actions: [AccessibilityAction: ACTION_SELECT - null, AccessibilityAction: ACTION_CLEAR_SELECTION - null, AccessibilityAction: ACTION_ACCESSIBILITY_FOCUS - null, AccessibilityAction: ACTION_SHOW_ON_SCREEN - null]
08-01 12:08:10.938 18678 18678 I AccessibilityNodeInfoDumper: Skipping invisible child: android.view.accessibility.AccessibilityNodeInfo@dbf9; boundsInParent: Rect(0, 0 - 0, 144); boundsInScreen: Rect(1080, 72 - 1080, 216); packageName: com.android.settings; className: android.widget.LinearLayout; text: null; error: null; maxTextLength: -1; contentDescription: null; viewIdResName: null; checkable: false; checked: false; focusable: false; focused: false; selected: false; clickable: false; longClickable: false; contextClickable: false; enabled: true; password: false; scrollable: false; importantForAccessibility: false; actions: [AccessibilityAction: ACTION_SELECT - null, AccessibilityAction: ACTION_CLEAR_SELECTION - null, AccessibilityAction: ACTION_ACCESSIBILITY_FOCUS - null, AccessibilityAction: ACTION_SHOW_ON_SCREEN - null]
08-01 12:08:10.939 18678 18678 W AccessibilityNodeInfoDumper: Fetch time: 73ms
08-01 12:08:10.969  1147  1288 V WindowManager: Exit animation finished in Window{1372794 u0 com.huawei.android.launcher/com.huawei.android.launcher.unihome.UniHomeLauncher EXITING}: remove=false
08-01 12:08:10.969  1147  1288 V WindowManager: Exit animation finished in Window{8b51aff u0 com.huawei.intelligent.Workspace EXITING}: remove=false
08-01 12:08:10.974 27577 27577 D ImageWallpaper: onVisibilityChanged: mVisible, visible=true, false
08-01 12:08:10.974 27577 27577 D ImageWallpaper: Visibility changed to visible=false
08-01 12:08:10.999  1147  2852 V WindowManager: notifyAppStopped: AppWindowToken{57efd19 token=Token{ef87460 ActivityRecord{b1b063 u0 com.huawei.android.launcher/.unihome.UniHomeLauncher t1125}}}
08-01 12:08:10.999  1147  2852 E WindowManager: win=Window{8b51aff u0 com.huawei.intelligent.Workspace} destroySurfaces: appStopped=true win.mWindowRemovalAllowed=false win.mRemoveOnExit=false
08-01 12:08:10.999  1147  2852 I WindowManager: Destroying surface Surface(name=com.huawei.intelligent.Workspace) called by com.android.server.wm.WindowStateAnimator.destroySurface:2072 com.android.server.wm.WindowStateAnimator.destroySurfaceLocked:884 com.android.server.wm.HwWindowStateAnimator.destroySurfaceLocked:1006 com.android.server.wm.WindowState.destroyOrSaveSurfaceUnchecked:2998 com.android.server.wm.WindowState.destroySurface:2951 com.android.server.wm.AppWindowToken.destroySurfaces:664 com.android.server.wm.AppWindowToken.destroySurfaces:648 com.android.server.wm.AppWindowToken.notifyAppStopped:692
08-01 12:08:11.000  1147  2852 E WindowManager: win=Window{1372794 u0 com.huawei.android.launcher/com.huawei.android.launcher.unihome.UniHomeLauncher} destroySurfaces: appStopped=true win.mWindowRemovalAllowed=false win.mRemoveOnExit=false
08-01 12:08:11.000  1147  2852 I WindowManager: Destroying surface Surface(name=com.huawei.android.launcher/com.huawei.android.launcher.unihome.UniHomeLauncher) called by com.android.server.wm.WindowStateAnimator.destroySurface:2072 com.android.server.wm.WindowStateAnimator.destroySurfaceLocked:884 com.android.server.wm.HwWindowStateAnimator.destroySurfaceLocked:1006 com.android.server.wm.WindowState.destroyOrSaveSurfaceUnchecked:2998 com.android.server.wm.WindowState.destroySurface:2951 com.android.server.wm.AppWindowToken.destroySurfaces:664 com.android.server.wm.AppWindowToken.destroySurfaces:648 com.android.server.wm.AppWindowToken.notifyAppStopped:692
08-01 12:08:11.004  1147  1310 W AwareLog: SchedLevelBoost: onFgActivitiesChanged config not set!
08-01 12:08:11.004  1147  1164 D HwGameAssistantController: pid=2570, uid=10057, foreground=false
08-01 12:08:11.099  1147  1172 D SmartcareProc: onSignalStrengthsChanged: signalStrength is: SignalStrength: 99 -1 0 0 -83 -53 32767 -1 32767 99 0 0 0 2147483647 0 -1 true cdma , on sub: 0
08-01 12:08:11.099  1147  1172 D SmartcareProc: SignalStrength update result, ss: SignalStrengthInfo:211694203 mGsmSignalStrength: -1 mWcdmaRscp: -1 mWcdmaEcio: -1 mLteRsrp: -1 mLteRsrq: -1 mCdmaDbm: -83 mCdmaEcio: -53 mEvdoDbm: 32767mEvdoEcio: -1mLteRssnr: -1
08-01 12:08:11.100  1147  1147 I MQoS    : onSignal: mSubId=0,currDataSubID=0
08-01 12:08:11.100  1147  1147 I MQoS    : received cell-signal:5
08-01 12:08:11.122   673  2881 D SurfaceFlinger: SurfaceFlinger: getDisplayConfigs--3.000000, 1080, 1920
08-01 12:08:11.122   673  2881 I chatty  : uid=1000(system) Binder:673_5 identical 1 line
08-01 12:08:11.122   673  2881 D SurfaceFlinger: SurfaceFlinger: getDisplayConfigs--3.000000, 1080, 1920
08-01 12:08:11.123 19651 19651 I cutils-trace: atrace_init_once, trace_marker_path = /sys/kernel/debug/tracing/trace_marker
08-01 12:08:11.126   414   414 W /system/bin/hwservicemanager: Cannot open /odm/manifest.xml
08-01 12:08:11.139   414   414 W /system/bin/hwservicemanager: Cannot open /odm/manifest.xml
08-01 12:08:11.142   644   644 I GRALLOC : 	 shrFd=10,fmt=0x1,intFmt=0x1,btStrd=4352,size=8355840,pid=644
08-01 12:08:11.142   644   644 I GRALLOC : 	 yuv=2,w=1080,h=1920,Stride u=0 v=0,offset u=0 v=0
08-01 12:08:11.142   644   644 I GRALLOC : 	 iova_size=8355840,conUsg=0x306,proUsg=0x366,	 strd=1088,[afbc]HdrStrd=0 PyldStrd=0 Scrmbl=0,ionhnd = 1
08-01 12:08:11.246   669   669 E WifiHAL : enter wifi_get_link_stats
08-01 12:08:11.252   758   758 E wificond: Failed to get NL80211_RATE_INFO_NOISE
08-01 12:08:11.252   758   758 E wificond: Failed to get NL80211_RATE_INFO_SNR
08-01 12:08:11.252   758   758 E wificond: Failed to get NL80211_STA_INFO_CNAHLOAD
08-01 12:08:11.252  1147  1344 E WificondControl: Noise: 0, Snr: -1, Chload: -1
08-01 12:08:11.252  1147  1346 D HwWifiCHRStateManager: handleMessage : 1001
08-01 12:08:11.252  1147  1346 D HwWifiCHRStateManager: handleUpdateChannel:2412
08-01 12:08:11.252  1147  1346 V HwWifiServiceFactory: get AllImpl object = com.android.server.wifi.HwWifiServiceFactoryImpl@c8e97fe
08-01 12:08:11.253  1147  1344 D WifiScoreReport: Score = 100, wifiConnectivityManagerEnabled = false, lowScoreCount = 0