08-01 12:08:10.658  2570  2570 W ResourceType: No known package when getting name for resource number 0x9c010002
08-01 12:08:10.658  2570  2570 W ResourceType: No known package when getting name for resource number 0x9c010102
08-01 12:08:10.658  2570  2570 W ResourceType: No known package when getting name for resource number 0x9c010202
08-01 12:08:10.658  2570  2570 W ResourceType: No known package when getting name for resource number 0x9c010302
08-01 12:08:10.658  2570  2570 W ResourceType: No known package when getting name for resource number 0x9c010003
08-01 12:08:10.658  2570  2570 W ResourceType: No known package when getting name for resource number 0x9c010103
08-01 12:08:10.658  2570  2570 W ResourceType: No known package when getting name for resource number 0x9c010203
08-01 12:08:10.659  2570  2570 W ResourceType: No known package when getting name for resource number 0x9c010303
08-01 12:08:10.659  2570  2570 W ResourceType: No known package when getting name for resource number 0x9c010004
08-01 12:08:10.659  2570  2570 W ResourceType: No known package when getting name for resource number 0x9c010104
08-01 12:08:10.659  2570  2570 W ResourceType: No known package when getting name for resource number 0x9c010204
08-01 12:08:10.659  2570  2570 W ResourceType: No known package when getting name for resource number 0x9c010304
08-01 12:08:10.659  2570  2570 W ResourceType: No known package when getting name for resource number 0x9c020000
08-01 12:08:10.660  2570  2570 W ResourceType: No known package when getting name for resource number 0x9c020100
08-01 12:08:10.660  2570  2570 W ResourceType: No known package when getting name for resource number 0x9c020200
08-01 12:08:10.660  2570  2570 W ResourceType: No known package when getting name for resource number 0x9c020300
08-01 12:08:10.660  2570  2570 W ResourceType: No known package when getting name for resource number 0x9c020001
08-01 12:08:10.660  2570  2570 W ResourceType: No known package when getting name for resource number 0x9c020101
08-01 12:08:10.660  2570  2570 W ResourceType: No known package when getting name for resource number 0x9c020201
08-01 12:08:10.664  2570  2570 W ResourceType: No known package when getting name for resource number 0x9c010000
08-01 12:08:10.664  2570  2570 W ResourceType: No known package when getting name for resource number 0x9c010100
08-01 12:08:10.665  2570  2570 W ResourceType: No known package when getting name for resource number 0x9c010200
08-01 12:08:10.665  2570  2570 W ResourceType: No known package when getting name for resource number 0x9c010300
08-01 12:08:10.665  2570  2570 W ResourceType: No known package when getting name for resource number 0x9c010001
08-01 12:08:10.665  2570  2570 W ResourceType: No known package when getting name for resource number 0x9c010101
08-01 12:08:10.665  2570  2570 W ResourceType: No known package when getting name for resource number 0x9c010201
08-01 12:08:10.665  2570  2570 W ResourceType: No known package when getting name for resource number 0x9c010301
08-01 12:08:10.665  2570  2570 W ResourceType: No known package when getting name for resource number 0x9c010002
08-01 12:08:10.665  2570  2570 W ResourceType: No known package when getting name for resource number 0x9c010102
08-01 12:08:10.665  2570  2570 W ResourceType: No known package when getting name for resource number 0x9c010202
08-01 12:08:10.666  2570  2570 W ResourceType: No known package when getting name for resource number 0x9c010302
08-01 12:08:10.666  2570  2570 W ResourceType: No known package when getting name for resource number 0x9c010003
08-01 12:08:10.666  2570  2570 W ResourceType: No known package when getting name for resource number 0x9c010103
08-01 12:08:10.666  2570  2570 W ResourceType: No known package when getting name for resource number 0x9c010203
08-01 12:08:10.666  2570  2570 W ResourceType: No known package when getting name for resource number 0x9c010303
08-01 12:08:10.666  2570  2570 W ResourceType: No known package when getting name for resource number 0x9c010004
08-01 12:08:10.666  2570  2570 W ResourceType: No known package when getting name for resource number 0x9c010104
08-01 12:08:10.666  2570  2570 W ResourceType: No known package when getting name for resource number 0x9c010204
08-01 12:08:10.666  2570  2570 W ResourceType: No known package when getting name for resource number 0x9c010304
08-01 12:08:10.667  2570  2570 W ResourceType: No known package when getting name for resource number 0x9c020000
08-01 12:08:10.667  2570  2570 W ResourceType: No known package when getting name for resource number 0x9c020100
08-01 12:08:10.667  2570  2570 W ResourceType: No known package when getting name for resource number 0x9c020200
08-01 12:08:10.667  2570  2570 W ResourceType: No known package when getting name for resource number 0x9c020300
08-01 12:08:10.667  2570  2570 W ResourceType: No known package when getting name for resource number 0x9c020001
08-01 12:08:10.667  2570  2570 W ResourceType: No known package when getting name for resource number 0x9c020101
08-01 12:08:10.668  2570  2570 W ResourceType: No known package when getting name for resource number 0x9c020201
08-01 12:08:10.672  2570  2570 W ResourceType: No known package when getting name for resource number 0x9c010000
08-01 12:08:10.672  2570  2570 W ResourceType: No known package when getting name for resource number 0x9c010100
08-01 12:08:10.672  2570  2570 W ResourceType: No known package when getting name for resource number 0x9c010200
08-01 12:08:10.672  2570  2570 W ResourceType: No known package when getting name for resource number 0x9c010300
08-01 12:08:10.672  2570  2570 W ResourceType: No known package when getting name for resource number 0x9c010001
08-01 12:08:10.672  2570  2570 W ResourceType: No known package when getting name for resource number 0x9c010101
08-01 12:08:10.672  2570  2570 W ResourceType: No known package when getting name for resource number 0x9c010201
08-01 12:08:10.673  2570  2570 W ResourceType: No known package when getting name for resource number 0x9c010301
08-01 12:08:10.673  2570  2570 W ResourceType: No known package when getting name for resource number 0x9c010002
08-01 12:08:10.673  2570  2570 W ResourceType: No known package when getting name for resource number 0x9c010102
08-01 12:08:10.673  2570  2570 W ResourceType: No known package when getting name for resource number 0x9c010202
08-01 12:08:10.673  2570  2570 W ResourceType: No known package when getting name for resource number 0x9c010302
08-01 12:08:10.673  2570  2570 W ResourceType: No known package when getting name for resource number 0x9c010003
08-01 12:08:10.673  2570  2570 W ResourceType: No known package when getting name for resource number 0x9c010103
08-01 12:08:10.673  2570  2570 W ResourceType: No known package when getting name for resource number 0x9c010203
08-01 12:08:10.673  2570  2570 W ResourceType: No known package when getting name for resource number 0x9c010303
08-01 12:08:10.674  2570  2570 W ResourceType: No known package when getting name for resource number 0x9c010004
08-01 12:08:10.674  2570  2570 W ResourceType: No known package when getting name for resource number 0x9c010104
08-01 12:08:10.674  2570  2570 W ResourceType: No known package when getting name for resource number 0x9c010204
08-01 12:08:10.674  2570  2570 W ResourceType: No known package when getting name for resource number 0x9c010304
08-01 12:08:10.674  2570  2570 W ResourceType: No known package when getting name for resource number 0x9c020000
08-01 12:08:10.675  2570  2570 W ResourceType: No known package when getting name for resource number 0x9c020100
08-01 12:08:10.675  2570  2570 W ResourceType: No known package when getting name for resource number 0x9c020200
08-01 12:08:10.675  2570  2570 W ResourceType: No known package when getting name for resource number 0x9c020300
08-01 12:08:10.675  2570  2570 W ResourceType: No known package when getting name for resource number 0x9c020001
08-01 12:08:10.675  2570  2570 W ResourceType: No known package when getting name for resource number 0x9c020101
08-01 12:08:10.675  2570  2570 W ResourceType: No known package when getting name for resource number 0x9c020201
08-01 12:08:10.679  2570  2570 W ResourceType: No known package when getting name for resource number 0x9c010000
08-01 12:08:10.679  2570  2570 W ResourceType: No known package when getting name for resource number 0x9c010100
08-01 12:08:10.680  2570  2570 W ResourceType: No known package when getting name for resource number 0x9c010200
08-01 12:08:10.680  2570  2570 W ResourceType: No known package when getting name for resource number 0x9c010300
08-01 12:08:10.680  2570  2570 W ResourceType: No known package when getting name for resource number 0x9c010001
08-01 12:08:10.680  2570  2570 W ResourceType: No known package when getting name for resource number 0x9c010101
08-01 12:08:10.680  2570  2570 W ResourceType: No known package when getting name for resource number 0x9c010201
08-01 12:08:10.680  2570  2570 W ResourceType: No known package when getting name for resource number 0x9c010301
08-01 12:08:10.680  2570  2570 W ResourceType: No known package when getting name for resource number 0x9c010002
08-01 12:08:10.680  2570  2570 W ResourceType: No known package when getting name for resource number 0x9c010102
08-01 12:08:10.680  2570  2570 W ResourceType: No known package when getting name for resource number 0x9c010202
08-01 12:08:10.681  2570  2570 W ResourceType: No known package when getting name for resource number 0x9c010302
08-01 12:08:10.681  2570  2570 W ResourceType: No known package when getting name for resource number 0x9c010003
08-01 12:08:10.681  2570  2570 W ResourceType: No known package when getting name for resource number 0x9c010103
08-01 12:08:10.681  2570  2570 W ResourceType: No known package when getting name for resource number 0x9c010203
08-01 12:08:10.681  2570  2570 W ResourceType: No known package when getting name for resource number 0x9c010303
08-01 12:08:10.681  2570  2570 W ResourceType: No known package when getting name for resource number 0x9c010004
08-01 12:08:10.681  2570  2570 W ResourceType: No known package when getting name for resource number 0x9c010104
08-01 12:08:10.681  2570  2570 W ResourceType: No known package when getting name for resource number 0x9c010204
08-01 12:08:10.681  2570  2570 W ResourceType: No known package when getting name for resource number 0x9c010304
08-01 12:08:10.682  2570  2570 W ResourceType: No known package when getting name for resource number 0x9c020000
08-01 12:08:10.682  2570  2570 W ResourceType: No known package when getting name for resource number 0x9c020100
08-01 12:08:10.682  2570  2570 W ResourceType: No known package when getting name for resource number 0x9c020200
08-01 12:08:10.682  2570  2570 W ResourceType: No known package when getting name for resource number 0x9c020300
08-01 12:08:10.682  2570  2570 W ResourceType: No known package when getting name for resource number 0x9c020001
08-01 12:08:10.682  2570  2570 W ResourceType: No known package when getting name for resource number 0x9c020101
08-01 12:08:10.683  2570  2570 W ResourceType: No known package when getting name for resource number 0x9c020201
08-01 12:08:10.686  2570  2570 W ResourceType: No known package when getting name for resource number 0x9c010000
08-01 12:08:10.687  2570  2570 W ResourceType: No known package when getting name for resource number 0x9c010100
08-01 12:08:10.687  2570  2570 W ResourceType: No known package when getting name for resource number 0x9c010200
08-01 12:08:10.687  2570  2570 W ResourceType: No known package when getting name for resource number 0x9c010300
08-01 12:08:10.687  2570  2570 W ResourceType: No known package when getting name for resource number 0x9c010001
08-01 12:08:10.687  2570  2570 W ResourceType: No known package when getting name for resource number 0x9c010101
08-01 12:08:10.687  2570  2570 W ResourceType: No known package when getting name for resource number 0x9c010201
08-01 12:08:10.687  2570  2570 W ResourceType: No known package when getting name for resource number 0x9c010301
08-01 12:08:10.687  2570  2570 W ResourceType: No known package when getting name for resource number 0x9c010002
08-01 12:08:10.688  2570  2570 W ResourceType: No known package when getting name for resource number 0x9c010102
08-01 12:08:10.688  2570  2570 W ResourceType: No known package when getting name for resource number 0x9c010202
08-01 12:08:10.688  2570  2570 W ResourceType: No known package when getting name for resource number 0x9c010302
08-01 12:08:10.688  2570  2570 W ResourceType: No known package when getting name for resource number 0x9c010003
08-01 12:08:10.688  2570  2570 W ResourceType: No known package when getting name for resource number 0x9c010103
08-01 12:08:10.688  2570  2570 W ResourceType: No known package when getting name for resource number 0x9c010203
08-01 12:08:10.688  2570  2570 W ResourceType: No known package when getting name for resource number 0x9c010303
08-01 12:08:10.688  2570  2570 W ResourceType: No known package when getting name for resource number 0x9c010004
08-01 12:08:10.688  2570  2570 W ResourceType: No known package when getting name for resource number 0x9c010104
08-01 12:08:10.689  2570  2570 W ResourceType: No known package when getting name for resource number 0x9c010204
08-01 12:08:10.689  2570  2570 W ResourceType: No known package when getting name for resource number 0x9c010304
08-01 12:08:10.689  2570  2570 W ResourceType: No known package when getting name for resource number 0x9c020000
08-01 12:08:10.689  2570  2570 W ResourceType: No known package when getting name for resource number 0x9c020100
08-01 12:08:10.689  2570  2570 W ResourceType: No known package when getting name for resource number 0x9c020200
08-01 12:08:10.689  2570  2570 W ResourceType: No known package when getting name for resource number 0x9c020300
08-01 12:08:10.690  2570  2570 W ResourceType: No known package when getting name for resource number 0x9c020001
08-01 12:08:10.690  2570  2570 W ResourceType: No known package when getting name for resource number 0x9c020101
08-01 12:08:10.690  2570  2570 W ResourceType: No known package when getting name for resource number 0x9c020201
08-01 12:08:10.694  2570  2570 W ResourceType: No known package when getting name for resource number 0x9c010000
08-01 12:08:10.694  2570  2570 W ResourceType: No known package when getting name for resource number 0x9c010100
08-01 12:08:10.694  2570  2570 W ResourceType: No known package when getting name for resource number 0x9c010200
08-01 12:08:10.694  2570  2570 W ResourceType: No known package when getting name for resource number 0x9c010300
08-01 12:08:10.694  2570  2570 W ResourceType: No known package when getting name for resource number 0x9c010001
08-01 12:08:10.694  2570  2570 W ResourceType: No known package when getting name for resource number 0x9c010101
08-01 12:08:10.695  2570  2570 W ResourceType: No known package when getting name for resource number 0x9c010201
08-01 12:08:10.695  2570  2570 W ResourceType: No known package when getting name for resource number 0x9c010301
08-01 12:08:10.695  2570  2570 W ResourceType: No known package when getting name for resource number 0x9c010002
08-01 12:08:10.695  2570  2570 W ResourceType: No known package when getting name for resource number 0x9c010102
08-01 12:08:10.695  2570  2570 W ResourceType: No known package when getting name for resource number 0x9c010202
08-01 12:08:10.695  2570  2570 W ResourceType: No known package when getting name for resource number 0x9c010302
08-01 12:08:10.695  2570  2570 W ResourceType: No known package when getting name for resource number 0x9c010003
08-01 12:08:10.695  2570  2570 W ResourceType: No known package when getting name for resource number 0x9c010103
08-01 12:08:10.695  2570  2570 W ResourceType: No known package when getting name for resource number 0x9c010203
08-01 12:08:10.695  2570  2570 W ResourceType: No known package when getting name for resource number 0x9c010303
08-01 12:08:10.696  2570  2570 W ResourceType: No known package when getting name for resource number 0x9c010004
08-01 12:08:10.696  2570  2570 W ResourceType: No known package when getting name for resource number 0x9c010104
08-01 12:08:10.696  2570  2570 W ResourceType: No known package when getting name for resource number 0x9c010204
08-01 12:08:10.696  2570  2570 W ResourceType: No known package when getting name for resource number 0x9c010304
08-01 12:08:10.696  2570  2570 W ResourceType: No known package when getting name for resource number 0x9c020000
08-01 12:08:10.697  2570  2570 W ResourceType: No known package when getting name for resource number 0x9c020100
08-01 12:08:10.697  2570  2570 W ResourceType: No known package when getting name for resource number 0x9c020200
08-01 12:08:10.697  2570  2570 W ResourceType: No known package when getting name for resource number 0x9c020300
08-01 12:08:10.697  2570  2570 W ResourceType: No known package when getting name for resource number 0x9c020001
08-01 12:08:10.697  2570  2570 W ResourceType: No known package when getting name for resource number 0x9c020101
08-01 12:08:10.697  2570  2570 W ResourceType: No known package when getting name for resource number 0x9c020201
08-01 12:08:10.699  2570  2570 V AudioManager: playSoundEffect   effectType: 0
08-01 12:08:10.702  1147  1883 I ActivityManager: START u0 {act=android.intent.action.MAIN cat=[android.intent.category.LAUNCHER] flg=0x10200000 cmp=com.android.settings/.HWSettings bnds=[804,939][1068,1224]} from uid 10057
08-01 12:08:10.704  1886  2177 I ash     : front pkg : com.android.settings launcher: false
08-01 12:08:10.704  1886  2177 I ash     : above launcher front pkgs: [com.android.settings]
08-01 12:08:10.704  1147  1883 I ActivityManager: ActivityRecord info: ActivityInfo{79426a6 com.android.settings.HWSettings}
08-01 12:08:10.709  1886  9326 I PGServer: android calls fast hibernateApps
08-01 12:08:10.709  1147  1883 D ActivityManager: allPausedActivitiesComplete: r=ActivityRecord{b1b063 u0 com.huawei.android.launcher/.unihome.UniHomeLauncher t1125} state=PAUSING
08-01 12:08:10.709  1886  9326 I AppFastHibernation: fast hibernate duration: 1500 reason: start activity
08-01 12:08:10.709  1886  9326 I AppFastHibernation: fast hibernate now, drop this request
08-01 12:08:10.718  2570  2570 W ResourceType: No known package when getting name for resource number 0x9c010000
08-01 12:08:10.718  2570  2570 W ResourceType: No known package when getting name for resource number 0x9c010100
08-01 12:08:10.718  2570  2570 W ResourceType: No known package when getting name for resource number 0x9c010200
08-01 12:08:10.718  2570  2570 W ResourceType: No known package when getting name for resource number 0x9c010300
08-01 12:08:10.719  2570  2570 W ResourceType: No known package when getting name for resource number 0x9c010001
08-01 12:08:10.719  2570  2570 W ResourceType: No known package when getting name for resource number 0x9c010101
08-01 12:08:10.719  2570  2570 W ResourceType: No known package when getting name for resource number 0x9c010201
08-01 12:08:10.719  2570  2570 W ResourceType: No known package when getting name for resource number 0x9c010301
08-01 12:08:10.719  2570  2570 W ResourceType: No known package when getting name for resource number 0x9c010002
08-01 12:08:10.719  2570  2570 W ResourceType: No known package when getting name for resource number 0x9c010102
08-01 12:08:10.719  2570  2570 W ResourceType: No known package when getting name for resource number 0x9c010202
08-01 12:08:10.719  2570  2570 W ResourceType: No known package when getting name for resource number 0x9c010302
08-01 12:08:10.720  2570  2570 W ResourceType: No known package when getting name for resource number 0x9c010003
08-01 12:08:10.720  2570  2570 W ResourceType: No known package when getting name for resource number 0x9c010103
08-01 12:08:10.720  2570  2570 W ResourceType: No known package when getting name for resource number 0x9c010203
08-01 12:08:10.720  2570  2570 W ResourceType: No known package when getting name for resource number 0x9c010303
08-01 12:08:10.720  2570  2570 W ResourceType: No known package when getting name for resource number 0x9c010004
08-01 12:08:10.720  2570  2570 W ResourceType: No known package when getting name for resource number 0x9c010104
08-01 12:08:10.720  2570  2570 W ResourceType: No known package when getting name for resource number 0x9c010204
08-01 12:08:10.720  2570  2570 W ResourceType: No known package when getting name for resource number 0x9c010304
08-01 12:08:10.721  2570  2570 W ResourceType: No known package when getting name for resource number 0x9c020000
08-01 12:08:10.721  2570  2570 W ResourceType: No known package when getting name for resource number 0x9c020100
08-01 12:08:10.721  2570  2570 W ResourceType: No known package when getting name for resource number 0x9c020200
08-01 12:08:10.721  2570  2570 W ResourceType: No known package when getting name for resource number 0x9c020300
08-01 12:08:10.722  2570  2570 W ResourceType: No known package when getting name for resource number 0x9c020001
08-01 12:08:10.722  2570  2570 W ResourceType: No known package when getting name for resource number 0x9c020101
08-01 12:08:10.722  2570  2570 W ResourceType: No known package when getting name for resource number 0x9c020201
08-01 12:08:10.723  2570 19623 D MotionDetectionManager: stopMotionAppsReco motionApps: 403
08-01 12:08:10.723  2570 19623 D MotionDetectionManager: stopMotionAppsReco not recognition motionApps 403
08-01 12:08:10.723  2570 19623 W HwLauncher: Launcher.MotionManager stopMotionAppsReco service flg 403 is unavailable
08-01 12:08:10.725  1147  1657 V WindowManager: No longer Stopped: AppWindowToken{3f4bcca token=Token{f4d9035 ActivityRecord{5bf326c u0 com.android.settings/.HWSettings t1348}}}
08-01 12:08:10.725  1147  1657 V WindowManager: findFocusedWindow: AppWindowToken{57efd19 token=Token{ef87460 ActivityRecord{b1b063 u0 com.huawei.android.launcher/.unihome.UniHomeLauncher t1125}}} below Reached focused app=AppWindowToken{3f4bcca token=Token{f4d9035 ActivityRecord{5bf326c u0 com.android.settings/.HWSettings t1348}}}
08-01 12:08:10.728  1886  2035 D ScenarioService: front pkg : com.android.settings launcher: false
08-01 12:08:10.728  1886  2035 D ScenarioService: new above launcher front pkgs: [com.android.settings]
08-01 12:08:10.729  1886  2035 I AppsUsage: scnOff:false FgAPP:com.android.settings BgAPP:com.huawei.android.launcher
08-01 12:08:10.731  2683  5702 D [HwRecSys]HwRecSysService: onEvent actionID: 10000 msg:com.android.settings
08-01 12:08:10.731  2683  5702 I [HwRecSys]HwRecSysService:  cur pkg: com.android.settings
08-01 12:08:10.732  1886  2342 I PGServer: report state:10010 event type:2 pid:0 uid:0 pkg:com.huawei.android.launcher to pid: 1147
08-01 12:08:10.732  1886  2342 I PGServer: report state:10010 event type:2 pid:0 uid:0 pkg:com.huawei.android.launcher to pid: 1886
08-01 12:08:10.732  1886  2342 I SceneReceiver: state type: 10010 eventType:2 pid:0 uid:0 pkg:com.huawei.android.launcher
08-01 12:08:10.732  1886  2342 I PGServer: report state:10000 event type:1 pid:0 uid:0 pkg:com.android.settings to pid: 1147
08-01 12:08:10.732  1886  2342 I PGServer: report state:10000 event type:1 pid:0 uid:0 pkg:com.android.settings to pid: 1886
08-01 12:08:10.732  1886  2342 I SceneReceiver: state type: 10000 eventType:1 pid:0 uid:0 pkg:com.android.settings
08-01 12:08:10.732  1886  2552 D HwThermalStateManager: current foreapp pkg : com.android.settings
08-01 12:08:10.732  1147  1394 D EmcomManagerService: forePackage name is com.android.settings
08-01 12:08:10.732  1147  1394 D HicomPolicyManager: foreAppInfo = nullpkgName = com.android.settings uid= 1000
08-01 12:08:10.732  1147  1394 E HicomPolicyManager: udp acc is not start yet!
08-01 12:08:10.732  1147  1394 D HicomPolicyManager: speed control is not start
08-01 12:08:10.732  1147  1394 E HicomPolicyManager: Network Evaluation is not start yet!
08-01 12:08:10.732  1147  1394 E HicomPolicyManager: foreground app info is null
08-01 12:08:10.733  2683  5702 E [HwRecSys]ServiceHelper: accessibility_service_name:com.huawei.recsys/com.huawei.recsys.service.PortraitDaService
08-01 12:08:10.733  2683  5702 E [HwRecSys]ServiceHelper: multiScreenShotService:ComponentInfo{com.huawei.recsys/com.huawei.recsys.service.PortraitDaService}
08-01 12:08:10.734  1147  1497 I [SPMN]  : insert SECURE -- name = enabled_accessibility_services, package = com.huawei.recsys, user = 0, value = com.huawei.recsys/com.huawei.recsys.service.PortraitDaService
08-01 12:08:10.734  1886  9326 I PGServer: checkPkgType. calling pkg: android
08-01 12:08:10.735  1147  1703 V WindowManager: findFocusedWindow: AppWindowToken{57efd19 token=Token{ef87460 ActivityRecord{b1b063 u0 com.huawei.android.launcher/.unihome.UniHomeLauncher t1125}}} below Reached focused app=AppWindowToken{3f4bcca token=Token{f4d9035 ActivityRecord{5bf326c u0 com.android.settings/.HWSettings t1348}}}
08-01 12:08:10.735  1147  1497 I [SPMN]  : insert SECURE -- name = accessibility_enabled, package = com.huawei.recsys, user = 0, value = 1
08-01 12:08:10.736  1147  1703 D WindowManager: face_rotation: isIntelliServiceEnabled: ro swtich off
08-01 12:08:10.736  1147  1703 I WindowManager: rotationForOrientationLw(orient=-1, last=0); user=0
08-01 12:08:10.736  1147  1703 D WindowManager: face_rotation: isIntelliServiceEnabled: ro swtich off
08-01 12:08:10.736  1147  1703 D HwPhoneWindowManager: face_rotation: not enabled,use sensor real
08-01 12:08:10.736  1147  1703 D HwPhoneWindowManager: face_rotation:real sensor rotation = -1
08-01 12:08:10.736  1147  1703 D HwPhoneWindowManager: face_rotation: rotation = 0
08-01 12:08:10.736  1147  1703 I WindowManager: Selected orientation -1, got rotation 0 which has compatible metrics
08-01 12:08:10.735  1886  9326 I PGServer: checkPkgType. calling pkg: android
08-01 12:08:10.737  1886  3657 W libc    : Set property "sys.aps.gameProcessName" to ""
08-01 12:08:10.740  1886  3657 W libc    : Set property "sys.aps.browserProcessName" to ""
08-01 12:08:10.745  1147  1657 V WindowManager: notifyAppResumed: wasStopped=true AppWindowToken{3f4bcca token=Token{f4d9035 ActivityRecord{5bf326c u0 com.android.settings/.HWSettings t1348}}}
08-01 12:08:10.749  1147  1657 V WindowManager: Checking 1 opening apps (frozen=false timeout=false)...
08-01 12:08:10.749  1147  1657 V WindowManager: Check opening app=AppWindowToken{3f4bcca token=Token{f4d9035 ActivityRecord{5bf326c u0 com.android.settings/.HWSettings t1348}}}: allDrawn=false startingDisplayed=false startingMoved=false isRelaunching()=false
08-01 12:08:10.751  2570  2570 W ResourceType: No known package when getting name for resource number 0x9c000303
08-01 12:08:10.759 18707 18707 D DashboardSummary: onStart called.
08-01 12:08:10.760  1147  1164 D HwQoEUtils: mForegroundAppPackageName: com.android.settings ,score: 0
08-01 12:08:10.761  1147  1164 D HwQoEUtils: onForegroundAppWifiSleepChange: config:false, sleeptime:-1,type: 255, appname:com.android.settings
08-01 12:08:10.761  1147  1164 D HwQoEUtils: APP type: 255 appName= com.android.settings
08-01 12:08:10.761  1147  1310 W AwareLog: SchedLevelBoost: onFgActivitiesChanged config not set!
08-01 12:08:10.761  1147  1164 D HwQoEUtils: no game, APP_TYPE_GAME, appName =com.android.settings
08-01 12:08:10.762  1147  1164 D HwGameAssistantController: pid=18707, uid=1000, foreground=true
08-01 12:08:10.765 18707 19648 D HwidEnabler: Check the HwID-Tile content providers for dynamically updatable content.
08-01 12:08:10.765 18707 18707 W ContextImpl: Calling a method in the system process without a qualified user: android.app.ContextImpl.sendBroadcast:1095 android.content.ContextWrapper.sendBroadcast:436 com.android.settings.HWSettings.onResume:161 android.app.Instrumentation.callActivityOnResume:1364 android.app.Activity.performResume:7479
08-01 12:08:10.767  1147  1883 W ActivityManager: Sending non-protected broadcast com.huawei.android.intent.action.ENTER_SETTINGS from system 18707:com.android.settings/1000 pkg com.android.settings
08-01 12:08:10.767 18707 18728 D Index   : Deleting data for locale 'zh_CN_#Hans' took 7 millis
08-01 12:08:10.767  1147  1883 I HwNetworkPolicy: onTransact, code = 203
08-01 12:08:10.768  1455  1722 I HwNetworkPolicyManager: getHwUidPolicy uid = 1000 policy = 0
08-01 12:08:10.768  4032  4505 I APKAccountManager: [2019-08-01 12:08:10.767 I/HwID_APK_log[2.7.0.303]/APKAccountManager 4032:91 :91] get No Account from AccountManager
08-01 12:08:10.769  4032  4505 I HwidForSetting: [2019-08-01 12:08:10.768 I/HwID_APK_log[2.7.0.303]/HwidForSetting 4032:91 :97] call not login
08-01 12:08:10.771  4032  4505 I BaseUtil: [2019-08-01 12:08:10.770 I/HwID_APK_log[2.7.0.303]/BaseUtil 4032:91 :1662] versionCode 20700303
08-01 12:08:10.773 18707 18728 I Utils   : enabledInPad = false,isPcCastMode = false
08-01 12:08:10.774  4032  4145 I AppLogManager: PrintWoker poll timeout , shutdown
08-01 12:08:10.775  4032  4505 I APKAccountManager: [2019-08-01 12:08:10.774 I/HwID_APK_log[2.7.0.303]/APKAccountManager 4032:91 :91] get No Account from AccountManager
08-01 12:08:10.776  4032  4505 I HwidForSetting: [2019-08-01 12:08:10.775 I/HwID_APK_log[2.7.0.303]/HwidForSetting 4032:91 :97] call not login
08-01 12:08:10.776  4032  4145 I AppLogManager: PrintWoker poll timeout , shutdown
08-01 12:08:10.776 18707 18737 I Utils   : enabledInPad = false,isPcCastMode = false
08-01 12:08:10.777 18707 18737 I Utils   : enabledInPad = false,isPcCastMode = false
08-01 12:08:10.778  4032  4145 I AppLogManager: PrintWoker poll timeout , shutdown
08-01 12:08:10.778 18707 18737 I Utils   : enabledInPad = false,isPcCastMode = false
08-01 12:08:10.778 18707 18728 I Utils   : enabledInPad = false,isPcCastMode = false
08-01 12:08:10.779  4032  4505 I BaseUtil: [2019-08-01 12:08:10.778 I/HwID_APK_log[2.7.0.303]/BaseUtil 4032:91 :1662] versionCode 20700303
08-01 12:08:10.779 18707 18737 I Utils   : enabledInPad = false,isPcCastMode = false
08-01 12:08:10.780 18707 18737 I chatty  : uid=1000(system) AsyncTask #4 identical 1 line
08-01 12:08:10.780 18707 18737 I Utils   : enabledInPad = false,isPcCastMode = false
08-01 12:08:10.780  4032  4145 I AppLogManager: PrintWoker poll timeout , shutdown
08-01 12:08:10.781 18707 18737 I Utils   : enabledInPad = false,isPcCastMode = false
08-01 12:08:10.782 18707 18737 I chatty  : uid=1000(system) AsyncTask #4 identical 1 line
08-01 12:08:10.782 18707 18737 I Utils   : enabledInPad = false,isPcCastMode = false
08-01 12:08:10.782  4032  4505 I APKAccountManager: [2019-08-01 12:08:10.782 I/HwID_APK_log[2.7.0.303]/APKAccountManager 4032:91 :91] get No Account from AccountManager
08-01 12:08:10.783  4032  4505 I HwidForSetting: [2019-08-01 12:08:10.782 I/HwID_APK_log[2.7.0.303]/HwidForSetting 4032:91 :97] call not login
08-01 12:08:10.784 18707 18728 I Utils   : enabledInPad = false,isPcCastMode = false
08-01 12:08:10.785 18707 18737 I Utils   : enabledInPad = false,isPcCastMode = false
08-01 12:08:10.786  4032  4505 I BaseUtil: [2019-08-01 12:08:10.785 I/HwID_APK_log[2.7.0.303]/BaseUtil 4032:91 :1662] versionCode 20700303
08-01 12:08:10.786 18707 18737 I Utils   : enabledInPad = false,isPcCastMode = false
08-01 12:08:10.787  4032  4145 I AppLogManager: PrintWoker poll timeout , shutdown
08-01 12:08:10.787 18707 18728 D Settings: isAirSharingExist()-->pInfo = PackageInfo{da478ff com.huawei.android.airsharing}
08-01 12:08:10.787 18707 18737 I Utils   : enabledInPad = false,isPcCastMode = false
08-01 12:08:10.787 18707 18737 I TileUtils: isNeedSkipTile() packageName: com.android.settings, className: com.android.settings.Settings$BluetoothSettingsActivity
08-01 12:08:10.788  4032  4505 I APKAccountManager: [2019-08-01 12:08:10.787 I/HwID_APK_log[2.7.0.303]/APKAccountManager 4032:91 :91] get No Account from AccountManager
08-01 12:08:10.788 18707 18737 I Utils   : enabledInPad = false,isPcCastMode = false
08-01 12:08:10.789 18707 18737 I Utils   : enabledInPad = false,isPcCastMode = false
08-01 12:08:10.789  4032  4505 I HwidForSetting: [2019-08-01 12:08:10.788 I/HwID_APK_log[2.7.0.303]/HwidForSetting 4032:91 :97] call not login
08-01 12:08:10.789 18707 18737 I TileUtils: isNeedSkipTile() packageName: com.android.settings, className: com.android.settings.Settings$EnterprisePrivacySettingsActivity
08-01 12:08:10.790 18707 18737 I Utils   : enabledInPad = false,isPcCastMode = false
08-01 12:08:10.790 18707 18737 I TileUtils: isNeedSkipTile() packageName: com.android.settings, className: com.android.settings.LocationDashboardAlias
08-01 12:08:10.790 18707 18737 I Utils   : enabledInPad = false,isPcCastMode = false
08-01 12:08:10.790 18707 18737 I TileUtils: isNeedSkipTile() packageName: com.android.settings, className: com.android.settings.BackupSettingsActivity
08-01 12:08:10.790  4032  4145 I AppLogManager: PrintWoker poll timeout , shutdown
08-01 12:08:10.790  4032  4505 I BaseUtil: [2019-08-01 12:08:10.790 I/HwID_APK_log[2.7.0.303]/BaseUtil 4032:91 :1662] versionCode 20700303
08-01 12:08:10.792 18707 18737 I TileUtils: isNeedSkipTile() packageName: com.huawei.android.dsdscardmanager, className: com.huawei.android.dsdscardmanager.HWCardManagerActivity
08-01 12:08:10.792  4032  4145 I AppLogManager: PrintWoker poll timeout , shutdown
08-01 12:08:10.792 18707 18737 I TileUtils: isNeedSkipTile() packageName: com.huawei.android.dsdscardmanager, className: com.huawei.android.dsdscardmanager.HWCardManagerTabActivity
08-01 12:08:10.794  1147  1497 W WindowManager: EGLdebug Created surface WindowStateAnimator{2a32b2c com.android.settings/com.android.settings.HWSettings}
08-01 12:08:10.794 18707 18728 E TAG     : can't find packeage com.google.android.gms!android.content.pm.PackageManager$NameNotFoundException: com.google.android.gms
08-01 12:08:10.794  1147  1497 V HwPhoneWindowManager: updateSystemUiColorLw window=Window{a4512df u0 com.android.settings/com.android.settings.HWSettings},EmuiStyle=1,StatusBarColor=0xfffcfcfc,NavigationBarColor=0xfffcfcfc, mLastIsEmuiLightStyle=1, mForceNotchStatusBar=false
08-01 12:08:10.795  1147  1164 D HwPhoneWindowManager: Transact:setSystemUIColor to status bar service
08-01 12:08:10.795 27577 27758 I CommandQueue: updateBarBgColor
08-01 12:08:10.795 27577 27758 D CommandQueue: CommandQueue, setBarBackgroundColor
08-01 12:08:10.796 27577 27577 D TintManager: statusBarIconTint=#99000000,navigationBarIconTint=#FFFCFCFC
08-01 12:08:10.796 18707 18728 V SQLiteDatabase: triggerBuildingIndex(): invalid id, return.
08-01 12:08:10.798 18707 18737 I TileUtils: isNeedSkipTile() packageName: com.huawei.hidisk, className: com.huawei.android.hicloud.ui.activity.NewHiSyncSettingActivity
08-01 12:08:10.799 18707 18737 I TileUtils: isNeedSkipTile() packageName: com.huawei.android.hwouc, className: com.huawei.android.hwouc.ui.activities.MainEntranceActivity
08-01 12:08:10.799 18707 18728 V SQLiteDatabase: triggerBuildingIndex(): invalid id, return.
08-01 12:08:10.799 18707 18737 I TileUtils: isNeedSkipTile() packageName: com.huawei.android.hwouc, className: com.huawei.android.hwouc.ui.activities.MainEntranceActivity
08-01 12:08:10.799  1147  1497 V WindowManager: Checking 1 opening apps (frozen=false timeout=false)...
08-01 12:08:10.799 18707 18737 I Utils   : enabledInPad = false,isPcCastMode = false
08-01 12:08:10.800 18707 18737 I TileUtils: isNeedSkipTile() packageName: com.huawei.hwid, className: com.huawei.hwid.ui.extend.setting.StartUpGuideLoginActivity
08-01 12:08:10.800  1147  1497 V WindowManager: Check opening app=AppWindowToken{3f4bcca token=Token{f4d9035 ActivityRecord{5bf326c u0 com.android.settings/.HWSettings t1348}}}: allDrawn=false startingDisplayed=false startingMoved=false isRelaunching()=false
08-01 12:08:10.801 18707 18737 I Utils   : enabledInPad = false,isPcCastMode = false
08-01 12:08:10.801 18707 18737 I TileUtils: isNeedSkipTile() packageName: com.huawei.systemmanager, className: com.huawei.permissionmanager.ui.JumpActvity
08-01 12:08:10.801 18707 18737 I Utils   : enabledInPad = false,isPcCastMode = false
08-01 12:08:10.802 18707 18737 I Utils   : enabledInPad = false,isPcCastMode = false
08-01 12:08:10.802 18707 18737 I TileUtils: isNeedSkipTile() packageName: com.huawei.systemmanager, className: com.huawei.netassistant.ui.NetAssistantMainActivity
08-01 12:08:10.803 18707 18737 I Utils   : enabledInPad = false,isPcCastMode = false
08-01 12:08:10.803 18707 18728 V SQLiteDatabase: triggerBuildingIndex(): invalid id, return.
08-01 12:08:10.803 27577 27577 D StatusBarIconController: setIconVisibility icon is null or visibility not change visibility=false
08-01 12:08:10.804 18707 18728 V SQLiteDatabase: triggerBuildingIndex(): invalid id, return.
08-01 12:08:10.805 18707 18737 I Utils   : enabledInPad = false,isPcCastMode = false
08-01 12:08:10.806 18707 18749 D mali_winsys: EGLint new_window_surface(egl_winsys_display *, void *, EGLSurface, EGLConfig, egl_winsys_surface **, egl_color_buffer_format *, EGLBoolean) returns 0x3000
08-01 12:08:10.806 18707 18728 V SQLiteDatabase: triggerBuildingIndex(): invalid id, return.
08-01 12:08:10.807  2570  2570 W ResourceType: No known package when getting name for resource number 0x9c010000
08-01 12:08:10.807  2570  2570 W ResourceType: No known package when getting name for resource number 0x9c010100
08-01 12:08:10.808  2570  2570 W ResourceType: No known package when getting name for resource number 0x9c010200
08-01 12:08:10.808   644   644 I GRALLOC : 	 shrFd=10,fmt=0x1,intFmt=0x200000001,btStrd=4352,size=8486912,pid=644
08-01 12:08:10.808   644   644 I GRALLOC : 	 yuv=2,w=1080,h=1920,Stride u=0 v=0,offset u=0 v=0
08-01 12:08:10.808   644   644 I GRALLOC : 	 iova_size=8486912,conUsg=0x900,proUsg=0x900,	 strd=1088,[afbc]HdrStrd=1088 PyldStrd=69632 Scrmbl=0,ionhnd = 1
08-01 12:08:10.809  2570  2570 W ResourceType: No known package when getting name for resource number 0x9c010300
08-01 12:08:10.809  2570  2570 W ResourceType: No known package when getting name for resource number 0x9c010001
08-01 12:08:10.810  2570  2570 W ResourceType: No known package when getting name for resource number 0x9c010101
08-01 12:08:10.810  2570  2570 W ResourceType: No known package when getting name for resource number 0x9c010201
08-01 12:08:10.811  2570  2570 W ResourceType: No known package when getting name for resource number 0x9c010301
08-01 12:08:10.812  2570  2570 W ResourceType: No known package when getting name for resource number 0x9c010002
08-01 12:08:10.812 18707 18728 V SQLiteDatabase: triggerBuildingIndex(): invalid id, return.
08-01 12:08:10.812  2570  2570 W ResourceType: No known package when getting name for resource number 0x9c010102
08-01 12:08:10.812 18707 18728 D Index   : Indexing locale 'zh_CN_#Hans' took 45 millis
08-01 12:08:10.812   644   644 I GRALLOC : 	 shrFd=10,fmt=0x1,intFmt=0x200000001,btStrd=4352,size=8486912,pid=644
08-01 12:08:10.812   644   644 I GRALLOC : 	 yuv=2,w=1080,h=1920,Stride u=0 v=0,offset u=0 v=0
08-01 12:08:10.812   644   644 I GRALLOC : 	 iova_size=8486912,conUsg=0x900,proUsg=0x900,	 strd=1088,[afbc]HdrStrd=1088 PyldStrd=69632 Scrmbl=0,ionhnd = 1
08-01 12:08:10.813  2570  2570 W ResourceType: No known package when getting name for resource number 0x9c010202
08-01 12:08:10.813  2570  2570 W ResourceType: No known package when getting name for resource number 0x9c010302
08-01 12:08:10.814  2570  2570 W ResourceType: No known package when getting name for resource number 0x9c010003
08-01 12:08:10.814  2570  2570 W ResourceType: No known package when getting name for resource number 0x9c010103
08-01 12:08:10.815  2570  2570 W ResourceType: No known package when getting name for resource number 0x9c010203
08-01 12:08:10.815  2570  2570 W ResourceType: No known package when getting name for resource number 0x9c010303
08-01 12:08:10.816  2570  2570 W ResourceType: No known package when getting name for resource number 0x9c010004
08-01 12:08:10.816  2570  2570 W ResourceType: No known package when getting name for resource number 0x9c010104
08-01 12:08:10.816   644   644 I GRALLOC : 	 shrFd=10,fmt=0x1,intFmt=0x200000001,btStrd=4352,size=8486912,pid=644
08-01 12:08:10.816   644   644 I GRALLOC : 	 yuv=2,w=1080,h=1920,Stride u=0 v=0,offset u=0 v=0
08-01 12:08:10.816   644   644 I GRALLOC : 	 iova_size=8486912,conUsg=0x900,proUsg=0x900,	 strd=1088,[afbc]HdrStrd=1088 PyldStrd=69632 Scrmbl=0,ionhnd = 1
08-01 12:08:10.817  2570  2570 W ResourceType: No known package when getting name for resource number 0x9c010204
08-01 12:08:10.817  2570  2570 W ResourceType: No known package when getting name for resource number 0x9c010304
08-01 12:08:10.819  2570  2570 W ResourceType: No known package when getting name for resource number 0x9c020000
08-01 12:08:10.819  2570  2570 W ResourceType: No known package when getting name for resource number 0x9c020100
08-01 12:08:10.819  2570  2570 W ResourceType: No known package when getting name for resource number 0x9c020200
08-01 12:08:10.819  2570  2570 W ResourceType: No known package when getting name for resource number 0x9c020300
08-01 12:08:10.820  2570  2570 W ResourceType: No known package when getting name for resource number 0x9c020001
08-01 12:08:10.820  2570  2570 W ResourceType: No known package when getting name for resource number 0x9c020101
08-01 12:08:10.820  2570  2570 W ResourceType: No known package when getting name for resource number 0x9c020201
08-01 12:08:10.821   644   644 I GRALLOC : 	 shrFd=10,fmt=0x1,intFmt=0x200000001,btStrd=4352,size=8486912,pid=644
08-01 12:08:10.821   644   644 I GRALLOC : 	 yuv=2,w=1080,h=1920,Stride u=0 v=0,offset u=0 v=0
08-01 12:08:10.821   644   644 I GRALLOC : 	 iova_size=8486912,conUsg=0xb00,proUsg=0xb00,	 strd=1088,[afbc]HdrStrd=1088 PyldStrd=69632 Scrmbl=0,ionhnd = 1
08-01 12:08:10.824 18707 18728 D Index   : Deleting data for locale 'zh_CN_#Hans' took 7 millis
08-01 12:08:10.827 18678 18678 I AccessibilityNodeInfoDumper: Null child 0/3, parent: android.view.accessibility.AccessibilityNodeInfo@7e02; boundsInParent: Rect(0, 0 - 1080, 1575); boundsInScreen: Rect(0, 0 - 1080, 1527); packageName: com.huawei.android.launcher; className: android.view.ViewGroup; text: null; error: null; maxTextLength: -1; contentDescription: null; viewIdResName: com.huawei.android.launcher:id/workspace_screen; checkable: false; checked: false; focusable: false; focused: false; selected: false; clickable: true; longClickable: true; contextClickable: false; enabled: true; password: false; scrollable: false; importantForAccessibility: true; actions: [AccessibilityAction: ACTION_SELECT - null, AccessibilityAction: ACTION_CLEAR_SELECTION - null, AccessibilityAction: ACTION_CLICK - null, AccessibilityAction: ACTION_LONG_CLICK - null, AccessibilityAction: ACTION_ACCESSIBILITY_FOCUS - null, AccessibilityAction: ACTION_SHOW_ON_SCREEN - null]
08-01 12:08:10.828 18678 18678 I AccessibilityNodeInfoDumper: Null child 1/3, parent: android.view.accessibility.AccessibilityNodeInfo@7e02; boundsInParent: Rect(0, 0 - 1080, 1575); boundsInScreen: Rect(0, 0 - 1080, 1527); packageName: com.huawei.android.launcher; className: android.view.ViewGroup; text: null; error: null; maxTextLength: -1; contentDescription: null; viewIdResName: com.huawei.android.launcher:id/workspace_screen; checkable: false; checked: false; focusable: false; focused: false; selected: false; clickable: true; longClickable: true; contextClickable: false; enabled: true; password: false; scrollable: false; importantForAccessibility: true; actions: [AccessibilityAction: ACTION_SELECT - null, AccessibilityAction: ACTION_CLEAR_SELECTION - null, AccessibilityAction: ACTION_CLICK - null, AccessibilityAction: ACTION_LONG_CLICK - null, AccessibilityAction: ACTION_ACCESSIBILITY_FOCUS - null, AccessibilityAction: ACTION_SHOW_ON_SCREEN - null]
08-01 12:08:10.828 18678 18678 I AccessibilityNodeInfoDumper: Null child 2/3, parent: android.view.accessibility.AccessibilityNodeInfo@7e02; boundsInParent: Rect(0, 0 - 1080, 1575); boundsInScreen: Rect(0, 0 - 1080, 1527); packageName: com.huawei.android.launcher; className: android.view.ViewGroup; text: null; error: null; maxTextLength: -1; contentDescription: null; viewIdResName: com.huawei.android.launcher:id/workspace_screen; checkable: false; checked: false; focusable: false; focused: false; selected: false; clickable: true; longClickable: true; contextClickable: false; enabled: true; password: false; scrollable: false; importantForAccessibility: true; actions: [AccessibilityAction: ACTION_SELECT - null, AccessibilityAction: ACTION_CLEAR_SELECTION - null, AccessibilityAction: ACTION_CLICK - null, AccessibilityAction: ACTION_LONG_CLICK - null, AccessibilityAction: ACTION_ACCESSIBILITY_FOCUS - null, AccessibilityAction: ACTION_SHOW_ON_SCREEN - null]
08-01 12:08:10.829 18707 18728 V SQLiteDatabase: triggerBuildingIndex(): invalid id, return.
08-01 12:08:10.830 18678 18678 I AccessibilityNodeInfoDumper: Null child 0/3, parent: android.view.accessibility.AccessibilityNodeInfo@7e02; boundsInParent: Rect(0, 0 - 1080, 1575); boundsInScreen: Rect(0, 0 - 1080, 1527); packageName: com.huawei.android.launcher; className: android.view.ViewGroup; text: null; error: null; maxTextLength: -1; contentDescription: null; viewIdResName: com.huawei.android.launcher:id/workspace_screen; checkable: false; checked: false; focusable: false; focused: false; selected: false; clickable: true; longClickable: true; contextClickable: false; enabled: true; password: false; scrollable: false; importantForAccessibility: true; actions: [AccessibilityAction: ACTION_SELECT - null, AccessibilityAction: ACTION_CLEAR_SELECTION - null, AccessibilityAction: ACTION_CLICK - null, AccessibilityAction: ACTION_LONG_CLICK - null, AccessibilityAction: ACTION_ACCESSIBILITY_FOCUS - null, AccessibilityAction: ACTION_SHOW_ON_SCREEN - null]
08-01 12:08:10.830 18678 18678 I AccessibilityNodeInfoDumper: Null child 1/3, parent: android.view.accessibility.AccessibilityNodeInfo@7e02; boundsInParent: Rect(0, 0 - 1080, 1575); boundsInScreen: Rect(0, 0 - 1080, 1527); packageName: com.huawei.android.launcher; className: android.view.ViewGroup; text: null; error: null; maxTextLength: -1; contentDescription: null; viewIdResName: com.huawei.android.launcher:id/workspace_screen; checkable: false; checked: false; focusable: false; focused: false; selected: false; clickable: true; longClickable: true; contextClickable: false; enabled: true; password: false; scrollable: false; importantForAccessibility: true; actions: [AccessibilityAction: ACTION_SELECT - null, AccessibilityAction: ACTION_CLEAR_SELECTION - null, AccessibilityAction: ACTION_CLICK - null, AccessibilityAction: ACTION_LONG_CLICK - null, AccessibilityAction: ACTION_ACCESSIBILITY_FOCUS - null, AccessibilityAction: ACTION_SHOW_ON_SCREEN - null]
08-01 12:08:10.830 18707 18728 V SQLiteDatabase: triggerBuildingIndex(): invalid id, return.
08-01 12:08:10.831 18678 18678 I AccessibilityNodeInfoDumper: Null child 2/3, parent: android.view.accessibility.AccessibilityNodeInfo@7e02; boundsInParent: Rect(0, 0 - 1080, 1575); boundsInScreen: Rect(0, 0 - 1080, 1527); packageName: com.huawei.android.launcher; className: android.view.ViewGroup; text: null; error: null; maxTextLength: -1; contentDescription: null; viewIdResName: com.huawei.android.launcher:id/workspace_screen; checkable: false; checked: false; focusable: false; focused: false; selected: false; clickable: true; longClickable: true; contextClickable: false; enabled: true; password: false; scrollable: false; importantForAccessibility: true; actions: [AccessibilityAction: ACTION_SELECT - null, AccessibilityAction: ACTION_CLEAR_SELECTION - null, AccessibilityAction: ACTION_CLICK - null, AccessibilityAction: ACTION_LONG_CLICK - null, AccessibilityAction: ACTION_ACCESSIBILITY_FOCUS - null, AccessibilityAction: ACTION_SHOW_ON_SCREEN - null]
08-01 12:08:10.831 18678 18678 I AccessibilityNodeInfoDumper: Skipping invisible child: android.view.accessibility.AccessibilityNodeInfo@81c3; boundsInParent: Rect(0, 0 - 1080, 1575); boundsInScreen: Rect(1080, 0 - 1080, 1527); packageName: com.huawei.android.launcher; className: android.view.ViewGroup; text: null; error: null; maxTextLength: -1; contentDescription: null; viewIdResName: com.huawei.android.launcher:id/workspace_screen; checkable: false; checked: false; focusable: false; focused: false; selected: false; clickable: true; longClickable: true; contextClickable: false; enabled: true; password: false; scrollable: false; importantForAccessibility: true; actions: [AccessibilityAction: ACTION_SELECT - null, AccessibilityAction: ACTION_CLEAR_SELECTION - null, AccessibilityAction: ACTION_CLICK - null, AccessibilityAction: ACTION_LONG_CLICK - null, AccessibilityAction: ACTION_ACCESSIBILITY_FOCUS - null, AccessibilityAction: ACTION_SHOW_ON_SCREEN - null]
